<?xml version="1.0" encoding="utf-8"?>
<TestRun id="fd86a4a5-efca-49f3-8dd9-0d15e70e8ee4" name="@Svens-MacBook-Pro 2026-08-09 17:44:06" xmlns="http://microsoft.com/schemas/VisualStudio/TeamTest/2010">
  <Times creation="2026-08-09T17:44:06.6639070+02:00" queuing="2026-08-09T17:44:06.6639070+02:00" start="2026-08-09T17:44:01.1395330+02:00" finish="2026-08-09T17:44:06.6887000+02:00" />
  <TestSettings name="default" id="a57abde6-714f-49a1-822a-ad3456fa94fc">
    <Deployment runDeploymentRoot="_Svens-MacBook-Pro_2026-08-09_17_44_06" />
  </TestSettings>
  <Results>
    <UnitTestResult executionId="4ace7da1-87be-4b6b-980a-3d1000999bd0" testId="29b1a3a5-a27a-1926-8f7e-a811a4db397f" testName="WebApi.Tests.Growth.GrowthPostmarkEventReaderTests.A_record_type_this_module_does_not_measure_is_acknowledged(recordType: &quot;Inbound&quot;)" computerName="Svens-MacBook-Pro" duration="00:00:00.0000301" startTime="2026-08-09T17:44:06.6536720+02:00" endTime="2026-08-09T17:44:06.6536720+02:00" testType="13cdc9d9-ddb5-4fa4-a97d-d965ccfc6d4b" outcome="Passed" testListId="8c84fa94-04c1-424b-9868-57a2d4851a1d" relativeResultsDirectory="4ace7da1-87be-4b6b-980a-3d1000999bd0" />
    <UnitTestResult executionId="78623ce5-fc1e-4de7-9da2-3ed462920375" testId="4b0cfccc-a22c-7744-4b9c-7e37362ba731" testName="WebApi.Tests.Growth.GrowthPostmarkEventReaderTests.The_postmark_reader_answers_for_the_provider_key_however_an_operator_typed_it(providerKey: &quot;  postmark  &quot;)" computerName="Svens-MacBook-Pro" duration="00:00:00.0000258" startTime="2026-08-09T17:44:06.6537210+02:00" endTime="2026-08-09T17:44:06.6537210+02:00" testType="13cdc9d9-ddb5-4fa4-a97d-d965ccfc6d4b" outcome="Passed" testListId="8c84fa94-04c1-424b-9868-57a2d4851a1d" relativeResultsDirectory="78623ce5-fc1e-4de7-9da2-3ed462920375" />
    <UnitTestResult executionId="da78cc5f-c338-4a04-add1-f82c83401d28" testId="266345ea-42cf-44a8-e4cc-c05c21aa57f4" testName="WebApi.Tests.Growth.GrowthPostmarkEventReaderTests.A_body_postmark_would_never_send_is_refused(json: &quot;[]&quot;)" computerName="Svens-MacBook-Pro" duration="00:00:00.0000038" startTime="2026-08-09T17:44:06.6531130+02:00" endTime="2026-08-09T17:44:06.6531130+02:00" testType="13cdc9d9-ddb5-4fa4-a97d-d965ccfc6d4b" outcome="Passed" testListId="8c84fa94-04c1-424b-9868-57a2d4851a1d" relativeResultsDirectory="da78cc5f-c338-4a04-add1-f82c83401d28" />
    <UnitTestResult executionId="380fd59e-e63d-4251-9f17-22040123070d" testId="50be1d8a-7663-0b7a-7dfb-53b57da74d86" testName="WebApi.Tests.Growth.GrowthPostmarkEventReaderTests.The_postmark_reader_answers_for_the_provider_key_however_an_operator_typed_it(providerKey: &quot;postmark&quot;)" computerName="Svens-MacBook-Pro" duration="00:00:00.0000507" startTime="2026-08-09T17:44:06.6536990+02:00" endTime="2026-08-09T17:44:06.6536990+02:00" testType="13cdc9d9-ddb5-4fa4-a97d-d965ccfc6d4b" outcome="Passed" testListId="8c84fa94-04c1-424b-9868-57a2d4851a1d" relativeResultsDirectory="380fd59e-e63d-4251-9f17-22040123070d" />
    <UnitTestResult executionId="e0d0c2f0-ef2f-47b3-b96f-85c107b0eda8" testId="4a706353-2f09-91a9-64c2-1a880efaefd3" testName="WebApi.Tests.Growth.GrowthPostmarkEventReaderTests.The_one_subscription_change_no_other_webhook_reports_is_the_recipients_own_withdrawal" computerName="Svens-MacBook-Pro" duration="00:00:00.0000422" startTime="2026-08-09T17:44:06.6544110+02:00" endTime="2026-08-09T17:44:06.6544110+02:00" testType="13cdc9d9-ddb5-4fa4-a97d-d965ccfc6d4b" outcome="Passed" testListId="8c84fa94-04c1-424b-9868-57a2d4851a1d" relativeResultsDirectory="e0d0c2f0-ef2f-47b3-b96f-85c107b0eda8" />
    <UnitTestResult executionId="d0b10958-0006-4f9a-a5a7-f14fcb4827ed" testId="9cab507f-2641-dd7f-ef0d-10334d9a3aeb" testName="WebApi.Tests.Growth.GrowthPostmarkEventReaderTests.An_unclassified_bounce_moves_nothing_rather_than_guessing(type: &quot;ChallengeVerification&quot;, typeCode: 16384)" computerName="Svens-MacBook-Pro" duration="00:00:00.0000053" startTime="2026-08-09T17:44:06.6543390+02:00" endTime="2026-08-09T17:44:06.6543390+02:00" testType="13cdc9d9-ddb5-4fa4-a97d-d965ccfc6d4b" outcome="Passed" testListId="8c84fa94-04c1-424b-9868-57a2d4851a1d" relativeResultsDirectory="d0b10958-0006-4f9a-a5a7-f14fcb4827ed" />
    <UnitTestResult executionId="3c3b70ad-91a0-4b8e-9431-fcf6749cb961" testId="4923f944-9444-83bd-ccd8-01088fe0d514" testName="WebApi.Tests.Wire.GrowthPostmarkWebhookWireTests.A_genuine_postmark_delivery_payload_moves_the_delivery_to_delivered_and_counts_it_once" computerName="Svens-MacBook-Pro" duration="00:00:00.0099086" startTime="2026-08-09T17:44:06.6195100+02:00" endTime="2026-08-09T17:44:06.6195100+02:00" testType="13cdc9d9-ddb5-4fa4-a97d-d965ccfc6d4b" outcome="Passed" testListId="8c84fa94-04c1-424b-9868-57a2d4851a1d" relativeResultsDirectory="3c3b70ad-91a0-4b8e-9431-fcf6749cb961" />
    <UnitTestResult executionId="36ecae48-aa3c-4a32-b264-4ae7128de97b" testId="32a82b21-17e7-885a-b2d1-ce1caac7a62c" testName="WebApi.Tests.Growth.GrowthPostmarkEventReaderTests.An_unclassified_bounce_moves_nothing_rather_than_guessing(type: &quot;AddressChange&quot;, typeCode: 128)" computerName="Svens-MacBook-Pro" duration="00:00:00.0000417" startTime="2026-08-09T17:44:06.6541380+02:00" endTime="2026-08-09T17:44:06.6541380+02:00" testType="13cdc9d9-ddb5-4fa4-a97d-d965ccfc6d4b" outcome="Passed" testListId="8c84fa94-04c1-424b-9868-57a2d4851a1d" relativeResultsDirectory="36ecae48-aa3c-4a32-b264-4ae7128de97b" />
    <UnitTestResult executionId="4735b70e-938a-484d-8fc3-ad1a6423f908" testId="150a04e9-5a7d-c325-098c-f42cb5fecc12" testName="WebApi.Tests.Growth.GrowthPostmarkEventReaderTests.A_body_postmark_would_never_send_is_refused(json: &quot;{\&quot;RecordType\&quot;:\&quot;Open\&quot;,\&quot;MessageID\&quot;:\&quot;m1\&quot;}&quot;)" computerName="Svens-MacBook-Pro" duration="00:00:00.0007172" startTime="2026-08-09T17:44:06.6505260+02:00" endTime="2026-08-09T17:44:06.6505260+02:00" testType="13cdc9d9-ddb5-4fa4-a97d-d965ccfc6d4b" outcome="Passed" testListId="8c84fa94-04c1-424b-9868-57a2d4851a1d" relativeResultsDirectory="4735b70e-938a-484d-8fc3-ad1a6423f908" />
    <UnitTestResult executionId="3f055f7a-3653-41e9-a9e9-844269393ba4" testId="0c83f652-c7d9-91bb-bed9-9422130f5857" testName="WebApi.Tests.Growth.GrowthPostmarkEventReaderTests.A_classified_bounce_maps_to_its_effect(type: &quot;BadEmailAddress&quot;, typeCode: 100000, expected: Bounced)" computerName="Svens-MacBook-Pro" duration="00:00:00.0000582" startTime="2026-08-09T17:44:06.6537910+02:00" endTime="2026-08-09T17:44:06.6537910+02:00" testType="13cdc9d9-ddb5-4fa4-a97d-d965ccfc6d4b" outcome="Passed" testListId="8c84fa94-04c1-424b-9868-57a2d4851a1d" relativeResultsDirectory="3f055f7a-3653-41e9-a9e9-844269393ba4" />
    <UnitTestResult executionId="eca6c395-5d10-4a55-99ed-6aeadd90065a" testId="ec60ce87-fcc0-742a-edb0-88ecae30bb70" testName="WebApi.Tests.Growth.GrowthPostmarkEventReaderTests.A_classified_bounce_maps_to_its_effect(type: &quot;SpamComplaint&quot;, typeCode: 100001, expected: Complained)" computerName="Svens-MacBook-Pro" duration="00:00:00.0000060" startTime="2026-08-09T17:44:06.6539600+02:00" endTime="2026-08-09T17:44:06.6539600+02:00" testType="13cdc9d9-ddb5-4fa4-a97d-d965ccfc6d4b" outcome="Passed" testListId="8c84fa94-04c1-424b-9868-57a2d4851a1d" relativeResultsDirectory="eca6c395-5d10-4a55-99ed-6aeadd90065a" />
    <UnitTestResult executionId="4c477efb-7512-4437-a02f-421b05d794c3" testId="67091f87-b24c-a13d-9951-99c5bf7c60fb" testName="WebApi.Tests.Growth.GrowthPostmarkEventReaderTests.A_body_postmark_would_never_send_is_refused(json: &quot;{\&quot;RecordType\&quot;:\&quot;Bounce\&quot;,\&quot;Type\&quot;:\&quot;HardBounce\&quot;&quot;...)" computerName="Svens-MacBook-Pro" duration="00:00:00.0000053" startTime="2026-08-09T17:44:06.6530430+02:00" endTime="2026-08-09T17:44:06.6530430+02:00" testType="13cdc9d9-ddb5-4fa4-a97d-d965ccfc6d4b" outcome="Passed" testListId="8c84fa94-04c1-424b-9868-57a2d4851a1d" relativeResultsDirectory="4c477efb-7512-4437-a02f-421b05d794c3" />
    <UnitTestResult executionId="7bb90ed2-337a-4dc5-a5a6-a41b61b314c8" testId="09c6f771-714e-f8fa-e4c6-22dbbc2dd561" testName="WebApi.Tests.Wire.GrowthPostmarkWebhookWireTests.The_postmark_shape_is_read_only_for_a_postmark_account" computerName="Svens-MacBook-Pro" duration="00:00:00.0071570" startTime="2026-08-09T17:44:06.5774380+02:00" endTime="2026-08-09T17:44:06.5774380+02:00" testType="13cdc9d9-ddb5-4fa4-a97d-d965ccfc6d4b" outcome="Passed" testListId="8c84fa94-04c1-424b-9868-57a2d4851a1d" relativeResultsDirectory="7bb90ed2-337a-4dc5-a5a6-a41b61b314c8" />
    <UnitTestResult executionId="4f73b6de-d26f-4ce0-918f-d695fe92cc85" testId="7b760fde-54b1-5233-e5cc-6863cb9e8c0a" testName="WebApi.Tests.Growth.GrowthPostmarkEventReaderTests.A_subscription_change_nobody_asked_for_is_acknowledged_and_ignored(origin: &quot;Admin&quot;, suppressSending: True, suppressionReason: &quot;ManualSuppression&quot;)" computerName="Svens-MacBook-Pro" duration="00:00:00.0000682" startTime="2026-08-09T17:44:06.6531700+02:00" endTime="2026-08-09T17:44:06.6531700+02:00" testType="13cdc9d9-ddb5-4fa4-a97d-d965ccfc6d4b" outcome="Passed" testListId="8c84fa94-04c1-424b-9868-57a2d4851a1d" relativeResultsDirectory="4f73b6de-d26f-4ce0-918f-d695fe92cc85" />
    <UnitTestResult executionId="28e47716-eca6-45b0-9a13-cc8cb018435a" testId="7189a059-be6d-de7f-aae1-5180f0c77370" testName="WebApi.Tests.Wire.GrowthPostmarkWebhookWireTests.An_auto_responder_bounce_is_acknowledged_and_moves_nothing" computerName="Svens-MacBook-Pro" duration="00:00:00.0043373" startTime="2026-08-09T17:44:06.6316810+02:00" endTime="2026-08-09T17:44:06.6316810+02:00" testType="13cdc9d9-ddb5-4fa4-a97d-d965ccfc6d4b" outcome="Passed" testListId="8c84fa94-04c1-424b-9868-57a2d4851a1d" relativeResultsDirectory="28e47716-eca6-45b0-9a13-cc8cb018435a" />
    <UnitTestResult executionId="d18bb206-65d5-4a70-9437-9a5b28cdfe50" testId="ea3072a2-79d2-be3a-fd41-5a9890acd8f9" testName="WebApi.Tests.Wire.GrowthPostmarkWebhookWireTests.A_genuine_postmark_hard_bounce_fails_the_delivery_and_suppresses_the_guest_channel_globally" computerName="Svens-MacBook-Pro" duration="00:00:00.0318576" startTime="2026-08-09T17:44:06.6094620+02:00" endTime="2026-08-09T17:44:06.6094620+02:00" testType="13cdc9d9-ddb5-4fa4-a97d-d965ccfc6d4b" outcome="Passed" testListId="8c84fa94-04c1-424b-9868-57a2d4851a1d" relativeResultsDirectory="d18bb206-65d5-4a70-9437-9a5b28cdfe50" />
    <UnitTestResult executionId="c49a8fd2-ff6b-43a0-9cbf-7b7a8ab25449" testId="403e5c34-6ae3-8014-f84b-76e0f0eb0c88" testName="WebApi.Tests.Wire.GrowthPostmarkWebhookWireTests.Only_a_subscription_change_the_recipient_originated_suppresses_anyone" computerName="Svens-MacBook-Pro" duration="00:00:00.0144992" startTime="2026-08-09T17:44:06.5612550+02:00" endTime="2026-08-09T17:44:06.5612550+02:00" testType="13cdc9d9-ddb5-4fa4-a97d-d965ccfc6d4b" outcome="Passed" testListId="8c84fa94-04c1-424b-9868-57a2d4851a1d" relativeResultsDirectory="c49a8fd2-ff6b-43a0-9cbf-7b7a8ab25449" />
    <UnitTestResult executionId="a51b4192-663e-480d-9706-62acfb829699" testId="7c2a8f6b-62c4-b5f9-5285-541b386caeec" testName="WebApi.Tests.Growth.GrowthPostmarkEventReaderTests.A_body_postmark_would_never_send_is_refused(json: &quot;{\&quot;RecordType\&quot;:\&quot;Delivery\&quot;}&quot;)" computerName="Svens-MacBook-Pro" duration="00:00:00.0000029" startTime="2026-08-09T17:44:06.6530670+02:00" endTime="2026-08-09T17:44:06.6530670+02:00" testType="13cdc9d9-ddb5-4fa4-a97d-d965ccfc6d4b" outcome="Passed" testListId="8c84fa94-04c1-424b-9868-57a2d4851a1d" relativeResultsDirectory="a51b4192-663e-480d-9706-62acfb829699" />
    <UnitTestResult executionId="2e0e2981-ca1f-4738-9ce8-afe19e48dfc9" testId="d84f11cd-d311-d5a3-896b-1cfb611da2b9" testName="WebApi.Tests.Growth.GrowthPostmarkEventReaderTests.The_postmark_reader_answers_for_the_provider_key_however_an_operator_typed_it(providerKey: &quot;Postmark&quot;)" computerName="Svens-MacBook-Pro" duration="00:00:00.0000041" startTime="2026-08-09T17:44:06.6537420+02:00" endTime="2026-08-09T17:44:06.6537420+02:00" testType="13cdc9d9-ddb5-4fa4-a97d-d965ccfc6d4b" outcome="Passed" testListId="8c84fa94-04c1-424b-9868-57a2d4851a1d" relativeResultsDirectory="2e0e2981-ca1f-4738-9ce8-afe19e48dfc9" />
    <UnitTestResult executionId="07f1a076-7b3d-4fdf-8bc8-5a0ac270c3de" testId="279ddd98-f4cf-318c-4ef5-e1bc00de0359" testName="WebApi.Tests.Wire.GrowthPostmarkWebhookWireTests.A_genuine_postmark_spam_complaint_marks_the_delivery_complained_and_suppresses_channel_globally" computerName="Svens-MacBook-Pro" duration="00:00:00.0087556" startTime="2026-08-09T17:44:06.5701310+02:00" endTime="2026-08-09T17:44:06.5701310+02:00" testType="13cdc9d9-ddb5-4fa4-a97d-d965ccfc6d4b" outcome="Passed" testListId="8c84fa94-04c1-424b-9868-57a2d4851a1d" relativeResultsDirectory="07f1a076-7b3d-4fdf-8bc8-5a0ac270c3de" />
    <UnitTestResult executionId="6fb7887a-2d54-486e-beb8-6f6fc4806230" testId="e0600813-cb6b-5957-3d29-ea7ab04bc1d9" testName="WebApi.Tests.Growth.GrowthPostmarkEventReaderTests.A_classified_bounce_maps_to_its_effect(type: &quot;SpamComplaint&quot;, typeCode: 512, expected: Complained)" computerName="Svens-MacBook-Pro" duration="00:00:00.0001033" startTime="2026-08-09T17:44:06.6537680+02:00" endTime="2026-08-09T17:44:06.6537680+02:00" testType="13cdc9d9-ddb5-4fa4-a97d-d965ccfc6d4b" outcome="Passed" testListId="8c84fa94-04c1-424b-9868-57a2d4851a1d" relativeResultsDirectory="6fb7887a-2d54-486e-beb8-6f6fc4806230" />
    <UnitTestResult executionId="6ca24dd7-1caa-4a44-b261-60d2fe9d124a" testId="38c12c65-24dd-bb74-a40d-2e6c45aa9b12" testName="WebApi.Tests.Growth.GrowthPostmarkEventReaderTests.A_bounce_is_keyed_on_postmarks_own_id_at_full_width" computerName="Svens-MacBook-Pro" duration="00:00:00.0000330" startTime="2026-08-09T17:44:06.6543850+02:00" endTime="2026-08-09T17:44:06.6543850+02:00" testType="13cdc9d9-ddb5-4fa4-a97d-d965ccfc6d4b" outcome="Passed" testListId="8c84fa94-04c1-424b-9868-57a2d4851a1d" relativeResultsDirectory="6ca24dd7-1caa-4a44-b261-60d2fe9d124a" />
    <UnitTestResult executionId="315a75b2-261e-4b31-83d0-04123b135b1f" testId="bd56a982-ad8b-70db-5e0f-737768557612" testName="WebApi.Tests.Growth.GrowthPostmarkEventReaderTests.An_unclassified_bounce_moves_nothing_rather_than_guessing(type: &quot;SomethingPostmarkAddsLater&quot;, typeCode: 999999)" computerName="Svens-MacBook-Pro" duration="00:00:00.0000068" startTime="2026-08-09T17:44:06.6542710+02:00" endTime="2026-08-09T17:44:06.6542710+02:00" testType="13cdc9d9-ddb5-4fa4-a97d-d965ccfc6d4b" outcome="Passed" testListId="8c84fa94-04c1-424b-9868-57a2d4851a1d" relativeResultsDirectory="315a75b2-261e-4b31-83d0-04123b135b1f" />
    <UnitTestResult executionId="6232a00e-5e76-4be9-8422-bec4a8e8e3ae" testId="02523fb5-44e6-9a1e-0e4e-c94874739d98" testName="WebApi.Tests.Growth.GrowthPostmarkEventReaderTests.A_record_type_this_module_does_not_measure_is_acknowledged(recordType: &quot;Click&quot;)" computerName="Svens-MacBook-Pro" duration="00:00:00.0000346" startTime="2026-08-09T17:44:06.6536500+02:00" endTime="2026-08-09T17:44:06.6536500+02:00" testType="13cdc9d9-ddb5-4fa4-a97d-d965ccfc6d4b" outcome="Passed" testListId="8c84fa94-04c1-424b-9868-57a2d4851a1d" relativeResultsDirectory="6232a00e-5e76-4be9-8422-bec4a8e8e3ae" />
    <UnitTestResult executionId="d7e4c3a5-7f17-4f7b-8f90-f78cb2f44352" testId="bfb32844-6f05-4802-1642-d894c1baa8db" testName="WebApi.Tests.Growth.GrowthPostmarkEventReaderTests.A_subscription_change_nobody_asked_for_is_acknowledged_and_ignored(origin: &quot;Recipient&quot;, suppressSending: True, suppressionReason: &quot;HardBounce&quot;)" computerName="Svens-MacBook-Pro" duration="00:00:00.0001000" startTime="2026-08-09T17:44:06.6531480+02:00" endTime="2026-08-09T17:44:06.6531480+02:00" testType="13cdc9d9-ddb5-4fa4-a97d-d965ccfc6d4b" outcome="Passed" testListId="8c84fa94-04c1-424b-9868-57a2d4851a1d" relativeResultsDirectory="d7e4c3a5-7f17-4f7b-8f90-f78cb2f44352" />
    <UnitTestResult executionId="b3a93f7e-b178-4058-b9ce-24c1e2544cd4" testId="306c8723-6d77-cabe-967f-77970b7b1433" testName="WebApi.Tests.Growth.GrowthPostmarkEventReaderTests.An_unclassified_bounce_moves_nothing_rather_than_guessing(type: &quot;TemplateRenderingFailed&quot;, typeCode: 100010)" computerName="Svens-MacBook-Pro" duration="00:00:00.0000054" startTime="2026-08-09T17:44:06.6542940+02:00" endTime="2026-08-09T17:44:06.6542940+02:00" testType="13cdc9d9-ddb5-4fa4-a97d-d965ccfc6d4b" outcome="Passed" testListId="8c84fa94-04c1-424b-9868-57a2d4851a1d" relativeResultsDirectory="b3a93f7e-b178-4058-b9ce-24c1e2544cd4" />
    <UnitTestResult executionId="65c4f369-dacb-4c66-bf07-c5484c15187a" testId="aaa0c8a8-e8ab-3940-006a-fbb7e5ae120e" testName="WebApi.Tests.Growth.GrowthPostmarkEventReaderTests.A_body_postmark_would_never_send_is_refused(json: &quot;this is not json&quot;)" computerName="Svens-MacBook-Pro" duration="00:00:00.0012641" startTime="2026-08-09T17:44:06.6530910+02:00" endTime="2026-08-09T17:44:06.6530910+02:00" testType="13cdc9d9-ddb5-4fa4-a97d-d965ccfc6d4b" outcome="Passed" testListId="8c84fa94-04c1-424b-9868-57a2d4851a1d" relativeResultsDirectory="65c4f369-dacb-4c66-bf07-c5484c15187a" />
    <UnitTestResult executionId="bd4754e0-a96e-4ee5-b779-f382cff9806b" testId="d9309865-9717-a5c7-fa96-b965719f567c" testName="WebApi.Tests.Wire.GrowthPostmarkWebhookWireTests.A_genuine_postmark_payload_without_a_credential_is_refused_and_writes_nothing" computerName="Svens-MacBook-Pro" duration="00:00:00.0075806" startTime="2026-08-09T17:44:06.6272240+02:00" endTime="2026-08-09T17:44:06.6272240+02:00" testType="13cdc9d9-ddb5-4fa4-a97d-d965ccfc6d4b" outcome="Passed" testListId="8c84fa94-04c1-424b-9868-57a2d4851a1d" relativeResultsDirectory="bd4754e0-a96e-4ee5-b779-f382cff9806b" />
    <UnitTestResult executionId="ea159d62-10ad-4290-a057-88f74e4b6027" testId="c2c35fd4-4c25-b15e-0570-92b70dd204cd" testName="WebApi.Tests.Growth.GrowthPostmarkEventReaderTests.A_subscription_change_nobody_asked_for_is_acknowledged_and_ignored(origin: &quot;Recipient&quot;, suppressSending: False, suppressionReason: null)" computerName="Svens-MacBook-Pro" duration="00:00:00.0000041" startTime="2026-08-09T17:44:06.6536180+02:00" endTime="2026-08-09T17:44:06.6536180+02:00" testType="13cdc9d9-ddb5-4fa4-a97d-d965ccfc6d4b" outcome="Passed" testListId="8c84fa94-04c1-424b-9868-57a2d4851a1d" relativeResultsDirectory="ea159d62-10ad-4290-a057-88f74e4b6027" />
    <UnitTestResult executionId="9acaedd1-ef0d-4938-85bd-376901d78b07" testId="7235e24e-070d-5ab4-0fd5-4595f163a70d" testName="WebApi.Tests.Growth.GrowthPostmarkEventReaderTests.A_classified_bounce_maps_to_its_effect(type: &quot;Blocked&quot;, typeCode: 100006, expected: Deferred)" computerName="Svens-MacBook-Pro" duration="00:00:00.0000058" startTime="2026-08-09T17:44:06.6540280+02:00" endTime="2026-08-09T17:44:06.6540280+02:00" testType="13cdc9d9-ddb5-4fa4-a97d-d965ccfc6d4b" outcome="Passed" testListId="8c84fa94-04c1-424b-9868-57a2d4851a1d" relativeResultsDirectory="9acaedd1-ef0d-4938-85bd-376901d78b07" />
    <UnitTestResult executionId="a82e72b7-b69a-4e54-891e-0f25cfbb28e6" testId="2aa77b8b-ccd8-d28a-2e47-b1b22b965d35" testName="WebApi.Tests.Growth.GrowthPostmarkEventReaderTests.A_classified_bounce_maps_to_its_effect(type: &quot;SpamNotification&quot;, typeCode: 512, expected: Complained)" computerName="Svens-MacBook-Pro" duration="00:00:00.0000056" startTime="2026-08-09T17:44:06.6540480+02:00" endTime="2026-08-09T17:44:06.6540480+02:00" testType="13cdc9d9-ddb5-4fa4-a97d-d965ccfc6d4b" outcome="Passed" testListId="8c84fa94-04c1-424b-9868-57a2d4851a1d" relativeResultsDirectory="a82e72b7-b69a-4e54-891e-0f25cfbb28e6" />
    <UnitTestResult executionId="8a2d6cb0-c4e5-4963-b5d7-d4d5607b2003" testId="62801e3c-e183-8619-8336-acde5f37a19c" testName="WebApi.Tests.Wire.GrowthPostmarkWebhookWireTests.A_postmark_soft_bounce_defers_the_delivery_and_silences_nobody" computerName="Svens-MacBook-Pro" duration="00:00:00.2569701" startTime="2026-08-09T17:44:06.5464100+02:00" endTime="2026-08-09T17:44:06.5464200+02:00" testType="13cdc9d9-ddb5-4fa4-a97d-d965ccfc6d4b" outcome="Passed" testListId="8c84fa94-04c1-424b-9868-57a2d4851a1d" relativeResultsDirectory="8a2d6cb0-c4e5-4963-b5d7-d4d5607b2003" />
    <UnitTestResult executionId="839b8963-0443-489a-9302-5759ff6f9caa" testId="e30f5e52-c425-4727-6caf-fd7b745c1dcf" testName="WebApi.Tests.Growth.GrowthPostmarkEventReaderTests.A_subscription_change_nobody_asked_for_is_acknowledged_and_ignored(origin: &quot;Recipient&quot;, suppressSending: True, suppressionReason: &quot;SpamComplaint&quot;)" computerName="Svens-MacBook-Pro" duration="00:00:00.0000074" startTime="2026-08-09T17:44:06.6531910+02:00" endTime="2026-08-09T17:44:06.6531910+02:00" testType="13cdc9d9-ddb5-4fa4-a97d-d965ccfc6d4b" outcome="Passed" testListId="8c84fa94-04c1-424b-9868-57a2d4851a1d" relativeResultsDirectory="839b8963-0443-489a-9302-5759ff6f9caa" />
    <UnitTestResult executionId="d44d12dc-2a28-418a-9720-4b9f82608b52" testId="4ff2ea7c-d0d1-96ec-7ceb-d82b4c47cc4d" testName="WebApi.Tests.Growth.GrowthPostmarkEventReaderTests.An_unclassified_bounce_moves_nothing_rather_than_guessing(type: &quot;Subscribe&quot;, typeCode: 32)" computerName="Svens-MacBook-Pro" duration="00:00:00.0000051" startTime="2026-08-09T17:44:06.6543590+02:00" endTime="2026-08-09T17:44:06.6543590+02:00" testType="13cdc9d9-ddb5-4fa4-a97d-d965ccfc6d4b" outcome="Passed" testListId="8c84fa94-04c1-424b-9868-57a2d4851a1d" relativeResultsDirectory="d44d12dc-2a28-418a-9720-4b9f82608b52" />
    <UnitTestResult executionId="c91773c0-e4e3-482c-bb88-e3a60e6a687d" testId="e02c2316-71dd-df92-b6b6-f766cd164a40" testName="WebApi.Tests.Growth.GrowthPostmarkEventReaderTests.A_body_postmark_would_never_send_is_refused(json: &quot;{\&quot;MessageID\&quot;:\&quot;m1\&quot;}&quot;)" computerName="Svens-MacBook-Pro" duration="00:00:00.0000701" startTime="2026-08-09T17:44:06.6530150+02:00" endTime="2026-08-09T17:44:06.6530150+02:00" testType="13cdc9d9-ddb5-4fa4-a97d-d965ccfc6d4b" outcome="Passed" testListId="8c84fa94-04c1-424b-9868-57a2d4851a1d" relativeResultsDirectory="c91773c0-e4e3-482c-bb88-e3a60e6a687d" />
    <UnitTestResult executionId="09cef9cd-8992-4422-9308-701d971da154" testId="f33ffcb4-ecff-1acf-394b-11da4f22d476" testName="WebApi.Tests.Growth.GrowthPostmarkEventReaderTests.A_subscription_change_nobody_asked_for_is_acknowledged_and_ignored(origin: &quot;Customer&quot;, suppressSending: True, suppressionReason: &quot;ManualSuppression&quot;)" computerName="Svens-MacBook-Pro" duration="00:00:00.0000045" startTime="2026-08-09T17:44:06.6532140+02:00" endTime="2026-08-09T17:44:06.6532140+02:00" testType="13cdc9d9-ddb5-4fa4-a97d-d965ccfc6d4b" outcome="Passed" testListId="8c84fa94-04c1-424b-9868-57a2d4851a1d" relativeResultsDirectory="09cef9cd-8992-4422-9308-701d971da154" />
    <UnitTestResult executionId="676ab016-b19c-4bd9-8c8e-1bb34afb6709" testId="c1a7139e-d815-cbf2-de4f-31588fafe888" testName="WebApi.Tests.Growth.GrowthPostmarkEventReaderTests.A_classified_bounce_maps_to_its_effect(type: &quot;Unsubscribe&quot;, typeCode: 16, expected: Unsubscribed)" computerName="Svens-MacBook-Pro" duration="00:00:00.0000054" startTime="2026-08-09T17:44:06.6540900+02:00" endTime="2026-08-09T17:44:06.6540900+02:00" testType="13cdc9d9-ddb5-4fa4-a97d-d965ccfc6d4b" outcome="Passed" testListId="8c84fa94-04c1-424b-9868-57a2d4851a1d" relativeResultsDirectory="676ab016-b19c-4bd9-8c8e-1bb34afb6709" />
    <UnitTestResult executionId="e8bed99e-6958-4630-b774-39bb3a6264e9" testId="a7deb329-406d-38ff-5075-363fddc614f5" testName="WebApi.Tests.Growth.GrowthPostmarkEventReaderTests.The_derived_event_id_keeps_a_delivery_and_an_open_of_one_message_two_distinct_events" computerName="Svens-MacBook-Pro" duration="00:00:00.0000645" startTime="2026-08-09T17:44:06.6545930+02:00" endTime="2026-08-09T17:44:06.6545930+02:00" testType="13cdc9d9-ddb5-4fa4-a97d-d965ccfc6d4b" outcome="Passed" testListId="8c84fa94-04c1-424b-9868-57a2d4851a1d" relativeResultsDirectory="e8bed99e-6958-4630-b774-39bb3a6264e9" />
    <UnitTestResult executionId="39d35d89-9b92-4475-b592-7c8bf022e1da" testId="29a55bba-84af-1e17-a2f7-d8937e27cb55" testName="WebApi.Tests.Growth.GrowthPostmarkEventReaderTests.A_classified_bounce_maps_to_its_effect(type: &quot;HardBounce&quot;, typeCode: 1, expected: Bounced)" computerName="Svens-MacBook-Pro" duration="00:00:00.0000056" startTime="2026-08-09T17:44:06.6540690+02:00" endTime="2026-08-09T17:44:06.6540690+02:00" testType="13cdc9d9-ddb5-4fa4-a97d-d965ccfc6d4b" outcome="Passed" testListId="8c84fa94-04c1-424b-9868-57a2d4851a1d" relativeResultsDirectory="39d35d89-9b92-4475-b592-7c8bf022e1da" />
    <UnitTestResult executionId="ca4187ec-a25d-40bf-9bfb-a7abf250e8f6" testId="2324509d-8783-e872-843a-d02de0df4379" testName="WebApi.Tests.Growth.GrowthPostmarkEventReaderTests.An_unclassified_bounce_moves_nothing_rather_than_guessing(type: &quot;AutoResponder&quot;, typeCode: 64)" computerName="Svens-MacBook-Pro" duration="00:00:00.0000330" startTime="2026-08-09T17:44:06.6541180+02:00" endTime="2026-08-09T17:44:06.6541180+02:00" testType="13cdc9d9-ddb5-4fa4-a97d-d965ccfc6d4b" outcome="Passed" testListId="8c84fa94-04c1-424b-9868-57a2d4851a1d" relativeResultsDirectory="ca4187ec-a25d-40bf-9bfb-a7abf250e8f6" />
    <UnitTestResult executionId="de09508e-218f-41db-b7b5-618031c1370a" testId="5fd98feb-5bd1-6510-5d96-7ed19ba57991" testName="WebApi.Tests.Growth.GrowthPostmarkEventReaderTests.Two_opens_of_one_message_are_two_events_and_a_redelivered_open_is_one" computerName="Svens-MacBook-Pro" duration="00:00:00.0006975" startTime="2026-08-09T17:44:06.6544630+02:00" endTime="2026-08-09T17:44:06.6544630+02:00" testType="13cdc9d9-ddb5-4fa4-a97d-d965ccfc6d4b" outcome="Passed" testListId="8c84fa94-04c1-424b-9868-57a2d4851a1d" relativeResultsDirectory="de09508e-218f-41db-b7b5-618031c1370a" />
    <UnitTestResult executionId="7ab69e2a-4b68-4174-884c-1bca67829e73" testId="cde2f741-8a00-0940-f791-ff40cfe49e5f" testName="WebApi.Tests.Growth.GrowthPostmarkEventReaderTests.An_unclassified_bounce_moves_nothing_rather_than_guessing(type: &quot;DMARCPolicy&quot;, typeCode: 100009)" computerName="Svens-MacBook-Pro" duration="00:00:00.0000052" startTime="2026-08-09T17:44:06.6543190+02:00" endTime="2026-08-09T17:44:06.6543190+02:00" testType="13cdc9d9-ddb5-4fa4-a97d-d965ccfc6d4b" outcome="Passed" testListId="8c84fa94-04c1-424b-9868-57a2d4851a1d" relativeResultsDirectory="7ab69e2a-4b68-4174-884c-1bca67829e73" />
    <UnitTestResult executionId="82b595a6-ba0e-42d1-b136-e46a0174d144" testId="96bd3b67-17fb-76a9-70e7-518b72987d04" testName="WebApi.Tests.Growth.GrowthPostmarkEventReaderTests.A_classified_bounce_maps_to_its_effect(type: &quot;SoftBounce&quot;, typeCode: 4096, expected: Deferred)" computerName="Svens-MacBook-Pro" duration="00:00:00.0000060" startTime="2026-08-09T17:44:06.6540060+02:00" endTime="2026-08-09T17:44:06.6540060+02:00" testType="13cdc9d9-ddb5-4fa4-a97d-d965ccfc6d4b" outcome="Passed" testListId="8c84fa94-04c1-424b-9868-57a2d4851a1d" relativeResultsDirectory="82b595a6-ba0e-42d1-b136-e46a0174d144" />
    <UnitTestResult executionId="fe85ac9f-ba03-44cb-8929-81bb046047dd" testId="0fd6236e-ff60-6277-4e6e-d2f5174b8aa1" testName="WebApi.Tests.Growth.GrowthPostmarkEventReaderTests.A_provider_that_is_not_postmark_still_reads_the_canonical_envelope_and_only_that" computerName="Svens-MacBook-Pro" duration="00:00:00.0001033" startTime="2026-08-09T17:44:06.6544370+02:00" endTime="2026-08-09T17:44:06.6544370+02:00" testType="13cdc9d9-ddb5-4fa4-a97d-d965ccfc6d4b" outcome="Passed" testListId="8c84fa94-04c1-424b-9868-57a2d4851a1d" relativeResultsDirectory="fe85ac9f-ba03-44cb-8929-81bb046047dd" />
    <UnitTestResult executionId="c83c623c-dde8-44d6-aeb3-7c0b4f036daa" testId="eba0d0d2-7286-fce2-a10e-4441c84a27c1" testName="WebApi.Tests.Growth.GrowthPostmarkEventReaderTests.A_classified_bounce_maps_to_its_effect(type: &quot;DnsError&quot;, typeCode: 256, expected: Deferred)" computerName="Svens-MacBook-Pro" duration="00:00:00.0000068" startTime="2026-08-09T17:44:06.6538120+02:00" endTime="2026-08-09T17:44:06.6538130+02:00" testType="13cdc9d9-ddb5-4fa4-a97d-d965ccfc6d4b" outcome="Passed" testListId="8c84fa94-04c1-424b-9868-57a2d4851a1d" relativeResultsDirectory="c83c623c-dde8-44d6-aeb3-7c0b4f036daa" />
    <UnitTestResult executionId="4e15549d-8478-4f68-9da8-0b89575986b6" testId="f5eda2d3-8238-20c3-0fd7-60eaf7f40ce0" testName="WebApi.Tests.Growth.GrowthPostmarkEventReaderTests.A_classified_bounce_maps_to_its_effect(type: &quot;Transient&quot;, typeCode: 2, expected: Deferred)" computerName="Svens-MacBook-Pro" duration="00:00:00.0000058" startTime="2026-08-09T17:44:06.6539850+02:00" endTime="2026-08-09T17:44:06.6539850+02:00" testType="13cdc9d9-ddb5-4fa4-a97d-d965ccfc6d4b" outcome="Passed" testListId="8c84fa94-04c1-424b-9868-57a2d4851a1d" relativeResultsDirectory="4e15549d-8478-4f68-9da8-0b89575986b6" />
  </Results>
  <TestDefinitions>
    <UnitTest name="WebApi.Tests.Growth.GrowthPostmarkEventReaderTests.An_unclassified_bounce_moves_nothing_rather_than_guessing(type: &quot;TemplateRenderingFailed&quot;, typeCode: 100010)" storage="/users/svendaneel/okam/wt-gr-postmark/webapi.tests/bin/debug/net8.0/webapi.tests.dll" id="306c8723-6d77-cabe-967f-77970b7b1433">
      <Execution id="b3a93f7e-b178-4058-b9ce-24c1e2544cd4" />
      <TestMethod codeBase="/Users/svendaneel/okam/wt-gr-postmark/WebApi.Tests/bin/Debug/net8.0/WebApi.Tests.dll" adapterTypeName="executor://xunit/VsTestRunner2/netcoreapp" className="WebApi.Tests.Growth.GrowthPostmarkEventReaderTests" name="An_unclassified_bounce_moves_nothing_rather_than_guessing" />
    </UnitTest>
    <UnitTest name="WebApi.Tests.Wire.GrowthPostmarkWebhookWireTests.An_auto_responder_bounce_is_acknowledged_and_moves_nothing" storage="/users/svendaneel/okam/wt-gr-postmark/webapi.tests/bin/debug/net8.0/webapi.tests.dll" id="7189a059-be6d-de7f-aae1-5180f0c77370">
      <Execution id="28e47716-eca6-45b0-9a13-cc8cb018435a" />
      <TestMethod codeBase="/Users/svendaneel/okam/wt-gr-postmark/WebApi.Tests/bin/Debug/net8.0/WebApi.Tests.dll" adapterTypeName="executor://xunit/VsTestRunner2/netcoreapp" className="WebApi.Tests.Wire.GrowthPostmarkWebhookWireTests" name="An_auto_responder_bounce_is_acknowledged_and_moves_nothing" />
    </UnitTest>
    <UnitTest name="WebApi.Tests.Growth.GrowthPostmarkEventReaderTests.A_subscription_change_nobody_asked_for_is_acknowledged_and_ignored(origin: &quot;Admin&quot;, suppressSending: True, suppressionReason: &quot;ManualSuppression&quot;)" storage="/users/svendaneel/okam/wt-gr-postmark/webapi.tests/bin/debug/net8.0/webapi.tests.dll" id="7b760fde-54b1-5233-e5cc-6863cb9e8c0a">
      <Execution id="4f73b6de-d26f-4ce0-918f-d695fe92cc85" />
      <TestMethod codeBase="/Users/svendaneel/okam/wt-gr-postmark/WebApi.Tests/bin/Debug/net8.0/WebApi.Tests.dll" adapterTypeName="executor://xunit/VsTestRunner2/netcoreapp" className="WebApi.Tests.Growth.GrowthPostmarkEventReaderTests" name="A_subscription_change_nobody_asked_for_is_acknowledged_and_ignored" />
    </UnitTest>
    <UnitTest name="WebApi.Tests.Wire.GrowthPostmarkWebhookWireTests.A_genuine_postmark_spam_complaint_marks_the_delivery_complained_and_suppresses_channel_globally" storage="/users/svendaneel/okam/wt-gr-postmark/webapi.tests/bin/debug/net8.0/webapi.tests.dll" id="279ddd98-f4cf-318c-4ef5-e1bc00de0359">
      <Execution id="07f1a076-7b3d-4fdf-8bc8-5a0ac270c3de" />
      <TestMethod codeBase="/Users/svendaneel/okam/wt-gr-postmark/WebApi.Tests/bin/Debug/net8.0/WebApi.Tests.dll" adapterTypeName="executor://xunit/VsTestRunner2/netcoreapp" className="WebApi.Tests.Wire.GrowthPostmarkWebhookWireTests" name="A_genuine_postmark_spam_complaint_marks_the_delivery_complained_and_suppresses_channel_globally" />
    </UnitTest>
    <UnitTest name="WebApi.Tests.Growth.GrowthPostmarkEventReaderTests.A_classified_bounce_maps_to_its_effect(type: &quot;Transient&quot;, typeCode: 2, expected: Deferred)" storage="/users/svendaneel/okam/wt-gr-postmark/webapi.tests/bin/debug/net8.0/webapi.tests.dll" id="f5eda2d3-8238-20c3-0fd7-60eaf7f40ce0">
      <Execution id="4e15549d-8478-4f68-9da8-0b89575986b6" />
      <TestMethod codeBase="/Users/svendaneel/okam/wt-gr-postmark/WebApi.Tests/bin/Debug/net8.0/WebApi.Tests.dll" adapterTypeName="executor://xunit/VsTestRunner2/netcoreapp" className="WebApi.Tests.Growth.GrowthPostmarkEventReaderTests" name="A_classified_bounce_maps_to_its_effect" />
    </UnitTest>
    <UnitTest name="WebApi.Tests.Growth.GrowthPostmarkEventReaderTests.A_body_postmark_would_never_send_is_refused(json: &quot;{\&quot;RecordType\&quot;:\&quot;Bounce\&quot;,\&quot;Type\&quot;:\&quot;HardBounce\&quot;&quot;...)" storage="/users/svendaneel/okam/wt-gr-postmark/webapi.tests/bin/debug/net8.0/webapi.tests.dll" id="67091f87-b24c-a13d-9951-99c5bf7c60fb">
      <Execution id="4c477efb-7512-4437-a02f-421b05d794c3" />
      <TestMethod codeBase="/Users/svendaneel/okam/wt-gr-postmark/WebApi.Tests/bin/Debug/net8.0/WebApi.Tests.dll" adapterTypeName="executor://xunit/VsTestRunner2/netcoreapp" className="WebApi.Tests.Growth.GrowthPostmarkEventReaderTests" name="A_body_postmark_would_never_send_is_refused" />
    </UnitTest>
    <UnitTest name="WebApi.Tests.Growth.GrowthPostmarkEventReaderTests.A_classified_bounce_maps_to_its_effect(type: &quot;SpamComplaint&quot;, typeCode: 512, expected: Complained)" storage="/users/svendaneel/okam/wt-gr-postmark/webapi.tests/bin/debug/net8.0/webapi.tests.dll" id="e0600813-cb6b-5957-3d29-ea7ab04bc1d9">
      <Execution id="6fb7887a-2d54-486e-beb8-6f6fc4806230" />
      <TestMethod codeBase="/Users/svendaneel/okam/wt-gr-postmark/WebApi.Tests/bin/Debug/net8.0/WebApi.Tests.dll" adapterTypeName="executor://xunit/VsTestRunner2/netcoreapp" className="WebApi.Tests.Growth.GrowthPostmarkEventReaderTests" name="A_classified_bounce_maps_to_its_effect" />
    </UnitTest>
    <UnitTest name="WebApi.Tests.Growth.GrowthPostmarkEventReaderTests.An_unclassified_bounce_moves_nothing_rather_than_guessing(type: &quot;SomethingPostmarkAddsLater&quot;, typeCode: 999999)" storage="/users/svendaneel/okam/wt-gr-postmark/webapi.tests/bin/debug/net8.0/webapi.tests.dll" id="bd56a982-ad8b-70db-5e0f-737768557612">
      <Execution id="315a75b2-261e-4b31-83d0-04123b135b1f" />
      <TestMethod codeBase="/Users/svendaneel/okam/wt-gr-postmark/WebApi.Tests/bin/Debug/net8.0/WebApi.Tests.dll" adapterTypeName="executor://xunit/VsTestRunner2/netcoreapp" className="WebApi.Tests.Growth.GrowthPostmarkEventReaderTests" name="An_unclassified_bounce_moves_nothing_rather_than_guessing" />
    </UnitTest>
    <UnitTest name="WebApi.Tests.Growth.GrowthPostmarkEventReaderTests.The_postmark_reader_answers_for_the_provider_key_however_an_operator_typed_it(providerKey: &quot;postmark&quot;)" storage="/users/svendaneel/okam/wt-gr-postmark/webapi.tests/bin/debug/net8.0/webapi.tests.dll" id="50be1d8a-7663-0b7a-7dfb-53b57da74d86">
      <Execution id="380fd59e-e63d-4251-9f17-22040123070d" />
      <TestMethod codeBase="/Users/svendaneel/okam/wt-gr-postmark/WebApi.Tests/bin/Debug/net8.0/WebApi.Tests.dll" adapterTypeName="executor://xunit/VsTestRunner2/netcoreapp" className="WebApi.Tests.Growth.GrowthPostmarkEventReaderTests" name="The_postmark_reader_answers_for_the_provider_key_however_an_operator_typed_it" />
    </UnitTest>
    <UnitTest name="WebApi.Tests.Wire.GrowthPostmarkWebhookWireTests.The_postmark_shape_is_read_only_for_a_postmark_account" storage="/users/svendaneel/okam/wt-gr-postmark/webapi.tests/bin/debug/net8.0/webapi.tests.dll" id="09c6f771-714e-f8fa-e4c6-22dbbc2dd561">
      <Execution id="7bb90ed2-337a-4dc5-a5a6-a41b61b314c8" />
      <TestMethod codeBase="/Users/svendaneel/okam/wt-gr-postmark/WebApi.Tests/bin/Debug/net8.0/WebApi.Tests.dll" adapterTypeName="executor://xunit/VsTestRunner2/netcoreapp" className="WebApi.Tests.Wire.GrowthPostmarkWebhookWireTests" name="The_postmark_shape_is_read_only_for_a_postmark_account" />
    </UnitTest>
    <UnitTest name="WebApi.Tests.Wire.GrowthPostmarkWebhookWireTests.Only_a_subscription_change_the_recipient_originated_suppresses_anyone" storage="/users/svendaneel/okam/wt-gr-postmark/webapi.tests/bin/debug/net8.0/webapi.tests.dll" id="403e5c34-6ae3-8014-f84b-76e0f0eb0c88">
      <Execution id="c49a8fd2-ff6b-43a0-9cbf-7b7a8ab25449" />
      <TestMethod codeBase="/Users/svendaneel/okam/wt-gr-postmark/WebApi.Tests/bin/Debug/net8.0/WebApi.Tests.dll" adapterTypeName="executor://xunit/VsTestRunner2/netcoreapp" className="WebApi.Tests.Wire.GrowthPostmarkWebhookWireTests" name="Only_a_subscription_change_the_recipient_originated_suppresses_anyone" />
    </UnitTest>
    <UnitTest name="WebApi.Tests.Wire.GrowthPostmarkWebhookWireTests.A_postmark_soft_bounce_defers_the_delivery_and_silences_nobody" storage="/users/svendaneel/okam/wt-gr-postmark/webapi.tests/bin/debug/net8.0/webapi.tests.dll" id="62801e3c-e183-8619-8336-acde5f37a19c">
      <Execution id="8a2d6cb0-c4e5-4963-b5d7-d4d5607b2003" />
      <TestMethod codeBase="/Users/svendaneel/okam/wt-gr-postmark/WebApi.Tests/bin/Debug/net8.0/WebApi.Tests.dll" adapterTypeName="executor://xunit/VsTestRunner2/netcoreapp" className="WebApi.Tests.Wire.GrowthPostmarkWebhookWireTests" name="A_postmark_soft_bounce_defers_the_delivery_and_silences_nobody" />
    </UnitTest>
    <UnitTest name="WebApi.Tests.Growth.GrowthPostmarkEventReaderTests.An_unclassified_bounce_moves_nothing_rather_than_guessing(type: &quot;Subscribe&quot;, typeCode: 32)" storage="/users/svendaneel/okam/wt-gr-postmark/webapi.tests/bin/debug/net8.0/webapi.tests.dll" id="4ff2ea7c-d0d1-96ec-7ceb-d82b4c47cc4d">
      <Execution id="d44d12dc-2a28-418a-9720-4b9f82608b52" />
      <TestMethod codeBase="/Users/svendaneel/okam/wt-gr-postmark/WebApi.Tests/bin/Debug/net8.0/WebApi.Tests.dll" adapterTypeName="executor://xunit/VsTestRunner2/netcoreapp" className="WebApi.Tests.Growth.GrowthPostmarkEventReaderTests" name="An_unclassified_bounce_moves_nothing_rather_than_guessing" />
    </UnitTest>
    <UnitTest name="WebApi.Tests.Growth.GrowthPostmarkEventReaderTests.The_postmark_reader_answers_for_the_provider_key_however_an_operator_typed_it(providerKey: &quot;Postmark&quot;)" storage="/users/svendaneel/okam/wt-gr-postmark/webapi.tests/bin/debug/net8.0/webapi.tests.dll" id="d84f11cd-d311-d5a3-896b-1cfb611da2b9">
      <Execution id="2e0e2981-ca1f-4738-9ce8-afe19e48dfc9" />
      <TestMethod codeBase="/Users/svendaneel/okam/wt-gr-postmark/WebApi.Tests/bin/Debug/net8.0/WebApi.Tests.dll" adapterTypeName="executor://xunit/VsTestRunner2/netcoreapp" className="WebApi.Tests.Growth.GrowthPostmarkEventReaderTests" name="The_postmark_reader_answers_for_the_provider_key_however_an_operator_typed_it" />
    </UnitTest>
    <UnitTest name="WebApi.Tests.Growth.GrowthPostmarkEventReaderTests.A_provider_that_is_not_postmark_still_reads_the_canonical_envelope_and_only_that" storage="/users/svendaneel/okam/wt-gr-postmark/webapi.tests/bin/debug/net8.0/webapi.tests.dll" id="0fd6236e-ff60-6277-4e6e-d2f5174b8aa1">
      <Execution id="fe85ac9f-ba03-44cb-8929-81bb046047dd" />
      <TestMethod codeBase="/Users/svendaneel/okam/wt-gr-postmark/WebApi.Tests/bin/Debug/net8.0/WebApi.Tests.dll" adapterTypeName="executor://xunit/VsTestRunner2/netcoreapp" className="WebApi.Tests.Growth.GrowthPostmarkEventReaderTests" name="A_provider_that_is_not_postmark_still_reads_the_canonical_envelope_and_only_that" />
    </UnitTest>
    <UnitTest name="WebApi.Tests.Growth.GrowthPostmarkEventReaderTests.An_unclassified_bounce_moves_nothing_rather_than_guessing(type: &quot;AutoResponder&quot;, typeCode: 64)" storage="/users/svendaneel/okam/wt-gr-postmark/webapi.tests/bin/debug/net8.0/webapi.tests.dll" id="2324509d-8783-e872-843a-d02de0df4379">
      <Execution id="ca4187ec-a25d-40bf-9bfb-a7abf250e8f6" />
      <TestMethod codeBase="/Users/svendaneel/okam/wt-gr-postmark/WebApi.Tests/bin/Debug/net8.0/WebApi.Tests.dll" adapterTypeName="executor://xunit/VsTestRunner2/netcoreapp" className="WebApi.Tests.Growth.GrowthPostmarkEventReaderTests" name="An_unclassified_bounce_moves_nothing_rather_than_guessing" />
    </UnitTest>
    <UnitTest name="WebApi.Tests.Growth.GrowthPostmarkEventReaderTests.A_classified_bounce_maps_to_its_effect(type: &quot;SoftBounce&quot;, typeCode: 4096, expected: Deferred)" storage="/users/svendaneel/okam/wt-gr-postmark/webapi.tests/bin/debug/net8.0/webapi.tests.dll" id="96bd3b67-17fb-76a9-70e7-518b72987d04">
      <Execution id="82b595a6-ba0e-42d1-b136-e46a0174d144" />
      <TestMethod codeBase="/Users/svendaneel/okam/wt-gr-postmark/WebApi.Tests/bin/Debug/net8.0/WebApi.Tests.dll" adapterTypeName="executor://xunit/VsTestRunner2/netcoreapp" className="WebApi.Tests.Growth.GrowthPostmarkEventReaderTests" name="A_classified_bounce_maps_to_its_effect" />
    </UnitTest>
    <UnitTest name="WebApi.Tests.Growth.GrowthPostmarkEventReaderTests.A_subscription_change_nobody_asked_for_is_acknowledged_and_ignored(origin: &quot;Recipient&quot;, suppressSending: True, suppressionReason: &quot;HardBounce&quot;)" storage="/users/svendaneel/okam/wt-gr-postmark/webapi.tests/bin/debug/net8.0/webapi.tests.dll" id="bfb32844-6f05-4802-1642-d894c1baa8db">
      <Execution id="d7e4c3a5-7f17-4f7b-8f90-f78cb2f44352" />
      <TestMethod codeBase="/Users/svendaneel/okam/wt-gr-postmark/WebApi.Tests/bin/Debug/net8.0/WebApi.Tests.dll" adapterTypeName="executor://xunit/VsTestRunner2/netcoreapp" className="WebApi.Tests.Growth.GrowthPostmarkEventReaderTests" name="A_subscription_change_nobody_asked_for_is_acknowledged_and_ignored" />
    </UnitTest>
    <UnitTest name="WebApi.Tests.Growth.GrowthPostmarkEventReaderTests.An_unclassified_bounce_moves_nothing_rather_than_guessing(type: &quot;DMARCPolicy&quot;, typeCode: 100009)" storage="/users/svendaneel/okam/wt-gr-postmark/webapi.tests/bin/debug/net8.0/webapi.tests.dll" id="cde2f741-8a00-0940-f791-ff40cfe49e5f">
      <Execution id="7ab69e2a-4b68-4174-884c-1bca67829e73" />
      <TestMethod codeBase="/Users/svendaneel/okam/wt-gr-postmark/WebApi.Tests/bin/Debug/net8.0/WebApi.Tests.dll" adapterTypeName="executor://xunit/VsTestRunner2/netcoreapp" className="WebApi.Tests.Growth.GrowthPostmarkEventReaderTests" name="An_unclassified_bounce_moves_nothing_rather_than_guessing" />
    </UnitTest>
    <UnitTest name="WebApi.Tests.Wire.GrowthPostmarkWebhookWireTests.A_genuine_postmark_hard_bounce_fails_the_delivery_and_suppresses_the_guest_channel_globally" storage="/users/svendaneel/okam/wt-gr-postmark/webapi.tests/bin/debug/net8.0/webapi.tests.dll" id="ea3072a2-79d2-be3a-fd41-5a9890acd8f9">
      <Execution id="d18bb206-65d5-4a70-9437-9a5b28cdfe50" />
      <TestMethod codeBase="/Users/svendaneel/okam/wt-gr-postmark/WebApi.Tests/bin/Debug/net8.0/WebApi.Tests.dll" adapterTypeName="executor://xunit/VsTestRunner2/netcoreapp" className="WebApi.Tests.Wire.GrowthPostmarkWebhookWireTests" name="A_genuine_postmark_hard_bounce_fails_the_delivery_and_suppresses_the_guest_channel_globally" />
    </UnitTest>
    <UnitTest name="WebApi.Tests.Wire.GrowthPostmarkWebhookWireTests.A_genuine_postmark_delivery_payload_moves_the_delivery_to_delivered_and_counts_it_once" storage="/users/svendaneel/okam/wt-gr-postmark/webapi.tests/bin/debug/net8.0/webapi.tests.dll" id="4923f944-9444-83bd-ccd8-01088fe0d514">
      <Execution id="3c3b70ad-91a0-4b8e-9431-fcf6749cb961" />
      <TestMethod codeBase="/Users/svendaneel/okam/wt-gr-postmark/WebApi.Tests/bin/Debug/net8.0/WebApi.Tests.dll" adapterTypeName="executor://xunit/VsTestRunner2/netcoreapp" className="WebApi.Tests.Wire.GrowthPostmarkWebhookWireTests" name="A_genuine_postmark_delivery_payload_moves_the_delivery_to_delivered_and_counts_it_once" />
    </UnitTest>
    <UnitTest name="WebApi.Tests.Growth.GrowthPostmarkEventReaderTests.A_subscription_change_nobody_asked_for_is_acknowledged_and_ignored(origin: &quot;Recipient&quot;, suppressSending: False, suppressionReason: null)" storage="/users/svendaneel/okam/wt-gr-postmark/webapi.tests/bin/debug/net8.0/webapi.tests.dll" id="c2c35fd4-4c25-b15e-0570-92b70dd204cd">
      <Execution id="ea159d62-10ad-4290-a057-88f74e4b6027" />
      <TestMethod codeBase="/Users/svendaneel/okam/wt-gr-postmark/WebApi.Tests/bin/Debug/net8.0/WebApi.Tests.dll" adapterTypeName="executor://xunit/VsTestRunner2/netcoreapp" className="WebApi.Tests.Growth.GrowthPostmarkEventReaderTests" name="A_subscription_change_nobody_asked_for_is_acknowledged_and_ignored" />
    </UnitTest>
    <UnitTest name="WebApi.Tests.Growth.GrowthPostmarkEventReaderTests.An_unclassified_bounce_moves_nothing_rather_than_guessing(type: &quot;AddressChange&quot;, typeCode: 128)" storage="/users/svendaneel/okam/wt-gr-postmark/webapi.tests/bin/debug/net8.0/webapi.tests.dll" id="32a82b21-17e7-885a-b2d1-ce1caac7a62c">
      <Execution id="36ecae48-aa3c-4a32-b264-4ae7128de97b" />
      <TestMethod codeBase="/Users/svendaneel/okam/wt-gr-postmark/WebApi.Tests/bin/Debug/net8.0/WebApi.Tests.dll" adapterTypeName="executor://xunit/VsTestRunner2/netcoreapp" className="WebApi.Tests.Growth.GrowthPostmarkEventReaderTests" name="An_unclassified_bounce_moves_nothing_rather_than_guessing" />
    </UnitTest>
    <UnitTest name="WebApi.Tests.Growth.GrowthPostmarkEventReaderTests.A_body_postmark_would_never_send_is_refused(json: &quot;{\&quot;RecordType\&quot;:\&quot;Open\&quot;,\&quot;MessageID\&quot;:\&quot;m1\&quot;}&quot;)" storage="/users/svendaneel/okam/wt-gr-postmark/webapi.tests/bin/debug/net8.0/webapi.tests.dll" id="150a04e9-5a7d-c325-098c-f42cb5fecc12">
      <Execution id="4735b70e-938a-484d-8fc3-ad1a6423f908" />
      <TestMethod codeBase="/Users/svendaneel/okam/wt-gr-postmark/WebApi.Tests/bin/Debug/net8.0/WebApi.Tests.dll" adapterTypeName="executor://xunit/VsTestRunner2/netcoreapp" className="WebApi.Tests.Growth.GrowthPostmarkEventReaderTests" name="A_body_postmark_would_never_send_is_refused" />
    </UnitTest>
    <UnitTest name="WebApi.Tests.Growth.GrowthPostmarkEventReaderTests.A_record_type_this_module_does_not_measure_is_acknowledged(recordType: &quot;Inbound&quot;)" storage="/users/svendaneel/okam/wt-gr-postmark/webapi.tests/bin/debug/net8.0/webapi.tests.dll" id="29b1a3a5-a27a-1926-8f7e-a811a4db397f">
      <Execution id="4ace7da1-87be-4b6b-980a-3d1000999bd0" />
      <TestMethod codeBase="/Users/svendaneel/okam/wt-gr-postmark/WebApi.Tests/bin/Debug/net8.0/WebApi.Tests.dll" adapterTypeName="executor://xunit/VsTestRunner2/netcoreapp" className="WebApi.Tests.Growth.GrowthPostmarkEventReaderTests" name="A_record_type_this_module_does_not_measure_is_acknowledged" />
    </UnitTest>
    <UnitTest name="WebApi.Tests.Growth.GrowthPostmarkEventReaderTests.A_body_postmark_would_never_send_is_refused(json: &quot;[]&quot;)" storage="/users/svendaneel/okam/wt-gr-postmark/webapi.tests/bin/debug/net8.0/webapi.tests.dll" id="266345ea-42cf-44a8-e4cc-c05c21aa57f4">
      <Execution id="da78cc5f-c338-4a04-add1-f82c83401d28" />
      <TestMethod codeBase="/Users/svendaneel/okam/wt-gr-postmark/WebApi.Tests/bin/Debug/net8.0/WebApi.Tests.dll" adapterTypeName="executor://xunit/VsTestRunner2/netcoreapp" className="WebApi.Tests.Growth.GrowthPostmarkEventReaderTests" name="A_body_postmark_would_never_send_is_refused" />
    </UnitTest>
    <UnitTest name="WebApi.Tests.Growth.GrowthPostmarkEventReaderTests.The_derived_event_id_keeps_a_delivery_and_an_open_of_one_message_two_distinct_events" storage="/users/svendaneel/okam/wt-gr-postmark/webapi.tests/bin/debug/net8.0/webapi.tests.dll" id="a7deb329-406d-38ff-5075-363fddc614f5">
      <Execution id="e8bed99e-6958-4630-b774-39bb3a6264e9" />
      <TestMethod codeBase="/Users/svendaneel/okam/wt-gr-postmark/WebApi.Tests/bin/Debug/net8.0/WebApi.Tests.dll" adapterTypeName="executor://xunit/VsTestRunner2/netcoreapp" className="WebApi.Tests.Growth.GrowthPostmarkEventReaderTests" name="The_derived_event_id_keeps_a_delivery_and_an_open_of_one_message_two_distinct_events" />
    </UnitTest>
    <UnitTest name="WebApi.Tests.Growth.GrowthPostmarkEventReaderTests.Two_opens_of_one_message_are_two_events_and_a_redelivered_open_is_one" storage="/users/svendaneel/okam/wt-gr-postmark/webapi.tests/bin/debug/net8.0/webapi.tests.dll" id="5fd98feb-5bd1-6510-5d96-7ed19ba57991">
      <Execution id="de09508e-218f-41db-b7b5-618031c1370a" />
      <TestMethod codeBase="/Users/svendaneel/okam/wt-gr-postmark/WebApi.Tests/bin/Debug/net8.0/WebApi.Tests.dll" adapterTypeName="executor://xunit/VsTestRunner2/netcoreapp" className="WebApi.Tests.Growth.GrowthPostmarkEventReaderTests" name="Two_opens_of_one_message_are_two_events_and_a_redelivered_open_is_one" />
    </UnitTest>
    <UnitTest name="WebApi.Tests.Growth.GrowthPostmarkEventReaderTests.A_classified_bounce_maps_to_its_effect(type: &quot;BadEmailAddress&quot;, typeCode: 100000, expected: Bounced)" storage="/users/svendaneel/okam/wt-gr-postmark/webapi.tests/bin/debug/net8.0/webapi.tests.dll" id="0c83f652-c7d9-91bb-bed9-9422130f5857">
      <Execution id="3f055f7a-3653-41e9-a9e9-844269393ba4" />
      <TestMethod codeBase="/Users/svendaneel/okam/wt-gr-postmark/WebApi.Tests/bin/Debug/net8.0/WebApi.Tests.dll" adapterTypeName="executor://xunit/VsTestRunner2/netcoreapp" className="WebApi.Tests.Growth.GrowthPostmarkEventReaderTests" name="A_classified_bounce_maps_to_its_effect" />
    </UnitTest>
    <UnitTest name="WebApi.Tests.Growth.GrowthPostmarkEventReaderTests.A_classified_bounce_maps_to_its_effect(type: &quot;SpamComplaint&quot;, typeCode: 100001, expected: Complained)" storage="/users/svendaneel/okam/wt-gr-postmark/webapi.tests/bin/debug/net8.0/webapi.tests.dll" id="ec60ce87-fcc0-742a-edb0-88ecae30bb70">
      <Execution id="eca6c395-5d10-4a55-99ed-6aeadd90065a" />
      <TestMethod codeBase="/Users/svendaneel/okam/wt-gr-postmark/WebApi.Tests/bin/Debug/net8.0/WebApi.Tests.dll" adapterTypeName="executor://xunit/VsTestRunner2/netcoreapp" className="WebApi.Tests.Growth.GrowthPostmarkEventReaderTests" name="A_classified_bounce_maps_to_its_effect" />
    </UnitTest>
    <UnitTest name="WebApi.Tests.Growth.GrowthPostmarkEventReaderTests.A_subscription_change_nobody_asked_for_is_acknowledged_and_ignored(origin: &quot;Recipient&quot;, suppressSending: True, suppressionReason: &quot;SpamComplaint&quot;)" storage="/users/svendaneel/okam/wt-gr-postmark/webapi.tests/bin/debug/net8.0/webapi.tests.dll" id="e30f5e52-c425-4727-6caf-fd7b745c1dcf">
      <Execution id="839b8963-0443-489a-9302-5759ff6f9caa" />
      <TestMethod codeBase="/Users/svendaneel/okam/wt-gr-postmark/WebApi.Tests/bin/Debug/net8.0/WebApi.Tests.dll" adapterTypeName="executor://xunit/VsTestRunner2/netcoreapp" className="WebApi.Tests.Growth.GrowthPostmarkEventReaderTests" name="A_subscription_change_nobody_asked_for_is_acknowledged_and_ignored" />
    </UnitTest>
    <UnitTest name="WebApi.Tests.Growth.GrowthPostmarkEventReaderTests.A_record_type_this_module_does_not_measure_is_acknowledged(recordType: &quot;Click&quot;)" storage="/users/svendaneel/okam/wt-gr-postmark/webapi.tests/bin/debug/net8.0/webapi.tests.dll" id="02523fb5-44e6-9a1e-0e4e-c94874739d98">
      <Execution id="6232a00e-5e76-4be9-8422-bec4a8e8e3ae" />
      <TestMethod codeBase="/Users/svendaneel/okam/wt-gr-postmark/WebApi.Tests/bin/Debug/net8.0/WebApi.Tests.dll" adapterTypeName="executor://xunit/VsTestRunner2/netcoreapp" className="WebApi.Tests.Growth.GrowthPostmarkEventReaderTests" name="A_record_type_this_module_does_not_measure_is_acknowledged" />
    </UnitTest>
    <UnitTest name="WebApi.Tests.Growth.GrowthPostmarkEventReaderTests.The_postmark_reader_answers_for_the_provider_key_however_an_operator_typed_it(providerKey: &quot;  postmark  &quot;)" storage="/users/svendaneel/okam/wt-gr-postmark/webapi.tests/bin/debug/net8.0/webapi.tests.dll" id="4b0cfccc-a22c-7744-4b9c-7e37362ba731">
      <Execution id="78623ce5-fc1e-4de7-9da2-3ed462920375" />
      <TestMethod codeBase="/Users/svendaneel/okam/wt-gr-postmark/WebApi.Tests/bin/Debug/net8.0/WebApi.Tests.dll" adapterTypeName="executor://xunit/VsTestRunner2/netcoreapp" className="WebApi.Tests.Growth.GrowthPostmarkEventReaderTests" name="The_postmark_reader_answers_for_the_provider_key_however_an_operator_typed_it" />
    </UnitTest>
    <UnitTest name="WebApi.Tests.Growth.GrowthPostmarkEventReaderTests.The_one_subscription_change_no_other_webhook_reports_is_the_recipients_own_withdrawal" storage="/users/svendaneel/okam/wt-gr-postmark/webapi.tests/bin/debug/net8.0/webapi.tests.dll" id="4a706353-2f09-91a9-64c2-1a880efaefd3">
      <Execution id="e0d0c2f0-ef2f-47b3-b96f-85c107b0eda8" />
      <TestMethod codeBase="/Users/svendaneel/okam/wt-gr-postmark/WebApi.Tests/bin/Debug/net8.0/WebApi.Tests.dll" adapterTypeName="executor://xunit/VsTestRunner2/netcoreapp" className="WebApi.Tests.Growth.GrowthPostmarkEventReaderTests" name="The_one_subscription_change_no_other_webhook_reports_is_the_recipients_own_withdrawal" />
    </UnitTest>
    <UnitTest name="WebApi.Tests.Growth.GrowthPostmarkEventReaderTests.A_body_postmark_would_never_send_is_refused(json: &quot;{\&quot;MessageID\&quot;:\&quot;m1\&quot;}&quot;)" storage="/users/svendaneel/okam/wt-gr-postmark/webapi.tests/bin/debug/net8.0/webapi.tests.dll" id="e02c2316-71dd-df92-b6b6-f766cd164a40">
      <Execution id="c91773c0-e4e3-482c-bb88-e3a60e6a687d" />
      <TestMethod codeBase="/Users/svendaneel/okam/wt-gr-postmark/WebApi.Tests/bin/Debug/net8.0/WebApi.Tests.dll" adapterTypeName="executor://xunit/VsTestRunner2/netcoreapp" className="WebApi.Tests.Growth.GrowthPostmarkEventReaderTests" name="A_body_postmark_would_never_send_is_refused" />
    </UnitTest>
    <UnitTest name="WebApi.Tests.Growth.GrowthPostmarkEventReaderTests.A_bounce_is_keyed_on_postmarks_own_id_at_full_width" storage="/users/svendaneel/okam/wt-gr-postmark/webapi.tests/bin/debug/net8.0/webapi.tests.dll" id="38c12c65-24dd-bb74-a40d-2e6c45aa9b12">
      <Execution id="6ca24dd7-1caa-4a44-b261-60d2fe9d124a" />
      <TestMethod codeBase="/Users/svendaneel/okam/wt-gr-postmark/WebApi.Tests/bin/Debug/net8.0/WebApi.Tests.dll" adapterTypeName="executor://xunit/VsTestRunner2/netcoreapp" className="WebApi.Tests.Growth.GrowthPostmarkEventReaderTests" name="A_bounce_is_keyed_on_postmarks_own_id_at_full_width" />
    </UnitTest>
    <UnitTest name="WebApi.Tests.Growth.GrowthPostmarkEventReaderTests.A_body_postmark_would_never_send_is_refused(json: &quot;{\&quot;RecordType\&quot;:\&quot;Delivery\&quot;}&quot;)" storage="/users/svendaneel/okam/wt-gr-postmark/webapi.tests/bin/debug/net8.0/webapi.tests.dll" id="7c2a8f6b-62c4-b5f9-5285-541b386caeec">
      <Execution id="a51b4192-663e-480d-9706-62acfb829699" />
      <TestMethod codeBase="/Users/svendaneel/okam/wt-gr-postmark/WebApi.Tests/bin/Debug/net8.0/WebApi.Tests.dll" adapterTypeName="executor://xunit/VsTestRunner2/netcoreapp" className="WebApi.Tests.Growth.GrowthPostmarkEventReaderTests" name="A_body_postmark_would_never_send_is_refused" />
    </UnitTest>
    <UnitTest name="WebApi.Tests.Growth.GrowthPostmarkEventReaderTests.A_classified_bounce_maps_to_its_effect(type: &quot;DnsError&quot;, typeCode: 256, expected: Deferred)" storage="/users/svendaneel/okam/wt-gr-postmark/webapi.tests/bin/debug/net8.0/webapi.tests.dll" id="eba0d0d2-7286-fce2-a10e-4441c84a27c1">
      <Execution id="c83c623c-dde8-44d6-aeb3-7c0b4f036daa" />
      <TestMethod codeBase="/Users/svendaneel/okam/wt-gr-postmark/WebApi.Tests/bin/Debug/net8.0/WebApi.Tests.dll" adapterTypeName="executor://xunit/VsTestRunner2/netcoreapp" className="WebApi.Tests.Growth.GrowthPostmarkEventReaderTests" name="A_classified_bounce_maps_to_its_effect" />
    </UnitTest>
    <UnitTest name="WebApi.Tests.Growth.GrowthPostmarkEventReaderTests.A_subscription_change_nobody_asked_for_is_acknowledged_and_ignored(origin: &quot;Customer&quot;, suppressSending: True, suppressionReason: &quot;ManualSuppression&quot;)" storage="/users/svendaneel/okam/wt-gr-postmark/webapi.tests/bin/debug/net8.0/webapi.tests.dll" id="f33ffcb4-ecff-1acf-394b-11da4f22d476">
      <Execution id="09cef9cd-8992-4422-9308-701d971da154" />
      <TestMethod codeBase="/Users/svendaneel/okam/wt-gr-postmark/WebApi.Tests/bin/Debug/net8.0/WebApi.Tests.dll" adapterTypeName="executor://xunit/VsTestRunner2/netcoreapp" className="WebApi.Tests.Growth.GrowthPostmarkEventReaderTests" name="A_subscription_change_nobody_asked_for_is_acknowledged_and_ignored" />
    </UnitTest>
    <UnitTest name="WebApi.Tests.Growth.GrowthPostmarkEventReaderTests.A_classified_bounce_maps_to_its_effect(type: &quot;HardBounce&quot;, typeCode: 1, expected: Bounced)" storage="/users/svendaneel/okam/wt-gr-postmark/webapi.tests/bin/debug/net8.0/webapi.tests.dll" id="29a55bba-84af-1e17-a2f7-d8937e27cb55">
      <Execution id="39d35d89-9b92-4475-b592-7c8bf022e1da" />
      <TestMethod codeBase="/Users/svendaneel/okam/wt-gr-postmark/WebApi.Tests/bin/Debug/net8.0/WebApi.Tests.dll" adapterTypeName="executor://xunit/VsTestRunner2/netcoreapp" className="WebApi.Tests.Growth.GrowthPostmarkEventReaderTests" name="A_classified_bounce_maps_to_its_effect" />
    </UnitTest>
    <UnitTest name="WebApi.Tests.Growth.GrowthPostmarkEventReaderTests.A_body_postmark_would_never_send_is_refused(json: &quot;this is not json&quot;)" storage="/users/svendaneel/okam/wt-gr-postmark/webapi.tests/bin/debug/net8.0/webapi.tests.dll" id="aaa0c8a8-e8ab-3940-006a-fbb7e5ae120e">
      <Execution id="65c4f369-dacb-4c66-bf07-c5484c15187a" />
      <TestMethod codeBase="/Users/svendaneel/okam/wt-gr-postmark/WebApi.Tests/bin/Debug/net8.0/WebApi.Tests.dll" adapterTypeName="executor://xunit/VsTestRunner2/netcoreapp" className="WebApi.Tests.Growth.GrowthPostmarkEventReaderTests" name="A_body_postmark_would_never_send_is_refused" />
    </UnitTest>
    <UnitTest name="WebApi.Tests.Growth.GrowthPostmarkEventReaderTests.An_unclassified_bounce_moves_nothing_rather_than_guessing(type: &quot;ChallengeVerification&quot;, typeCode: 16384)" storage="/users/svendaneel/okam/wt-gr-postmark/webapi.tests/bin/debug/net8.0/webapi.tests.dll" id="9cab507f-2641-dd7f-ef0d-10334d9a3aeb">
      <Execution id="d0b10958-0006-4f9a-a5a7-f14fcb4827ed" />
      <TestMethod codeBase="/Users/svendaneel/okam/wt-gr-postmark/WebApi.Tests/bin/Debug/net8.0/WebApi.Tests.dll" adapterTypeName="executor://xunit/VsTestRunner2/netcoreapp" className="WebApi.Tests.Growth.GrowthPostmarkEventReaderTests" name="An_unclassified_bounce_moves_nothing_rather_than_guessing" />
    </UnitTest>
    <UnitTest name="WebApi.Tests.Growth.GrowthPostmarkEventReaderTests.A_classified_bounce_maps_to_its_effect(type: &quot;Blocked&quot;, typeCode: 100006, expected: Deferred)" storage="/users/svendaneel/okam/wt-gr-postmark/webapi.tests/bin/debug/net8.0/webapi.tests.dll" id="7235e24e-070d-5ab4-0fd5-4595f163a70d">
      <Execution id="9acaedd1-ef0d-4938-85bd-376901d78b07" />
      <TestMethod codeBase="/Users/svendaneel/okam/wt-gr-postmark/WebApi.Tests/bin/Debug/net8.0/WebApi.Tests.dll" adapterTypeName="executor://xunit/VsTestRunner2/netcoreapp" className="WebApi.Tests.Growth.GrowthPostmarkEventReaderTests" name="A_classified_bounce_maps_to_its_effect" />
    </UnitTest>
    <UnitTest name="WebApi.Tests.Wire.GrowthPostmarkWebhookWireTests.A_genuine_postmark_payload_without_a_credential_is_refused_and_writes_nothing" storage="/users/svendaneel/okam/wt-gr-postmark/webapi.tests/bin/debug/net8.0/webapi.tests.dll" id="d9309865-9717-a5c7-fa96-b965719f567c">
      <Execution id="bd4754e0-a96e-4ee5-b779-f382cff9806b" />
      <TestMethod codeBase="/Users/svendaneel/okam/wt-gr-postmark/WebApi.Tests/bin/Debug/net8.0/WebApi.Tests.dll" adapterTypeName="executor://xunit/VsTestRunner2/netcoreapp" className="WebApi.Tests.Wire.GrowthPostmarkWebhookWireTests" name="A_genuine_postmark_payload_without_a_credential_is_refused_and_writes_nothing" />
    </UnitTest>
    <UnitTest name="WebApi.Tests.Growth.GrowthPostmarkEventReaderTests.A_classified_bounce_maps_to_its_effect(type: &quot;Unsubscribe&quot;, typeCode: 16, expected: Unsubscribed)" storage="/users/svendaneel/okam/wt-gr-postmark/webapi.tests/bin/debug/net8.0/webapi.tests.dll" id="c1a7139e-d815-cbf2-de4f-31588fafe888">
      <Execution id="676ab016-b19c-4bd9-8c8e-1bb34afb6709" />
      <TestMethod codeBase="/Users/svendaneel/okam/wt-gr-postmark/WebApi.Tests/bin/Debug/net8.0/WebApi.Tests.dll" adapterTypeName="executor://xunit/VsTestRunner2/netcoreapp" className="WebApi.Tests.Growth.GrowthPostmarkEventReaderTests" name="A_classified_bounce_maps_to_its_effect" />
    </UnitTest>
    <UnitTest name="WebApi.Tests.Growth.GrowthPostmarkEventReaderTests.A_classified_bounce_maps_to_its_effect(type: &quot;SpamNotification&quot;, typeCode: 512, expected: Complained)" storage="/users/svendaneel/okam/wt-gr-postmark/webapi.tests/bin/debug/net8.0/webapi.tests.dll" id="2aa77b8b-ccd8-d28a-2e47-b1b22b965d35">
      <Execution id="a82e72b7-b69a-4e54-891e-0f25cfbb28e6" />
      <TestMethod codeBase="/Users/svendaneel/okam/wt-gr-postmark/WebApi.Tests/bin/Debug/net8.0/WebApi.Tests.dll" adapterTypeName="executor://xunit/VsTestRunner2/netcoreapp" className="WebApi.Tests.Growth.GrowthPostmarkEventReaderTests" name="A_classified_bounce_maps_to_its_effect" />
    </UnitTest>
  </TestDefinitions>
  <TestEntries>
    <TestEntry testId="29b1a3a5-a27a-1926-8f7e-a811a4db397f" executionId="4ace7da1-87be-4b6b-980a-3d1000999bd0" testListId="8c84fa94-04c1-424b-9868-57a2d4851a1d" />
    <TestEntry testId="4b0cfccc-a22c-7744-4b9c-7e37362ba731" executionId="78623ce5-fc1e-4de7-9da2-3ed462920375" testListId="8c84fa94-04c1-424b-9868-57a2d4851a1d" />
    <TestEntry testId="266345ea-42cf-44a8-e4cc-c05c21aa57f4" executionId="da78cc5f-c338-4a04-add1-f82c83401d28" testListId="8c84fa94-04c1-424b-9868-57a2d4851a1d" />
    <TestEntry testId="50be1d8a-7663-0b7a-7dfb-53b57da74d86" executionId="380fd59e-e63d-4251-9f17-22040123070d" testListId="8c84fa94-04c1-424b-9868-57a2d4851a1d" />
    <TestEntry testId="4a706353-2f09-91a9-64c2-1a880efaefd3" executionId="e0d0c2f0-ef2f-47b3-b96f-85c107b0eda8" testListId="8c84fa94-04c1-424b-9868-57a2d4851a1d" />
    <TestEntry testId="9cab507f-2641-dd7f-ef0d-10334d9a3aeb" executionId="d0b10958-0006-4f9a-a5a7-f14fcb4827ed" testListId="8c84fa94-04c1-424b-9868-57a2d4851a1d" />
    <TestEntry testId="4923f944-9444-83bd-ccd8-01088fe0d514" executionId="3c3b70ad-91a0-4b8e-9431-fcf6749cb961" testListId="8c84fa94-04c1-424b-9868-57a2d4851a1d" />
    <TestEntry testId="32a82b21-17e7-885a-b2d1-ce1caac7a62c" executionId="36ecae48-aa3c-4a32-b264-4ae7128de97b" testListId="8c84fa94-04c1-424b-9868-57a2d4851a1d" />
    <TestEntry testId="150a04e9-5a7d-c325-098c-f42cb5fecc12" executionId="4735b70e-938a-484d-8fc3-ad1a6423f908" testListId="8c84fa94-04c1-424b-9868-57a2d4851a1d" />
    <TestEntry testId="0c83f652-c7d9-91bb-bed9-9422130f5857" executionId="3f055f7a-3653-41e9-a9e9-844269393ba4" testListId="8c84fa94-04c1-424b-9868-57a2d4851a1d" />
    <TestEntry testId="ec60ce87-fcc0-742a-edb0-88ecae30bb70" executionId="eca6c395-5d10-4a55-99ed-6aeadd90065a" testListId="8c84fa94-04c1-424b-9868-57a2d4851a1d" />
    <TestEntry testId="67091f87-b24c-a13d-9951-99c5bf7c60fb" executionId="4c477efb-7512-4437-a02f-421b05d794c3" testListId="8c84fa94-04c1-424b-9868-57a2d4851a1d" />
    <TestEntry testId="09c6f771-714e-f8fa-e4c6-22dbbc2dd561" executionId="7bb90ed2-337a-4dc5-a5a6-a41b61b314c8" testListId="8c84fa94-04c1-424b-9868-57a2d4851a1d" />
    <TestEntry testId="7b760fde-54b1-5233-e5cc-6863cb9e8c0a" executionId="4f73b6de-d26f-4ce0-918f-d695fe92cc85" testListId="8c84fa94-04c1-424b-9868-57a2d4851a1d" />
    <TestEntry testId="7189a059-be6d-de7f-aae1-5180f0c77370" executionId="28e47716-eca6-45b0-9a13-cc8cb018435a" testListId="8c84fa94-04c1-424b-9868-57a2d4851a1d" />
    <TestEntry testId="ea3072a2-79d2-be3a-fd41-5a9890acd8f9" executionId="d18bb206-65d5-4a70-9437-9a5b28cdfe50" testListId="8c84fa94-04c1-424b-9868-57a2d4851a1d" />
    <TestEntry testId="403e5c34-6ae3-8014-f84b-76e0f0eb0c88" executionId="c49a8fd2-ff6b-43a0-9cbf-7b7a8ab25449" testListId="8c84fa94-04c1-424b-9868-57a2d4851a1d" />
    <TestEntry testId="7c2a8f6b-62c4-b5f9-5285-541b386caeec" executionId="a51b4192-663e-480d-9706-62acfb829699" testListId="8c84fa94-04c1-424b-9868-57a2d4851a1d" />
    <TestEntry testId="d84f11cd-d311-d5a3-896b-1cfb611da2b9" executionId="2e0e2981-ca1f-4738-9ce8-afe19e48dfc9" testListId="8c84fa94-04c1-424b-9868-57a2d4851a1d" />
    <TestEntry testId="279ddd98-f4cf-318c-4ef5-e1bc00de0359" executionId="07f1a076-7b3d-4fdf-8bc8-5a0ac270c3de" testListId="8c84fa94-04c1-424b-9868-57a2d4851a1d" />
    <TestEntry testId="e0600813-cb6b-5957-3d29-ea7ab04bc1d9" executionId="6fb7887a-2d54-486e-beb8-6f6fc4806230" testListId="8c84fa94-04c1-424b-9868-57a2d4851a1d" />
    <TestEntry testId="38c12c65-24dd-bb74-a40d-2e6c45aa9b12" executionId="6ca24dd7-1caa-4a44-b261-60d2fe9d124a" testListId="8c84fa94-04c1-424b-9868-57a2d4851a1d" />
    <TestEntry testId="bd56a982-ad8b-70db-5e0f-737768557612" executionId="315a75b2-261e-4b31-83d0-04123b135b1f" testListId="8c84fa94-04c1-424b-9868-57a2d4851a1d" />
    <TestEntry testId="02523fb5-44e6-9a1e-0e4e-c94874739d98" executionId="6232a00e-5e76-4be9-8422-bec4a8e8e3ae" testListId="8c84fa94-04c1-424b-9868-57a2d4851a1d" />
    <TestEntry testId="bfb32844-6f05-4802-1642-d894c1baa8db" executionId="d7e4c3a5-7f17-4f7b-8f90-f78cb2f44352" testListId="8c84fa94-04c1-424b-9868-57a2d4851a1d" />
    <TestEntry testId="306c8723-6d77-cabe-967f-77970b7b1433" executionId="b3a93f7e-b178-4058-b9ce-24c1e2544cd4" testListId="8c84fa94-04c1-424b-9868-57a2d4851a1d" />
    <TestEntry testId="aaa0c8a8-e8ab-3940-006a-fbb7e5ae120e" executionId="65c4f369-dacb-4c66-bf07-c5484c15187a" testListId="8c84fa94-04c1-424b-9868-57a2d4851a1d" />
    <TestEntry testId="d9309865-9717-a5c7-fa96-b965719f567c" executionId="bd4754e0-a96e-4ee5-b779-f382cff9806b" testListId="8c84fa94-04c1-424b-9868-57a2d4851a1d" />
    <TestEntry testId="c2c35fd4-4c25-b15e-0570-92b70dd204cd" executionId="ea159d62-10ad-4290-a057-88f74e4b6027" testListId="8c84fa94-04c1-424b-9868-57a2d4851a1d" />
    <TestEntry testId="7235e24e-070d-5ab4-0fd5-4595f163a70d" executionId="9acaedd1-ef0d-4938-85bd-376901d78b07" testListId="8c84fa94-04c1-424b-9868-57a2d4851a1d" />
    <TestEntry testId="2aa77b8b-ccd8-d28a-2e47-b1b22b965d35" executionId="a82e72b7-b69a-4e54-891e-0f25cfbb28e6" testListId="8c84fa94-04c1-424b-9868-57a2d4851a1d" />
    <TestEntry testId="62801e3c-e183-8619-8336-acde5f37a19c" executionId="8a2d6cb0-c4e5-4963-b5d7-d4d5607b2003" testListId="8c84fa94-04c1-424b-9868-57a2d4851a1d" />
    <TestEntry testId="e30f5e52-c425-4727-6caf-fd7b745c1dcf" executionId="839b8963-0443-489a-9302-5759ff6f9caa" testListId="8c84fa94-04c1-424b-9868-57a2d4851a1d" />
    <TestEntry testId="4ff2ea7c-d0d1-96ec-7ceb-d82b4c47cc4d" executionId="d44d12dc-2a28-418a-9720-4b9f82608b52" testListId="8c84fa94-04c1-424b-9868-57a2d4851a1d" />
    <TestEntry testId="e02c2316-71dd-df92-b6b6-f766cd164a40" executionId="c91773c0-e4e3-482c-bb88-e3a60e6a687d" testListId="8c84fa94-04c1-424b-9868-57a2d4851a1d" />
    <TestEntry testId="f33ffcb4-ecff-1acf-394b-11da4f22d476" executionId="09cef9cd-8992-4422-9308-701d971da154" testListId="8c84fa94-04c1-424b-9868-57a2d4851a1d" />
    <TestEntry testId="c1a7139e-d815-cbf2-de4f-31588fafe888" executionId="676ab016-b19c-4bd9-8c8e-1bb34afb6709" testListId="8c84fa94-04c1-424b-9868-57a2d4851a1d" />
    <TestEntry testId="a7deb329-406d-38ff-5075-363fddc614f5" executionId="e8bed99e-6958-4630-b774-39bb3a6264e9" testListId="8c84fa94-04c1-424b-9868-57a2d4851a1d" />
    <TestEntry testId="29a55bba-84af-1e17-a2f7-d8937e27cb55" executionId="39d35d89-9b92-4475-b592-7c8bf022e1da" testListId="8c84fa94-04c1-424b-9868-57a2d4851a1d" />
    <TestEntry testId="2324509d-8783-e872-843a-d02de0df4379" executionId="ca4187ec-a25d-40bf-9bfb-a7abf250e8f6" testListId="8c84fa94-04c1-424b-9868-57a2d4851a1d" />
    <TestEntry testId="5fd98feb-5bd1-6510-5d96-7ed19ba57991" executionId="de09508e-218f-41db-b7b5-618031c1370a" testListId="8c84fa94-04c1-424b-9868-57a2d4851a1d" />
    <TestEntry testId="cde2f741-8a00-0940-f791-ff40cfe49e5f" executionId="7ab69e2a-4b68-4174-884c-1bca67829e73" testListId="8c84fa94-04c1-424b-9868-57a2d4851a1d" />
    <TestEntry testId="96bd3b67-17fb-76a9-70e7-518b72987d04" executionId="82b595a6-ba0e-42d1-b136-e46a0174d144" testListId="8c84fa94-04c1-424b-9868-57a2d4851a1d" />
    <TestEntry testId="0fd6236e-ff60-6277-4e6e-d2f5174b8aa1" executionId="fe85ac9f-ba03-44cb-8929-81bb046047dd" testListId="8c84fa94-04c1-424b-9868-57a2d4851a1d" />
    <TestEntry testId="eba0d0d2-7286-fce2-a10e-4441c84a27c1" executionId="c83c623c-dde8-44d6-aeb3-7c0b4f036daa" testListId="8c84fa94-04c1-424b-9868-57a2d4851a1d" />
    <TestEntry testId="f5eda2d3-8238-20c3-0fd7-60eaf7f40ce0" executionId="4e15549d-8478-4f68-9da8-0b89575986b6" testListId="8c84fa94-04c1-424b-9868-57a2d4851a1d" />
  </TestEntries>
  <TestLists>
    <TestList name="Results Not in a List" id="8c84fa94-04c1-424b-9868-57a2d4851a1d" />
    <TestList name="All Loaded Results" id="19431567-8539-422a-85d7-44ee4e166bda" />
  </TestLists>
  <ResultSummary outcome="Completed">
    <Counters total="46" executed="46" passed="46" failed="0" error="0" timeout="0" aborted="0" inconclusive="0" passedButRunAborted="0" notRunnable="0" notExecuted="0" disconnected="0" warning="0" completed="0" inProgress="0" pending="0" />
    <Output>
      <StdOut>[xUnit.net 00:00:00.00] xUnit.net VSTest Adapter v2.4.5+1caef2f33e (64-bit .NET 8.0.28)
[xUnit.net 00:00:00.90]   Discovering: WebApi.Tests
[xUnit.net 00:00:01.13]   Discovered:  WebApi.Tests
[xUnit.net 00:00:01.13]   Starting:    WebApi.Tests
[xUnit.net 00:00:05.32]   Finished:    WebApi.Tests
</StdOut>
    </Output>
  </ResultSummary>
</TestRun>