
> okam-consumer@1.0.0 test:e2e
> playwright test test/e2e/journeys/margin-supplier-to-plate.spec.js

[WebServer] [dev-server] borrowed core from /Users/svendaneel/okam/Web-modules/core
[WebServer] 
[WebServer]  WARN  You're using Nuxt 2.17.1, which includes built-in TypeScript runtime support
[WebServer] 
[WebServer] 
[WebServer]  WARN  You can safely use nuxt instead of nuxt-ts and remove @nuxt/typescript-runtime package
[WebServer] 
[WebServer] 
[WebServer]  WARN  Module @nuxt/image is disabled due to incompatibility issues:
[WebServer]  - [nuxt] Nuxt version >=3.1.0 is required but currently using 2.17.1
[WebServer] 
[WebServer] ℹ Parsed 0 files in 0.0 seconds
[WebServer] ℹ [HPM] Proxy created: /  -> http://127.0.0.1:5080
[WebServer] ℹ [HPM] Proxy rewrite rule created: "^/okam-api" ~> ""
[WebServer] ℹ Listening on: http://192.168.68.111:3941/
[WebServer] ℹ Preparing project for development
[WebServer] ℹ Initial build may take a while

Running 1 test using 1 worker

[WebServer] ℹ Discovered Components: .nuxt/components/readme.md
[WebServer] ✔ Builder initialized
[WebServer] ✔ Nuxt files generated
[WebServer] 
[WebServer]  WARN  Browserslist: browsers data (caniuse-lite) is 21 months old. Please run:
[WebServer]   npx update-browserslist-db@latest
[WebServer]   Why you should do it regularly: https://github.com/browserslist/update-db#readme
[WebServer] 
[WebServer] ℹ Compiling Server
[WebServer] ℹ Compiling Client
[WebServer] ✔ Server: Compiled successfully in 14.14s
[WebServer] ✔ Client: Compiled successfully in 16.64s
[WebServer] ℹ Waiting for file changes
[WebServer] ℹ Memory usage: 1.05 GB (RSS: 2.05 GB)
[WebServer] ℹ Listening on: http://192.168.68.111:3941/
  ✓  1 [chromium] › test/e2e/journeys/margin-supplier-to-plate.spec.js:70:1 › A venue records a supplier, an article and a price, and a plate cost stops being unknown @live (26.7s)
[teardown] returned core/ to an empty submodule mount

  1 passed (29.3s)
