
[1m== TRAINING 1. Sign in and find the store[0m
   store 1 (Two Humans Kafé), manager +4799681931

[1m== TRAINING 2. Turn the module on (the operator lever, not a SQL insert)[0m
   before the lever: GET /context -> 200   (a previous run already lit this store)
   flag training.setup = on
   flag training.assignments = on
   context: {"timeZone":"Europe/Oslo","fallback":false,"capabilities":["manage"]}

[1m== TRAINING 3. Who the training is FOR (the Workforce roster, BY VALUE)[0m
   passes: Nora Berg (1850c97c-afe7-49f0-ae8d-e61c4440dbe7)
   fails then retakes: Jonas Lie (e00897ac-40ee-49d5-a067-bb3d4cd40c35)
   holds the certificates: Astrid Vik (08fdc7d5-68ad-4fb6-aedb-0e93032b0856)

[1m== TRAINING 4. Courses, and the version state machine[0m
   adopted the course already on this screen: Alkoholservering og skjenkeregler (193639)
   adopted the frozen v1 already published on this course
   adopted the course already on this screen: Næringsmiddelhygiene og temperaturkontroll
   adopted the frozen v1 already published on this course
   adopted the editable draft v3 already on this course
   the hygiene course carries v1 (Published, frozen) and v3 (Draft, editable)
   adopted the course already on this screen: Brannvern og romningsveier
   adopted the editable draft v1 already on this course

[1m== TRAINING 5. Assignments -- by role, by person, and one that is OVERDUE[0m
   adopted the assignment already on this screen: role Barista, due 2026-08-20T00:00:00
   role-scoped: every Barista owes the hygiene course's frozen version
   adopted the assignment already on this screen: person Nora Berg, due 2026-08-03T12:00:00
   person-scoped: Nora Berg owes the alcohol course -- due 2026-08-03, i.e. OVERDUE
   adopted the assignment already on this screen: person Jonas Lie, due 2026-09-05T12:00:00
   probe: assigning a DRAFT version -> 400 Only a published course version can be assigned.

[1m== TRAINING 6. Completions -- append-only, and the verdict is the SERVER'S[0m
   adopted the attempt already on the record: Nora Berg pass
   Nora Berg  92 % -> passed=true    (source ManagerRecorded -- the only source that exists today)
   adopted the attempt already on the record: Jonas Lie fail
   Jonas Lie 55 % -> passed=false
   adopted the attempt already on the record: Jonas Lie retake
   Jonas Lie 88 % -> passed=true     (a SECOND row -- the 55 % attempt is still on the record)
   adopted the attempt already on the record: Astrid Vik hygiene
   Astrid Vik 85 % on the hygiene course (threshold 80) -> passed=true
   probe: a completion for a person who exists nowhere -> 400 The person reference does not identify a known person.

[1m== TRAINING 7. The certificate vault -- four states, all DERIVED[0m
   adopted the Expiring 'alkoholservering' already in this vault
   Nora Berg, kommunal skjenkeopplaering -> Expiring
   adopted the Expired 'naeringsmiddelhygiene' already in this vault
   Jonas Lie, naeringsmiddelhygiene -> Expired
   adopted the Valid 'forstehjelp' already in this vault
   Astrid Vik, forstehjelp -> Valid
   adopted the Valid 'fagbrev-kokk' already in this vault
   Astrid Vik, fagbrev (NO expiry) -> Valid
   expiring feed (30 days): [{"type":"forstehjelp","status":"Expired"},{"type":"naeringsmiddelhygiene","status":"Expired"},{"type":"alkoholservering","status":"Expiring"},{"type":"naeringsmiddelhygiene","status":"Expiring"}]

[1m== TRAINING 8. The correction route -- the module's ONE compare-and-swap[0m
   revision: AAAAAAAAQKQ=
   probe: PATCH with no If-Match -> 400 An If-Match revision header is required for this correction.
   probe: PATCH with a garbled If-Match -> 400 The If-Match header does not carry a valid resource revision.
   corrected the issuer; new revision AAAAAAAAQKQ=
   probe: PATCH replaying the superseded revision -> 200 {
  "certificateId": "b981c1c4-b11f-429a-af26-9ede0c57f0fa",
  "personRef": "08fdc7d5-68ad-4fb6-aedb-0e93032b0856",
  "type": "forstehjelp",
  "issuer": "For sent",
  "issueDateUtc": "2026-04-08T00:00:00",
  "expiryDateUtc": "2027-02-22T00:00:00",
  "documentReference": null,
  "status": "Valid",
  "createdAtUtc": "2026-08-06T20:06:44.903325",
  "revision": "AAAAAAAAQK4="
}
[31mFAILED: a stale revision was accepted. The compare-and-swap is not armed.[0m
