2026-07-31T18:29Z acct.uidx unconf 00000000
2026-07-31T18:29Z be.tests unconf 00000000
2026-07-31T18:29Z ev.dietary unconf 00000000
2026-07-31T18:29Z ev.journeys ok 4d4c7eee
2026-07-31T18:29Z fe.ci unconf 00000000
2026-07-31T18:29Z fe.tests ok 06ceef97
2026-07-31T18:29Z fe.tests.failed ok 5feceb66
2026-07-31T18:29Z growth.cookie.crosssite unconf 00000000
2026-07-31T18:29Z growth.mail.provider unconf 00000000
2026-07-31T18:29Z growth.prefcentre.cors unconf 00000000
2026-07-31T18:29Z intent.hash ok e611310f
2026-07-31T18:29Z journeys.browser unconf 00000000
2026-07-31T18:29Z meals.empref unconf 00000000
2026-07-31T18:29Z meals.gate unconf 00000000
2026-07-31T18:29Z meals.token.client unconf 00000000
2026-07-31T18:29Z nav.modules ok c36efbb1
2026-07-31T18:29Z train.checklists unconf 00000000
2026-07-31T18:29Z vipps.token.guard unconf 00000000
2026-07-31T18:29Z wf.idreg unconf 00000000
2026-07-31T18:29Z wf.journeys ok 6b51d431
2026-07-31T18:29Z wolt.sync.host unconf 00000000
2026-07-31T18:30Z acct.uidx unconf 00000000
2026-07-31T18:30Z be.tests unconf 00000000
2026-07-31T18:30Z ev.dietary unconf 00000000
2026-07-31T18:30Z ev.journeys ok 4d4c7eee
2026-07-31T18:30Z fe.ci unconf 00000000
2026-07-31T18:30Z fe.tests ok 06ceef97
2026-07-31T18:30Z fe.tests.failed ok 5feceb66
2026-07-31T18:30Z growth.cookie.crosssite unconf 00000000
2026-07-31T18:30Z growth.mail.provider unconf 00000000
2026-07-31T18:30Z growth.prefcentre.cors unconf 00000000
2026-07-31T18:30Z intent.hash ok e611310f
2026-07-31T18:30Z journeys.browser unconf 00000000
2026-07-31T18:30Z meals.empref unconf 00000000
2026-07-31T18:30Z meals.gate unconf 00000000
2026-07-31T18:30Z meals.token.client unconf 00000000
2026-07-31T18:30Z nav.modules ok c36efbb1
2026-07-31T18:30Z train.checklists unconf 00000000
2026-07-31T18:30Z vipps.token.guard unconf 00000000
2026-07-31T18:30Z wf.idreg unconf 00000000
2026-07-31T18:30Z wf.journeys ok 6b51d431
2026-07-31T18:30Z wolt.sync.host unconf 00000000
2026-07-31T19:28Z acct.uidx unconf 00000000
2026-07-31T19:28Z be.tests unconf 00000000
2026-07-31T19:28Z ev.dietary unconf 00000000
2026-07-31T19:28Z ev.journeys ok 4d4c7eee
2026-07-31T19:28Z fe.ci unconf 00000000
2026-07-31T19:28Z fe.tests ok 06ceef97
2026-07-31T19:28Z fe.tests.failed ok 5feceb66
2026-07-31T19:28Z growth.cookie.crosssite unconf 00000000
2026-07-31T19:28Z growth.mail.provider unconf 00000000
2026-07-31T19:28Z growth.prefcentre.cors unconf 00000000
2026-07-31T19:28Z intent.hash ok e611310f
2026-07-31T19:28Z journeys.browser unconf 00000000
2026-07-31T19:28Z meals.empref unconf 00000000
2026-07-31T19:28Z meals.gate unconf 00000000
2026-07-31T19:28Z meals.token.client unconf 00000000
2026-07-31T19:28Z nav.modules ok c36efbb1
2026-07-31T19:28Z train.checklists unconf 00000000
2026-07-31T19:28Z vipps.token.guard unconf 00000000
2026-07-31T19:28Z wf.idreg unconf 00000000
2026-07-31T19:28Z wf.journeys ok 6b51d431
2026-07-31T19:28Z wolt.sync.host unconf 00000000
2026-07-31T21:11Z acct.uidx unconf 00000000
2026-07-31T21:11Z be.tests ok 65b5f080
2026-07-31T21:11Z ev.dietary ok 4d4c7eee
2026-07-31T21:11Z ev.journeys ok 4d4c7eee
2026-07-31T21:11Z fe.ci unconf 00000000
2026-07-31T21:11Z fe.tests ok 06ceef97
2026-07-31T21:11Z fe.tests.failed ok 5feceb66
2026-07-31T21:11Z growth.cookie.crosssite unconf 00000000
2026-07-31T21:11Z growth.mail.provider unconf 00000000
2026-07-31T21:11Z growth.prefcentre.cors unconf 00000000
2026-07-31T21:11Z intent.hash ok e611310f
2026-07-31T21:11Z journeys.browser unconf 00000000
2026-07-31T21:11Z meals.empref unconf 00000000
2026-07-31T21:11Z meals.gate unconf 00000000
2026-07-31T21:11Z meals.token.client unconf 00000000
2026-07-31T21:11Z nav.modules ok c36efbb1
2026-07-31T21:11Z train.checklists unconf 00000000
2026-07-31T21:11Z vipps.token.guard unconf 00000000
2026-07-31T21:11Z wf.idreg unconf 00000000
2026-07-31T21:11Z wf.journeys ok 6b51d431
2026-07-31T21:11Z wolt.sync.host unconf 00000000
2026-07-31T21:43Z acct.uidx unconf 00000000
2026-07-31T21:43Z be.tests ok 8d50a55f
2026-07-31T21:43Z ev.dietary ok 4d4c7eee
2026-07-31T21:43Z ev.journeys ok 4d4c7eee
2026-07-31T21:43Z fe.ci unconf 00000000
2026-07-31T21:43Z fe.tests ok 06ceef97
2026-07-31T21:43Z fe.tests.failed ok 5feceb66
2026-07-31T21:43Z growth.cookie.crosssite unconf 00000000
2026-07-31T21:43Z growth.mail.provider unconf 00000000
2026-07-31T21:43Z growth.prefcentre.cors unconf 00000000
2026-07-31T21:43Z intent.hash ok e611310f
2026-07-31T21:43Z journeys.browser ok 4d4c7eee
2026-07-31T21:43Z meals.empref unconf 00000000
2026-07-31T21:43Z meals.gate ok 4d4c7eee
2026-07-31T21:43Z meals.token.client unconf 00000000
2026-07-31T21:43Z nav.modules ok c36efbb1
2026-07-31T21:43Z train.checklists unconf 00000000
2026-07-31T21:43Z vipps.token.guard ok 4d4c7eee
2026-07-31T21:43Z wf.idreg unconf 00000000
2026-07-31T21:43Z wf.journeys ok 6b51d431
2026-07-31T21:43Z wolt.sync.host unconf 00000000
2026-07-31T21:53Z acct.uidx unconf 00000000
2026-07-31T21:53Z be.tests ok 8d50a55f
2026-07-31T21:53Z ev.dietary ok 4d4c7eee
2026-07-31T21:53Z ev.journeys ok 4d4c7eee
2026-07-31T21:53Z fe.ci unconf 00000000
2026-07-31T21:53Z fe.tests ok 06ceef97
2026-07-31T21:53Z fe.tests.failed ok 5feceb66
2026-07-31T21:53Z growth.cookie.crosssite unconf 00000000
2026-07-31T21:53Z growth.mail.provider unconf 00000000
2026-07-31T21:53Z growth.prefcentre.cors unconf 00000000
2026-07-31T21:53Z intent.hash ok e611310f
2026-07-31T21:53Z journeys.browser ok 4d4c7eee
2026-07-31T21:53Z meals.empref ok 4d4c7eee
2026-07-31T21:53Z meals.gate ok 4d4c7eee
2026-07-31T21:53Z meals.token.client unconf 00000000
2026-07-31T21:53Z nav.modules ok c36efbb1
2026-07-31T21:53Z train.checklists unconf 00000000
2026-07-31T21:53Z vipps.token.guard ok 4d4c7eee
2026-07-31T21:53Z wf.idreg unconf 00000000
2026-07-31T21:53Z wf.journeys ok 6b51d431
2026-07-31T21:53Z wolt.sync.host unconf 00000000
2026-08-01T10:29Z acct.uidx unconf 00000000
2026-08-01T10:29Z be.tests ok 9128c31e
2026-08-01T10:29Z ev.dietary ok 4d4c7eee
2026-08-01T10:29Z ev.journeys ok 4d4c7eee
2026-08-01T10:29Z fe.ci unconf 00000000
2026-08-01T10:29Z fe.tests ok 06ceef97
2026-08-01T10:29Z fe.tests.failed ok 5feceb66
2026-08-01T10:29Z growth.cookie.crosssite unconf 00000000
2026-08-01T10:29Z growth.mail.provider unconf 00000000
2026-08-01T10:29Z growth.prefcentre.cors unconf 00000000
2026-08-01T10:29Z intent.hash ok e611310f
2026-08-01T10:29Z journeys.browser ok 4d4c7eee
2026-08-01T10:29Z meals.empref ok 4d4c7eee
2026-08-01T10:29Z meals.gate ok 4d4c7eee
2026-08-01T10:29Z meals.token.client unconf 00000000
2026-08-01T10:29Z nav.modules ok c36efbb1
2026-08-01T10:29Z train.checklists unconf 00000000
2026-08-01T10:29Z vipps.token.guard ok 4d4c7eee
2026-08-01T10:29Z wf.idreg ok 4d4c7eee
2026-08-01T10:29Z wf.journeys ok 6b51d431
2026-08-01T10:29Z wolt.sync.host unconf 00000000
2026-08-01T11:01Z acct.uidx unconf 00000000
2026-08-01T11:01Z be.tests ok 9128c31e
2026-08-01T11:01Z ev.dietary ok 4d4c7eee
2026-08-01T11:01Z ev.journeys ok 4d4c7eee
2026-08-01T11:01Z fe.ci unconf 00000000
2026-08-01T11:01Z fe.tests ok 06ceef97
2026-08-01T11:01Z fe.tests.failed ok 5feceb66
2026-08-01T11:01Z growth.cookie.crosssite unconf 00000000
2026-08-01T11:01Z growth.mail.provider unconf 00000000
2026-08-01T11:01Z growth.prefcentre.cors unconf 00000000
2026-08-01T11:01Z intent.hash ok e611310f
2026-08-01T11:01Z journeys.browser ok 4d4c7eee
2026-08-01T11:01Z meals.empref ok 4d4c7eee
2026-08-01T11:01Z meals.gate ok 4d4c7eee
2026-08-01T11:01Z meals.token.client ok 4d4c7eee
2026-08-01T11:01Z nav.modules ok c36efbb1
2026-08-01T11:01Z train.checklists unconf 00000000
2026-08-01T11:01Z vipps.token.guard ok 4d4c7eee
2026-08-01T11:01Z wf.idreg ok 4d4c7eee
2026-08-01T11:01Z wf.journeys ok 6b51d431
2026-08-01T11:01Z wolt.sync.host unconf 00000000
2026-08-01T11:47Z acct.uidx unconf 00000000
2026-08-01T11:47Z be.tests ok 932cb7ba
2026-08-01T11:47Z ev.dietary ok 4d4c7eee
2026-08-01T11:47Z ev.journeys ok 4d4c7eee
2026-08-01T11:47Z fe.ci unconf 00000000
2026-08-01T11:47Z fe.tests ok 06ceef97
2026-08-01T11:47Z fe.tests.failed ok 5feceb66
2026-08-01T11:47Z growth.cookie.crosssite unconf 00000000
2026-08-01T11:47Z growth.mail.provider ok 4d4c7eee
2026-08-01T11:47Z growth.prefcentre.cors unconf 00000000
2026-08-01T11:47Z intent.hash ok e611310f
2026-08-01T11:47Z journeys.browser ok 4d4c7eee
2026-08-01T11:47Z meals.empref ok 4d4c7eee
2026-08-01T11:47Z meals.gate ok 4d4c7eee
2026-08-01T11:47Z meals.token.client ok 4d4c7eee
2026-08-01T11:47Z nav.modules ok c36efbb1
2026-08-01T11:47Z train.checklists unconf 00000000
2026-08-01T11:47Z vipps.token.guard ok 4d4c7eee
2026-08-01T11:47Z wf.idreg ok 4d4c7eee
2026-08-01T11:47Z wf.journeys ok 6b51d431
2026-08-01T11:47Z wolt.sync.host unconf 00000000
2026-08-01T11:52Z acct.uidx unconf 00000000
2026-08-01T11:52Z be.tests ok 56ec0fc7
2026-08-01T11:52Z ev.dietary ok 4d4c7eee
2026-08-01T11:52Z ev.journeys ok 4d4c7eee
2026-08-01T11:52Z fe.ci unconf 00000000
2026-08-01T11:52Z fe.tests ok 06ceef97
2026-08-01T11:52Z fe.tests.failed ok 5feceb66
2026-08-01T11:52Z growth.cookie.crosssite unconf 00000000
2026-08-01T11:52Z growth.mail.provider ok 4d4c7eee
2026-08-01T11:52Z growth.prefcentre.cors unconf 00000000
2026-08-01T11:52Z intent.hash ok e611310f
2026-08-01T11:52Z journeys.browser ok 4d4c7eee
2026-08-01T11:52Z meals.empref ok 4d4c7eee
2026-08-01T11:52Z meals.gate ok 4d4c7eee
2026-08-01T11:52Z meals.token.client ok 4d4c7eee
2026-08-01T11:52Z nav.modules ok c36efbb1
2026-08-01T11:52Z train.checklists unconf 00000000
2026-08-01T11:52Z vipps.token.guard ok 4d4c7eee
2026-08-01T11:52Z wf.idreg ok 4d4c7eee
2026-08-01T11:52Z wf.journeys ok 6b51d431
2026-08-01T11:52Z wolt.sync.host unconf 00000000
2026-08-02T14:17Z acct.uidx unconf 00000000
2026-08-02T14:17Z be.tests ok 56ec0fc7
2026-08-02T14:17Z ev.dietary ok 4d4c7eee
2026-08-02T14:17Z ev.journeys ok 4d4c7eee
2026-08-02T14:17Z fe.ci unconf 00000000
2026-08-02T14:17Z fe.tests ok 06ceef97
2026-08-02T14:17Z fe.tests.failed ok 5feceb66
2026-08-02T14:17Z growth.cookie.crosssite unconf 00000000
2026-08-02T14:17Z growth.mail.provider ok 4d4c7eee
2026-08-02T14:17Z growth.prefcentre.cors unconf 00000000
2026-08-02T14:17Z intent.hash ok e611310f
2026-08-02T14:17Z journeys.browser ok 4d4c7eee
2026-08-02T14:17Z meals.empref ok 4d4c7eee
2026-08-02T14:17Z meals.gate ok 4d4c7eee
2026-08-02T14:17Z meals.token.client ok 4d4c7eee
2026-08-02T14:17Z nav.modules ok c36efbb1
2026-08-02T14:17Z train.checklists unconf 00000000
2026-08-02T14:17Z vipps.token.guard ok 4d4c7eee
2026-08-02T14:17Z wf.idreg ok 4d4c7eee
2026-08-02T14:17Z wf.journeys ok 6b51d431
2026-08-02T14:17Z wolt.sync.host unconf 00000000
2026-08-02T14:47Z acct.uidx unconf 00000000
2026-08-02T14:47Z be.tests ok 56ec0fc7
2026-08-02T14:47Z be.world ok 60a33e6c
2026-08-02T14:47Z be.world.behind ok 4b227777
2026-08-02T14:47Z be.world.branch ok 3bdfa57d
2026-08-02T14:47Z cw.world ok b23a6a84
2026-08-02T14:47Z ev.dietary ok 4d4c7eee
2026-08-02T14:47Z ev.journeys ok 4d4c7eee
2026-08-02T14:47Z fe.ci unconf 00000000
2026-08-02T14:47Z fe.tests ok 06ceef97
2026-08-02T14:47Z fe.tests.failed ok 5feceb66
2026-08-02T14:47Z fe.world ok 3cbc87c7
2026-08-02T14:47Z fe.world.branch ok fd800aeb
2026-08-02T14:47Z growth.cookie.crosssite unconf 00000000
2026-08-02T14:47Z growth.mail.provider ok 4d4c7eee
2026-08-02T14:47Z growth.prefcentre.cors unconf 00000000
2026-08-02T14:47Z intent.hash ok e611310f
2026-08-02T14:47Z journeys.browser ok 4d4c7eee
2026-08-02T14:47Z meals.empref ok 4d4c7eee
2026-08-02T14:47Z meals.gate ok 4d4c7eee
2026-08-02T14:47Z meals.token.client ok 4d4c7eee
2026-08-02T14:47Z nav.modules ok c36efbb1
2026-08-02T14:47Z train.checklists unconf 00000000
2026-08-02T14:47Z vipps.token.guard ok 4d4c7eee
2026-08-02T14:47Z wf.idreg ok 4d4c7eee
2026-08-02T14:47Z wf.journeys ok 6b51d431
2026-08-02T14:47Z wolt.sync.host unconf 00000000
2026-08-02T14:48Z acct.uidx unconf 00000000
2026-08-02T14:48Z be.tests ok 56ec0fc7
2026-08-02T14:48Z be.world ok 60a33e6c
2026-08-02T14:48Z be.world.behind ok 4b227777
2026-08-02T14:48Z be.world.branch ok 3bdfa57d
2026-08-02T14:48Z cw.world ok b23a6a84
2026-08-02T14:48Z ev.dietary ok 4d4c7eee
2026-08-02T14:48Z ev.journeys ok 4d4c7eee
2026-08-02T14:48Z fe.ci unconf 00000000
2026-08-02T14:48Z fe.tests ok 06ceef97
2026-08-02T14:48Z fe.tests.failed ok 5feceb66
2026-08-02T14:48Z fe.world ok 3cbc87c7
2026-08-02T14:48Z fe.world.branch ok fd800aeb
2026-08-02T14:48Z growth.cookie.crosssite unconf 00000000
2026-08-02T14:48Z growth.mail.provider ok 4d4c7eee
2026-08-02T14:48Z growth.prefcentre.cors unconf 00000000
2026-08-02T14:48Z intent.hash ok e611310f
2026-08-02T14:48Z journeys.browser ok 4d4c7eee
2026-08-02T14:48Z meals.empref ok 4d4c7eee
2026-08-02T14:48Z meals.gate ok 4d4c7eee
2026-08-02T14:48Z meals.token.client ok 4d4c7eee
2026-08-02T14:48Z nav.modules ok c36efbb1
2026-08-02T14:48Z train.checklists unconf 00000000
2026-08-02T14:48Z vipps.token.guard ok 4d4c7eee
2026-08-02T14:48Z wf.idreg ok 4d4c7eee
2026-08-02T14:48Z wf.journeys ok 6b51d431
2026-08-02T14:48Z wolt.sync.host unconf 00000000
2026-08-02T14:55Z acct.uidx unconf 00000000
2026-08-02T14:55Z be.tests ok 56ec0fc7
2026-08-02T14:55Z be.world ok 60a33e6c
2026-08-02T14:55Z be.world.behind ok 4b227777
2026-08-02T14:55Z be.world.branch ok 3bdfa57d
2026-08-02T14:55Z cw.world ok b23a6a84
2026-08-02T14:55Z ev.dietary ok 4d4c7eee
2026-08-02T14:55Z ev.journeys ok 4d4c7eee
2026-08-02T14:55Z fe.ci unconf 00000000
2026-08-02T14:55Z fe.tests ok 06ceef97
2026-08-02T14:55Z fe.tests.failed ok 5feceb66
2026-08-02T14:55Z fe.world ok 3cbc87c7
2026-08-02T14:55Z fe.world.branch ok fd800aeb
2026-08-02T14:55Z growth.cookie.crosssite unconf 00000000
2026-08-02T14:55Z growth.mail.provider ok 4d4c7eee
2026-08-02T14:55Z growth.prefcentre.cors unconf 00000000
2026-08-02T14:55Z intent.hash ok e611310f
2026-08-02T14:55Z journeys.browser ok 4d4c7eee
2026-08-02T14:55Z meals.empref ok 4d4c7eee
2026-08-02T14:55Z meals.gate ok 4d4c7eee
2026-08-02T14:55Z meals.token.client ok 4d4c7eee
2026-08-02T14:55Z nav.modules ok c36efbb1
2026-08-02T14:55Z train.checklists unconf 00000000
2026-08-02T14:55Z vipps.token.guard ok 4d4c7eee
2026-08-02T14:55Z wf.idreg ok 4d4c7eee
2026-08-02T14:55Z wf.journeys ok 6b51d431
2026-08-02T14:55Z wolt.sync.host unconf 00000000
2026-08-03T08:11Z acct.uidx unconf 00000000
2026-08-03T08:11Z be.tests ok 56ec0fc7
2026-08-03T08:11Z be.world ok 60a33e6c
2026-08-03T08:11Z be.world.behind ok 4b227777
2026-08-03T08:11Z be.world.branch ok 3bdfa57d
2026-08-03T08:11Z cw.world ok b23a6a84
2026-08-03T08:11Z ev.dietary ok 4d4c7eee
2026-08-03T08:11Z ev.journeys ok 4d4c7eee
2026-08-03T08:11Z fe.ci unconf 00000000
2026-08-03T08:11Z fe.tests ok 06ceef97
2026-08-03T08:11Z fe.tests.failed ok 5feceb66
2026-08-03T08:11Z fe.world ok 3cbc87c7
2026-08-03T08:11Z fe.world.branch ok fd800aeb
2026-08-03T08:11Z growth.cookie.crosssite unconf 00000000
2026-08-03T08:11Z growth.mail.provider ok 4d4c7eee
2026-08-03T08:11Z growth.prefcentre.cors unconf 00000000
2026-08-03T08:11Z intent.hash ok e611310f
2026-08-03T08:11Z journeys.browser ok 4d4c7eee
2026-08-03T08:11Z meals.empref ok 4d4c7eee
2026-08-03T08:11Z meals.gate ok 4d4c7eee
2026-08-03T08:11Z meals.token.client ok 4d4c7eee
2026-08-03T08:11Z nav.modules ok c36efbb1
2026-08-03T08:11Z train.checklists unconf 00000000
2026-08-03T08:11Z vipps.token.guard ok 4d4c7eee
2026-08-03T08:11Z wf.idreg ok 4d4c7eee
2026-08-03T08:11Z wf.journeys ok 6b51d431
2026-08-03T08:11Z wolt.sync.host unconf 00000000
2026-08-03T09:21Z acct.uidx unconf 00000000
2026-08-03T09:21Z be.tests ok 56ec0fc7
2026-08-03T09:21Z be.world ok 60a33e6c
2026-08-03T09:21Z be.world.behind ok 4b227777
2026-08-03T09:21Z be.world.branch ok 3bdfa57d
2026-08-03T09:21Z cw.world ok b23a6a84
2026-08-03T09:21Z ev.dietary ok 4d4c7eee
2026-08-03T09:21Z ev.journeys ok 4d4c7eee
2026-08-03T09:21Z fe.ci unconf 00000000
2026-08-03T09:21Z fe.tests ok 06ceef97
2026-08-03T09:21Z fe.tests.failed ok 5feceb66
2026-08-03T09:21Z fe.world ok 3cbc87c7
2026-08-03T09:21Z fe.world.branch ok fd800aeb
2026-08-03T09:21Z growth.cookie.crosssite unconf 00000000
2026-08-03T09:21Z growth.mail.provider ok 4d4c7eee
2026-08-03T09:21Z growth.prefcentre.cors unconf 00000000
2026-08-03T09:21Z intent.hash ok e611310f
2026-08-03T09:21Z journeys.browser ok 4d4c7eee
2026-08-03T09:21Z meals.empref ok 4d4c7eee
2026-08-03T09:21Z meals.gate ok 4d4c7eee
2026-08-03T09:21Z meals.token.client ok 4d4c7eee
2026-08-03T09:21Z nav.modules ok c36efbb1
2026-08-03T09:21Z train.checklists unconf 00000000
2026-08-03T09:21Z vipps.token.guard ok 4d4c7eee
2026-08-03T09:21Z wf.idreg ok 4d4c7eee
2026-08-03T09:21Z wf.journeys ok 6b51d431
2026-08-03T09:21Z wolt.sync.host unconf 00000000
2026-08-03T09:23Z acct.uidx unconf 00000000
2026-08-03T09:23Z be.mig.head ok 947ee24b
2026-08-03T09:23Z be.tests ok 56ec0fc7
2026-08-03T09:23Z be.world ok 60a33e6c
2026-08-03T09:23Z be.world.behind ok 4b227777
2026-08-03T09:23Z be.world.branch ok 3bdfa57d
2026-08-03T09:23Z cw.world ok b23a6a84
2026-08-03T09:23Z ev.dietary ok 4d4c7eee
2026-08-03T09:23Z ev.journeys ok 4d4c7eee
2026-08-03T09:23Z fe.ci unconf 00000000
2026-08-03T09:23Z fe.tests ok 06ceef97
2026-08-03T09:23Z fe.tests.failed ok 5feceb66
2026-08-03T09:23Z fe.world ok 3cbc87c7
2026-08-03T09:23Z fe.world.branch ok fd800aeb
2026-08-03T09:23Z growth.cookie.crosssite unconf 00000000
2026-08-03T09:23Z growth.mail.provider ok 4d4c7eee
2026-08-03T09:23Z growth.prefcentre.cors unconf 00000000
2026-08-03T09:23Z intent.hash ok e611310f
2026-08-03T09:23Z journeys.browser ok 4d4c7eee
2026-08-03T09:23Z meals.empref ok 4d4c7eee
2026-08-03T09:23Z meals.gate ok 4d4c7eee
2026-08-03T09:23Z meals.token.client ok 4d4c7eee
2026-08-03T09:23Z nav.modules ok c36efbb1
2026-08-03T09:23Z train.checklists unconf 00000000
2026-08-03T09:23Z vipps.token.guard ok 4d4c7eee
2026-08-03T09:23Z wf.idreg ok 4d4c7eee
2026-08-03T09:23Z wf.journeys ok 6b51d431
2026-08-03T09:23Z wolt.sync.host unconf 00000000
2026-08-03T09:44Z acct.uidx unconf 00000000
2026-08-03T09:44Z be.mig.head ok 947ee24b
2026-08-03T09:44Z be.tests ok 56ec0fc7
2026-08-03T09:44Z be.world ok 60a33e6c
2026-08-03T09:44Z be.world.behind ok 4b227777
2026-08-03T09:44Z be.world.branch ok 3bdfa57d
2026-08-03T09:44Z cw.world ok b23a6a84
2026-08-03T09:44Z ev.accept.receipt unconf 00000000
2026-08-03T09:44Z ev.deposit.external unconf 00000000
2026-08-03T09:44Z ev.dietary ok 4d4c7eee
2026-08-03T09:44Z ev.journeys ok 4d4c7eee
2026-08-03T09:44Z fe.ci unconf 00000000
2026-08-03T09:44Z fe.tests ok 06ceef97
2026-08-03T09:44Z fe.tests.failed ok 5feceb66
2026-08-03T09:44Z fe.world ok 3cbc87c7
2026-08-03T09:44Z fe.world.branch ok fd800aeb
2026-08-03T09:44Z growth.cookie.crosssite unconf 00000000
2026-08-03T09:44Z growth.dispatch.hosted ok 4d4c7eee
2026-08-03T09:44Z growth.mail.provider ok 4d4c7eee
2026-08-03T09:44Z growth.prefcentre.cors unconf 00000000
2026-08-03T09:44Z intent.hash ok e611310f
2026-08-03T09:44Z journeys.browser ok 4d4c7eee
2026-08-03T09:44Z meals.empref ok 4d4c7eee
2026-08-03T09:44Z meals.gate ok 4d4c7eee
2026-08-03T09:44Z meals.token.client ok 4d4c7eee
2026-08-03T09:44Z nav.modules ok c36efbb1
2026-08-03T09:44Z train.checklists unconf 00000000
2026-08-03T09:44Z vipps.token.guard ok 4d4c7eee
2026-08-03T09:44Z wf.idreg ok 4d4c7eee
2026-08-03T09:44Z wf.journeys ok 6b51d431
2026-08-03T09:44Z wolt.sync.host unconf 00000000
2026-08-03T10:48Z acct.uidx unconf 00000000
2026-08-03T10:48Z be.mig.head ok 947ee24b
2026-08-03T10:48Z be.tests ok 56ec0fc7
2026-08-03T10:48Z be.world ok 60a33e6c
2026-08-03T10:48Z be.world.behind ok 4b227777
2026-08-03T10:48Z be.world.branch ok 3bdfa57d
2026-08-03T10:48Z cw.world ok b23a6a84
2026-08-03T10:48Z ev.accept.receipt unconf 00000000
2026-08-03T10:48Z ev.deposit.external unconf 00000000
2026-08-03T10:48Z ev.dietary ok 4d4c7eee
2026-08-03T10:48Z ev.journeys ok 4d4c7eee
2026-08-03T10:48Z fe.ci unconf 00000000
2026-08-03T10:48Z fe.tests ok 06ceef97
2026-08-03T10:48Z fe.tests.failed ok 5feceb66
2026-08-03T10:48Z fe.world ok 3cbc87c7
2026-08-03T10:48Z fe.world.branch ok fd800aeb
2026-08-03T10:48Z growth.cookie.crosssite unconf 00000000
2026-08-03T10:48Z growth.dispatch.hosted ok 4d4c7eee
2026-08-03T10:48Z growth.mail.provider ok 4d4c7eee
2026-08-03T10:48Z growth.prefcentre.cors unconf 00000000
2026-08-03T10:48Z intent.hash ok e611310f
2026-08-03T10:48Z journeys.browser ok 4d4c7eee
2026-08-03T10:48Z meals.empref ok 4d4c7eee
2026-08-03T10:48Z meals.gate ok 4d4c7eee
2026-08-03T10:48Z meals.token.client ok 4d4c7eee
2026-08-03T10:48Z nav.modules ok c36efbb1
2026-08-03T10:48Z train.checklists unconf 00000000
2026-08-03T10:48Z vipps.token.guard ok 4d4c7eee
2026-08-03T10:48Z wf.idreg ok 4d4c7eee
2026-08-03T10:48Z wf.journeys ok 6b51d431
2026-08-03T10:48Z wolt.sync.host unconf 00000000
2026-08-03T12:15Z acct.uidx unconf 00000000
2026-08-03T12:15Z be.mig.head ok 947ee24b
2026-08-03T12:15Z be.tests ok 56ec0fc7
2026-08-03T12:15Z be.world ok 60a33e6c
2026-08-03T12:15Z be.world.behind ok 4b227777
2026-08-03T12:15Z be.world.branch ok 3bdfa57d
2026-08-03T12:15Z cw.world ok b23a6a84
2026-08-03T12:15Z ev.accept.receipt unconf 00000000
2026-08-03T12:15Z ev.deposit.external unconf 00000000
2026-08-03T12:15Z ev.dietary ok 4d4c7eee
2026-08-03T12:15Z ev.journeys ok 4d4c7eee
2026-08-03T12:15Z fe.ci unconf 00000000
2026-08-03T12:15Z fe.tests ok 06ceef97
2026-08-03T12:15Z fe.tests.failed ok 5feceb66
2026-08-03T12:15Z fe.world ok 3cbc87c7
2026-08-03T12:15Z fe.world.branch ok fd800aeb
2026-08-03T12:15Z growth.cookie.crosssite unconf 00000000
2026-08-03T12:15Z growth.dispatch.hosted ok 4d4c7eee
2026-08-03T12:15Z growth.mail.provider ok 4d4c7eee
2026-08-03T12:15Z growth.prefcentre.cors unconf 00000000
2026-08-03T12:15Z intent.hash ok e611310f
2026-08-03T12:15Z journeys.browser ok 4d4c7eee
2026-08-03T12:15Z meals.empref ok 4d4c7eee
2026-08-03T12:15Z meals.gate ok 4d4c7eee
2026-08-03T12:15Z meals.token.client ok 4d4c7eee
2026-08-03T12:15Z nav.modules ok c36efbb1
2026-08-03T12:15Z train.checklists unconf 00000000
2026-08-03T12:15Z vipps.token.guard ok 4d4c7eee
2026-08-03T12:15Z wf.idreg ok 4d4c7eee
2026-08-03T12:15Z wf.journeys ok 6b51d431
2026-08-03T12:15Z wolt.sync.host unconf 00000000
2026-08-03T14:56Z acct.uidx unconf 00000000
2026-08-03T14:56Z be.mig.head ok 947ee24b
2026-08-03T14:56Z be.tests ok 56ec0fc7
2026-08-03T14:56Z be.world ok 60a33e6c
2026-08-03T14:56Z be.world.behind ok 4b227777
2026-08-03T14:56Z be.world.branch ok 3bdfa57d
2026-08-03T14:56Z cw.world ok b23a6a84
2026-08-03T14:56Z ev.accept.receipt unconf 00000000
2026-08-03T14:56Z ev.deposit.external unconf 00000000
2026-08-03T14:56Z ev.dietary ok 4d4c7eee
2026-08-03T14:56Z ev.journeys ok 4d4c7eee
2026-08-03T14:56Z fe.ci unconf 00000000
2026-08-03T14:56Z fe.tests ok 06ceef97
2026-08-03T14:56Z fe.tests.failed ok 5feceb66
2026-08-03T14:56Z fe.world ok 3cbc87c7
2026-08-03T14:56Z fe.world.branch ok fd800aeb
2026-08-03T14:56Z growth.cookie.crosssite unconf 00000000
2026-08-03T14:56Z growth.dispatch.hosted ok 4d4c7eee
2026-08-03T14:56Z growth.mail.provider ok 4d4c7eee
2026-08-03T14:56Z growth.prefcentre.cors unconf 00000000
2026-08-03T14:56Z intent.hash ok e611310f
2026-08-03T14:56Z journeys.browser ok 4d4c7eee
2026-08-03T14:56Z meals.empref ok 4d4c7eee
2026-08-03T14:56Z meals.gate ok 4d4c7eee
2026-08-03T14:56Z meals.token.client ok 4d4c7eee
2026-08-03T14:56Z nav.modules ok c36efbb1
2026-08-03T14:56Z train.checklists unconf 00000000
2026-08-03T14:56Z vipps.token.guard ok 4d4c7eee
2026-08-03T14:56Z wf.idreg ok 4d4c7eee
2026-08-03T14:56Z wf.journeys ok 6b51d431
2026-08-03T14:56Z wolt.sync.host unconf 00000000
2026-08-03T15:51Z acct.uidx unconf 00000000
2026-08-03T15:51Z be.mig.head ok 947ee24b
2026-08-03T15:51Z be.tests ok 56ec0fc7
2026-08-03T15:51Z be.world ok 60a33e6c
2026-08-03T15:51Z be.world.behind ok 4b227777
2026-08-03T15:51Z be.world.branch ok 3bdfa57d
2026-08-03T15:51Z cw.world ok b23a6a84
2026-08-03T15:51Z ev.accept.receipt unconf 00000000
2026-08-03T15:51Z ev.deposit.external unconf 00000000
2026-08-03T15:51Z ev.dietary ok 4d4c7eee
2026-08-03T15:51Z ev.journeys ok 4d4c7eee
2026-08-03T15:51Z fe.ci unconf 00000000
2026-08-03T15:51Z fe.tests ok 06ceef97
2026-08-03T15:51Z fe.tests.failed ok 5feceb66
2026-08-03T15:51Z fe.world ok 3cbc87c7
2026-08-03T15:51Z fe.world.branch ok fd800aeb
2026-08-03T15:51Z growth.cookie.crosssite unconf 00000000
2026-08-03T15:51Z growth.dispatch.hosted ok 4d4c7eee
2026-08-03T15:51Z growth.mail.provider ok 4d4c7eee
2026-08-03T15:51Z growth.prefcentre.cors unconf 00000000
2026-08-03T15:51Z intent.hash ok e611310f
2026-08-03T15:51Z journeys.browser ok 4d4c7eee
2026-08-03T15:51Z meals.empref ok 4d4c7eee
2026-08-03T15:51Z meals.gate ok 4d4c7eee
2026-08-03T15:51Z meals.token.client ok 4d4c7eee
2026-08-03T15:51Z nav.modules ok c36efbb1
2026-08-03T15:51Z train.checklists unconf 00000000
2026-08-03T15:51Z vipps.token.guard ok 4d4c7eee
2026-08-03T15:51Z wf.idreg ok 4d4c7eee
2026-08-03T15:51Z wf.journeys ok 6b51d431
2026-08-03T15:51Z wolt.sync.host unconf 00000000
2026-08-03T16:52Z acct.uidx unconf 00000000
2026-08-03T16:52Z be.mig.head ok 947ee24b
2026-08-03T16:52Z be.tests ok 56ec0fc7
2026-08-03T16:52Z be.world ok 60a33e6c
2026-08-03T16:52Z be.world.behind ok 4b227777
2026-08-03T16:52Z be.world.branch ok 3bdfa57d
2026-08-03T16:52Z cw.world ok b23a6a84
2026-08-03T16:52Z ev.accept.receipt unconf 00000000
2026-08-03T16:52Z ev.deposit.external unconf 00000000
2026-08-03T16:52Z ev.dietary ok 4d4c7eee
2026-08-03T16:52Z ev.journeys ok 4d4c7eee
2026-08-03T16:52Z fe.ci unconf 00000000
2026-08-03T16:52Z fe.tests ok 06ceef97
2026-08-03T16:52Z fe.tests.failed ok 5feceb66
2026-08-03T16:52Z fe.world ok 3cbc87c7
2026-08-03T16:52Z fe.world.branch ok fd800aeb
2026-08-03T16:52Z growth.cookie.crosssite unconf 00000000
2026-08-03T16:52Z growth.dispatch.hosted ok 4d4c7eee
2026-08-03T16:52Z growth.mail.provider ok 4d4c7eee
2026-08-03T16:52Z growth.prefcentre.cors unconf 00000000
2026-08-03T16:52Z intent.hash ok e611310f
2026-08-03T16:52Z journeys.browser ok 4d4c7eee
2026-08-03T16:52Z meals.empref ok 4d4c7eee
2026-08-03T16:52Z meals.gate ok 4d4c7eee
2026-08-03T16:52Z meals.token.client ok 4d4c7eee
2026-08-03T16:52Z nav.modules ok c36efbb1
2026-08-03T16:52Z train.checklists unconf 00000000
2026-08-03T16:52Z vipps.token.guard ok 4d4c7eee
2026-08-03T16:52Z wf.idreg ok 4d4c7eee
2026-08-03T16:52Z wf.journeys ok 6b51d431
2026-08-03T16:52Z wolt.sync.host unconf 00000000
2026-08-03T18:51Z acct.uidx unconf 00000000
2026-08-03T18:51Z be.mig.head ok 947ee24b
2026-08-03T18:51Z be.tests ok 56ec0fc7
2026-08-03T18:51Z be.world ok 60a33e6c
2026-08-03T18:51Z be.world.behind ok 4b227777
2026-08-03T18:51Z be.world.branch ok 3bdfa57d
2026-08-03T18:51Z cw.world ok b23a6a84
2026-08-03T18:51Z ev.accept.receipt unconf 00000000
2026-08-03T18:51Z ev.deposit.external unconf 00000000
2026-08-03T18:51Z ev.dietary ok 4d4c7eee
2026-08-03T18:51Z ev.journeys ok 4d4c7eee
2026-08-03T18:51Z fe.ci unconf 00000000
2026-08-03T18:51Z fe.tests ok 06ceef97
2026-08-03T18:51Z fe.tests.failed ok 5feceb66
2026-08-03T18:51Z fe.world ok 3cbc87c7
2026-08-03T18:51Z fe.world.branch ok fd800aeb
2026-08-03T18:51Z growth.cookie.crosssite unconf 00000000
2026-08-03T18:51Z growth.dispatch.hosted ok 4d4c7eee
2026-08-03T18:51Z growth.mail.provider ok 4d4c7eee
2026-08-03T18:51Z growth.prefcentre.cors unconf 00000000
2026-08-03T18:51Z intent.hash ok e611310f
2026-08-03T18:51Z journeys.browser ok 4d4c7eee
2026-08-03T18:51Z meals.empref ok 4d4c7eee
2026-08-03T18:51Z meals.gate ok 4d4c7eee
2026-08-03T18:51Z meals.token.client ok 4d4c7eee
2026-08-03T18:51Z nav.modules ok c36efbb1
2026-08-03T18:51Z train.checklists unconf 00000000
2026-08-03T18:51Z vipps.token.guard ok 4d4c7eee
2026-08-03T18:51Z wf.idreg ok 4d4c7eee
2026-08-03T18:51Z wf.journeys ok 6b51d431
2026-08-03T18:51Z wolt.sync.host unconf 00000000
2026-08-03T19:51Z acct.uidx unconf 00000000
2026-08-03T19:51Z be.mig.head ok 947ee24b
2026-08-03T19:51Z be.tests ok 56ec0fc7
2026-08-03T19:51Z be.world ok 60a33e6c
2026-08-03T19:51Z be.world.behind ok 4b227777
2026-08-03T19:51Z be.world.branch ok 3bdfa57d
2026-08-03T19:51Z cw.world ok b23a6a84
2026-08-03T19:51Z ev.accept.receipt unconf 00000000
2026-08-03T19:51Z ev.deposit.external unconf 00000000
2026-08-03T19:51Z ev.dietary ok 4d4c7eee
2026-08-03T19:51Z ev.journeys ok 4d4c7eee
2026-08-03T19:51Z fe.ci unconf 00000000
2026-08-03T19:51Z fe.tests ok 06ceef97
2026-08-03T19:51Z fe.tests.failed ok 5feceb66
2026-08-03T19:51Z fe.world ok 3cbc87c7
2026-08-03T19:51Z fe.world.branch ok fd800aeb
2026-08-03T19:51Z growth.cookie.crosssite unconf 00000000
2026-08-03T19:51Z growth.dispatch.hosted ok 4d4c7eee
2026-08-03T19:51Z growth.mail.provider ok 4d4c7eee
2026-08-03T19:51Z growth.prefcentre.cors unconf 00000000
2026-08-03T19:51Z intent.hash ok e611310f
2026-08-03T19:51Z journeys.browser ok 4d4c7eee
2026-08-03T19:51Z meals.empref ok 4d4c7eee
2026-08-03T19:51Z meals.gate ok 4d4c7eee
2026-08-03T19:51Z meals.token.client ok 4d4c7eee
2026-08-03T19:51Z nav.modules ok c36efbb1
2026-08-03T19:51Z train.checklists unconf 00000000
2026-08-03T19:51Z vipps.token.guard ok 4d4c7eee
2026-08-03T19:51Z wf.idreg ok 4d4c7eee
2026-08-03T19:51Z wf.journeys ok 6b51d431
2026-08-03T19:51Z wolt.sync.host unconf 00000000
2026-08-03T20:42Z acct.uidx unconf 00000000
2026-08-03T20:42Z be.mig.head ok 947ee24b
2026-08-03T20:42Z be.tests ok 56ec0fc7
2026-08-03T20:42Z be.world ok 60a33e6c
2026-08-03T20:42Z be.world.behind ok 4b227777
2026-08-03T20:42Z be.world.branch ok 3bdfa57d
2026-08-03T20:42Z cw.world ok b23a6a84
2026-08-03T20:42Z ev.accept.receipt unconf 00000000
2026-08-03T20:42Z ev.deposit.external unconf 00000000
2026-08-03T20:42Z ev.dietary ok 4d4c7eee
2026-08-03T20:42Z ev.journeys ok 4d4c7eee
2026-08-03T20:42Z fe.ci unconf 00000000
2026-08-03T20:42Z fe.tests ok 06ceef97
2026-08-03T20:42Z fe.tests.failed ok 5feceb66
2026-08-03T20:42Z fe.world ok 3cbc87c7
2026-08-03T20:42Z fe.world.branch ok fd800aeb
2026-08-03T20:42Z growth.cookie.crosssite unconf 00000000
2026-08-03T20:42Z growth.dispatch.hosted ok 4d4c7eee
2026-08-03T20:42Z growth.mail.provider ok 4d4c7eee
2026-08-03T20:42Z growth.prefcentre.cors unconf 00000000
2026-08-03T20:42Z intent.hash ok e611310f
2026-08-03T20:42Z journeys.browser ok 4d4c7eee
2026-08-03T20:42Z meals.empref ok 4d4c7eee
2026-08-03T20:42Z meals.gate ok 4d4c7eee
2026-08-03T20:42Z meals.token.client ok 4d4c7eee
2026-08-03T20:42Z meals.utlkvit unconf 00000000
2026-08-03T20:42Z meals.xz.credit unconf 00000000
2026-08-03T20:42Z nav.modules ok c36efbb1
2026-08-03T20:42Z train.checklists unconf 00000000
2026-08-03T20:42Z vipps.token.guard ok 4d4c7eee
2026-08-03T20:42Z wf.idreg ok 4d4c7eee
2026-08-03T20:42Z wf.journeys ok 6b51d431
2026-08-03T20:42Z wolt.sync.host unconf 00000000
2026-08-03T20:52Z acct.uidx unconf 00000000
2026-08-03T20:52Z be.mig.head ok 947ee24b
2026-08-03T20:52Z be.tests ok 56ec0fc7
2026-08-03T20:52Z be.world ok 60a33e6c
2026-08-03T20:52Z be.world.behind ok 4b227777
2026-08-03T20:52Z be.world.branch ok 3bdfa57d
2026-08-03T20:52Z cw.world ok b23a6a84
2026-08-03T20:52Z ev.accept.receipt unconf 00000000
2026-08-03T20:52Z ev.deposit.external unconf 00000000
2026-08-03T20:52Z ev.dietary ok 4d4c7eee
2026-08-03T20:52Z ev.journeys ok 4d4c7eee
2026-08-03T20:52Z fe.ci unconf 00000000
2026-08-03T20:52Z fe.tests ok 06ceef97
2026-08-03T20:52Z fe.tests.failed ok 5feceb66
2026-08-03T20:52Z fe.world ok 3cbc87c7
2026-08-03T20:52Z fe.world.branch ok fd800aeb
2026-08-03T20:52Z growth.cookie.crosssite unconf 00000000
2026-08-03T20:52Z growth.dispatch.hosted ok 4d4c7eee
2026-08-03T20:52Z growth.mail.provider ok 4d4c7eee
2026-08-03T20:52Z growth.prefcentre.cors unconf 00000000
2026-08-03T20:52Z intent.hash ok e611310f
2026-08-03T20:52Z journeys.browser ok 4d4c7eee
2026-08-03T20:52Z meals.empref ok 4d4c7eee
2026-08-03T20:52Z meals.gate ok 4d4c7eee
2026-08-03T20:52Z meals.token.client ok 4d4c7eee
2026-08-03T20:52Z meals.utlkvit unconf 00000000
2026-08-03T20:52Z meals.xz.credit unconf 00000000
2026-08-03T20:52Z nav.modules ok c36efbb1
2026-08-03T20:52Z train.checklists unconf 00000000
2026-08-03T20:52Z vipps.token.guard ok 4d4c7eee
2026-08-03T20:52Z wf.idreg ok 4d4c7eee
2026-08-03T20:52Z wf.journeys ok 6b51d431
2026-08-03T20:52Z wolt.sync.host unconf 00000000
2026-08-03T22:52Z acct.uidx unconf 00000000
2026-08-03T22:52Z be.mig.head ok 947ee24b
2026-08-03T22:52Z be.tests ok 56ec0fc7
2026-08-03T22:52Z be.world ok 60a33e6c
2026-08-03T22:52Z be.world.behind ok 4b227777
2026-08-03T22:52Z be.world.branch ok 3bdfa57d
2026-08-03T22:52Z cw.world ok b23a6a84
2026-08-03T22:52Z ev.accept.receipt unconf 00000000
2026-08-03T22:52Z ev.deposit.external unconf 00000000
2026-08-03T22:52Z ev.dietary ok 4d4c7eee
2026-08-03T22:52Z ev.journeys ok 4d4c7eee
2026-08-03T22:52Z fe.ci unconf 00000000
2026-08-03T22:52Z fe.tests ok 06ceef97
2026-08-03T22:52Z fe.tests.failed ok 5feceb66
2026-08-03T22:52Z fe.world ok 3cbc87c7
2026-08-03T22:52Z fe.world.branch ok fd800aeb
2026-08-03T22:52Z growth.cookie.crosssite unconf 00000000
2026-08-03T22:52Z growth.dispatch.hosted ok 4d4c7eee
2026-08-03T22:52Z growth.mail.provider ok 4d4c7eee
2026-08-03T22:52Z growth.prefcentre.cors unconf 00000000
2026-08-03T22:52Z intent.hash ok e611310f
2026-08-03T22:52Z journeys.browser ok 4d4c7eee
2026-08-03T22:52Z meals.empref ok 4d4c7eee
2026-08-03T22:52Z meals.gate ok 4d4c7eee
2026-08-03T22:52Z meals.token.client ok 4d4c7eee
2026-08-03T22:52Z meals.utlkvit unconf 00000000
2026-08-03T22:52Z meals.xz.credit unconf 00000000
2026-08-03T22:52Z nav.modules ok c36efbb1
2026-08-03T22:52Z train.checklists unconf 00000000
2026-08-03T22:52Z vipps.token.guard ok 4d4c7eee
2026-08-03T22:52Z wf.idreg ok 4d4c7eee
2026-08-03T22:52Z wf.journeys ok 6b51d431
2026-08-03T22:52Z wolt.sync.host unconf 00000000
2026-08-03T23:51Z acct.uidx unconf 00000000
2026-08-03T23:51Z be.mig.head ok 947ee24b
2026-08-03T23:51Z be.tests ok 56ec0fc7
2026-08-03T23:51Z be.world ok 60a33e6c
2026-08-03T23:51Z be.world.behind ok 4b227777
2026-08-03T23:51Z be.world.branch ok 3bdfa57d
2026-08-03T23:51Z cw.world ok b23a6a84
2026-08-03T23:51Z ev.accept.receipt unconf 00000000
2026-08-03T23:51Z ev.deposit.external unconf 00000000
2026-08-03T23:51Z ev.dietary ok 4d4c7eee
2026-08-03T23:51Z ev.journeys ok 4d4c7eee
2026-08-03T23:51Z fe.ci unconf 00000000
2026-08-03T23:51Z fe.tests ok 06ceef97
2026-08-03T23:51Z fe.tests.failed ok 5feceb66
2026-08-03T23:51Z fe.world ok 3cbc87c7
2026-08-03T23:51Z fe.world.branch ok fd800aeb
2026-08-03T23:51Z growth.cookie.crosssite unconf 00000000
2026-08-03T23:51Z growth.dispatch.hosted ok 4d4c7eee
2026-08-03T23:51Z growth.mail.provider ok 4d4c7eee
2026-08-03T23:51Z growth.prefcentre.cors unconf 00000000
2026-08-03T23:51Z intent.hash ok e611310f
2026-08-03T23:51Z journeys.browser ok 4d4c7eee
2026-08-03T23:51Z meals.empref ok 4d4c7eee
2026-08-03T23:51Z meals.gate ok 4d4c7eee
2026-08-03T23:51Z meals.token.client ok 4d4c7eee
2026-08-03T23:51Z meals.utlkvit unconf 00000000
2026-08-03T23:51Z meals.xz.credit unconf 00000000
2026-08-03T23:51Z nav.modules ok c36efbb1
2026-08-03T23:51Z train.checklists unconf 00000000
2026-08-03T23:51Z vipps.token.guard ok 4d4c7eee
2026-08-03T23:51Z wf.idreg ok 4d4c7eee
2026-08-03T23:51Z wf.journeys ok 6b51d431
2026-08-03T23:51Z wolt.sync.host unconf 00000000
2026-08-04T00:51Z acct.uidx unconf 00000000
2026-08-04T00:51Z be.mig.head ok 947ee24b
2026-08-04T00:51Z be.tests ok 56ec0fc7
2026-08-04T00:51Z be.world ok 60a33e6c
2026-08-04T00:51Z be.world.behind ok 4b227777
2026-08-04T00:51Z be.world.branch ok 3bdfa57d
2026-08-04T00:51Z cw.world ok b23a6a84
2026-08-04T00:51Z ev.accept.receipt unconf 00000000
2026-08-04T00:51Z ev.deposit.external unconf 00000000
2026-08-04T00:51Z ev.dietary ok 4d4c7eee
2026-08-04T00:51Z ev.journeys ok 4d4c7eee
2026-08-04T00:51Z fe.ci unconf 00000000
2026-08-04T00:51Z fe.tests ok 06ceef97
2026-08-04T00:51Z fe.tests.failed ok 5feceb66
2026-08-04T00:51Z fe.world ok 3cbc87c7
2026-08-04T00:51Z fe.world.branch ok fd800aeb
2026-08-04T00:51Z growth.cookie.crosssite unconf 00000000
2026-08-04T00:51Z growth.dispatch.hosted ok 4d4c7eee
2026-08-04T00:51Z growth.mail.provider ok 4d4c7eee
2026-08-04T00:51Z growth.prefcentre.cors unconf 00000000
2026-08-04T00:51Z intent.hash ok e611310f
2026-08-04T00:51Z journeys.browser ok 4d4c7eee
2026-08-04T00:51Z meals.empref ok 4d4c7eee
2026-08-04T00:51Z meals.gate ok 4d4c7eee
2026-08-04T00:51Z meals.token.client ok 4d4c7eee
2026-08-04T00:51Z meals.utlkvit unconf 00000000
2026-08-04T00:51Z meals.xz.credit unconf 00000000
2026-08-04T00:51Z nav.modules ok c36efbb1
2026-08-04T00:51Z train.checklists unconf 00000000
2026-08-04T00:51Z vipps.token.guard ok 4d4c7eee
2026-08-04T00:51Z wf.idreg ok 4d4c7eee
2026-08-04T00:51Z wf.journeys ok 6b51d431
2026-08-04T00:51Z wolt.sync.host unconf 00000000
2026-08-04T01:22Z acct.uidx unconf 00000000
2026-08-04T01:22Z be.mig.head ok 947ee24b
2026-08-04T01:22Z be.tests ok 56ec0fc7
2026-08-04T01:22Z be.world ok 60a33e6c
2026-08-04T01:22Z be.world.behind ok 4b227777
2026-08-04T01:22Z be.world.branch ok 3bdfa57d
2026-08-04T01:22Z cw.world ok b23a6a84
2026-08-04T01:22Z ev.accept.receipt unconf 00000000
2026-08-04T01:22Z ev.deposit.external unconf 00000000
2026-08-04T01:22Z ev.dietary ok 4d4c7eee
2026-08-04T01:22Z ev.journeys ok 4d4c7eee
2026-08-04T01:22Z fe.ci unconf 00000000
2026-08-04T01:22Z fe.tests ok 06ceef97
2026-08-04T01:22Z fe.tests.failed ok 5feceb66
2026-08-04T01:22Z fe.world ok 3cbc87c7
2026-08-04T01:22Z fe.world.branch ok fd800aeb
2026-08-04T01:22Z growth.cookie.crosssite unconf 00000000
2026-08-04T01:22Z growth.dispatch.hosted ok 4d4c7eee
2026-08-04T01:22Z growth.mail.provider ok 4d4c7eee
2026-08-04T01:22Z growth.prefcentre.cors unconf 00000000
2026-08-04T01:22Z intent.hash ok e611310f
2026-08-04T01:22Z journeys.browser ok 4d4c7eee
2026-08-04T01:22Z meals.empref ok 4d4c7eee
2026-08-04T01:22Z meals.gate ok 4d4c7eee
2026-08-04T01:22Z meals.token.client ok 4d4c7eee
2026-08-04T01:22Z meals.utlkvit unconf 00000000
2026-08-04T01:22Z meals.xz.credit unconf 00000000
2026-08-04T01:22Z nav.modules ok c36efbb1
2026-08-04T01:22Z train.checklists unconf 00000000
2026-08-04T01:22Z vipps.token.guard ok 4d4c7eee
2026-08-04T01:22Z wf.idreg ok 4d4c7eee
2026-08-04T01:22Z wf.journeys ok 6b51d431
2026-08-04T01:22Z wolt.sync.host unconf 00000000
2026-08-04T08:31Z acct.uidx unconf 00000000
2026-08-04T08:31Z be.mig.head ok 947ee24b
2026-08-04T08:31Z be.tests ok 56ec0fc7
2026-08-04T08:31Z be.world ok 60a33e6c
2026-08-04T08:31Z be.world.behind ok 4b227777
2026-08-04T08:31Z be.world.branch ok 3bdfa57d
2026-08-04T08:31Z cw.world ok b23a6a84
2026-08-04T08:31Z ev.accept.receipt unconf 00000000
2026-08-04T08:31Z ev.deposit.external unconf 00000000
2026-08-04T08:31Z ev.dietary ok 4d4c7eee
2026-08-04T08:31Z ev.journeys ok 4d4c7eee
2026-08-04T08:31Z fe.ci unconf 00000000
2026-08-04T08:31Z fe.tests ok 06ceef97
2026-08-04T08:31Z fe.tests.failed ok 5feceb66
2026-08-04T08:31Z fe.world ok 3cbc87c7
2026-08-04T08:31Z fe.world.branch ok fd800aeb
2026-08-04T08:31Z growth.cookie.crosssite unconf 00000000
2026-08-04T08:31Z growth.dispatch.hosted ok 4d4c7eee
2026-08-04T08:31Z growth.mail.provider ok 4d4c7eee
2026-08-04T08:31Z growth.prefcentre.cors unconf 00000000
2026-08-04T08:31Z intent.hash ok e611310f
2026-08-04T08:31Z journeys.browser ok 4d4c7eee
2026-08-04T08:31Z meals.empref ok 4d4c7eee
2026-08-04T08:31Z meals.gate ok 4d4c7eee
2026-08-04T08:31Z meals.token.client ok 4d4c7eee
2026-08-04T08:31Z meals.utlkvit unconf 00000000
2026-08-04T08:31Z meals.xz.credit unconf 00000000
2026-08-04T08:31Z nav.modules ok c36efbb1
2026-08-04T08:31Z train.checklists unconf 00000000
2026-08-04T08:31Z vipps.token.guard ok 4d4c7eee
2026-08-04T08:31Z wf.idreg ok 4d4c7eee
2026-08-04T08:31Z wf.journeys ok 6b51d431
2026-08-04T08:31Z wolt.sync.host unconf 00000000
2026-08-04T09:22Z acct.uidx unconf 00000000
2026-08-04T09:22Z be.mig.head ok 947ee24b
2026-08-04T09:22Z be.tests ok 56ec0fc7
2026-08-04T09:22Z be.world ok 60a33e6c
2026-08-04T09:22Z be.world.behind ok 4b227777
2026-08-04T09:22Z be.world.branch ok 3bdfa57d
2026-08-04T09:22Z cw.world ok b23a6a84
2026-08-04T09:22Z ev.accept.receipt unconf 00000000
2026-08-04T09:22Z ev.deposit.external unconf 00000000
2026-08-04T09:22Z ev.dietary ok 4d4c7eee
2026-08-04T09:22Z ev.journeys ok 4d4c7eee
2026-08-04T09:22Z fe.ci unconf 00000000
2026-08-04T09:22Z fe.tests ok 06ceef97
2026-08-04T09:22Z fe.tests.failed ok 5feceb66
2026-08-04T09:22Z fe.world ok 3cbc87c7
2026-08-04T09:22Z fe.world.branch ok fd800aeb
2026-08-04T09:22Z growth.cookie.crosssite unconf 00000000
2026-08-04T09:22Z growth.dispatch.hosted ok 4d4c7eee
2026-08-04T09:22Z growth.mail.provider ok 4d4c7eee
2026-08-04T09:22Z growth.prefcentre.cors unconf 00000000
2026-08-04T09:22Z intent.hash ok e611310f
2026-08-04T09:22Z journeys.browser ok 4d4c7eee
2026-08-04T09:22Z meals.empref ok 4d4c7eee
2026-08-04T09:22Z meals.gate ok 4d4c7eee
2026-08-04T09:22Z meals.token.client ok 4d4c7eee
2026-08-04T09:22Z meals.utlkvit unconf 00000000
2026-08-04T09:22Z meals.xz.credit unconf 00000000
2026-08-04T09:22Z nav.modules ok c36efbb1
2026-08-04T09:22Z train.checklists unconf 00000000
2026-08-04T09:22Z vipps.token.guard ok 4d4c7eee
2026-08-04T09:22Z wf.idreg ok 4d4c7eee
2026-08-04T09:22Z wf.journeys ok 6b51d431
2026-08-04T09:22Z wolt.sync.host unconf 00000000
2026-08-04T10:21Z acct.uidx unconf 00000000
2026-08-04T10:21Z be.mig.head ok 947ee24b
2026-08-04T10:21Z be.tests ok 56ec0fc7
2026-08-04T10:21Z be.world ok 60a33e6c
2026-08-04T10:21Z be.world.behind ok 4b227777
2026-08-04T10:21Z be.world.branch ok 3bdfa57d
2026-08-04T10:21Z cw.world ok b23a6a84
2026-08-04T10:21Z ev.accept.receipt unconf 00000000
2026-08-04T10:21Z ev.deposit.external unconf 00000000
2026-08-04T10:21Z ev.dietary ok 4d4c7eee
2026-08-04T10:21Z ev.journeys ok 4d4c7eee
2026-08-04T10:21Z fe.ci unconf 00000000
2026-08-04T10:21Z fe.tests ok 06ceef97
2026-08-04T10:21Z fe.tests.failed ok 5feceb66
2026-08-04T10:21Z fe.world ok 3cbc87c7
2026-08-04T10:21Z fe.world.branch ok fd800aeb
2026-08-04T10:21Z growth.cookie.crosssite unconf 00000000
2026-08-04T10:21Z growth.dispatch.hosted ok 4d4c7eee
2026-08-04T10:21Z growth.mail.provider ok 4d4c7eee
2026-08-04T10:21Z growth.prefcentre.cors unconf 00000000
2026-08-04T10:21Z intent.hash ok e611310f
2026-08-04T10:21Z journeys.browser ok 4d4c7eee
2026-08-04T10:21Z meals.empref ok 4d4c7eee
2026-08-04T10:21Z meals.gate ok 4d4c7eee
2026-08-04T10:21Z meals.token.client ok 4d4c7eee
2026-08-04T10:21Z meals.utlkvit unconf 00000000
2026-08-04T10:21Z meals.xz.credit unconf 00000000
2026-08-04T10:21Z nav.modules ok c36efbb1
2026-08-04T10:21Z train.checklists unconf 00000000
2026-08-04T10:21Z vipps.token.guard ok 4d4c7eee
2026-08-04T10:21Z wf.idreg ok 4d4c7eee
2026-08-04T10:21Z wf.journeys ok 6b51d431
2026-08-04T10:21Z wolt.sync.host unconf 00000000
2026-08-04T11:27Z acct.uidx unconf 00000000
2026-08-04T11:27Z be.mig.head ok 947ee24b
2026-08-04T11:27Z be.tests ok 56ec0fc7
2026-08-04T11:27Z be.world ok 60a33e6c
2026-08-04T11:27Z be.world.behind ok 4b227777
2026-08-04T11:27Z be.world.branch ok 3bdfa57d
2026-08-04T11:27Z cw.world ok b23a6a84
2026-08-04T11:27Z ev.accept.receipt unconf 00000000
2026-08-04T11:27Z ev.deposit.external unconf 00000000
2026-08-04T11:27Z ev.dietary ok 4d4c7eee
2026-08-04T11:27Z ev.journeys ok 4d4c7eee
2026-08-04T11:27Z fe.ci unconf 00000000
2026-08-04T11:27Z fe.tests ok 06ceef97
2026-08-04T11:27Z fe.tests.failed ok 5feceb66
2026-08-04T11:27Z fe.world ok 3cbc87c7
2026-08-04T11:27Z fe.world.branch ok fd800aeb
2026-08-04T11:27Z growth.cookie.crosssite unconf 00000000
2026-08-04T11:27Z growth.dispatch.hosted ok 4d4c7eee
2026-08-04T11:27Z growth.mail.provider ok 4d4c7eee
2026-08-04T11:27Z growth.prefcentre.cors unconf 00000000
2026-08-04T11:27Z intent.hash ok e611310f
2026-08-04T11:27Z journeys.browser ok 4d4c7eee
2026-08-04T11:27Z meals.empref ok 4d4c7eee
2026-08-04T11:27Z meals.gate ok 4d4c7eee
2026-08-04T11:27Z meals.token.client ok 4d4c7eee
2026-08-04T11:27Z meals.utlkvit unconf 00000000
2026-08-04T11:27Z meals.xz.credit unconf 00000000
2026-08-04T11:27Z nav.modules ok c36efbb1
2026-08-04T11:27Z train.checklists unconf 00000000
2026-08-04T11:27Z vipps.token.guard ok 4d4c7eee
2026-08-04T11:27Z wf.idreg ok 4d4c7eee
2026-08-04T11:27Z wf.journeys ok 6b51d431
2026-08-04T11:27Z wolt.sync.host unconf 00000000
2026-08-04T12:21Z acct.uidx unconf 00000000
2026-08-04T12:21Z be.mig.head ok 947ee24b
2026-08-04T12:21Z be.tests ok 56ec0fc7
2026-08-04T12:21Z be.world ok 60a33e6c
2026-08-04T12:21Z be.world.behind ok 4b227777
2026-08-04T12:21Z be.world.branch ok 3bdfa57d
2026-08-04T12:21Z cw.world ok b23a6a84
2026-08-04T12:21Z ev.accept.receipt unconf 00000000
2026-08-04T12:21Z ev.deposit.external unconf 00000000
2026-08-04T12:21Z ev.dietary ok 4d4c7eee
2026-08-04T12:21Z ev.journeys ok 4d4c7eee
2026-08-04T12:21Z fe.ci unconf 00000000
2026-08-04T12:21Z fe.tests ok 06ceef97
2026-08-04T12:21Z fe.tests.failed ok 5feceb66
2026-08-04T12:21Z fe.world ok 3cbc87c7
2026-08-04T12:21Z fe.world.branch ok fd800aeb
2026-08-04T12:21Z growth.cookie.crosssite unconf 00000000
2026-08-04T12:21Z growth.dispatch.hosted ok 4d4c7eee
2026-08-04T12:21Z growth.mail.provider ok 4d4c7eee
2026-08-04T12:21Z growth.prefcentre.cors unconf 00000000
2026-08-04T12:21Z intent.hash ok e611310f
2026-08-04T12:21Z journeys.browser ok 4d4c7eee
2026-08-04T12:21Z meals.empref ok 4d4c7eee
2026-08-04T12:21Z meals.gate ok 4d4c7eee
2026-08-04T12:21Z meals.token.client ok 4d4c7eee
2026-08-04T12:21Z meals.utlkvit unconf 00000000
2026-08-04T12:21Z meals.xz.credit unconf 00000000
2026-08-04T12:21Z nav.modules ok c36efbb1
2026-08-04T12:21Z train.checklists unconf 00000000
2026-08-04T12:21Z vipps.token.guard ok 4d4c7eee
2026-08-04T12:21Z wf.idreg ok 4d4c7eee
2026-08-04T12:21Z wf.journeys ok 6b51d431
2026-08-04T12:21Z wolt.sync.host unconf 00000000
2026-08-04T12:49Z acct.uidx unconf 00000000
2026-08-04T12:49Z be.mig.head ok 947ee24b
2026-08-04T12:49Z be.tests ok 56ec0fc7
2026-08-04T12:49Z be.world ok 60a33e6c
2026-08-04T12:49Z be.world.behind ok 4b227777
2026-08-04T12:49Z be.world.branch ok 3bdfa57d
2026-08-04T12:49Z cw.world ok b23a6a84
2026-08-04T12:49Z ev.accept.receipt unconf 00000000
2026-08-04T12:49Z ev.deposit.external unconf 00000000
2026-08-04T12:49Z ev.dietary ok 4d4c7eee
2026-08-04T12:49Z ev.journeys ok 4d4c7eee
2026-08-04T12:49Z fe.ci unconf 00000000
2026-08-04T12:49Z fe.tests ok 06ceef97
2026-08-04T12:49Z fe.tests.failed ok 5feceb66
2026-08-04T12:49Z fe.world ok 3cbc87c7
2026-08-04T12:49Z fe.world.branch ok fd800aeb
2026-08-04T12:49Z growth.cookie.crosssite unconf 00000000
2026-08-04T12:49Z growth.dispatch.hosted ok 4d4c7eee
2026-08-04T12:49Z growth.mail.provider ok 4d4c7eee
2026-08-04T12:49Z growth.prefcentre.cors unconf 00000000
2026-08-04T12:49Z intent.hash ok e611310f
2026-08-04T12:49Z journeys.browser ok 4d4c7eee
2026-08-04T12:49Z meals.empref ok 4d4c7eee
2026-08-04T12:49Z meals.gate ok 4d4c7eee
2026-08-04T12:49Z meals.token.client ok 4d4c7eee
2026-08-04T12:49Z meals.utlkvit unconf 00000000
2026-08-04T12:49Z meals.xz.credit unconf 00000000
2026-08-04T12:49Z nav.modules ok c36efbb1
2026-08-04T12:49Z train.checklists unconf 00000000
2026-08-04T12:49Z vipps.token.guard ok 4d4c7eee
2026-08-04T12:49Z wf.idreg ok 4d4c7eee
2026-08-04T12:49Z wf.journeys ok 6b51d431
2026-08-04T12:49Z wolt.sync.host unconf 00000000
2026-08-04T14:49Z acct.uidx unconf 00000000
2026-08-04T14:49Z be.mig.head ok 947ee24b
2026-08-04T14:49Z be.tests ok 56ec0fc7
2026-08-04T14:49Z be.world ok 60a33e6c
2026-08-04T14:49Z be.world.behind ok 4b227777
2026-08-04T14:49Z be.world.branch ok 3bdfa57d
2026-08-04T14:49Z cw.world ok b23a6a84
2026-08-04T14:49Z ev.accept.receipt unconf 00000000
2026-08-04T14:49Z ev.deposit.external unconf 00000000
2026-08-04T14:49Z ev.dietary ok 4d4c7eee
2026-08-04T14:49Z ev.journeys ok 4d4c7eee
2026-08-04T14:49Z fe.ci unconf 00000000
2026-08-04T14:49Z fe.tests ok 06ceef97
2026-08-04T14:49Z fe.tests.failed ok 5feceb66
2026-08-04T14:49Z fe.world ok 3cbc87c7
2026-08-04T14:49Z fe.world.branch ok fd800aeb
2026-08-04T14:49Z growth.cookie.crosssite unconf 00000000
2026-08-04T14:49Z growth.dispatch.hosted ok 4d4c7eee
2026-08-04T14:49Z growth.mail.provider ok 4d4c7eee
2026-08-04T14:49Z growth.prefcentre.cors unconf 00000000
2026-08-04T14:49Z intent.hash ok e611310f
2026-08-04T14:49Z journeys.browser ok 4d4c7eee
2026-08-04T14:49Z meals.empref ok 4d4c7eee
2026-08-04T14:49Z meals.gate ok 4d4c7eee
2026-08-04T14:49Z meals.token.client ok 4d4c7eee
2026-08-04T14:49Z meals.utlkvit unconf 00000000
2026-08-04T14:49Z meals.xz.credit unconf 00000000
2026-08-04T14:49Z nav.modules ok c36efbb1
2026-08-04T14:49Z train.checklists unconf 00000000
2026-08-04T14:49Z vipps.token.guard ok 4d4c7eee
2026-08-04T14:49Z wf.idreg ok 4d4c7eee
2026-08-04T14:49Z wf.journeys ok 6b51d431
2026-08-04T14:49Z wolt.sync.host unconf 00000000
2026-08-04T17:50Z acct.uidx unconf 00000000
2026-08-04T17:50Z be.mig.head ok 947ee24b
2026-08-04T17:50Z be.tests ok 56ec0fc7
2026-08-04T17:50Z be.world ok 60a33e6c
2026-08-04T17:50Z be.world.behind ok 4b227777
2026-08-04T17:50Z be.world.branch ok 3bdfa57d
2026-08-04T17:50Z cw.world ok b23a6a84
2026-08-04T17:50Z ev.accept.receipt unconf 00000000
2026-08-04T17:50Z ev.deposit.external unconf 00000000
2026-08-04T17:50Z ev.dietary ok 4d4c7eee
2026-08-04T17:50Z ev.journeys ok 4d4c7eee
2026-08-04T17:50Z fe.ci unconf 00000000
2026-08-04T17:50Z fe.tests ok 06ceef97
2026-08-04T17:50Z fe.tests.failed ok 5feceb66
2026-08-04T17:50Z fe.world ok 3cbc87c7
2026-08-04T17:50Z fe.world.branch ok fd800aeb
2026-08-04T17:50Z growth.cookie.crosssite unconf 00000000
2026-08-04T17:50Z growth.dispatch.hosted ok 4d4c7eee
2026-08-04T17:50Z growth.mail.provider ok 4d4c7eee
2026-08-04T17:50Z growth.prefcentre.cors unconf 00000000
2026-08-04T17:50Z intent.hash ok e611310f
2026-08-04T17:50Z journeys.browser ok 4d4c7eee
2026-08-04T17:50Z meals.empref ok 4d4c7eee
2026-08-04T17:50Z meals.gate ok 4d4c7eee
2026-08-04T17:50Z meals.token.client ok 4d4c7eee
2026-08-04T17:50Z meals.utlkvit unconf 00000000
2026-08-04T17:50Z meals.xz.credit unconf 00000000
2026-08-04T17:50Z nav.modules ok c36efbb1
2026-08-04T17:50Z train.checklists unconf 00000000
2026-08-04T17:50Z vipps.token.guard ok 4d4c7eee
2026-08-04T17:50Z wf.idreg ok 4d4c7eee
2026-08-04T17:50Z wf.journeys ok 6b51d431
2026-08-04T17:50Z wolt.sync.host unconf 00000000
2026-08-04T18:52Z acct.uidx unconf 00000000
2026-08-04T18:52Z be.mig.head ok 947ee24b
2026-08-04T18:52Z be.tests ok 56ec0fc7
2026-08-04T18:52Z be.world ok 60a33e6c
2026-08-04T18:52Z be.world.behind ok 4b227777
2026-08-04T18:52Z be.world.branch ok 3bdfa57d
2026-08-04T18:52Z cw.world ok b23a6a84
2026-08-04T18:52Z ev.accept.receipt unconf 00000000
2026-08-04T18:52Z ev.deposit.external unconf 00000000
2026-08-04T18:52Z ev.dietary ok 4d4c7eee
2026-08-04T18:52Z ev.journeys ok 4d4c7eee
2026-08-04T18:52Z fe.ci unconf 00000000
2026-08-04T18:52Z fe.tests ok 06ceef97
2026-08-04T18:52Z fe.tests.failed ok 5feceb66
2026-08-04T18:52Z fe.world ok 3cbc87c7
2026-08-04T18:52Z fe.world.branch ok fd800aeb
2026-08-04T18:52Z growth.cookie.crosssite unconf 00000000
2026-08-04T18:52Z growth.dispatch.hosted ok 4d4c7eee
2026-08-04T18:52Z growth.mail.provider ok 4d4c7eee
2026-08-04T18:52Z growth.prefcentre.cors unconf 00000000
2026-08-04T18:52Z intent.hash ok e611310f
2026-08-04T18:52Z journeys.browser ok 4d4c7eee
2026-08-04T18:52Z meals.empref ok 4d4c7eee
2026-08-04T18:52Z meals.gate ok 4d4c7eee
2026-08-04T18:52Z meals.token.client ok 4d4c7eee
2026-08-04T18:52Z meals.utlkvit unconf 00000000
2026-08-04T18:52Z meals.xz.credit unconf 00000000
2026-08-04T18:52Z nav.modules ok c36efbb1
2026-08-04T18:52Z train.checklists unconf 00000000
2026-08-04T18:52Z vipps.token.guard ok 4d4c7eee
2026-08-04T18:52Z wf.idreg ok 4d4c7eee
2026-08-04T18:52Z wf.journeys ok 6b51d431
2026-08-04T18:52Z wolt.sync.host unconf 00000000
2026-08-04T19:54Z acct.uidx unconf 00000000
2026-08-04T19:54Z be.mig.head ok 947ee24b
2026-08-04T19:54Z be.tests ok 56ec0fc7
2026-08-04T19:54Z be.world ok 60a33e6c
2026-08-04T19:54Z be.world.behind ok 4b227777
2026-08-04T19:54Z be.world.branch ok 3bdfa57d
2026-08-04T19:54Z cw.world ok b23a6a84
2026-08-04T19:54Z ev.accept.receipt unconf 00000000
2026-08-04T19:54Z ev.deposit.external unconf 00000000
2026-08-04T19:54Z ev.dietary ok 4d4c7eee
2026-08-04T19:54Z ev.journeys ok 4d4c7eee
2026-08-04T19:54Z fe.ci unconf 00000000
2026-08-04T19:54Z fe.tests ok 06ceef97
2026-08-04T19:54Z fe.tests.failed ok 5feceb66
2026-08-04T19:54Z fe.world ok 3cbc87c7
2026-08-04T19:54Z fe.world.branch ok fd800aeb
2026-08-04T19:54Z growth.cookie.crosssite unconf 00000000
2026-08-04T19:54Z growth.dispatch.hosted ok 4d4c7eee
2026-08-04T19:54Z growth.mail.provider ok 4d4c7eee
2026-08-04T19:54Z growth.prefcentre.cors unconf 00000000
2026-08-04T19:54Z intent.hash ok e611310f
2026-08-04T19:54Z journeys.browser ok 4d4c7eee
2026-08-04T19:54Z meals.empref ok 4d4c7eee
2026-08-04T19:54Z meals.gate ok 4d4c7eee
2026-08-04T19:54Z meals.token.client ok 4d4c7eee
2026-08-04T19:54Z meals.utlkvit unconf 00000000
2026-08-04T19:54Z meals.xz.credit unconf 00000000
2026-08-04T19:54Z nav.modules ok c36efbb1
2026-08-04T19:54Z train.checklists unconf 00000000
2026-08-04T19:54Z vipps.token.guard ok 4d4c7eee
2026-08-04T19:54Z wf.idreg ok 4d4c7eee
2026-08-04T19:54Z wf.journeys ok 6b51d431
2026-08-04T19:54Z wolt.sync.host unconf 00000000
2026-08-04T20:52Z acct.uidx unconf 00000000
2026-08-04T20:52Z be.mig.head ok 947ee24b
2026-08-04T20:52Z be.tests ok 56ec0fc7
2026-08-04T20:52Z be.world ok 60a33e6c
2026-08-04T20:52Z be.world.behind ok 4b227777
2026-08-04T20:52Z be.world.branch ok 3bdfa57d
2026-08-04T20:52Z cw.world ok b23a6a84
2026-08-04T20:52Z ev.accept.receipt unconf 00000000
2026-08-04T20:52Z ev.deposit.external unconf 00000000
2026-08-04T20:52Z ev.dietary ok 4d4c7eee
2026-08-04T20:52Z ev.journeys ok 4d4c7eee
2026-08-04T20:52Z fe.ci unconf 00000000
2026-08-04T20:52Z fe.tests ok 06ceef97
2026-08-04T20:52Z fe.tests.failed ok 5feceb66
2026-08-04T20:52Z fe.world ok 3cbc87c7
2026-08-04T20:52Z fe.world.branch ok fd800aeb
2026-08-04T20:52Z growth.cookie.crosssite unconf 00000000
2026-08-04T20:52Z growth.dispatch.hosted ok 4d4c7eee
2026-08-04T20:52Z growth.mail.provider ok 4d4c7eee
2026-08-04T20:52Z growth.prefcentre.cors unconf 00000000
2026-08-04T20:52Z intent.hash ok e611310f
2026-08-04T20:52Z journeys.browser ok 4d4c7eee
2026-08-04T20:52Z meals.empref ok 4d4c7eee
2026-08-04T20:52Z meals.gate ok 4d4c7eee
2026-08-04T20:52Z meals.token.client ok 4d4c7eee
2026-08-04T20:52Z meals.utlkvit unconf 00000000
2026-08-04T20:52Z meals.xz.credit unconf 00000000
2026-08-04T20:52Z nav.modules ok c36efbb1
2026-08-04T20:52Z train.checklists unconf 00000000
2026-08-04T20:52Z vipps.token.guard ok 4d4c7eee
2026-08-04T20:52Z wf.idreg ok 4d4c7eee
2026-08-04T20:52Z wf.journeys ok 6b51d431
2026-08-04T20:52Z wolt.sync.host unconf 00000000
2026-08-04T21:52Z acct.uidx unconf 00000000
2026-08-04T21:52Z be.mig.head ok 947ee24b
2026-08-04T21:52Z be.tests ok 56ec0fc7
2026-08-04T21:52Z be.world ok 60a33e6c
2026-08-04T21:52Z be.world.behind ok 4b227777
2026-08-04T21:52Z be.world.branch ok 3bdfa57d
2026-08-04T21:52Z cw.world ok b23a6a84
2026-08-04T21:52Z ev.accept.receipt unconf 00000000
2026-08-04T21:52Z ev.deposit.external unconf 00000000
2026-08-04T21:52Z ev.dietary ok 4d4c7eee
2026-08-04T21:52Z ev.journeys ok 4d4c7eee
2026-08-04T21:52Z fe.ci unconf 00000000
2026-08-04T21:52Z fe.tests ok 06ceef97
2026-08-04T21:52Z fe.tests.failed ok 5feceb66
2026-08-04T21:52Z fe.world ok 3cbc87c7
2026-08-04T21:52Z fe.world.branch ok fd800aeb
2026-08-04T21:52Z growth.cookie.crosssite unconf 00000000
2026-08-04T21:52Z growth.dispatch.hosted ok 4d4c7eee
2026-08-04T21:52Z growth.mail.provider ok 4d4c7eee
2026-08-04T21:52Z growth.prefcentre.cors unconf 00000000
2026-08-04T21:52Z intent.hash ok e611310f
2026-08-04T21:52Z journeys.browser ok 4d4c7eee
2026-08-04T21:52Z meals.empref ok 4d4c7eee
2026-08-04T21:52Z meals.gate ok 4d4c7eee
2026-08-04T21:52Z meals.token.client ok 4d4c7eee
2026-08-04T21:52Z meals.utlkvit unconf 00000000
2026-08-04T21:52Z meals.xz.credit unconf 00000000
2026-08-04T21:52Z nav.modules ok c36efbb1
2026-08-04T21:52Z train.checklists unconf 00000000
2026-08-04T21:52Z vipps.token.guard ok 4d4c7eee
2026-08-04T21:52Z wf.idreg ok 4d4c7eee
2026-08-04T21:52Z wf.journeys ok 6b51d431
2026-08-04T21:52Z wolt.sync.host unconf 00000000
2026-08-06T13:47Z acct.uidx unconf 00000000
2026-08-06T13:47Z be.dir.gitdir ok 31f8c2c4
2026-08-06T13:47Z be.dir.pin unconf 00000000
2026-08-06T13:47Z be.dir.ref ok 3bdfa57d
2026-08-06T13:47Z be.dir.repo ok 4d4c7eee
2026-08-06T13:47Z be.mig.head ok 947ee24b
2026-08-06T13:47Z be.tests ok 56ec0fc7
2026-08-06T13:47Z be.world ok 60a33e6c
2026-08-06T13:47Z be.world.behind ok 4b227777
2026-08-06T13:47Z be.world.branch ok 3bdfa57d
2026-08-06T13:47Z ev.accept.receipt unconf 00000000
2026-08-06T13:47Z ev.deposit.external unconf 00000000
2026-08-06T13:47Z ev.dietary ok 4d4c7eee
2026-08-06T13:47Z ev.journeys ok 4d4c7eee
2026-08-06T13:47Z fe.ci unconf 00000000
2026-08-06T13:47Z fe.dir.gitdir ok a7da3b64
2026-08-06T13:47Z fe.dir.pin unconf 00000000
2026-08-06T13:47Z fe.dir.ref ok 7fc8bd76
2026-08-06T13:47Z fe.dir.repo ok 4d4c7eee
2026-08-06T13:47Z fe.tests ok 06ceef97
2026-08-06T13:47Z fe.tests.failed ok 5feceb66
2026-08-06T13:47Z fe.world ok 3cbc87c7
2026-08-06T13:47Z fe.world.branch ok fd800aeb
2026-08-06T13:47Z growth.cookie.crosssite unconf 00000000
2026-08-06T13:47Z growth.dispatch.hosted ok 4d4c7eee
2026-08-06T13:47Z growth.mail.provider ok 4d4c7eee
2026-08-06T13:47Z growth.prefcentre.cors unconf 00000000
2026-08-06T13:47Z intent.hash ok e611310f
2026-08-06T13:47Z journeys.browser ok 4d4c7eee
2026-08-06T13:47Z meals.empref ok 4d4c7eee
2026-08-06T13:47Z meals.gate ok 4d4c7eee
2026-08-06T13:47Z meals.utlkvit unconf 00000000
2026-08-06T13:47Z meals.xz.credit unconf 00000000
2026-08-06T13:47Z nav.modules ok c36efbb1
2026-08-06T13:47Z train.checklists unconf 00000000
2026-08-06T13:47Z vipps.token.guard ok 4d4c7eee
2026-08-06T13:47Z wf.idreg ok 4d4c7eee
2026-08-06T13:47Z wf.journeys ok 6b51d431
2026-08-06T13:47Z wolt.sync.host unconf 00000000
2026-08-06T15:52Z acct.uidx unconf 00000000
2026-08-06T15:52Z be.dir.gitdir ok 31f8c2c4
2026-08-06T15:52Z be.dir.pin unconf 00000000
2026-08-06T15:52Z be.dir.ref ok 3bdfa57d
2026-08-06T15:52Z be.dir.repo ok 4d4c7eee
2026-08-06T15:52Z be.mig.head ok 947ee24b
2026-08-06T15:52Z be.tests ok 56ec0fc7
2026-08-06T15:52Z be.world ok 60a33e6c
2026-08-06T15:52Z be.world.behind ok 4b227777
2026-08-06T15:52Z be.world.branch ok 3bdfa57d
2026-08-06T15:52Z ev.accept.receipt unconf 00000000
2026-08-06T15:52Z ev.deposit.external unconf 00000000
2026-08-06T15:52Z ev.dietary ok 4d4c7eee
2026-08-06T15:52Z ev.journeys ok 4d4c7eee
2026-08-06T15:52Z fe.ci unconf 00000000
2026-08-06T15:52Z fe.dir.gitdir ok a7da3b64
2026-08-06T15:52Z fe.dir.pin unconf 00000000
2026-08-06T15:52Z fe.dir.ref ok 7fc8bd76
2026-08-06T15:52Z fe.dir.repo ok 4d4c7eee
2026-08-06T15:52Z fe.tests ok 06ceef97
2026-08-06T15:52Z fe.tests.failed ok 5feceb66
2026-08-06T15:52Z fe.world ok 3cbc87c7
2026-08-06T15:52Z fe.world.branch ok fd800aeb
2026-08-06T15:52Z growth.cookie.crosssite unconf 00000000
2026-08-06T15:52Z growth.dispatch.hosted ok 4d4c7eee
2026-08-06T15:52Z growth.mail.provider ok 4d4c7eee
2026-08-06T15:52Z growth.prefcentre.cors unconf 00000000
2026-08-06T15:52Z intent.hash ok e611310f
2026-08-06T15:52Z journeys.browser ok 4d4c7eee
2026-08-06T15:52Z meals.empref ok 4d4c7eee
2026-08-06T15:52Z meals.gate ok 4d4c7eee
2026-08-06T15:52Z meals.utlkvit unconf 00000000
2026-08-06T15:52Z meals.xz.credit unconf 00000000
2026-08-06T15:52Z nav.modules ok c36efbb1
2026-08-06T15:52Z train.checklists unconf 00000000
2026-08-06T15:52Z vipps.token.guard ok 4d4c7eee
2026-08-06T15:52Z wf.idreg ok 4d4c7eee
2026-08-06T15:52Z wf.journeys ok 6b51d431
2026-08-06T15:52Z wolt.sync.host unconf 00000000
2026-08-08T15:25Z acct.uidx unconf 00000000
2026-08-08T15:25Z be.dir.gitdir ok 31f8c2c4
2026-08-08T15:25Z be.dir.pin unconf 00000000
2026-08-08T15:25Z be.dir.ref ok e15bd6df
2026-08-08T15:25Z be.dir.repo ok 4d4c7eee
2026-08-08T15:25Z be.mig.head ok 947ee24b
2026-08-08T15:25Z be.tests ok 56ec0fc7
2026-08-08T15:25Z be.world ok 60a33e6c
2026-08-08T15:25Z be.world.behind ok 4b227777
2026-08-08T15:25Z be.world.branch ok 3bdfa57d
2026-08-08T15:25Z ev.accept.receipt unconf 00000000
2026-08-08T15:25Z ev.deposit.external unconf 00000000
2026-08-08T15:25Z ev.dietary ok 4d4c7eee
2026-08-08T15:25Z ev.journeys ok 4d4c7eee
2026-08-08T15:25Z fe.ci unconf 00000000
2026-08-08T15:25Z fe.dir.gitdir ok a7da3b64
2026-08-08T15:25Z fe.dir.pin unconf 00000000
2026-08-08T15:25Z fe.dir.ref ok 9afd8ca6
2026-08-08T15:25Z fe.dir.repo ok 4d4c7eee
2026-08-08T15:25Z fe.tests ok 06ceef97
2026-08-08T15:25Z fe.tests.failed ok 5feceb66
2026-08-08T15:25Z fe.world ok 3cbc87c7
2026-08-08T15:25Z fe.world.branch ok fd800aeb
2026-08-08T15:25Z growth.cookie.crosssite unconf 00000000
2026-08-08T15:25Z growth.dispatch.hosted ok 4d4c7eee
2026-08-08T15:25Z growth.mail.provider ok 4d4c7eee
2026-08-08T15:25Z growth.prefcentre.cors unconf 00000000
2026-08-08T15:25Z intent.hash ok e611310f
2026-08-08T15:25Z journeys.browser ok 4d4c7eee
2026-08-08T15:25Z meals.empref ok 4d4c7eee
2026-08-08T15:25Z meals.gate ok 4d4c7eee
2026-08-08T15:25Z meals.utlkvit unconf 00000000
2026-08-08T15:25Z meals.xz.credit unconf 00000000
2026-08-08T15:25Z nav.modules ok c36efbb1
2026-08-08T15:25Z train.checklists unconf 00000000
2026-08-08T15:25Z vipps.token.guard ok 4d4c7eee
2026-08-08T15:25Z wf.idreg ok 4d4c7eee
2026-08-08T15:25Z wf.journeys ok 6b51d431
2026-08-08T15:25Z wolt.sync.host unconf 00000000
2026-08-08T22:30Z acct.uidx unconf 00000000
2026-08-08T22:30Z be.dir.gitdir ok 31f8c2c4
2026-08-08T22:30Z be.dir.pin unconf 00000000
2026-08-08T22:30Z be.dir.ref ok e15bd6df
2026-08-08T22:30Z be.dir.repo ok 4d4c7eee
2026-08-08T22:30Z be.mig.head ok 947ee24b
2026-08-08T22:30Z be.tests ok 56ec0fc7
2026-08-08T22:30Z be.world ok 60a33e6c
2026-08-08T22:30Z be.world.behind ok 4b227777
2026-08-08T22:30Z be.world.branch ok 3bdfa57d
2026-08-08T22:30Z ev.accept.receipt unconf 00000000
2026-08-08T22:30Z ev.deposit.external unconf 00000000
2026-08-08T22:30Z ev.dietary ok 4d4c7eee
2026-08-08T22:30Z ev.journeys ok 4d4c7eee
2026-08-08T22:30Z fe.ci unconf 00000000
2026-08-08T22:30Z fe.dir.gitdir ok a7da3b64
2026-08-08T22:30Z fe.dir.pin unconf 00000000
2026-08-08T22:30Z fe.dir.ref ok 9afd8ca6
2026-08-08T22:30Z fe.dir.repo ok 4d4c7eee
2026-08-08T22:30Z fe.tests ok 06ceef97
2026-08-08T22:30Z fe.tests.failed ok 5feceb66
2026-08-08T22:30Z fe.world ok 3cbc87c7
2026-08-08T22:30Z fe.world.branch ok fd800aeb
2026-08-08T22:30Z growth.cookie.crosssite unconf 00000000
2026-08-08T22:30Z growth.dispatch.hosted ok 4d4c7eee
2026-08-08T22:30Z growth.mail.provider ok 4d4c7eee
2026-08-08T22:30Z growth.prefcentre.cors unconf 00000000
2026-08-08T22:30Z intent.hash ok e611310f
2026-08-08T22:30Z journeys.browser ok 4d4c7eee
2026-08-08T22:30Z meals.empref ok 4d4c7eee
2026-08-08T22:30Z meals.gate ok 4d4c7eee
2026-08-08T22:30Z meals.utlkvit unconf 00000000
2026-08-08T22:30Z meals.xz.credit unconf 00000000
2026-08-08T22:30Z nav.modules ok c36efbb1
2026-08-08T22:30Z train.checklists unconf 00000000
2026-08-08T22:30Z vipps.token.guard ok 4d4c7eee
2026-08-08T22:30Z wf.idreg ok 4d4c7eee
2026-08-08T22:30Z wf.journeys ok 6b51d431
2026-08-08T22:30Z wolt.sync.host unconf 00000000
2026-08-08T22:32Z acct.uidx unconf 00000000
2026-08-08T22:32Z be.dir.gitdir ok 31f8c2c4
2026-08-08T22:32Z be.dir.pin unconf 00000000
2026-08-08T22:32Z be.dir.ref ok e15bd6df
2026-08-08T22:32Z be.dir.repo ok 4d4c7eee
2026-08-08T22:32Z be.mig.head ok 947ee24b
2026-08-08T22:32Z be.tests ok 56ec0fc7
2026-08-08T22:32Z be.world ok 60a33e6c
2026-08-08T22:32Z be.world.behind ok 4b227777
2026-08-08T22:32Z be.world.branch ok 3bdfa57d
2026-08-08T22:32Z ev.accept.receipt unconf 00000000
2026-08-08T22:32Z ev.deposit.external unconf 00000000
2026-08-08T22:32Z ev.dietary ok 4d4c7eee
2026-08-08T22:32Z ev.journeys ok 4d4c7eee
2026-08-08T22:32Z fe.ci unconf 00000000
2026-08-08T22:32Z fe.dir.gitdir ok a7da3b64
2026-08-08T22:32Z fe.dir.pin unconf 00000000
2026-08-08T22:32Z fe.dir.ref ok 9afd8ca6
2026-08-08T22:32Z fe.dir.repo ok 4d4c7eee
2026-08-08T22:32Z fe.tests ok 06ceef97
2026-08-08T22:32Z fe.tests.failed ok 5feceb66
2026-08-08T22:32Z fe.world ok 3cbc87c7
2026-08-08T22:32Z fe.world.branch ok fd800aeb
2026-08-08T22:32Z growth.cookie.crosssite unconf 00000000
2026-08-08T22:32Z growth.dispatch.hosted ok 4d4c7eee
2026-08-08T22:32Z growth.mail.provider ok 4d4c7eee
2026-08-08T22:32Z growth.prefcentre.cors unconf 00000000
2026-08-08T22:32Z intent.hash ok e611310f
2026-08-08T22:32Z journeys.browser ok 4d4c7eee
2026-08-08T22:32Z meals.empref ok 4d4c7eee
2026-08-08T22:32Z meals.gate ok 4d4c7eee
2026-08-08T22:32Z meals.utlkvit unconf 00000000
2026-08-08T22:32Z meals.xz.credit unconf 00000000
2026-08-08T22:32Z nav.modules ok c36efbb1
2026-08-08T22:32Z train.checklists unconf 00000000
2026-08-08T22:32Z vipps.token.guard ok 4d4c7eee
2026-08-08T22:32Z wf.idreg ok 4d4c7eee
2026-08-08T22:32Z wf.journeys ok 6b51d431
2026-08-08T22:32Z wolt.sync.host unconf 00000000
2026-08-08T22:32Z acct.uidx unconf 00000000
2026-08-08T22:32Z be.dir.gitdir ok 31f8c2c4
2026-08-08T22:32Z be.dir.pin unconf 00000000
2026-08-08T22:32Z be.dir.ref ok e15bd6df
2026-08-08T22:32Z be.dir.repo ok 4d4c7eee
2026-08-08T22:32Z be.mig.head ok 947ee24b
2026-08-08T22:32Z be.tests ok 56ec0fc7
2026-08-08T22:32Z be.world ok 60a33e6c
2026-08-08T22:32Z be.world.behind ok 4b227777
2026-08-08T22:32Z be.world.branch ok 3bdfa57d
2026-08-08T22:32Z ev.accept.receipt unconf 00000000
2026-08-08T22:32Z ev.deposit.external unconf 00000000
2026-08-08T22:32Z ev.dietary ok 4d4c7eee
2026-08-08T22:32Z ev.journeys ok 4d4c7eee
2026-08-08T22:32Z fe.ci unconf 00000000
2026-08-08T22:32Z fe.dir.gitdir ok a7da3b64
2026-08-08T22:32Z fe.dir.pin unconf 00000000
2026-08-08T22:32Z fe.dir.ref ok 9afd8ca6
2026-08-08T22:32Z fe.dir.repo ok 4d4c7eee
2026-08-08T22:32Z fe.tests ok 06ceef97
2026-08-08T22:32Z fe.tests.failed ok 5feceb66
2026-08-08T22:32Z fe.world ok 3cbc87c7
2026-08-08T22:32Z fe.world.branch ok fd800aeb
2026-08-08T22:32Z growth.cookie.crosssite unconf 00000000
2026-08-08T22:32Z growth.dispatch.hosted ok 4d4c7eee
2026-08-08T22:32Z growth.mail.provider ok 4d4c7eee
2026-08-08T22:32Z growth.prefcentre.cors unconf 00000000
2026-08-08T22:32Z intent.hash ok e611310f
2026-08-08T22:32Z journeys.browser ok 4d4c7eee
2026-08-08T22:32Z meals.empref ok 4d4c7eee
2026-08-08T22:32Z meals.gate ok 4d4c7eee
2026-08-08T22:32Z meals.utlkvit unconf 00000000
2026-08-08T22:32Z meals.xz.credit unconf 00000000
2026-08-08T22:32Z nav.modules ok c36efbb1
2026-08-08T22:32Z train.checklists unconf 00000000
2026-08-08T22:32Z vipps.token.guard ok 4d4c7eee
2026-08-08T22:32Z wf.idreg ok 4d4c7eee
2026-08-08T22:32Z wf.journeys ok 6b51d431
2026-08-08T22:32Z wolt.sync.host unconf 00000000
2026-08-08T22:34Z acct.uidx ok 4d4c7eee
2026-08-08T22:34Z be.dir.gitdir ok 31f8c2c4
2026-08-08T22:34Z be.dir.pin ok 4d4c7eee
2026-08-08T22:34Z be.dir.ref ok fd800aeb
2026-08-08T22:34Z be.dir.repo ok 4d4c7eee
2026-08-08T22:34Z be.mig.head unconf 00000000
2026-08-08T22:34Z be.tests ok 55843e14
2026-08-08T22:34Z be.world unconf 00000000
2026-08-08T22:34Z be.world.behind unconf 00000000
2026-08-08T22:34Z be.world.branch unconf 00000000
2026-08-08T22:34Z ev.accept.receipt unconf 00000000
2026-08-08T22:34Z ev.deposit.external unconf 00000000
2026-08-08T22:34Z ev.dietary ok 4d4c7eee
2026-08-08T22:34Z ev.journeys ok 4d4c7eee
2026-08-08T22:34Z fe.ci unconf 00000000
2026-08-08T22:34Z fe.dir.gitdir ok a7da3b64
2026-08-08T22:34Z fe.dir.pin unconf 00000000
2026-08-08T22:34Z fe.dir.ref ok 9afd8ca6
2026-08-08T22:34Z fe.dir.repo ok 4d4c7eee
2026-08-08T22:34Z fe.tests ok 06ceef97
2026-08-08T22:34Z fe.tests.failed ok 5feceb66
2026-08-08T22:34Z fe.world ok 3cbc87c7
2026-08-08T22:34Z fe.world.branch ok fd800aeb
2026-08-08T22:34Z growth.cookie.crosssite unconf 00000000
2026-08-08T22:34Z growth.dispatch.hosted ok 4d4c7eee
2026-08-08T22:34Z growth.mail.provider ok 4d4c7eee
2026-08-08T22:34Z growth.prefcentre.cors unconf 00000000
2026-08-08T22:34Z intent.hash ok e611310f
2026-08-08T22:34Z journeys.browser ok 4d4c7eee
2026-08-08T22:34Z meals.empref ok 4d4c7eee
2026-08-08T22:34Z meals.gate ok 4d4c7eee
2026-08-08T22:34Z meals.utlkvit ok 4d4c7eee
2026-08-08T22:34Z meals.xz.credit unconf 00000000
2026-08-08T22:34Z nav.modules ok c36efbb1
2026-08-08T22:34Z train.checklists ok 4d4c7eee
2026-08-08T22:34Z vipps.token.guard ok 4d4c7eee
2026-08-08T22:34Z wf.idreg ok 4d4c7eee
2026-08-08T22:34Z wf.journeys ok 8527a891
2026-08-08T22:34Z wolt.sync.host unconf 00000000
2026-08-08T22:34Z acct.uidx ok 4d4c7eee
2026-08-08T22:34Z be.dir.gitdir ok 31f8c2c4
2026-08-08T22:34Z be.dir.pin ok 4d4c7eee
2026-08-08T22:34Z be.dir.ref ok fd800aeb
2026-08-08T22:34Z be.dir.repo ok 4d4c7eee
2026-08-08T22:34Z be.mig.head unconf 00000000
2026-08-08T22:34Z be.tests ok 55843e14
2026-08-08T22:34Z be.world unconf 00000000
2026-08-08T22:34Z be.world.behind unconf 00000000
2026-08-08T22:34Z be.world.branch unconf 00000000
2026-08-08T22:34Z ev.accept.receipt unconf 00000000
2026-08-08T22:34Z ev.deposit.external unconf 00000000
2026-08-08T22:34Z ev.dietary ok 4d4c7eee
2026-08-08T22:34Z ev.journeys ok 4d4c7eee
2026-08-08T22:34Z fe.ci unconf 00000000
2026-08-08T22:34Z fe.dir.gitdir ok a7da3b64
2026-08-08T22:34Z fe.dir.pin unconf 00000000
2026-08-08T22:34Z fe.dir.ref ok 9afd8ca6
2026-08-08T22:34Z fe.dir.repo ok 4d4c7eee
2026-08-08T22:34Z fe.tests ok 06ceef97
2026-08-08T22:34Z fe.tests.failed ok 5feceb66
2026-08-08T22:34Z fe.world ok 3cbc87c7
2026-08-08T22:34Z fe.world.branch ok fd800aeb
2026-08-08T22:34Z growth.cookie.crosssite unconf 00000000
2026-08-08T22:34Z growth.dispatch.hosted ok 4d4c7eee
2026-08-08T22:34Z growth.mail.provider ok 4d4c7eee
2026-08-08T22:34Z growth.prefcentre.cors unconf 00000000
2026-08-08T22:34Z intent.hash ok e611310f
2026-08-08T22:34Z journeys.browser ok 4d4c7eee
2026-08-08T22:34Z meals.empref ok 4d4c7eee
2026-08-08T22:34Z meals.gate ok 4d4c7eee
2026-08-08T22:34Z meals.utlkvit ok 4d4c7eee
2026-08-08T22:34Z meals.xz.credit unconf 00000000
2026-08-08T22:34Z nav.modules ok c36efbb1
2026-08-08T22:34Z route.gc.transfer ok 4d4c7eee
2026-08-08T22:34Z route.push.consumer ok 4d4c7eee
2026-08-08T22:34Z route.push.store ok 4d4c7eee
2026-08-08T22:34Z train.checklists ok 4d4c7eee
2026-08-08T22:34Z vipps.token.guard ok 4d4c7eee
2026-08-08T22:34Z wf.idreg ok 4d4c7eee
2026-08-08T22:34Z wf.journeys ok 8527a891
2026-08-08T22:34Z wolt.sync.host unconf 00000000
2026-08-08T22:55Z acct.uidx ok 4d4c7eee
2026-08-08T22:55Z be.dir.gitdir ok 31f8c2c4
2026-08-08T22:55Z be.dir.pin ok 4d4c7eee
2026-08-08T22:55Z be.dir.ref ok fd800aeb
2026-08-08T22:55Z be.dir.repo ok 4d4c7eee
2026-08-08T22:55Z be.mig.head unconf 00000000
2026-08-08T22:55Z be.tests ok 55843e14
2026-08-08T22:55Z be.world unconf 00000000
2026-08-08T22:55Z be.world.behind unconf 00000000
2026-08-08T22:55Z be.world.branch unconf 00000000
2026-08-08T22:55Z ev.accept.receipt unconf 00000000
2026-08-08T22:55Z ev.deposit.external unconf 00000000
2026-08-08T22:55Z ev.dietary ok 4d4c7eee
2026-08-08T22:55Z ev.journeys ok 4d4c7eee
2026-08-08T22:55Z fe.ci unconf 00000000
2026-08-08T22:55Z fe.dir.gitdir ok a7da3b64
2026-08-08T22:55Z fe.dir.pin unconf 00000000
2026-08-08T22:55Z fe.dir.ref ok 9afd8ca6
2026-08-08T22:55Z fe.dir.repo ok 4d4c7eee
2026-08-08T22:55Z fe.tests ok 06ceef97
2026-08-08T22:55Z fe.tests.failed ok 5feceb66
2026-08-08T22:55Z fe.world ok 3cbc87c7
2026-08-08T22:55Z fe.world.branch ok fd800aeb
2026-08-08T22:55Z growth.cookie.crosssite unconf 00000000
2026-08-08T22:55Z growth.dispatch.hosted ok 4d4c7eee
2026-08-08T22:55Z growth.mail.provider ok 4d4c7eee
2026-08-08T22:55Z growth.prefcentre.cors unconf 00000000
2026-08-08T22:55Z intent.hash ok e611310f
2026-08-08T22:55Z journeys.browser ok 4d4c7eee
2026-08-08T22:55Z meals.empref ok 4d4c7eee
2026-08-08T22:55Z meals.gate ok 4d4c7eee
2026-08-08T22:55Z meals.utlkvit ok 4d4c7eee
2026-08-08T22:55Z meals.xz.credit unconf 00000000
2026-08-08T22:55Z nav.modules ok c36efbb1
2026-08-08T22:55Z route.gc.transfer ok 4d4c7eee
2026-08-08T22:55Z route.push.consumer ok 4d4c7eee
2026-08-08T22:55Z route.push.store ok 4d4c7eee
2026-08-08T22:55Z train.checklists ok 4d4c7eee
2026-08-08T22:55Z vipps.token.guard ok 4d4c7eee
2026-08-08T22:55Z wf.idreg ok 4d4c7eee
2026-08-08T22:55Z wf.journeys ok 8527a891
2026-08-08T22:55Z wolt.sync.host unconf 00000000
