[WebServer] [fixture] listening on http://127.0.0.1:4061
[WebServer] 
[WebServer]  WARN  You're using Nuxt 2.17.1, which includes built-in TypeScript runtime support
[WebServer] 
[WebServer] 
[WebServer]  WARN  You can safely use nuxt instead of nuxt-ts and remove @nuxt/typescript-runtime package
[WebServer] 
[WebServer] 
[WebServer]  WARN  Module @nuxt/image is disabled due to incompatibility issues:
[WebServer]  - [nuxt] Nuxt version >=3.1.0 is required but currently using 2.17.1
[WebServer] 
[WebServer] ℹ Parsed 0 files in 0.0 seconds
[WebServer] ℹ [HPM] Proxy created: /  -> http://127.0.0.1:5080
[WebServer] ℹ [HPM] Proxy rewrite rule created: "^/okam-api" ~> ""
[WebServer] ℹ Listening on: http://172.20.10.4:3061/
[WebServer] ℹ Preparing project for development
[WebServer] ℹ Initial build may take a while
[WebServer] ℹ Discovered Components: .nuxt/components/readme.md
[WebServer] ✔ Builder initialized

Running 2 tests using 1 worker

[WebServer] ✔ Nuxt files generated
[WebServer] 
[WebServer]  WARN  Browserslist: browsers data (caniuse-lite) is 21 months old. Please run:
[WebServer]   npx update-browserslist-db@latest
[WebServer]   Why you should do it regularly: https://github.com/browserslist/update-db#readme
[WebServer] 
[WebServer] ℹ Compiling Server
[WebServer] ℹ Compiling Client
[WebServer] ✔ Server: Compiled successfully in 17.09s
[WebServer] ✔ Client: Compiled successfully in 19.81s
[WebServer] ℹ Waiting for file changes
[WebServer] ℹ Memory usage: 1.19 GB (RSS: 1.99 GB)
[WebServer] ℹ Listening on: http://172.20.10.4:3061/
  ✓  1 [chromium] › test/e2e/journeys/events-guest-proposal.spec.js:20:1 › A guest reads a sent proposal and accepts it, and gets a receipt naming the version @fixture (23.0s)
  ✓  2 [chromium] › test/e2e/journeys/events-runsheet-print.spec.js:78:1 › A host prints the run sheet: the dietary requirement is on it and the guest links are not @fixture (3.8s)

  2 passed (29.4s)
