signed in
board modules: Events(3) Growth(2) Margin(3) Meals(1) Training(2) Workforce(8)
  ROW Events Events.Core badge=På facts=["Standard: av","Overstyrt for butikken","Faktisk: på"] control=true
  ROW Events Events.Deposits badge=På facts=["Standard: av","Overstyrt for butikken","Faktisk: på"] control=true
  ROW Events Events.Settlement badge=På facts=["Standard: av","Overstyrt for butikken","Faktisk: på"] control=true
  ROW Growth growth.dispatch badge=På facts=["Standard: av","Overstyrt for butikken","Faktisk: på"] control=true
  ROW Growth growth.module badge=På facts=["Standard: av","Overstyrt for butikken","Faktisk: på"] control=true
  ROW Margin Margin.Module badge=På facts=["Standard: av","Overstyrt for butikken","Faktisk: på"] control=true
  ROW Margin Margin.PriceImport badge=På facts=["Standard: av","Overstyrt for butikken","Faktisk: på"] control=true
  ROW Margin Margin.Statements badge=På facts=["Standard: av","Overstyrt for butikken","Faktisk: på"] control=true
  ROW Meals meals.module badge=På facts=["Standard: av","Overstyrt for butikken","Faktisk: på"] control=true
  ROW Training training.assignments badge=På facts=["Standard: av","Overstyrt for butikken","Faktisk: på"] control=true
  ROW Training training.setup badge=På facts=["Standard: av","Overstyrt for butikken","Faktisk: på"] control=true
  ROW Workforce workforce.clock badge=På facts=["Standard: av","Overstyrt for butikken","Faktisk: på"] control=true
  ROW Workforce workforce.dispatch badge=På facts=["Standard: av","Overstyrt for butikken","Faktisk: på"] control=true
  ROW Workforce workforce.exchange badge=På facts=["Standard: av","Overstyrt for butikken","Faktisk: på"] control=true
  ROW Workforce workforce.export badge=På facts=["Standard: av","Overstyrt for butikken","Faktisk: på"] control=true
  ROW Workforce workforce.module badge=På facts=["Standard: av","Overstyrt for butikken","Faktisk: på"] control=true
  ROW Workforce workforce.publication badge=På facts=["Standard: av","Overstyrt for butikken","Faktisk: på"] control=true
  ROW Workforce workforce.selfservice badge=På facts=["Standard: av","Overstyrt for butikken","Faktisk: på"] control=true
  ROW Workforce workforce.setup badge=På facts=["Standard: på","Overstyrt for butikken","Faktisk: på"] control=true
=== Workforce ===
  OFF  workforce.module toast="workforce.module er slått av for butikken." row={"badge":"Av","facts":["Standard: av","Overstyrt for butikken","Faktisk: av"],"warn":[]}
  DARK /admin/workforce-roster calls=[{"status":200,"url":"/user"},{"status":403,"url":"/workforce/stores/1/context"},{"status":403,"url":"/workforce/stores/1/context"}]
  DARK text: Ansatte | Hvem som er ansatt i denne butikken, hva hver enkelt har fullmakt til, og hvordan et ansettelsesforhold avsluttes. | Du har ikke bemanningstilgang i denne butikken.
  ON   workforce.module toast="workforce.module er slått på for butikken." row={"badge":"På","facts":["Standard: av","Overstyrt for butikken","Faktisk: på"],"warn":[]}
  LIT  /admin/workforce-roster calls=[{"status":200,"url":"/user"},{"status":200,"url":"/workforce/stores/1/context"},{"status":404,"url":"/workforce/stores/1/invitations"},{"status":200,"url":"/workforce/stores/1/roles"},{"status":200,"url":"/workforce/stores/1/staff"},{"status":200,"url":"/workforce/stores/1/context"},{"status":404,"url":"/workforce/stores/1/invitations"},{"status":200,"url":"/workforce/stores/1/staff"},{"status":200,"url":"/workforce/stores/1/roles"}]
  LIT  text: Ansatte | Hvem som er ansatt i denne butikken, hva hver enkelt har fullmakt til, og hvordan et ansettelsesforhold avsluttes. | Legg til person | Oppdater | PERSON	FULLMAKTER	ANSATTNR.	STATUS	FRA	TIL | Astrid Vik | Registrert | Egen vaktplan | ANS-002	Aktiv	01. jan. 2024	— | Ingrid Moen | Registrert | Egen vaktplan | Planlegger | Leder | Lønn | ANS-001	Aktiv	01. jan. 2020	— | Jonas Lie | Invitert | Egen vaktplan | ANS-003	Aktiv	01. jan. 2024	— | Nora Berg | Invitert | Egen vaktplan | TH-104	Aktiv
=== Margin ===
  OFF  Margin.Module toast="Margin.Module er slått av for butikken." row={"badge":"Av","facts":["Standard: av","Overstyrt for butikken","Faktisk: av"],"warn":[]}
  DARK /admin/margin-recipes calls=[{"status":404,"url":"/margin/status?storeId=1"},{"status":200,"url":"/user"},{"status":404,"url":"/margin/status?storeId=1"}]
  DARK text: Oppskrifter og kostpris | Legg inn en oppskrift og se hva den koster å lage. | Margin-modulen er ikke slått på for denne butikken.
  ON   Margin.Module toast="Margin.Module er slått på for butikken." row={"badge":"På","facts":["Standard: av","Overstyrt for butikken","Faktisk: på"],"warn":[]}
  LIT  /admin/margin-recipes calls=[{"status":200,"url":"/user"},{"status":200,"url":"/margin/status?storeId=1"},{"status":200,"url":"/margin/status?storeId=1"},{"status":200,"url":"/margin/ingredients?storeId=1"},{"status":200,"url":"/margin/recipes?storeId=1"},{"status":200,"url":"/margin/ingredients?storeId=1"},{"status":200,"url":"/margin/recipes?storeId=1"},{"status":200,"url":"/margin/menu-margin?storeId=1"},{"status":200,"url":"/margin/menu-margin?storeId=1"}]
  LIT  text: Oppskrifter og kostpris | Legg inn en oppskrift og se hva den koster å lage. | Hent på nytt | Kostprisen regnes ut når siden leses. Har du lagt inn priser i et annet vindu, henter dette de nye tallene. | Råvarer | 19 råvarer i butikken. | Kopier fra startbiblioteket: | + Kjøttdeig+ Kyllingfilet+ Poteter+ Hvitløk+ Tomat, hermetisk+ Olivenolje+ Salt+ Pasta, tørr+ Ris+ Revet ost | Ny oppskrift | NAVN | UTBYTTE | ENHET | gram | kilo | milliliter | liter | stk | PORSJONER | LINJER | + Legg til linje 
=== Training ===
  OFF  training.setup toast="training.setup er slått av for butikken." row={"badge":"Av","facts":["Standard: av","Overstyrt for butikken","Faktisk: av"],"warn":[]}
  DARK /admin/training-courses calls=[{"status":200,"url":"/user"},{"status":200,"url":"/training/stores/1/context"},{"status":200,"url":"/training/stores/1/context"},{"status":200,"url":"/workforce/stores/1/roles"},{"status":200,"url":"/workforce/stores/1/staff"},{"status":200,"url":"/training/stores/1/completions"},{"status":200,"url":"/training/stores/1/assignments"},{"status":200,"url":"/training/stores/1/courses"},{"status":200,"url":"/training/stores/1/certificates"},{"status":200,"url":"/workforce/stores/1/staff"},{"status":200,"url":"/workforce/stores/1/roles"},{"status":200,"url":"/training/stores/1/assignments"},{"status":200,"url":"/training/stores/1/completions"},{"status":200,"url":"/training/stores/1/certificates"}]
  DARK text: Opplæring | Ett kurs blir til dokumentasjon: lag kurset, publiser en versjon, tildel den, før gjennomføringen — og slå opp hva personen faktisk innehar. | Les inn på nytt | Modulstatus | Tidssone | Europe/Oslo | Dine rettigheter | manage | Kompetansekobling mot bemanning | Ikke koblet | Funksjonsbrytere | Kurs og sertifikater | Av | Tildeling og gjennomføring | På | Onboarding | Av | Sjekklister | Av | Avvikslogg | Av | Kompetansekobling | Av | Påminnelser | Av | Bryterne er serverens svar, ikke
  ON   training.setup toast="training.setup er slått på for butikken." row={"badge":"På","facts":["Standard: av","Overstyrt for butikken","Faktisk: på"],"warn":[]}
  LIT  /admin/training-courses calls=[{"status":200,"url":"/user"},{"status":200,"url":"/training/stores/1/context"},{"status":200,"url":"/training/stores/1/context"},{"status":200,"url":"/workforce/stores/1/staff"},{"status":200,"url":"/training/stores/1/completions"},{"status":200,"url":"/training/stores/1/assignments"},{"status":200,"url":"/training/stores/1/certificates"},{"status":200,"url":"/training/stores/1/courses"},{"status":200,"url":"/workforce/stores/1/roles"},{"status":200,"url":"/training/stores/1/completions"},{"status":200,"url":"/workforce/stores/1/staff"},{"status":200,"url":"/training/stores/1/assignments"},{"status":200,"url":"/workforce/stores/1/roles"},{"status":200,"url":"/training/stores/1/certificates"}]
  LIT  text: Opplæring | Ett kurs blir til dokumentasjon: lag kurset, publiser en versjon, tildel den, før gjennomføringen — og slå opp hva personen faktisk innehar. | Les inn på nytt | Modulstatus | Tidssone | Europe/Oslo | Dine rettigheter | manage | Kompetansekobling mot bemanning | Ikke koblet | Funksjonsbrytere | Kurs og sertifikater | På | Tildeling og gjennomføring | På | Onboarding | Av | Sjekklister | Av | Avvikslogg | Av | Kompetansekobling | Av | Påminnelser | Av | Bryterne er serverens svar, ikke
=== Events ===
  OFF  Events.Core toast="Events.Core er slått av for butikken." row={"badge":"Av","facts":["Standard: av","Overstyrt for butikken","Faktisk: av"],"warn":[]}
  DARK /admin/events-pipeline calls=[{"status":404,"url":"/events/admin/1/events"},{"status":404,"url":"/events/admin/1/notifications/health"},{"status":200,"url":"/user"},{"status":404,"url":"/events/admin/1/notifications/health"},{"status":404,"url":"/events/admin/1/events"}]
  DARK text: Selskap og arrangement | Én forespørsel, fulgt så langt denne backend-en faktisk går. Alle beløp leses fra serveren; ingenting summeres her. | STATUS | Alle statuser | Forespørsel | Tilbud under arbeid | Tilbud sendt | Godtatt | Venter på depositum | Bekreftet | Under avvikling | Under oppgjør | Oppgjort | Tapt | Avlyst | FRA DATO | TIL DATO | Hent på nytt | Ny forespørsel | Gjestelenker | Events er ikke slått på for dette utsalgsstedet, så det er ingenting å følge med på. | Forespørsler | Event
  ON   Events.Core toast="Events.Core er slått på for butikken." row={"badge":"På","facts":["Standard: av","Overstyrt for butikken","Faktisk: på"],"warn":[]}
  LIT  /admin/events-pipeline calls=[{"status":200,"url":"/user"},{"status":200,"url":"/events/admin/1/events"},{"status":200,"url":"/events/admin/1/notifications/health"},{"status":200,"url":"/events/admin/1/events"},{"status":200,"url":"/events/admin/1/notifications/health"}]
  LIT  text: Selskap og arrangement | Én forespørsel, fulgt så langt denne backend-en faktisk går. Alle beløp leses fra serveren; ingenting summeres her. | STATUS | Alle statuser | Forespørsel | Tilbud under arbeid | Tilbud sendt | Godtatt | Venter på depositum | Bekreftet | Under avvikling | Under oppgjør | Oppgjort | Tapt | Avlyst | FRA DATO | TIL DATO | Hent på nytt | Ny forespørsel | Gjestelenker | Utsending er slått av, så ingen gjestelenke forlater huset. Venter: 10. | Ingen gjestelenke er gitt opp. | 
=== Meals ===
  OFF  meals.module toast="meals.module er slått av for butikken." row={"badge":"Av","facts":["Standard: av","Overstyrt for butikken","Faktisk: av"],"warn":[]}
  DARK /admin/meals-companies calls=[{"status":200,"url":"/user"},{"status":404,"url":"/v1/stores/1/meals/companies"},{"status":200,"url":"/stores/1/market"},{"status":404,"url":"/v1/stores/1/meals/companies"},{"status":200,"url":"/stores/1/market"}]
  DARK text: Bedriftskontoer | Her settes en bedrift opp: selve bedriften, avtalen med dette utsalgsstedet, måltidsordningen med regelverket sitt, og invitasjonene. | Hent på nytt | Ingenting her gjør at en ansatt kan bestille. Bestilling på bedriftskonto ligger bak et eget flagg, og ingen av appene tilbyr bedriftskonto som betalingsmåte i dag. Å sette opp en ordning her gjør altså ikke lunsjen kjøpbar. | Bedrifter | Bedriftene som har avtale med dette utsalgsstedet, pluss dem du har opprettet nå. | Company 
  ON   meals.module toast="meals.module er slått på for butikken." row={"badge":"På","facts":["Standard: av","Overstyrt for butikken","Faktisk: på"],"warn":[]}
  LIT  /admin/meals-companies calls=[{"status":200,"url":"/user"},{"status":200,"url":"/stores/1/market"},{"status":200,"url":"/v1/stores/1/meals/companies"},{"status":200,"url":"/stores/1/market"},{"status":200,"url":"/v1/stores/1/meals/companies"}]
  LIT  text: Bedriftskontoer | Her settes en bedrift opp: selve bedriften, avtalen med dette utsalgsstedet, måltidsordningen med regelverket sitt, og invitasjonene. | Hent på nytt | Ingenting her gjør at en ansatt kan bestille. Bestilling på bedriftskonto ligger bak et eget flagg, og ingen av appene tilbyr bedriftskonto som betalingsmåte i dag. Å sette opp en ordning her gjør altså ikke lunsjen kjøpbar. | Bedrifter | Bedriftene som har avtale med dette utsalgsstedet, pluss dem du har opprettet nå. | BEDRIFT	
=== Growth ===
  OFF  growth.module toast="growth.module er slått av for butikken." row={"badge":"Av","facts":["Standard: av","Overstyrt for butikken","Faktisk: av"],"warn":[]}
  DARK /subscribe/1 calls=[{"status":404,"url":"/v1/growth/stores/1/consent-text"}]
  DARK text: NYHETSBREV | Norsk | English | Deutsch | Ingen påmelding her | Dette stedet tar ikke imot påmeldinger på denne siden. Enten har de ikke slått på nyhetsbrev, eller så peker lenken et sted vi ikke finner — og vi skiller ikke mellom de to, med vilje. | Sendt med Okam
  ON   growth.module toast="growth.module er slått på for butikken." row={"badge":"På","facts":["Standard: av","Overstyrt for butikken","Faktisk: på"],"warn":[]}
  LIT  /subscribe/1 calls=[{"status":200,"url":"/v1/growth/stores/1/consent-text"}]
  LIT  text: NYHETSBREV | Norsk | English | Deutsch | Meld deg på nyhetsbrevet | Påmeldingen skjer i to trinn. Du legger inn e-postadressen din her, og den blir aktiv først når den er bekreftet fra innboksen din. Fram til det står du ikke på lista, og du får ingenting fra oss. | Samtykket gjelder bare spisestedet du kom hit fra. Har du meldt deg på flere steder, er hvert av dem for seg. | E-postadresse | Ja, jeg vil motta nyhetsbrev med tilbud og nyheter på e-post fra denne virksomheten. Du kan melde deg av 
