[WebServer] [fixture] listening on http://127.0.0.1:4077
[WebServer] [dev-server] borrowed core from /Users/svendaneel/okam/Web-modules/core
[WebServer] [warn] You're using Nuxt 2.17.1, which includes built-in TypeScript runtime support
[WebServer] [warn] You can safely use nuxt instead of nuxt-ts and remove @nuxt/typescript-runtime package
[WebServer] [warn] Module `@nuxt/image` is disabled due to incompatibility issues:
[WebServer]  - [nuxt] Nuxt version `>=3.1.0` is required but currently using `2.17.1`
[WebServer] [info] [@nuxt/content] Parsed 0 files in 0.0 seconds
[WebServer] [info] [HPM] Proxy created: /  -> http://127.0.0.1:5080
[WebServer] [info] [HPM] Proxy rewrite rule created: "^/okam-api" ~> ""
[WebServer] [info] Listening on: http://192.168.68.110:3077/
[WebServer] [info] Preparing project for development
[WebServer] [info] Initial build may take a while
[WebServer] [info] Discovered Components: .nuxt/components/readme.md
[WebServer] [success] Builder initialized

Running 4 tests using 1 worker

[WebServer] [success] Nuxt files generated
  ✘  1 [chromium] › test/e2e/journeys/growth-guest-consent.spec.js:51:1 › A guest reads the consent wording verbatim, is refused without ticking it, and then subscribes @fixture (35.2s)
[WebServer] [info] Waiting for file changes
[WebServer] [info] Memory usage: 1.02 GB (RSS: 2.65 GB)
[WebServer] [info] Listening on: http://192.168.68.110:3077/
  ✘  2 [chromium] › test/e2e/journeys/margin-statement-week.spec.js:41:1 › A venue opens a week, enters its purchase spend, finalises it, and finds it frozen @fixture (16.4s)
  ✘  3 [chromium] › test/e2e/journeys/meals-admin-setup.spec.js:26:1 › A concierge creates a company, signs its corridor, runs a programme and issues an invitation @fixture (11.5s)
  ✓  4 [chromium] › test/e2e/journeys/meals-guest-claim.spec.js:46:1 › An employee is refused a stranger's invitation without being told whose it is, then claims their own @fixture (2.0s)
[teardown] returned core/ to an empty submodule mount


  1) [chromium] › test/e2e/journeys/growth-guest-consent.spec.js:51:1 › A guest reads the consent wording verbatim, is refused without ticking it, and then subscribes @fixture 

    TimeoutError: page.goto: Timeout 30000ms exceeded.
    Call log:
      - navigating to "http://127.0.0.1:3077/subscribe/42", waiting until "load"


      78 |       // consent-text read answers `growth.not_found` and there is nothing lawful to pin a capture
      79 |       // to — so no form, rather than a form certain to be refused.
    > 80 |       await page.goto('/subscribe/' + STORE);
         |                  ^
      81 |       await expect(page.locator('[data-test="unavailable"]')).toBeVisible({ timeout: 30000 });
      82 |       await expect(page.locator('[data-test="consent"]')).toHaveCount(0);
      83 |       return STORE + ' dark: ' + MODULE_FLAG + ' never overridden';
        at fn (/Users/svendaneel/okam/wt-fejmerge/test/e2e/journeys/growth-guest-consent.spec.js:80:18)
        at JourneyRecorder.step (/Users/svendaneel/okam/wt-fejmerge/test/e2e/support/journey.js:193:28)
        at /Users/svendaneel/okam/wt-fejmerge/test/e2e/journeys/growth-guest-consent.spec.js:76:19

    attachment #1: journey (application/json) ──────────────────────────────────────────────────────
    artifacts/journeys/growth-guest-consent.playwright.json
    ────────────────────────────────────────────────────────────────────────────────────────────────

    Error Context: artifacts/playwright-output/growth-guest-consent-A-gue-1b625-king-it-and-then-subscribes-chromium/error-context.md

    attachment #3: trace (application/zip) ─────────────────────────────────────────────────────────
    artifacts/playwright-output/growth-guest-consent-A-gue-1b625-king-it-and-then-subscribes-chromium/trace.zip
    Usage:

        npx playwright show-trace artifacts/playwright-output/growth-guest-consent-A-gue-1b625-king-it-and-then-subscribes-chromium/trace.zip

    ────────────────────────────────────────────────────────────────────────────────────────────────

  2) [chromium] › test/e2e/journeys/margin-statement-week.spec.js:41:1 › A venue opens a week, enters its purchase spend, finalises it, and finds it frozen @fixture 

    Error: expect(locator).toContainText(expected) failed

    Locator: locator('[data-test="projection-lag"]')
    Expected substring: "918273"
    Timeout: 10000ms
    Error: element(s) not found

    Call log:
      - Expect "toContainText" with timeout 10000ms
      - waiting for locator('[data-test="projection-lag"]')


      285 |       // control is not drawn for one at all. This session is a PowerUser, so it is.
      286 |       const lag = page.locator('[data-test="projection-lag"]');
    > 287 |       await expect(lag).toContainText('918273');
          |                         ^
      288 |       await page.locator('[data-test="rebuild-projection"]').click();
      289 |       await expect(lag).toContainText('0 poster står igjen', { timeout: 15000 });
      290 |       return (await lag.textContent()).replace(/\s+/g, ' ').trim();
        at fn (/Users/svendaneel/okam/wt-fejmerge/test/e2e/journeys/margin-statement-week.spec.js:287:25)
        at JourneyRecorder.step (/Users/svendaneel/okam/wt-fejmerge/test/e2e/support/journey.js:193:28)
        at /Users/svendaneel/okam/wt-fejmerge/test/e2e/journeys/margin-statement-week.spec.js:283:19

    attachment #1: screenshot (image/png) ──────────────────────────────────────────────────────────
    artifacts/playwright-output/margin-statement-week-A-ve-3c171-ises-it-and-finds-it-frozen-chromium/test-failed-1.png
    ────────────────────────────────────────────────────────────────────────────────────────────────

    attachment #2: journey (application/json) ──────────────────────────────────────────────────────
    artifacts/journeys/margin-statement-week.playwright.json
    ────────────────────────────────────────────────────────────────────────────────────────────────

    Error Context: artifacts/playwright-output/margin-statement-week-A-ve-3c171-ises-it-and-finds-it-frozen-chromium/error-context.md

    attachment #4: trace (application/zip) ─────────────────────────────────────────────────────────
    artifacts/playwright-output/margin-statement-week-A-ve-3c171-ises-it-and-finds-it-frozen-chromium/trace.zip
    Usage:

        npx playwright show-trace artifacts/playwright-output/margin-statement-week-A-ve-3c171-ises-it-and-finds-it-frozen-chromium/trace.zip

    ────────────────────────────────────────────────────────────────────────────────────────────────

  3) [chromium] › test/e2e/journeys/meals-admin-setup.spec.js:26:1 › A concierge creates a company, signs its corridor, runs a programme and issues an invitation @fixture 

    Error: expect(locator).toBeVisible() failed

    Locator: locator('.meals-company form')
    Expected: visible
    Timeout: 10000ms
    Error: element(s) not found

    Call log:
      - Expect "toBeVisible" with timeout 10000ms
      - waiting for locator('.meals-company form')


      49 |       // active CompanyAdmin membership and never from the role that creates the company, so a store
      50 |       // admin is shown a stated refusal instead of a form nobody here can submit.
    > 51 |       await expect(page.locator('.meals-company form')).toBeVisible();
         |                                                         ^
      52 |       return 'on /admin/meals-companies as a PowerUser';
      53 |     });
      54 |
        at /Users/svendaneel/okam/wt-fejmerge/test/e2e/journeys/meals-admin-setup.spec.js:51:57
        at JourneyRecorder.step (/Users/svendaneel/okam/wt-fejmerge/test/e2e/support/journey.js:193:22)
        at /Users/svendaneel/okam/wt-fejmerge/test/e2e/journeys/meals-admin-setup.spec.js:43:5

    attachment #1: screenshot (image/png) ──────────────────────────────────────────────────────────
    artifacts/playwright-output/meals-admin-setup-A-concie-fc342-me-and-issues-an-invitation-chromium/test-failed-1.png
    ────────────────────────────────────────────────────────────────────────────────────────────────

    attachment #2: journey (application/json) ──────────────────────────────────────────────────────
    artifacts/journeys/meals-admin-setup.playwright.json
    ────────────────────────────────────────────────────────────────────────────────────────────────

    Error Context: artifacts/playwright-output/meals-admin-setup-A-concie-fc342-me-and-issues-an-invitation-chromium/error-context.md

    attachment #4: trace (application/zip) ─────────────────────────────────────────────────────────
    artifacts/playwright-output/meals-admin-setup-A-concie-fc342-me-and-issues-an-invitation-chromium/trace.zip
    Usage:

        npx playwright show-trace artifacts/playwright-output/meals-admin-setup-A-concie-fc342-me-and-issues-an-invitation-chromium/trace.zip

    ────────────────────────────────────────────────────────────────────────────────────────────────

  3 failed
    [chromium] › test/e2e/journeys/growth-guest-consent.spec.js:51:1 › A guest reads the consent wording verbatim, is refused without ticking it, and then subscribes @fixture 
    [chromium] › test/e2e/journeys/margin-statement-week.spec.js:41:1 › A venue opens a week, enters its purchase spend, finalises it, and finds it frozen @fixture 
    [chromium] › test/e2e/journeys/meals-admin-setup.spec.js:26:1 › A concierge creates a company, signs its corridor, runs a programme and issues an invitation @fixture 
  1 passed (1.2m)
