[WebServer] [fixture] listening on http://127.0.0.1:4077
[WebServer] [dev-server] borrowed core from /Users/svendaneel/okam/Web-modules/core
[WebServer] [warn] You're using Nuxt 2.17.1, which includes built-in TypeScript runtime support
[WebServer] [warn] You can safely use nuxt instead of nuxt-ts and remove @nuxt/typescript-runtime package
[WebServer] [warn] Module `@nuxt/image` is disabled due to incompatibility issues:
[WebServer]  - [nuxt] Nuxt version `>=3.1.0` is required but currently using `2.17.1`
[WebServer] [info] [@nuxt/content] Parsed 0 files in 0.0 seconds
[WebServer] [info] [HPM] Proxy created: /  -> http://127.0.0.1:5080
[WebServer] [info] [HPM] Proxy rewrite rule created: "^/okam-api" ~> ""
[WebServer] [info] Listening on: http://192.168.68.110:3077/
[WebServer] [info] Preparing project for development
[WebServer] [info] Initial build may take a while

Running 18 tests using 1 worker

[WebServer] [info] Discovered Components: .nuxt/components/readme.md
[WebServer] [success] Builder initialized
[WebServer] [success] Nuxt files generated
[WebServer] [info] Waiting for file changes
[WebServer] [info] Memory usage: 976 MB (RSS: 1.69 GB)
[WebServer] [info] Listening on: http://192.168.68.110:3077/
  ✓   1 [chromium] › test/e2e/journeys/account-email-confirm.spec.js:77:1 › A phone-signup administrator is refused a test-send, confirms her address from admin, and is then allowed it @fixture (37.4s)
  ✓   2 [chromium] › test/e2e/journeys/admin-refusal-worker.spec.js:24:1 › A worker is refused the store-admin schedule and is given their own page instead @fixture (3.9s)
  ✓   3 [chromium] › test/e2e/journeys/events-deposit-precondition.spec.js:65:1 › the operator reads the deposit precondition on the row before arming the money path @live (2.9s)
  ✓   4 [chromium] › test/e2e/journeys/events-guest-proposal.spec.js:20:1 › A guest reads a sent proposal and accepts it, and gets a receipt naming the version @fixture (2.4s)
  ✓   5 [chromium] › test/e2e/journeys/events-runsheet-onboarding.spec.js:96:1 › A store still in onboarding prints the run sheet, and the setup banner is not on it @fixture (3.8s)
  ✓   6 [chromium] › test/e2e/journeys/events-runsheet-print.spec.js:78:1 › A host prints the run sheet: the dietary requirement is on it and the guest links are not @fixture (3.6s)
  ✓   7 [chromium] › test/e2e/journeys/growth-guest-consent.spec.js:51:1 › A guest reads the consent wording verbatim, is refused without ticking it, and then subscribes @fixture (4.5s)
  ✓   8 [chromium] › test/e2e/journeys/growth-newsletter-send-gate.spec.js:95:1 › An operator drafts and approves a newsletter, and the send gate opens only when both switches are up @fixture (6.5s)
  ✓   9 [chromium] › test/e2e/journeys/growth-privacy-queue.spec.js:52:1 › a venue sees a guest's erasure request on its privacy queue and resolves it @fixture (4.3s)
  ✓  10 [chromium] › test/e2e/journeys/margin-recipe-to-margin.spec.js:51:1 › A chef switches Margin on, costs a recipe, sells it as a dish, and meets the statements gate @fixture (7.9s)
  ✓  11 [chromium] › test/e2e/journeys/margin-statement-week.spec.js:41:1 › A venue opens a week, enters its purchase spend, finalises it, and finds it frozen @fixture (6.9s)
  ✓  12 [chromium] › test/e2e/journeys/meals-admin-setup.spec.js:31:1 › A concierge creates a company, signs its corridor, runs a programme and issues an invitation @fixture (2.6s)
  ✓  13 [chromium] › test/e2e/journeys/meals-guest-claim.spec.js:46:1 › An employee is refused a stranger's invitation without being told whose it is, then claims their own @fixture (1.9s)
  ✓  14 [chromium] › test/e2e/journeys/modal-estate-scroll-lock.spec.js:87:1 › Two different modals hold the page, and closing one does not let go @fixture (8.7s)
  ✓  15 [chromium] › test/e2e/journeys/modal-scroll-lock.spec.js:105:1 › A modal holds the page behind it still, and lets go when it closes @fixture (9.4s)
  ✓  16 [chromium] › test/e2e/journeys/training-course-to-evidence.spec.js:63:1 › A manager opens Training, publishes a course version, files a failing score, and the SERVER calls it not passed @fixture (9.0s)
  ✓  17 [chromium] › test/e2e/journeys/workforce-flag-lever.spec.js:39:1 › an operator turns the schedule publication switch off and the publish becomes its typed refusal @live (7.8s)
  ✓  18 [chromium] › test/e2e/journeys/workforce-schedule-publish.spec.js:26:1 › A manager creates a draft week, staffs a shift, validates it and publishes it @live (3.9s)
[teardown] returned core/ to an empty submodule mount

  18 passed (2.2m)
