/Users/svendaneel/okam/wt-pdffamily/WebApi.Tests/Events/EventsProviderServiceDoubles.cs(32,26): warning CS8618: Non-nullable field 'Intent' must contain a non-null value when exiting constructor. Consider declaring the field as nullable. [/Users/svendaneel/okam/wt-pdffamily/WebApi.Tests/WebApi.Tests.csproj]
/Users/svendaneel/okam/wt-pdffamily/WebApi.Tests/Events/EventsProviderServiceDoubles.cs(35,19): warning CS8618: Non-nullable field 'LastRefundIntentId' must contain a non-null value when exiting constructor. Consider declaring the field as nullable. [/Users/svendaneel/okam/wt-pdffamily/WebApi.Tests/WebApi.Tests.csproj]
/Users/svendaneel/okam/wt-pdffamily/WebApi.Tests/Events/EventsProviderServiceDoubles.cs(37,19): warning CS8618: Non-nullable field 'LastCancelIntentId' must contain a non-null value when exiting constructor. Consider declaring the field as nullable. [/Users/svendaneel/okam/wt-pdffamily/WebApi.Tests/WebApi.Tests.csproj]
/Users/svendaneel/okam/wt-pdffamily/WebApi.Tests/Events/EventsProviderServiceDoubles.cs(133,19): warning CS8618: Non-nullable field 'LastRefundTransactionId' must contain a non-null value when exiting constructor. Consider declaring the field as nullable. [/Users/svendaneel/okam/wt-pdffamily/WebApi.Tests/WebApi.Tests.csproj]
/Users/svendaneel/okam/wt-pdffamily/WebApi.Tests/Events/EventsProviderServiceDoubles.cs(135,19): warning CS8618: Non-nullable field 'LastVoidTransactionId' must contain a non-null value when exiting constructor. Consider declaring the field as nullable. [/Users/svendaneel/okam/wt-pdffamily/WebApi.Tests/WebApi.Tests.csproj]
/Users/svendaneel/okam/wt-pdffamily/WebApi.Tests/Kassa/Cov2_TerminalP1Tests.cs(49,81): warning CS8625: Cannot convert null literal to non-nullable reference type. [/Users/svendaneel/okam/wt-pdffamily/WebApi.Tests/WebApi.Tests.csproj]
/Users/svendaneel/okam/wt-pdffamily/WebApi.Tests/Kassa/Cov2_TerminalP1Tests.cs(52,76): warning CS8625: Cannot convert null literal to non-nullable reference type. [/Users/svendaneel/okam/wt-pdffamily/WebApi.Tests/WebApi.Tests.csproj]
/Users/svendaneel/okam/wt-pdffamily/WebApi.Tests/Kassa/Cov2_TerminalP1Tests.cs(53,78): warning CS8625: Cannot convert null literal to non-nullable reference type. [/Users/svendaneel/okam/wt-pdffamily/WebApi.Tests/WebApi.Tests.csproj]
/Users/svendaneel/okam/wt-pdffamily/WebApi.Tests/Kassa/Cov2_TerminalP1Tests.cs(57,73): warning CS8625: Cannot convert null literal to non-nullable reference type. [/Users/svendaneel/okam/wt-pdffamily/WebApi.Tests/WebApi.Tests.csproj]
/Users/svendaneel/okam/wt-pdffamily/WebApi.Tests/Events/EventsModuleGateTests.cs(54,36): warning CS8620: Argument of type 'Dictionary<string, string>' cannot be used for parameter 'initialData' of type 'IEnumerable<KeyValuePair<string, string?>>' in 'IConfigurationBuilder MemoryConfigurationBuilderExtensions.AddInMemoryCollection(IConfigurationBuilder configurationBuilder, IEnumerable<KeyValuePair<string, string?>>? initialData)' due to differences in the nullability of reference types. [/Users/svendaneel/okam/wt-pdffamily/WebApi.Tests/WebApi.Tests.csproj]
/Users/svendaneel/okam/wt-pdffamily/WebApi.Tests/Events/EventsModuleGateTests.cs(67,57): warning CS8620: Argument of type 'Dictionary<string, object>' cannot be used for parameter 'actionArguments' of type 'IDictionary<string, object?>' in 'ActionExecutingContext.ActionExecutingContext(ActionContext actionContext, IList<IFilterMetadata> filters, IDictionary<string, object?> actionArguments, object controller)' due to differences in the nullability of reference types. [/Users/svendaneel/okam/wt-pdffamily/WebApi.Tests/WebApi.Tests.csproj]
/Users/svendaneel/okam/wt-pdffamily/WebApi.Tests/Events/EventsMigrationLineageTests.cs(242,29): warning CS8600: Converting null literal or possible null value to non-nullable type. [/Users/svendaneel/okam/wt-pdffamily/WebApi.Tests/WebApi.Tests.csproj]
/Users/svendaneel/okam/wt-pdffamily/WebApi.Tests/Events/EventsHarness.cs(74,46): warning CS8625: Cannot convert null literal to non-nullable reference type. [/Users/svendaneel/okam/wt-pdffamily/WebApi.Tests/WebApi.Tests.csproj]
/Users/svendaneel/okam/wt-pdffamily/WebApi.Tests/Events/EventsFlagCatalogCoherenceTests.cs(48,64): warning CS8625: Cannot convert null literal to non-nullable reference type. [/Users/svendaneel/okam/wt-pdffamily/WebApi.Tests/WebApi.Tests.csproj]
/Users/svendaneel/okam/wt-pdffamily/WebApi.Tests/Events/EventsHarness.cs(108,34): warning CS8625: Cannot convert null literal to non-nullable reference type. [/Users/svendaneel/okam/wt-pdffamily/WebApi.Tests/WebApi.Tests.csproj]
/Users/svendaneel/okam/wt-pdffamily/WebApi.Tests/Kassa/Cov2_TerminalP1Tests.cs(214,62): warning CS8625: Cannot convert null literal to non-nullable reference type. [/Users/svendaneel/okam/wt-pdffamily/WebApi.Tests/WebApi.Tests.csproj]
/Users/svendaneel/okam/wt-pdffamily/WebApi.Tests/Events/EventsOutboxDeliveryTests.cs(253,84): warning CS8625: Cannot convert null literal to non-nullable reference type. [/Users/svendaneel/okam/wt-pdffamily/WebApi.Tests/WebApi.Tests.csproj]
/Users/svendaneel/okam/wt-pdffamily/WebApi.Tests/Events/EventsOutboxDeliveryTests.cs(253,106): warning CS8625: Cannot convert null literal to non-nullable reference type. [/Users/svendaneel/okam/wt-pdffamily/WebApi.Tests/WebApi.Tests.csproj]
/Users/svendaneel/okam/wt-pdffamily/WebApi.Tests/Events/EventsFlagCatalogCoherenceTests.cs(91,64): warning CS8625: Cannot convert null literal to non-nullable reference type. [/Users/svendaneel/okam/wt-pdffamily/WebApi.Tests/WebApi.Tests.csproj]
/Users/svendaneel/okam/wt-pdffamily/WebApi.Tests/Events/EventsMigrationLineageTests.cs(370,16): warning CS8600: Converting null literal or possible null value to non-nullable type. [/Users/svendaneel/okam/wt-pdffamily/WebApi.Tests/WebApi.Tests.csproj]
/Users/svendaneel/okam/wt-pdffamily/WebApi.Tests/Events/EventsMigrationLineageTests.cs(370,16): warning CS8603: Possible null reference return. [/Users/svendaneel/okam/wt-pdffamily/WebApi.Tests/WebApi.Tests.csproj]
/Users/svendaneel/okam/wt-pdffamily/WebApi.Tests/Events/EventsDepositPortContract.cs(164,19): warning CS8618: Non-nullable property 'Name' must contain a non-null value when exiting constructor. Consider declaring the property as nullable. [/Users/svendaneel/okam/wt-pdffamily/WebApi.Tests/WebApi.Tests.csproj]
/Users/svendaneel/okam/wt-pdffamily/WebApi.Tests/Events/EventsDepositPortContract.cs(165,50): warning CS8618: Non-nullable property 'Drive' must contain a non-null value when exiting constructor. Consider declaring the property as nullable. [/Users/svendaneel/okam/wt-pdffamily/WebApi.Tests/WebApi.Tests.csproj]
/Users/svendaneel/okam/wt-pdffamily/WebApi.Tests/Events/EventsFakePaymentPort.cs(49,19): warning CS8618: Non-nullable property 'LastProviderReference' must contain a non-null value when exiting constructor. Consider declaring the property as nullable. [/Users/svendaneel/okam/wt-pdffamily/WebApi.Tests/WebApi.Tests.csproj]
/Users/svendaneel/okam/wt-pdffamily/WebApi.Tests/Kassa/Cov2_TerminalP1Tests.cs(404,23): warning CS8618: Non-nullable property 'WebRootPath' must contain a non-null value when exiting constructor. Consider declaring the property as nullable. [/Users/svendaneel/okam/wt-pdffamily/WebApi.Tests/WebApi.Tests.csproj]
/Users/svendaneel/okam/wt-pdffamily/WebApi.Tests/Kassa/Cov2_TerminalP1Tests.cs(405,30): warning CS8618: Non-nullable property 'WebRootFileProvider' must contain a non-null value when exiting constructor. Consider declaring the property as nullable. [/Users/svendaneel/okam/wt-pdffamily/WebApi.Tests/WebApi.Tests.csproj]
/Users/svendaneel/okam/wt-pdffamily/WebApi.Tests/Kassa/Cov2_TerminalP1Tests.cs(407,30): warning CS8618: Non-nullable property 'ContentRootFileProvider' must contain a non-null value when exiting constructor. Consider declaring the property as nullable. [/Users/svendaneel/okam/wt-pdffamily/WebApi.Tests/WebApi.Tests.csproj]
/Users/svendaneel/okam/wt-pdffamily/WebApi.Tests/Kassa/Cov2_KitchenBoardP1Tests.cs(322,20): warning CS8603: Possible null reference return. [/Users/svendaneel/okam/wt-pdffamily/WebApi.Tests/WebApi.Tests.csproj]
/Users/svendaneel/okam/wt-pdffamily/WebApi.Tests/Events/EventsDepositPortReachableStateTests.cs(203,42): warning CS8625: Cannot convert null literal to non-nullable reference type. [/Users/svendaneel/okam/wt-pdffamily/WebApi.Tests/WebApi.Tests.csproj]
/Users/svendaneel/okam/wt-pdffamily/WebApi.Tests/Workforce/WorkforceScheduleCostTests.cs(239,69): warning CS8629: Nullable value type may be null. [/Users/svendaneel/okam/wt-pdffamily/WebApi.Tests/WebApi.Tests.csproj]
/Users/svendaneel/okam/wt-pdffamily/WebApi.Tests/Workforce/WorkforceScheduleCostTests.cs(244,65): warning CS8629: Nullable value type may be null. [/Users/svendaneel/okam/wt-pdffamily/WebApi.Tests/WebApi.Tests.csproj]
/Users/svendaneel/okam/wt-pdffamily/WebApi.Tests/Workforce/WorkforceScheduleCostTests.cs(347,67): warning CS8629: Nullable value type may be null. [/Users/svendaneel/okam/wt-pdffamily/WebApi.Tests/WebApi.Tests.csproj]
/Users/svendaneel/okam/wt-pdffamily/WebApi.Tests/Workforce/WorkforceScheduleCostTests.cs(354,73): warning CS8629: Nullable value type may be null. [/Users/svendaneel/okam/wt-pdffamily/WebApi.Tests/WebApi.Tests.csproj]
/Users/svendaneel/okam/wt-pdffamily/WebApi.Tests/Workforce/WorkforceRulePackSeedTests.cs(166,32): warning CS8600: Converting null literal or possible null value to non-nullable type. [/Users/svendaneel/okam/wt-pdffamily/WebApi.Tests/WebApi.Tests.csproj]
/Users/svendaneel/okam/wt-pdffamily/WebApi.Tests/Workforce/WorkforceRulePackSeedTests.cs(167,28): warning CS8604: Possible null reference argument for parameter 'value' in 'JToken.explicit operator bool(JToken value)'. [/Users/svendaneel/okam/wt-pdffamily/WebApi.Tests/WebApi.Tests.csproj]
/Users/svendaneel/okam/wt-pdffamily/WebApi.Tests/Workforce/WorkforceRulePackSeedTests.cs(168,45): warning CS8600: Converting null literal or possible null value to non-nullable type. [/Users/svendaneel/okam/wt-pdffamily/WebApi.Tests/WebApi.Tests.csproj]
/Users/svendaneel/okam/wt-pdffamily/WebApi.Tests/Workforce/WorkforceRulePackSeedTests.cs(170,21): warning CS8600: Converting null literal or possible null value to non-nullable type. [/Users/svendaneel/okam/wt-pdffamily/WebApi.Tests/WebApi.Tests.csproj]
/Users/svendaneel/okam/wt-pdffamily/WebApi.Tests/Workforce/WorkforceRulePackSeedTests.cs(172,20): warning CS8604: Possible null reference argument for parameter 'collection' in 'void Assert.All<JToken>(IEnumerable<JToken> collection, Action<JToken> action)'. [/Users/svendaneel/okam/wt-pdffamily/WebApi.Tests/WebApi.Tests.csproj]
/Users/svendaneel/okam/wt-pdffamily/WebApi.Tests/Workforce/WorkforceRulePackSeedTests.cs(172,51): warning CS8604: Possible null reference argument for parameter 'value' in 'JToken.explicit operator bool(JToken value)'. [/Users/svendaneel/okam/wt-pdffamily/WebApi.Tests/WebApi.Tests.csproj]
/Users/svendaneel/okam/wt-pdffamily/WebApi.Tests/Workforce/WorkforceRulePackSeedTests.cs(173,66): warning CS8600: Converting null literal or possible null value to non-nullable type. [/Users/svendaneel/okam/wt-pdffamily/WebApi.Tests/WebApi.Tests.csproj]
/Users/svendaneel/okam/wt-pdffamily/WebApi.Tests/Workforce/WorkforceRulePackSeedTests.cs(181,30): warning CS8604: Possible null reference argument for parameter 'value' in 'JToken.explicit operator int(JToken value)'. [/Users/svendaneel/okam/wt-pdffamily/WebApi.Tests/WebApi.Tests.csproj]
/Users/svendaneel/okam/wt-pdffamily/WebApi.Tests/Workforce/WorkforceRulePackSeedTests.cs(184,31): warning CS8600: Converting null literal or possible null value to non-nullable type. [/Users/svendaneel/okam/wt-pdffamily/WebApi.Tests/WebApi.Tests.csproj]
/Users/svendaneel/okam/wt-pdffamily/WebApi.Tests/Workforce/WorkforceRulePackSeedTests.cs(188,31): warning CS8600: Converting null literal or possible null value to non-nullable type. [/Users/svendaneel/okam/wt-pdffamily/WebApi.Tests/WebApi.Tests.csproj]
/Users/svendaneel/okam/wt-pdffamily/WebApi.Tests/Workforce/WorkforceRulePackSeedTests.cs(189,31): warning CS8600: Converting null literal or possible null value to non-nullable type. [/Users/svendaneel/okam/wt-pdffamily/WebApi.Tests/WebApi.Tests.csproj]
/Users/svendaneel/okam/wt-pdffamily/WebApi.Tests/Workforce/WorkforceRulePackSeedTests.cs(175,48): warning CS8604: Possible null reference argument for parameter 'value' in 'JToken.explicit operator double(JToken value)'. [/Users/svendaneel/okam/wt-pdffamily/WebApi.Tests/WebApi.Tests.csproj]
/Users/svendaneel/okam/wt-pdffamily/WebApi.Tests/Workforce/WorkforceRulePackSeedTests.cs(198,27): warning CS8600: Converting null literal or possible null value to non-nullable type. [/Users/svendaneel/okam/wt-pdffamily/WebApi.Tests/WebApi.Tests.csproj]
/Users/svendaneel/okam/wt-pdffamily/WebApi.Tests/Workforce/WorkforceRateAuthoringTests.cs(275,66): warning CS8629: Nullable value type may be null. [/Users/svendaneel/okam/wt-pdffamily/WebApi.Tests/WebApi.Tests.csproj]
/Users/svendaneel/okam/wt-pdffamily/WebApi.Tests/Workforce/WorkforceRateAuthoringTests.cs(324,66): warning CS8629: Nullable value type may be null. [/Users/svendaneel/okam/wt-pdffamily/WebApi.Tests/WebApi.Tests.csproj]
/Users/svendaneel/okam/wt-pdffamily/WebApi.Tests/Workforce/WorkforceMigrationLineageTests.cs(97,23): warning CS8600: Converting null literal or possible null value to non-nullable type. [/Users/svendaneel/okam/wt-pdffamily/WebApi.Tests/WebApi.Tests.csproj]
/Users/svendaneel/okam/wt-pdffamily/WebApi.Tests/Workforce/WorkforceMigrationLineageTests.cs(97,38): warning CS8600: Converting null literal or possible null value to non-nullable type. [/Users/svendaneel/okam/wt-pdffamily/WebApi.Tests/WebApi.Tests.csproj]
/Users/svendaneel/okam/wt-pdffamily/WebApi.Tests/Workforce/WorkforceMigrationLineageTests.cs(97,51): warning CS8600: Converting null literal or possible null value to non-nullable type. [/Users/svendaneel/okam/wt-pdffamily/WebApi.Tests/WebApi.Tests.csproj]
/Users/svendaneel/okam/wt-pdffamily/WebApi.Tests/Workforce/WorkforceRateResolutionTests.cs(595,101): warning CS8625: Cannot convert null literal to non-nullable reference type. [/Users/svendaneel/okam/wt-pdffamily/WebApi.Tests/WebApi.Tests.csproj]
/Users/svendaneel/okam/wt-pdffamily/WebApi.Tests/Workforce/WorkforceRateAuthoringTests.cs(590,16): warning CS8619: Nullability of reference types in value of type '(int? StatusCode, object?)' doesn't match target type '(int? Status, object Code)'. [/Users/svendaneel/okam/wt-pdffamily/WebApi.Tests/WebApi.Tests.csproj]
/Users/svendaneel/okam/wt-pdffamily/WebApi.Tests/Workforce/WorkforceModuleGateTests.cs(95,26): warning CS8600: Converting null literal or possible null value to non-nullable type. [/Users/svendaneel/okam/wt-pdffamily/WebApi.Tests/WebApi.Tests.csproj]
/Users/svendaneel/okam/wt-pdffamily/WebApi.Tests/Workforce/WorkforceImportTestSeed.cs(76,61): warning CS8625: Cannot convert null literal to non-nullable reference type. [/Users/svendaneel/okam/wt-pdffamily/WebApi.Tests/WebApi.Tests.csproj]
/Users/svendaneel/okam/wt-pdffamily/WebApi.Tests/Workforce/WorkforceImportTestSeed.cs(77,62): warning CS8625: Cannot convert null literal to non-nullable reference type. [/Users/svendaneel/okam/wt-pdffamily/WebApi.Tests/WebApi.Tests.csproj]
/Users/svendaneel/okam/wt-pdffamily/WebApi.Tests/Workforce/WorkforceImportTestSeed.cs(81,84): warning CS8625: Cannot convert null literal to non-nullable reference type. [/Users/svendaneel/okam/wt-pdffamily/WebApi.Tests/WebApi.Tests.csproj]
/Users/svendaneel/okam/wt-pdffamily/WebApi.Tests/Workforce/WorkforceLabourBandTests.cs(331,13): warning CS8629: Nullable value type may be null. [/Users/svendaneel/okam/wt-pdffamily/WebApi.Tests/WebApi.Tests.csproj]
/Users/svendaneel/okam/wt-pdffamily/WebApi.Tests/Workforce/WorkforceMigrationLineageTests.cs(418,16): warning CS8600: Converting null literal or possible null value to non-nullable type. [/Users/svendaneel/okam/wt-pdffamily/WebApi.Tests/WebApi.Tests.csproj]
/Users/svendaneel/okam/wt-pdffamily/WebApi.Tests/Workforce/WorkforceMigrationLineageTests.cs(418,16): warning CS8603: Possible null reference return. [/Users/svendaneel/okam/wt-pdffamily/WebApi.Tests/WebApi.Tests.csproj]
/Users/svendaneel/okam/wt-pdffamily/WebApi.Tests/Workforce/WorkforceLabourBandTests.cs(519,21): warning CS8629: Nullable value type may be null. [/Users/svendaneel/okam/wt-pdffamily/WebApi.Tests/WebApi.Tests.csproj]
/Users/svendaneel/okam/wt-pdffamily/WebApi.Tests/Workforce/WorkforceLabourBandTests.cs(520,21): warning CS8629: Nullable value type may be null. [/Users/svendaneel/okam/wt-pdffamily/WebApi.Tests/WebApi.Tests.csproj]
/Users/svendaneel/okam/wt-pdffamily/WebApi.Tests/Workforce/WorkforceLabourBandTests.cs(524,32): warning CS8629: Nullable value type may be null. [/Users/svendaneel/okam/wt-pdffamily/WebApi.Tests/WebApi.Tests.csproj]
/Users/svendaneel/okam/wt-pdffamily/WebApi.Tests/Workforce/WorkforceHoursExportScenario.cs(118,41): warning CS8625: Cannot convert null literal to non-nullable reference type. [/Users/svendaneel/okam/wt-pdffamily/WebApi.Tests/WebApi.Tests.csproj]
/Users/svendaneel/okam/wt-pdffamily/WebApi.Tests/Workforce/WorkforceHarness.cs(74,49): warning CS8625: Cannot convert null literal to non-nullable reference type. [/Users/svendaneel/okam/wt-pdffamily/WebApi.Tests/WebApi.Tests.csproj]
/Users/svendaneel/okam/wt-pdffamily/WebApi.Tests/Workforce/WorkforceInvitationTests.cs(386,72): warning CS8625: Cannot convert null literal to non-nullable reference type. [/Users/svendaneel/okam/wt-pdffamily/WebApi.Tests/WebApi.Tests.csproj]
/Users/svendaneel/okam/wt-pdffamily/WebApi.Tests/Workforce/WorkforceFlagConsumptionTests.cs(65,54): warning CS8600: Converting null literal or possible null value to non-nullable type. [/Users/svendaneel/okam/wt-pdffamily/WebApi.Tests/WebApi.Tests.csproj]
/Users/svendaneel/okam/wt-pdffamily/WebApi.Tests/Workforce/WorkforceFlagCensus.cs(238,27): warning CS8604: Possible null reference argument for parameter 'code' in 'bool WorkforceFlagCensus.IsFlagRefusal(string code)'. [/Users/svendaneel/okam/wt-pdffamily/WebApi.Tests/WebApi.Tests.csproj]
/Users/svendaneel/okam/wt-pdffamily/WebApi.Tests/Workforce/WorkforceHarness.cs(108,37): warning CS8625: Cannot convert null literal to non-nullable reference type. [/Users/svendaneel/okam/wt-pdffamily/WebApi.Tests/WebApi.Tests.csproj]
/Users/svendaneel/okam/wt-pdffamily/WebApi.Tests/Workforce/WorkforceD1RaceSqlServerTests.cs(175,74): warning CS8602: Dereference of a possibly null reference. [/Users/svendaneel/okam/wt-pdffamily/WebApi.Tests/WebApi.Tests.csproj]
/Users/svendaneel/okam/wt-pdffamily/WebApi.Tests/Workforce/WorkforceClockPersonnelListJoinTests.cs(71,20): warning CS8619: Nullability of reference types in value of type '(WorkforceClockIngestResult, WorkforceProblemException?)' doesn't match target type '(WorkforceClockIngestResult result, WorkforceProblemException problem)'. [/Users/svendaneel/okam/wt-pdffamily/WebApi.Tests/WebApi.Tests.csproj]
/Users/svendaneel/okam/wt-pdffamily/WebApi.Tests/Workforce/WorkforceClockPersonnelListJoinTests.cs(75,20): warning CS8619: Nullability of reference types in value of type '(WorkforceClockIngestResult?, WorkforceProblemException ex)' doesn't match target type '(WorkforceClockIngestResult result, WorkforceProblemException problem)'. [/Users/svendaneel/okam/wt-pdffamily/WebApi.Tests/WebApi.Tests.csproj]
/Users/svendaneel/okam/wt-pdffamily/WebApi.Tests/Workforce/WorkforceExchangeTestHost.cs(62,13): warning CS0219: The variable 'storeId' is assigned but its value is never used [/Users/svendaneel/okam/wt-pdffamily/WebApi.Tests/WebApi.Tests.csproj]
/Users/svendaneel/okam/wt-pdffamily/WebApi.Tests/Workforce/WorkforceAttendanceTestHost.cs(71,96): warning CS8625: Cannot convert null literal to non-nullable reference type. [/Users/svendaneel/okam/wt-pdffamily/WebApi.Tests/WebApi.Tests.csproj]
/Users/svendaneel/okam/wt-pdffamily/WebApi.Tests/Workforce/ScheduleTenantIsolationTests.cs(31,16): warning CS8619: Nullability of reference types in value of type '(int? StatusCode, object?)' doesn't match target type '(int? Status, object Code)'. [/Users/svendaneel/okam/wt-pdffamily/WebApi.Tests/WebApi.Tests.csproj]
/Users/svendaneel/okam/wt-pdffamily/WebApi.Tests/Workforce/SchedulePublishPreconditionSignalTests.cs(58,46): warning CS8625: Cannot convert null literal to non-nullable reference type. [/Users/svendaneel/okam/wt-pdffamily/WebApi.Tests/WebApi.Tests.csproj]
/Users/svendaneel/okam/wt-pdffamily/WebApi.Tests/Workforce/SchedulePublishPreconditionSignalTests.cs(95,46): warning CS8625: Cannot convert null literal to non-nullable reference type. [/Users/svendaneel/okam/wt-pdffamily/WebApi.Tests/WebApi.Tests.csproj]
/Users/svendaneel/okam/wt-pdffamily/WebApi.Tests/Workforce/ShiftExchangeTenantIsolationTests.cs(35,16): warning CS8619: Nullability of reference types in value of type '(int? StatusCode, object?)' doesn't match target type '(int? Status, object Code)'. [/Users/svendaneel/okam/wt-pdffamily/WebApi.Tests/WebApi.Tests.csproj]
/Users/svendaneel/okam/wt-pdffamily/WebApi.Tests/Workforce/SchedulePublishPreconditionSignalTests.cs(122,46): warning CS8625: Cannot convert null literal to non-nullable reference type. [/Users/svendaneel/okam/wt-pdffamily/WebApi.Tests/WebApi.Tests.csproj]
/Users/svendaneel/okam/wt-pdffamily/WebApi.Tests/Workforce/SchedulePublishPreconditionSignalTests.cs(137,46): warning CS8625: Cannot convert null literal to non-nullable reference type. [/Users/svendaneel/okam/wt-pdffamily/WebApi.Tests/WebApi.Tests.csproj]
/Users/svendaneel/okam/wt-pdffamily/WebApi.Tests/Workforce/ShiftExchangeOneAwardRaceSqlServerTests.cs(178,45): warning CS8625: Cannot convert null literal to non-nullable reference type. [/Users/svendaneel/okam/wt-pdffamily/WebApi.Tests/WebApi.Tests.csproj]
/Users/svendaneel/okam/wt-pdffamily/WebApi.Tests/Workforce/SchedulePublishSqlServerTests.cs(175,28): warning CS8602: Dereference of a possibly null reference. [/Users/svendaneel/okam/wt-pdffamily/WebApi.Tests/WebApi.Tests.csproj]
/Users/svendaneel/okam/wt-pdffamily/WebApi.Tests/Workforce/PublicationAcknowledgementRaceSqlServerTests.cs(83,48): warning CS8625: Cannot convert null literal to non-nullable reference type. [/Users/svendaneel/okam/wt-pdffamily/WebApi.Tests/WebApi.Tests.csproj]
/Users/svendaneel/okam/wt-pdffamily/WebApi.Tests/Workforce/PublicationAcknowledgementRaceSqlServerTests.cs(141,45): warning CS8625: Cannot convert null literal to non-nullable reference type. [/Users/svendaneel/okam/wt-pdffamily/WebApi.Tests/WebApi.Tests.csproj]
/Users/svendaneel/okam/wt-pdffamily/WebApi.Tests/Workforce/PublicationAcknowledgementRaceSqlServerTests.cs(145,32): warning CS8625: Cannot convert null literal to non-nullable reference type. [/Users/svendaneel/okam/wt-pdffamily/WebApi.Tests/WebApi.Tests.csproj]
/Users/svendaneel/okam/wt-pdffamily/WebApi.Tests/Workforce/SchedulePublishSqlServerTests.cs(229,71): warning CS8600: Converting null literal or possible null value to non-nullable type. [/Users/svendaneel/okam/wt-pdffamily/WebApi.Tests/WebApi.Tests.csproj]
/Users/svendaneel/okam/wt-pdffamily/WebApi.Tests/Workforce/ScheduleExternalCommitmentsTests.cs(378,20): warning CS8619: Nullability of reference types in value of type '(int? StatusCode, object?)' doesn't match target type '(int? Status, object Code)'. [/Users/svendaneel/okam/wt-pdffamily/WebApi.Tests/WebApi.Tests.csproj]
/Users/svendaneel/okam/wt-pdffamily/WebApi.Tests/Workforce/NorwayWorkTimePolicyTests.cs(45,13): warning CS8600: Converting null literal or possible null value to non-nullable type. [/Users/svendaneel/okam/wt-pdffamily/WebApi.Tests/WebApi.Tests.csproj]
/Users/svendaneel/okam/wt-pdffamily/WebApi.Tests/Workforce/NorwayWorkTimePolicyTests.cs(45,13): warning CS8602: Dereference of a possibly null reference. [/Users/svendaneel/okam/wt-pdffamily/WebApi.Tests/WebApi.Tests.csproj]
/Users/svendaneel/okam/wt-pdffamily/WebApi.Tests/Workforce/PosClockSurfaceTests.cs(246,22): warning CS8625: Cannot convert null literal to non-nullable reference type. [/Users/svendaneel/okam/wt-pdffamily/WebApi.Tests/WebApi.Tests.csproj]
/Users/svendaneel/okam/wt-pdffamily/WebApi.Tests/Workforce/IdentityCodeRegisterTests.cs(131,84): warning CS8625: Cannot convert null literal to non-nullable reference type. [/Users/svendaneel/okam/wt-pdffamily/WebApi.Tests/WebApi.Tests.csproj]
/Users/svendaneel/okam/wt-pdffamily/WebApi.Tests/Workforce/WorkforceEndToEndJourneyTests.cs(727,89): warning CS8625: Cannot convert null literal to non-nullable reference type. [/Users/svendaneel/okam/wt-pdffamily/WebApi.Tests/WebApi.Tests.csproj]
/Users/svendaneel/okam/wt-pdffamily/WebApi.Tests/Workforce/HoursExportTests.cs(81,39): warning CS8604: Possible null reference argument for parameter 'path' in 'DirectoryInfo Directory.CreateDirectory(string path)'. [/Users/svendaneel/okam/wt-pdffamily/WebApi.Tests/WebApi.Tests.csproj]
/Users/svendaneel/okam/wt-pdffamily/WebApi.Tests/Workforce/PosClockSurfaceTests.cs(427,29): warning CS8625: Cannot convert null literal to non-nullable reference type. [/Users/svendaneel/okam/wt-pdffamily/WebApi.Tests/WebApi.Tests.csproj]
/Users/svendaneel/okam/wt-pdffamily/WebApi.Tests/Workforce/PersonnelListProjectionTests.cs(323,86): warning CS8629: Nullable value type may be null. [/Users/svendaneel/okam/wt-pdffamily/WebApi.Tests/WebApi.Tests.csproj]
/Users/svendaneel/okam/wt-pdffamily/WebApi.Tests/Workforce/HoursExportTenantIsolationTests.cs(271,16): warning CS8619: Nullability of reference types in value of type '(int? StatusCode, object?)' doesn't match target type '(int? Status, object Code)'. [/Users/svendaneel/okam/wt-pdffamily/WebApi.Tests/WebApi.Tests.csproj]
/Users/svendaneel/okam/wt-pdffamily/WebApi.Tests/Workforce/CompetingActiveEngagementInterceptor.cs(54,12): warning CS8618: Non-nullable field '_observedViolation' must contain a non-null value when exiting constructor. Consider declaring the field as nullable. [/Users/svendaneel/okam/wt-pdffamily/WebApi.Tests/WebApi.Tests.csproj]
/Users/svendaneel/okam/wt-pdffamily/WebApi.Tests/Workforce/CompetingPersonLoginInterceptor.cs(54,24): warning CS8600: Converting null literal or possible null value to non-nullable type. [/Users/svendaneel/okam/wt-pdffamily/WebApi.Tests/WebApi.Tests.csproj]
/Users/svendaneel/okam/wt-pdffamily/WebApi.Tests/Workforce/CompetingPersonLoginInterceptor.cs(54,24): warning CS8604: Possible null reference argument for parameter 'connection' in 'DbContextOptionsBuilder<ApplicationDbContext> SqliteDbContextOptionsBuilderExtensions.UseSqlite<ApplicationDbContext>(DbContextOptionsBuilder<ApplicationDbContext> optionsBuilder, DbConnection connection, Action<SqliteDbContextOptionsBuilder>? sqliteOptionsAction = null)'. [/Users/svendaneel/okam/wt-pdffamily/WebApi.Tests/WebApi.Tests.csproj]
/Users/svendaneel/okam/wt-pdffamily/WebApi.Tests/Workforce/ClockOpenSessionConcurrencyTests.cs(58,20): warning CS8619: Nullability of reference types in value of type '(WorkforceClockIngestResult, WorkforceProblemException?)' doesn't match target type '(WorkforceClockIngestResult result, WorkforceProblemException problem)'. [/Users/svendaneel/okam/wt-pdffamily/WebApi.Tests/WebApi.Tests.csproj]
/Users/svendaneel/okam/wt-pdffamily/WebApi.Tests/Workforce/ClockOpenSessionConcurrencyTests.cs(62,20): warning CS8619: Nullability of reference types in value of type '(WorkforceClockIngestResult?, WorkforceProblemException ex)' doesn't match target type '(WorkforceClockIngestResult result, WorkforceProblemException problem)'. [/Users/svendaneel/okam/wt-pdffamily/WebApi.Tests/WebApi.Tests.csproj]
/Users/svendaneel/okam/wt-pdffamily/WebApi.Tests/Workforce/CompetingAwardCommitInterceptor.cs(53,24): warning CS8600: Converting null literal or possible null value to non-nullable type. [/Users/svendaneel/okam/wt-pdffamily/WebApi.Tests/WebApi.Tests.csproj]
/Users/svendaneel/okam/wt-pdffamily/WebApi.Tests/Workforce/CompetingAwardCommitInterceptor.cs(53,24): warning CS8604: Possible null reference argument for parameter 'connection' in 'DbContextOptionsBuilder<ApplicationDbContext> SqliteDbContextOptionsBuilderExtensions.UseSqlite<ApplicationDbContext>(DbContextOptionsBuilder<ApplicationDbContext> optionsBuilder, DbConnection connection, Action<SqliteDbContextOptionsBuilder>? sqliteOptionsAction = null)'. [/Users/svendaneel/okam/wt-pdffamily/WebApi.Tests/WebApi.Tests.csproj]
/Users/svendaneel/okam/wt-pdffamily/WebApi.Tests/Workforce/AttendanceAdjustmentTests.cs(135,98): warning CS8629: Nullable value type may be null. [/Users/svendaneel/okam/wt-pdffamily/WebApi.Tests/WebApi.Tests.csproj]
/Users/svendaneel/okam/wt-pdffamily/WebApi.Tests/Workforce/AttendanceAdjustmentTests.cs(202,99): warning CS8625: Cannot convert null literal to non-nullable reference type. [/Users/svendaneel/okam/wt-pdffamily/WebApi.Tests/WebApi.Tests.csproj]
/Users/svendaneel/okam/wt-pdffamily/WebApi.Tests/Events/EventsDepositVippsRailTests.cs(314,49): warning CS8618: Non-nullable field 'Details' must contain a non-null value when exiting constructor. Consider declaring the field as nullable. [/Users/svendaneel/okam/wt-pdffamily/WebApi.Tests/WebApi.Tests.csproj]
/Users/svendaneel/okam/wt-pdffamily/WebApi.Tests/Training/TrainingContentHashIntegrityTests.cs(297,71): warning CS8602: Dereference of a possibly null reference. [/Users/svendaneel/okam/wt-pdffamily/WebApi.Tests/WebApi.Tests.csproj]
/Users/svendaneel/okam/wt-pdffamily/WebApi.Tests/Training/TrainingCourseVersionImmutabilityTests.cs(145,16): warning CS8603: Possible null reference return. [/Users/svendaneel/okam/wt-pdffamily/WebApi.Tests/WebApi.Tests.csproj]
/Users/svendaneel/okam/wt-pdffamily/WebApi.Tests/Training/TrainingDerivedVerdictTests.cs(393,16): warning CS8603: Possible null reference return. [/Users/svendaneel/okam/wt-pdffamily/WebApi.Tests/WebApi.Tests.csproj]
/Users/svendaneel/okam/wt-pdffamily/WebApi.Tests/Wire/WorkforceWireTests.cs(456,16): warning CS8603: Possible null reference return. [/Users/svendaneel/okam/wt-pdffamily/WebApi.Tests/WebApi.Tests.csproj]
/Users/svendaneel/okam/wt-pdffamily/WebApi.Tests/Training/TrainingCertificateExpiryProjectionTests.cs(257,37): warning CS8629: Nullable value type may be null. [/Users/svendaneel/okam/wt-pdffamily/WebApi.Tests/WebApi.Tests.csproj]
/Users/svendaneel/okam/wt-pdffamily/WebApi.Tests/Wire/WireTestDoubles.cs(129,12): warning CS8619: Nullability of reference types in value of type 'Task<T?>' doesn't match target type 'Task<T>'. [/Users/svendaneel/okam/wt-pdffamily/WebApi.Tests/WebApi.Tests.csproj]
/Users/svendaneel/okam/wt-pdffamily/WebApi.Tests/Wire/WireTestDoubles.cs(133,24): warning CS8601: Possible null reference assignment. [/Users/svendaneel/okam/wt-pdffamily/WebApi.Tests/WebApi.Tests.csproj]
/Users/svendaneel/okam/wt-pdffamily/WebApi.Tests/Wire/WireTestDoubles.cs(102,100): warning CS8625: Cannot convert null literal to non-nullable reference type. [/Users/svendaneel/okam/wt-pdffamily/WebApi.Tests/WebApi.Tests.csproj]
/Users/svendaneel/okam/wt-pdffamily/WebApi.Tests/Wire/WireTestDoubles.cs(111,49): warning CS8625: Cannot convert null literal to non-nullable reference type. [/Users/svendaneel/okam/wt-pdffamily/WebApi.Tests/WebApi.Tests.csproj]
/Users/svendaneel/okam/wt-pdffamily/WebApi.Tests/Training/TrainingHarness.cs(58,48): warning CS8625: Cannot convert null literal to non-nullable reference type. [/Users/svendaneel/okam/wt-pdffamily/WebApi.Tests/WebApi.Tests.csproj]
/Users/svendaneel/okam/wt-pdffamily/WebApi.Tests/Training/TrainingHarness.cs(93,36): warning CS8625: Cannot convert null literal to non-nullable reference type. [/Users/svendaneel/okam/wt-pdffamily/WebApi.Tests/WebApi.Tests.csproj]
/Users/svendaneel/okam/wt-pdffamily/WebApi.Tests/Wire/WireTestDoubles.cs(54,22): warning CS8618: Non-nullable property 'FailConfirmationCodeSend' must contain a non-null value when exiting constructor. Consider declaring the property as nullable. [/Users/svendaneel/okam/wt-pdffamily/WebApi.Tests/WebApi.Tests.csproj]
/Users/svendaneel/okam/wt-pdffamily/WebApi.Tests/Training/TrainingFlagConsumptionTests.cs(92,54): warning CS8600: Converting null literal or possible null value to non-nullable type. [/Users/svendaneel/okam/wt-pdffamily/WebApi.Tests/WebApi.Tests.csproj]
/Users/svendaneel/okam/wt-pdffamily/WebApi.Tests/Wire/ArbitraryAddressMailRateLimitWireTests.cs(201,16): warning CS8603: Possible null reference return. [/Users/svendaneel/okam/wt-pdffamily/WebApi.Tests/WebApi.Tests.csproj]
/Users/svendaneel/okam/wt-pdffamily/WebApi.Tests/Training/TrainingFlagCensusCoverageTests.cs(107,44): warning CS8604: Possible null reference argument for parameter 'template' in 'string TrainingFlagCensusCoverageTests.Canonical(string verb, string template)'. [/Users/svendaneel/okam/wt-pdffamily/WebApi.Tests/WebApi.Tests.csproj]
/Users/svendaneel/okam/wt-pdffamily/WebApi.Tests/Wire/ArbitraryAddressMailRateLimitWireTests.cs(209,16): warning CS8603: Possible null reference return. [/Users/svendaneel/okam/wt-pdffamily/WebApi.Tests/WebApi.Tests.csproj]
/Users/svendaneel/okam/wt-pdffamily/WebApi.Tests/Training/TrainingLineageCatalog.cs(29,24): warning CS8604: Possible null reference argument for parameter 'item' in 'void List<string>.Add(string item)'. [/Users/svendaneel/okam/wt-pdffamily/WebApi.Tests/WebApi.Tests.csproj]
/Users/svendaneel/okam/wt-pdffamily/WebApi.Tests/Wire/WireHostFixture.cs(371,68): warning CS8604: Possible null reference argument for parameter 's' in 'byte[] Encoding.GetBytes(string s)'. [/Users/svendaneel/okam/wt-pdffamily/WebApi.Tests/WebApi.Tests.csproj]
/Users/svendaneel/okam/wt-pdffamily/WebApi.Tests/Training/TrainingLineageCatalog.cs(44,16): warning CS8600: Converting null literal or possible null value to non-nullable type. [/Users/svendaneel/okam/wt-pdffamily/WebApi.Tests/WebApi.Tests.csproj]
/Users/svendaneel/okam/wt-pdffamily/WebApi.Tests/Training/TrainingLineageCatalog.cs(44,16): warning CS8603: Possible null reference return. [/Users/svendaneel/okam/wt-pdffamily/WebApi.Tests/WebApi.Tests.csproj]
/Users/svendaneel/okam/wt-pdffamily/WebApi.Tests/Training/TrainingServiceKit.cs(122,13): warning CS8625: Cannot convert null literal to non-nullable reference type. [/Users/svendaneel/okam/wt-pdffamily/WebApi.Tests/WebApi.Tests.csproj]
/Users/svendaneel/okam/wt-pdffamily/WebApi.Tests/Wire/EventsGuestOriginConfigurationWireTests.cs(52,27): warning CS8604: Possible null reference argument for parameter 'uriString' in 'Uri.Uri(string uriString, UriKind uriKind)'. [/Users/svendaneel/okam/wt-pdffamily/WebApi.Tests/WebApi.Tests.csproj]
/Users/svendaneel/okam/wt-pdffamily/WebApi.Tests/Training/TrainingLineageCatalog.cs(123,20): warning CS8619: Nullability of reference types in value of type '(bool, bool, string?, string?)' doesn't match target type '(bool Found, bool Disabled, string Events, string Definition)'. [/Users/svendaneel/okam/wt-pdffamily/WebApi.Tests/WebApi.Tests.csproj]
/Users/svendaneel/okam/wt-pdffamily/WebApi.Tests/Training/TrainingLineageCatalog.cs(124,16): warning CS8619: Nullability of reference types in value of type '(bool, bool, string?, string?)' doesn't match target type '(bool Found, bool Disabled, string Events, string Definition)'. [/Users/svendaneel/okam/wt-pdffamily/WebApi.Tests/WebApi.Tests.csproj]
/Users/svendaneel/okam/wt-pdffamily/WebApi.Tests/Wire/EmailConfirmationFailureWireTests.cs(124,45): warning CS8625: Cannot convert null literal to non-nullable reference type. [/Users/svendaneel/okam/wt-pdffamily/WebApi.Tests/WebApi.Tests.csproj]
/Users/svendaneel/okam/wt-pdffamily/WebApi.Tests/Wire/EmailConfirmationFailureWireTests.cs(147,16): warning CS8603: Possible null reference return. [/Users/svendaneel/okam/wt-pdffamily/WebApi.Tests/WebApi.Tests.csproj]
/Users/svendaneel/okam/wt-pdffamily/WebApi.Tests/Wire/WireHost.cs(653,19): warning CS8618: Non-nullable property 'EndpointAddress' must contain a non-null value when exiting constructor. Consider declaring the property as nullable. [/Users/svendaneel/okam/wt-pdffamily/WebApi.Tests/WebApi.Tests.csproj]
/Users/svendaneel/okam/wt-pdffamily/WebApi.Tests/Wire/WireHost.cs(630,73): warning CS8625: Cannot convert null literal to non-nullable reference type. [/Users/svendaneel/okam/wt-pdffamily/WebApi.Tests/WebApi.Tests.csproj]
/Users/svendaneel/okam/wt-pdffamily/WebApi.Tests/Wire/WireHost.cs(636,54): warning CS8625: Cannot convert null literal to non-nullable reference type. [/Users/svendaneel/okam/wt-pdffamily/WebApi.Tests/WebApi.Tests.csproj]
/Users/svendaneel/okam/wt-pdffamily/WebApi.Tests/Training/TrainingFeatureFlagCompositionTests.cs(29,30): warning CS8618: Non-nullable field '_connection' must contain a non-null value when exiting constructor. Consider declaring the field as nullable. [/Users/svendaneel/okam/wt-pdffamily/WebApi.Tests/WebApi.Tests.csproj]
/Users/svendaneel/okam/wt-pdffamily/WebApi.Tests/Training/TrainingFeatureFlagCompositionTests.cs(30,29): warning CS8618: Non-nullable field '_provider' must contain a non-null value when exiting constructor. Consider declaring the field as nullable. [/Users/svendaneel/okam/wt-pdffamily/WebApi.Tests/WebApi.Tests.csproj]
/Users/svendaneel/okam/wt-pdffamily/WebApi.Tests/Wire/WireHost.cs(106,12): warning CS8618: Non-nullable property 'Registrations' must contain a non-null value when exiting constructor. Consider declaring the property as nullable. [/Users/svendaneel/okam/wt-pdffamily/WebApi.Tests/WebApi.Tests.csproj]
/Users/svendaneel/okam/wt-pdffamily/WebApi.Tests/Wire/EventsDietaryRunSheetWireTests.cs(297,26): warning CS8600: Converting null literal or possible null value to non-nullable type. [/Users/svendaneel/okam/wt-pdffamily/WebApi.Tests/WebApi.Tests.csproj]
/Users/svendaneel/okam/wt-pdffamily/WebApi.Tests/Wire/WireHost.cs(140,49): warning CS8620: Argument of type 'IEnumerable<KeyValuePair<string, string>>' cannot be used for parameter 'initialData' of type 'IEnumerable<KeyValuePair<string, string?>>' in 'IConfigurationBuilder MemoryConfigurationBuilderExtensions.AddInMemoryCollection(IConfigurationBuilder configurationBuilder, IEnumerable<KeyValuePair<string, string?>>? initialData)' due to differences in the nullability of reference types. [/Users/svendaneel/okam/wt-pdffamily/WebApi.Tests/WebApi.Tests.csproj]
/Users/svendaneel/okam/wt-pdffamily/WebApi.Tests/Wire/EventsDietaryRunSheetWireTests.cs(342,13): warning CS8602: Dereference of a possibly null reference. [/Users/svendaneel/okam/wt-pdffamily/WebApi.Tests/WebApi.Tests.csproj]
/Users/svendaneel/okam/wt-pdffamily/WebApi.Tests/Wire/EventsDietaryRunSheetWireTests.cs(343,13): warning CS8602: Dereference of a possibly null reference. [/Users/svendaneel/okam/wt-pdffamily/WebApi.Tests/WebApi.Tests.csproj]
/Users/svendaneel/okam/wt-pdffamily/WebApi.Tests/Wire/GrowthDispatchActorWireTests.cs(319,68): warning CS8604: Possible null reference argument for parameter 's' in 'byte[] Encoding.GetBytes(string s)'. [/Users/svendaneel/okam/wt-pdffamily/WebApi.Tests/WebApi.Tests.csproj]
/Users/svendaneel/okam/wt-pdffamily/WebApi.Tests/Wire/GrowthAuditWireTests.cs(178,16): warning CS8603: Possible null reference return. [/Users/svendaneel/okam/wt-pdffamily/WebApi.Tests/WebApi.Tests.csproj]
/Users/svendaneel/okam/wt-pdffamily/WebApi.Tests/Wire/EventsDietaryRunSheetWireTests.cs(353,17): warning CS8604: Possible null reference argument for parameter 'Section' in 'Item.Item(string Section, int SortOrder, string TimeLabel, string Body, string QuantityLabel)'. [/Users/svendaneel/okam/wt-pdffamily/WebApi.Tests/WebApi.Tests.csproj]
/Users/svendaneel/okam/wt-pdffamily/WebApi.Tests/Wire/EventsDietaryRunSheetWireTests.cs(355,17): warning CS8604: Possible null reference argument for parameter 'TimeLabel' in 'Item.Item(string Section, int SortOrder, string TimeLabel, string Body, string QuantityLabel)'. [/Users/svendaneel/okam/wt-pdffamily/WebApi.Tests/WebApi.Tests.csproj]
/Users/svendaneel/okam/wt-pdffamily/WebApi.Tests/Wire/EventsDietaryRunSheetWireTests.cs(356,17): warning CS8604: Possible null reference argument for parameter 'Body' in 'Item.Item(string Section, int SortOrder, string TimeLabel, string Body, string QuantityLabel)'. [/Users/svendaneel/okam/wt-pdffamily/WebApi.Tests/WebApi.Tests.csproj]
/Users/svendaneel/okam/wt-pdffamily/WebApi.Tests/Wire/EventsDietaryRunSheetWireTests.cs(357,17): warning CS8604: Possible null reference argument for parameter 'QuantityLabel' in 'Item.Item(string Section, int SortOrder, string TimeLabel, string Body, string QuantityLabel)'. [/Users/svendaneel/okam/wt-pdffamily/WebApi.Tests/WebApi.Tests.csproj]
/Users/svendaneel/okam/wt-pdffamily/WebApi.Tests/Wire/WireHost.cs(356,16): warning CS8603: Possible null reference return. [/Users/svendaneel/okam/wt-pdffamily/WebApi.Tests/WebApi.Tests.csproj]
/Users/svendaneel/okam/wt-pdffamily/WebApi.Tests/Wire/WireHost.cs(404,47): warning CS8600: Converting null literal or possible null value to non-nullable type. [/Users/svendaneel/okam/wt-pdffamily/WebApi.Tests/WebApi.Tests.csproj]
/Users/svendaneel/okam/wt-pdffamily/WebApi.Tests/Wire/WireHost.cs(439,13): warning CS0618: 'ApplicationInsightsServiceOptions.InstrumentationKey' is obsolete: 'InstrumentationKey based global ingestion is being deprecated. Use ApplicationInsightsServiceOptions.ConnectionString. See https://github.com/microsoft/ApplicationInsights-dotnet/issues/2560 for more details.' [/Users/svendaneel/okam/wt-pdffamily/WebApi.Tests/WebApi.Tests.csproj]
/Users/svendaneel/okam/wt-pdffamily/WebApi.Tests/Wire/GrowthPlatformSurfacesWireTests.cs(264,16): warning CS8603: Possible null reference return. [/Users/svendaneel/okam/wt-pdffamily/WebApi.Tests/WebApi.Tests.csproj]
/Users/svendaneel/okam/wt-pdffamily/WebApi.Tests/Wire/GrowthPrivacyNoticeDeliveryWireTests.cs(192,16): warning CS8603: Possible null reference return. [/Users/svendaneel/okam/wt-pdffamily/WebApi.Tests/WebApi.Tests.csproj]
/Users/svendaneel/okam/wt-pdffamily/WebApi.Tests/Wire/GrowthPrivacyNoticeDeliveryWireTests.cs(207,16): warning CS8603: Possible null reference return. [/Users/svendaneel/okam/wt-pdffamily/WebApi.Tests/WebApi.Tests.csproj]
/Users/svendaneel/okam/wt-pdffamily/WebApi.Tests/Wire/InvalidModelStateWireTests.cs(78,42): warning CS8604: Possible null reference argument for parameter 'value' in 'LogLevel Enum.Parse<LogLevel>(string value, bool ignoreCase)'. [/Users/svendaneel/okam/wt-pdffamily/WebApi.Tests/WebApi.Tests.csproj]
/Users/svendaneel/okam/wt-pdffamily/WebApi.Tests/Wire/InvalidModelStateWireTests.cs(80,13): warning CS8604: Possible null reference argument for parameter 'value' in 'LogLevel Enum.Parse<LogLevel>(string value, bool ignoreCase)'. [/Users/svendaneel/okam/wt-pdffamily/WebApi.Tests/WebApi.Tests.csproj]
/Users/svendaneel/okam/wt-pdffamily/WebApi.Tests/Wire/GrowthConsentAdminWireTests.cs(239,89): warning CS8604: Possible null reference argument for parameter 'input' in 'DateTimeOffset DateTimeOffset.Parse(string input)'. [/Users/svendaneel/okam/wt-pdffamily/WebApi.Tests/WebApi.Tests.csproj]
/Users/svendaneel/okam/wt-pdffamily/WebApi.Tests/Wire/GrowthWebhookAuthWireTests.cs(144,95): warning CS8625: Cannot convert null literal to non-nullable reference type. [/Users/svendaneel/okam/wt-pdffamily/WebApi.Tests/WebApi.Tests.csproj]
/Users/svendaneel/okam/wt-pdffamily/WebApi.Tests/Wire/MarginWireTests.cs(214,16): warning CS8603: Possible null reference return. [/Users/svendaneel/okam/wt-pdffamily/WebApi.Tests/WebApi.Tests.csproj]
/Users/svendaneel/okam/wt-pdffamily/WebApi.Tests/Wire/GrowthConsentAdminWireTests.cs(399,16): warning CS8603: Possible null reference return. [/Users/svendaneel/okam/wt-pdffamily/WebApi.Tests/WebApi.Tests.csproj]
/Users/svendaneel/okam/wt-pdffamily/WebApi.Tests/Wire/MealsGateDeploymentWireTests.cs(138,12): warning CS8603: Possible null reference return. [/Users/svendaneel/okam/wt-pdffamily/WebApi.Tests/WebApi.Tests.csproj]
/Users/svendaneel/okam/wt-pdffamily/WebApi.Tests/Wire/MealsVenueReachabilityWireTests.cs(63,29): warning CS8600: Converting null literal or possible null value to non-nullable type. [/Users/svendaneel/okam/wt-pdffamily/WebApi.Tests/WebApi.Tests.csproj]
/Users/svendaneel/okam/wt-pdffamily/WebApi.Tests/Wire/MealsVenueReachabilityWireTests.cs(70,34): warning CS8602: Dereference of a possibly null reference. [/Users/svendaneel/okam/wt-pdffamily/WebApi.Tests/WebApi.Tests.csproj]
/Users/svendaneel/okam/wt-pdffamily/WebApi.Tests/Wire/MealsGateDeploymentWireTests.cs(146,16): warning CS8603: Possible null reference return. [/Users/svendaneel/okam/wt-pdffamily/WebApi.Tests/WebApi.Tests.csproj]
/Users/svendaneel/okam/wt-pdffamily/WebApi.Tests/Wire/GrowthWebhookAuthWireTests.cs(531,16): warning CS8603: Possible null reference return. [/Users/svendaneel/okam/wt-pdffamily/WebApi.Tests/WebApi.Tests.csproj]
/Users/svendaneel/okam/wt-pdffamily/WebApi.Tests/Wire/MealsVenueReachabilityWireTests.cs(346,60): warning CS8625: Cannot convert null literal to non-nullable reference type. [/Users/svendaneel/okam/wt-pdffamily/WebApi.Tests/WebApi.Tests.csproj]
/Users/svendaneel/okam/wt-pdffamily/WebApi.Tests/Wire/MealsVenueReachabilityWireTests.cs(294,27): warning CS8618: Non-nullable property 'Template' must contain a non-null value when exiting constructor. Consider declaring the property as nullable. [/Users/svendaneel/okam/wt-pdffamily/WebApi.Tests/WebApi.Tests.csproj]
/Users/svendaneel/okam/wt-pdffamily/WebApi.Tests/Wire/MealsVenueReachabilityWireTests.cs(296,27): warning CS8618: Non-nullable property 'Verb' must contain a non-null value when exiting constructor. Consider declaring the property as nullable. [/Users/svendaneel/okam/wt-pdffamily/WebApi.Tests/WebApi.Tests.csproj]
/Users/svendaneel/okam/wt-pdffamily/WebApi.Tests/Wire/MealsVenueReachabilityWireTests.cs(298,27): warning CS8618: Non-nullable property 'Url' must contain a non-null value when exiting constructor. Consider declaring the property as nullable. [/Users/svendaneel/okam/wt-pdffamily/WebApi.Tests/WebApi.Tests.csproj]
/Users/svendaneel/okam/wt-pdffamily/WebApi.Tests/Wire/MealsVenueReachabilityWireTests.cs(302,27): warning CS8618: Non-nullable property 'Body' must contain a non-null value when exiting constructor. Consider declaring the property as nullable. [/Users/svendaneel/okam/wt-pdffamily/WebApi.Tests/WebApi.Tests.csproj]
/Users/svendaneel/okam/wt-pdffamily/WebApi.Tests/Wire/GrowthPublicIntakeWireTests.cs(321,16): warning CS8603: Possible null reference return. [/Users/svendaneel/okam/wt-pdffamily/WebApi.Tests/WebApi.Tests.csproj]
/Users/svendaneel/okam/wt-pdffamily/WebApi.Tests/Wire/MealsVenueReachabilityWireTests.cs(319,54): warning CS8603: Possible null reference return. [/Users/svendaneel/okam/wt-pdffamily/WebApi.Tests/WebApi.Tests.csproj]
/Users/svendaneel/okam/wt-pdffamily/WebApi.Tests/Wire/MealsQuoteReleaseWireTests.cs(316,100): warning CS8625: Cannot convert null literal to non-nullable reference type. [/Users/svendaneel/okam/wt-pdffamily/WebApi.Tests/WebApi.Tests.csproj]
/Users/svendaneel/okam/wt-pdffamily/WebApi.Tests/Wire/MealsQuoteReleaseWireTests.cs(327,16): warning CS8603: Possible null reference return. [/Users/svendaneel/okam/wt-pdffamily/WebApi.Tests/WebApi.Tests.csproj]
/Users/svendaneel/okam/wt-pdffamily/WebApi.Tests/Wire/MealsAgreementWireTests.cs(188,89): warning CS8625: Cannot convert null literal to non-nullable reference type. [/Users/svendaneel/okam/wt-pdffamily/WebApi.Tests/WebApi.Tests.csproj]
/Users/svendaneel/okam/wt-pdffamily/WebApi.Tests/Wire/MealsQuoteReleaseWireTests.cs(333,16): warning CS8603: Possible null reference return. [/Users/svendaneel/okam/wt-pdffamily/WebApi.Tests/WebApi.Tests.csproj]
/Users/svendaneel/okam/wt-pdffamily/WebApi.Tests/Wire/WireHost.cs(582,70): warning CS8604: Possible null reference argument for parameter 'clientName' in 'DenyOutboundHttpHandler.DenyOutboundHttpHandler(string clientName)'. [/Users/svendaneel/okam/wt-pdffamily/WebApi.Tests/WebApi.Tests.csproj]
/Users/svendaneel/okam/wt-pdffamily/WebApi.Tests/Wire/GrowthDispatchActorWireTests.cs(233,16): warning CS8603: Possible null reference return. [/Users/svendaneel/okam/wt-pdffamily/WebApi.Tests/WebApi.Tests.csproj]
/Users/svendaneel/okam/wt-pdffamily/WebApi.Tests/Wire/MealsAgreementWireTests.cs(290,16): warning CS8603: Possible null reference return. [/Users/svendaneel/okam/wt-pdffamily/WebApi.Tests/WebApi.Tests.csproj]
/Users/svendaneel/okam/wt-pdffamily/WebApi.Tests/Wire/TrainingWireTests.cs(201,69): warning CS8600: Converting null literal or possible null value to non-nullable type. [/Users/svendaneel/okam/wt-pdffamily/WebApi.Tests/WebApi.Tests.csproj]
/Users/svendaneel/okam/wt-pdffamily/WebApi.Tests/Wire/MealsFundedCheckoutWireTests.cs(254,65): warning CS8604: Possible null reference argument for parameter 'reservationToken' in 'Task<HttpResponseMessage> MealsFundedCheckoutWireFixture.CompleteAsync(HttpClient client, string reservationToken)'. [/Users/svendaneel/okam/wt-pdffamily/WebApi.Tests/WebApi.Tests.csproj]
/Users/svendaneel/okam/wt-pdffamily/WebApi.Tests/Wire/RequestBodyTelemetryPinTests.cs(125,12): warning CS8603: Possible null reference return. [/Users/svendaneel/okam/wt-pdffamily/WebApi.Tests/WebApi.Tests.csproj]
/Users/svendaneel/okam/wt-pdffamily/WebApi.Tests/Wire/RequestBodyTelemetryPinTests.cs(232,12): warning CS8619: Nullability of reference types in value of type 'object?[]' doesn't match target type 'object[]'. [/Users/svendaneel/okam/wt-pdffamily/WebApi.Tests/WebApi.Tests.csproj]
/Users/svendaneel/okam/wt-pdffamily/WebApi.Tests/Wire/MealsWireTests.cs(216,16): warning CS8603: Possible null reference return. [/Users/svendaneel/okam/wt-pdffamily/WebApi.Tests/WebApi.Tests.csproj]
/Users/svendaneel/okam/wt-pdffamily/WebApi.Tests/Wire/RequestBodyTelemetryPinTests.cs(322,22): warning CS8604: Possible null reference argument for parameter 'node' in 'void RequestBodyTelemetryPinTests.Walk(object node, List<string> found, HashSet<object> seen, int depth)'. [/Users/svendaneel/okam/wt-pdffamily/WebApi.Tests/WebApi.Tests.csproj]
/Users/svendaneel/okam/wt-pdffamily/WebApi.Tests/Wire/RequestBodyTelemetryPinTests.cs(353,25): warning CS8600: Converting null literal or possible null value to non-nullable type. [/Users/svendaneel/okam/wt-pdffamily/WebApi.Tests/WebApi.Tests.csproj]
/Users/svendaneel/okam/wt-pdffamily/WebApi.Tests/Wire/RequestBodyTelemetryPinTests.cs(360,18): warning CS8604: Possible null reference argument for parameter 'node' in 'void RequestBodyTelemetryPinTests.Walk(object node, List<string> found, HashSet<object> seen, int depth)'. [/Users/svendaneel/okam/wt-pdffamily/WebApi.Tests/WebApi.Tests.csproj]
/Users/svendaneel/okam/wt-pdffamily/WebApi.Tests/Wire/WireContainmentTests.cs(493,39): warning CS8600: Converting null literal or possible null value to non-nullable type. [/Users/svendaneel/okam/wt-pdffamily/WebApi.Tests/WebApi.Tests.csproj]
/Users/svendaneel/okam/wt-pdffamily/WebApi.Tests/Wire/WireContainmentTests.cs(504,45): warning CS8625: Cannot convert null literal to non-nullable reference type. [/Users/svendaneel/okam/wt-pdffamily/WebApi.Tests/WebApi.Tests.csproj]
/Users/svendaneel/okam/wt-pdffamily/WebApi.Tests/Wire/ModuleWireTests.cs(281,16): warning CS8603: Possible null reference return. [/Users/svendaneel/okam/wt-pdffamily/WebApi.Tests/WebApi.Tests.csproj]
/Users/svendaneel/okam/wt-pdffamily/WebApi.Tests/Wire/EventsWireTests.cs(681,16): warning CS8603: Possible null reference return. [/Users/svendaneel/okam/wt-pdffamily/WebApi.Tests/WebApi.Tests.csproj]
/Users/svendaneel/okam/wt-pdffamily/WebApi.Tests/Wire/EventsWireTests.cs(699,16): warning CS8603: Possible null reference return. [/Users/svendaneel/okam/wt-pdffamily/WebApi.Tests/WebApi.Tests.csproj]
/Users/svendaneel/okam/wt-pdffamily/WebApi.Tests/Wire/EventsWireTests.cs(705,16): warning CS8603: Possible null reference return. [/Users/svendaneel/okam/wt-pdffamily/WebApi.Tests/WebApi.Tests.csproj]
/Users/svendaneel/okam/wt-pdffamily/WebApi.Tests/Workforce/WorkforceRequestsDecisionSqlServerTests.cs(66,9): warning xUnit2013: Do not use Assert.Equal() to check for collection size. Use Assert.Single instead. (https://xunit.net/xunit.analyzers/rules/xUnit2013) [/Users/svendaneel/okam/wt-pdffamily/WebApi.Tests/WebApi.Tests.csproj]
/Users/svendaneel/okam/wt-pdffamily/WebApi.Tests/Workforce/SchedulePublishSqlServerTests.cs(184,52): warning EF1002: Method 'ExecuteSqlRawAsync' inserts interpolated strings directly into the SQL, without any protection against SQL injection. Consider using 'ExecuteSqlAsync' instead, which protects against SQL injection, or make sure that the value is sanitized and suppress the warning. [/Users/svendaneel/okam/wt-pdffamily/WebApi.Tests/WebApi.Tests.csproj]
/Users/svendaneel/okam/wt-pdffamily/WebApi.Tests/Training/TrainingEvidenceReadTests.cs(207,9): warning xUnit2013: Do not use Assert.Equal() to check for collection size. Use Assert.Single instead. (https://xunit.net/xunit.analyzers/rules/xUnit2013) [/Users/svendaneel/okam/wt-pdffamily/WebApi.Tests/WebApi.Tests.csproj]
    696 Warning(s)
    0 Error(s)

Time Elapsed 00:00:28.51
