/Users/svendaneel/okam/wt-pdffamily/WebApi.Tests/Meals/MealsRouteGateMap.cs(371,20): warning CS8603: Possible null reference return. [/Users/svendaneel/okam/wt-pdffamily/WebApi.Tests/WebApi.Tests.csproj]
/Users/svendaneel/okam/wt-pdffamily/WebApi.Tests/Meals/MealsRouteGateMap.cs(378,20): warning CS8603: Possible null reference return. [/Users/svendaneel/okam/wt-pdffamily/WebApi.Tests/WebApi.Tests.csproj]
/Users/svendaneel/okam/wt-pdffamily/WebApi.Tests/Meals/MealsRouteGateMap.cs(384,20): warning CS8603: Possible null reference return. [/Users/svendaneel/okam/wt-pdffamily/WebApi.Tests/WebApi.Tests.csproj]
/Users/svendaneel/okam/wt-pdffamily/WebApi.Tests/Meals/MealsRouteGateMap.cs(389,57): warning CS8600: Converting null literal or possible null value to non-nullable type. [/Users/svendaneel/okam/wt-pdffamily/WebApi.Tests/WebApi.Tests.csproj]
/Users/svendaneel/okam/wt-pdffamily/WebApi.Tests/Meals/MealsRouteGateMap.cs(389,16): warning CS8603: Possible null reference return. [/Users/svendaneel/okam/wt-pdffamily/WebApi.Tests/WebApi.Tests.csproj]
/Users/svendaneel/okam/wt-pdffamily/WebApi.Tests/Meals/MealsRouteGateMap.cs(402,60): warning CS8600: Converting null literal or possible null value to non-nullable type. [/Users/svendaneel/okam/wt-pdffamily/WebApi.Tests/WebApi.Tests.csproj]
/Users/svendaneel/okam/wt-pdffamily/WebApi.Tests/Meals/MealsRouteGateMap.cs(402,16): warning CS8603: Possible null reference return. [/Users/svendaneel/okam/wt-pdffamily/WebApi.Tests/WebApi.Tests.csproj]
/Users/svendaneel/okam/wt-pdffamily/WebApi.Tests/Meals/MealsRouteGateMap.cs(409,71): warning CS8600: Converting null literal or possible null value to non-nullable type. [/Users/svendaneel/okam/wt-pdffamily/WebApi.Tests/WebApi.Tests.csproj]
/Users/svendaneel/okam/wt-pdffamily/WebApi.Tests/Meals/MealsRouteGateMap.cs(409,16): warning CS8603: Possible null reference return. [/Users/svendaneel/okam/wt-pdffamily/WebApi.Tests/WebApi.Tests.csproj]
/Users/svendaneel/okam/wt-pdffamily/WebApi.Tests/Margin/MarginFeatureFlagEffectiveTests.cs(201,87): warning CS8603: Possible null reference return. [/Users/svendaneel/okam/wt-pdffamily/WebApi.Tests/WebApi.Tests.csproj]
/Users/svendaneel/okam/wt-pdffamily/WebApi.Tests/Meals/MealsRouteGateMap.cs(551,16): warning CS8603: Possible null reference return. [/Users/svendaneel/okam/wt-pdffamily/WebApi.Tests/WebApi.Tests.csproj]
/Users/svendaneel/okam/wt-pdffamily/WebApi.Tests/Meals/MealsRouteGateMap.cs(610,16): warning CS8603: Possible null reference return. [/Users/svendaneel/okam/wt-pdffamily/WebApi.Tests/WebApi.Tests.csproj]
/Users/svendaneel/okam/wt-pdffamily/WebApi.Tests/Meals/MealsRouteGateMap.cs(629,24): warning CS8603: Possible null reference return. [/Users/svendaneel/okam/wt-pdffamily/WebApi.Tests/WebApi.Tests.csproj]
/Users/svendaneel/okam/wt-pdffamily/WebApi.Tests/Meals/MealsRouteGateMap.cs(635,20): warning CS8603: Possible null reference return. [/Users/svendaneel/okam/wt-pdffamily/WebApi.Tests/WebApi.Tests.csproj]
/Users/svendaneel/okam/wt-pdffamily/WebApi.Tests/Meals/MealsRouteGateMap.cs(655,16): warning CS8603: Possible null reference return. [/Users/svendaneel/okam/wt-pdffamily/WebApi.Tests/WebApi.Tests.csproj]
/Users/svendaneel/okam/wt-pdffamily/WebApi.Tests/Surfboard/SurfboardCallbackConcurrencyTests.cs(210,30): warning CS8618: Non-nullable property 'WebRootFileProvider' must contain a non-null value when exiting constructor. Consider declaring the property as nullable. [/Users/svendaneel/okam/wt-pdffamily/WebApi.Tests/WebApi.Tests.csproj]
/Users/svendaneel/okam/wt-pdffamily/WebApi.Tests/Surfboard/SurfboardCallbackConcurrencyTests.cs(212,30): warning CS8618: Non-nullable property 'ContentRootFileProvider' must contain a non-null value when exiting constructor. Consider declaring the property as nullable. [/Users/svendaneel/okam/wt-pdffamily/WebApi.Tests/WebApi.Tests.csproj]
/Users/svendaneel/okam/wt-pdffamily/WebApi.Tests/Surfboard/SurfboardCashPointTerminalStatusTests.cs(61,95): warning CS8625: Cannot convert null literal to non-nullable reference type. [/Users/svendaneel/okam/wt-pdffamily/WebApi.Tests/WebApi.Tests.csproj]
/Users/svendaneel/okam/wt-pdffamily/WebApi.Tests/Events/EventsDepositPortContract.cs(164,19): warning CS8618: Non-nullable property 'Name' must contain a non-null value when exiting constructor. Consider declaring the property as nullable. [/Users/svendaneel/okam/wt-pdffamily/WebApi.Tests/WebApi.Tests.csproj]
/Users/svendaneel/okam/wt-pdffamily/WebApi.Tests/Events/EventsDepositPortContract.cs(165,50): warning CS8618: Non-nullable property 'Drive' must contain a non-null value when exiting constructor. Consider declaring the property as nullable. [/Users/svendaneel/okam/wt-pdffamily/WebApi.Tests/WebApi.Tests.csproj]
/Users/svendaneel/okam/wt-pdffamily/WebApi.Tests/Growth/GrowthPrivacyDeliveryEvidenceTests.cs(287,9): warning CS8603: Possible null reference return. [/Users/svendaneel/okam/wt-pdffamily/WebApi.Tests/WebApi.Tests.csproj]
/Users/svendaneel/okam/wt-pdffamily/WebApi.Tests/Kassa/CheckLineOrderTests.cs(39,28): warning CS8600: Converting null literal or possible null value to non-nullable type. [/Users/svendaneel/okam/wt-pdffamily/WebApi.Tests/WebApi.Tests.csproj]
/Users/svendaneel/okam/wt-pdffamily/WebApi.Tests/Kassa/CheckLineOrderTests.cs(45,29): warning CS8602: Dereference of a possibly null reference. [/Users/svendaneel/okam/wt-pdffamily/WebApi.Tests/WebApi.Tests.csproj]
/Users/svendaneel/okam/wt-pdffamily/WebApi.Tests/Surfboard/SurfboardCashSplitSmokeTests.cs(106,34): warning CS8600: Converting null literal or possible null value to non-nullable type. [/Users/svendaneel/okam/wt-pdffamily/WebApi.Tests/WebApi.Tests.csproj]
/Users/svendaneel/okam/wt-pdffamily/WebApi.Tests/Wire/ArbitraryAddressMailRateLimitWireTests.cs(201,16): warning CS8603: Possible null reference return. [/Users/svendaneel/okam/wt-pdffamily/WebApi.Tests/WebApi.Tests.csproj]
/Users/svendaneel/okam/wt-pdffamily/WebApi.Tests/Growth/GrowthPrivacyDeliveryEvidenceTests.cs(296,23): warning CS8618: Non-nullable property 'ResolvedBy' must contain a non-null value when exiting constructor. Consider declaring the property as nullable. [/Users/svendaneel/okam/wt-pdffamily/WebApi.Tests/WebApi.Tests.csproj]
/Users/svendaneel/okam/wt-pdffamily/WebApi.Tests/Surfboard/SurfboardCashSplitSmokeTests.cs(150,23): warning CS8618: Non-nullable property 'PaymentId' must contain a non-null value when exiting constructor. Consider declaring the property as nullable. [/Users/svendaneel/okam/wt-pdffamily/WebApi.Tests/WebApi.Tests.csproj]
/Users/svendaneel/okam/wt-pdffamily/WebApi.Tests/Surfboard/SurfboardCashSplitSmokeTests.cs(151,23): warning CS8618: Non-nullable property 'PaymentStatus' must contain a non-null value when exiting constructor. Consider declaring the property as nullable. [/Users/svendaneel/okam/wt-pdffamily/WebApi.Tests/WebApi.Tests.csproj]
/Users/svendaneel/okam/wt-pdffamily/WebApi.Tests/Surfboard/SurfboardCashSplitSmokeTests.cs(152,23): warning CS8618: Non-nullable property 'PaymentMethod' must contain a non-null value when exiting constructor. Consider declaring the property as nullable. [/Users/svendaneel/okam/wt-pdffamily/WebApi.Tests/WebApi.Tests.csproj]
/Users/svendaneel/okam/wt-pdffamily/WebApi.Tests/Surfboard/SurfboardCashSplitSmokeTests.cs(144,23): warning CS8618: Non-nullable property 'OrderStatus' must contain a non-null value when exiting constructor. Consider declaring the property as nullable. [/Users/svendaneel/okam/wt-pdffamily/WebApi.Tests/WebApi.Tests.csproj]
/Users/svendaneel/okam/wt-pdffamily/WebApi.Tests/Surfboard/SurfboardCashSplitSmokeTests.cs(145,33): warning CS8618: Non-nullable property 'Payments' must contain a non-null value when exiting constructor. Consider declaring the property as nullable. [/Users/svendaneel/okam/wt-pdffamily/WebApi.Tests/WebApi.Tests.csproj]
/Users/svendaneel/okam/wt-pdffamily/WebApi.Tests/Surfboard/SurfboardCashSplitSmokeTests.cs(139,23): warning CS8618: Non-nullable property 'PaymentId' must contain a non-null value when exiting constructor. Consider declaring the property as nullable. [/Users/svendaneel/okam/wt-pdffamily/WebApi.Tests/WebApi.Tests.csproj]
/Users/svendaneel/okam/wt-pdffamily/WebApi.Tests/Surfboard/SurfboardCashSplitSmokeTests.cs(133,23): warning CS8618: Non-nullable property 'OrderId' must contain a non-null value when exiting constructor. Consider declaring the property as nullable. [/Users/svendaneel/okam/wt-pdffamily/WebApi.Tests/WebApi.Tests.csproj]
/Users/svendaneel/okam/wt-pdffamily/WebApi.Tests/Surfboard/SurfboardCashSplitSmokeTests.cs(134,23): warning CS8618: Non-nullable property 'PaymentId' must contain a non-null value when exiting constructor. Consider declaring the property as nullable. [/Users/svendaneel/okam/wt-pdffamily/WebApi.Tests/WebApi.Tests.csproj]
/Users/svendaneel/okam/wt-pdffamily/WebApi.Tests/Wire/ArbitraryAddressMailRateLimitWireTests.cs(209,16): warning CS8603: Possible null reference return. [/Users/svendaneel/okam/wt-pdffamily/WebApi.Tests/WebApi.Tests.csproj]
/Users/svendaneel/okam/wt-pdffamily/WebApi.Tests/Training/TrainingServiceKit.cs(122,13): warning CS8625: Cannot convert null literal to non-nullable reference type. [/Users/svendaneel/okam/wt-pdffamily/WebApi.Tests/WebApi.Tests.csproj]
/Users/svendaneel/okam/wt-pdffamily/WebApi.Tests/Meals/MealsCheckoutJourneyKit.cs(203,20): warning CS8619: Nullability of reference types in value of type 'Task<Cart?>' doesn't match target type 'Task<Cart>'. [/Users/svendaneel/okam/wt-pdffamily/WebApi.Tests/WebApi.Tests.csproj]
/Users/svendaneel/okam/wt-pdffamily/WebApi.Tests/Meals/MealsCheckoutJourneyKit.cs(79,27): warning CS8618: Non-nullable property 'Order' must contain a non-null value when exiting constructor. Consider declaring the property as nullable. [/Users/svendaneel/okam/wt-pdffamily/WebApi.Tests/WebApi.Tests.csproj]
/Users/svendaneel/okam/wt-pdffamily/WebApi.Tests/Margin/MarginFixtureMatrixTests.cs(287,64): warning CS1998: This async method lacks 'await' operators and will run synchronously. Consider using the 'await' operator to await non-blocking API calls, or 'await Task.Run(...)' to do CPU-bound work on a background thread. [/Users/svendaneel/okam/wt-pdffamily/WebApi.Tests/WebApi.Tests.csproj]
/Users/svendaneel/okam/wt-pdffamily/WebApi.Tests/Kassa/Cov2_TerminalP1Tests.cs(49,81): warning CS8625: Cannot convert null literal to non-nullable reference type. [/Users/svendaneel/okam/wt-pdffamily/WebApi.Tests/WebApi.Tests.csproj]
/Users/svendaneel/okam/wt-pdffamily/WebApi.Tests/Kassa/Cov2_TerminalP1Tests.cs(52,76): warning CS8625: Cannot convert null literal to non-nullable reference type. [/Users/svendaneel/okam/wt-pdffamily/WebApi.Tests/WebApi.Tests.csproj]
/Users/svendaneel/okam/wt-pdffamily/WebApi.Tests/Kassa/Cov2_TerminalP1Tests.cs(53,78): warning CS8625: Cannot convert null literal to non-nullable reference type. [/Users/svendaneel/okam/wt-pdffamily/WebApi.Tests/WebApi.Tests.csproj]
/Users/svendaneel/okam/wt-pdffamily/WebApi.Tests/Kassa/Cov2_TerminalP1Tests.cs(57,73): warning CS8625: Cannot convert null literal to non-nullable reference type. [/Users/svendaneel/okam/wt-pdffamily/WebApi.Tests/WebApi.Tests.csproj]
/Users/svendaneel/okam/wt-pdffamily/WebApi.Tests/Meals/MealsCompanyContractTests.cs(103,52): warning CS8625: Cannot convert null literal to non-nullable reference type. [/Users/svendaneel/okam/wt-pdffamily/WebApi.Tests/WebApi.Tests.csproj]
/Users/svendaneel/okam/wt-pdffamily/WebApi.Tests/Training/TrainingCertificateExpiryProjectionTests.cs(257,37): warning CS8629: Nullable value type may be null. [/Users/svendaneel/okam/wt-pdffamily/WebApi.Tests/WebApi.Tests.csproj]
/Users/svendaneel/okam/wt-pdffamily/WebApi.Tests/Kassa/Cov2_SurfboardP1Tests.cs(214,47): warning CS8604: Possible null reference argument for parameter 'value' in 'object Cov2_SurfboardVerifyStatusMachineTests.ReadProp(object value, string name)'. [/Users/svendaneel/okam/wt-pdffamily/WebApi.Tests/WebApi.Tests.csproj]
/Users/svendaneel/okam/wt-pdffamily/WebApi.Tests/Kassa/Cov2_KitchenBoardP1Tests.cs(322,20): warning CS8603: Possible null reference return. [/Users/svendaneel/okam/wt-pdffamily/WebApi.Tests/WebApi.Tests.csproj]
/Users/svendaneel/okam/wt-pdffamily/WebApi.Tests/Kassa/Cov2_ReportingP1Tests.cs(314,16): warning CS8619: Nullability of reference types in value of type 'string?[]' doesn't match target type 'string[]'. [/Users/svendaneel/okam/wt-pdffamily/WebApi.Tests/WebApi.Tests.csproj]
/Users/svendaneel/okam/wt-pdffamily/WebApi.Tests/Training/TrainingContentHashIntegrityTests.cs(297,71): warning CS8602: Dereference of a possibly null reference. [/Users/svendaneel/okam/wt-pdffamily/WebApi.Tests/WebApi.Tests.csproj]
/Users/svendaneel/okam/wt-pdffamily/WebApi.Tests/Kassa/Cov2_SurfboardP1Tests.cs(254,42): warning CS8604: Possible null reference argument for parameter 'value' in 'object Cov2_SurfboardVerifyStatusMachineTests.ReadProp(object value, string name)'. [/Users/svendaneel/okam/wt-pdffamily/WebApi.Tests/WebApi.Tests.csproj]
/Users/svendaneel/okam/wt-pdffamily/WebApi.Tests/Kassa/Cov2_SurfboardP1Tests.cs(286,12): warning CS8603: Possible null reference return. [/Users/svendaneel/okam/wt-pdffamily/WebApi.Tests/WebApi.Tests.csproj]
/Users/svendaneel/okam/wt-pdffamily/WebApi.Tests/Training/TrainingDerivedVerdictTests.cs(393,16): warning CS8603: Possible null reference return. [/Users/svendaneel/okam/wt-pdffamily/WebApi.Tests/WebApi.Tests.csproj]
/Users/svendaneel/okam/wt-pdffamily/WebApi.Tests/Kassa/Res_tables_FloorPlanRenumberTests.cs(132,36): warning CS8625: Cannot convert null literal to non-nullable reference type. [/Users/svendaneel/okam/wt-pdffamily/WebApi.Tests/WebApi.Tests.csproj]
/Users/svendaneel/okam/wt-pdffamily/WebApi.Tests/Kassa/Cov2_TerminalP1Tests.cs(214,62): warning CS8625: Cannot convert null literal to non-nullable reference type. [/Users/svendaneel/okam/wt-pdffamily/WebApi.Tests/WebApi.Tests.csproj]
/Users/svendaneel/okam/wt-pdffamily/WebApi.Tests/Training/TrainingLineageCatalog.cs(29,24): warning CS8604: Possible null reference argument for parameter 'item' in 'void List<string>.Add(string item)'. [/Users/svendaneel/okam/wt-pdffamily/WebApi.Tests/WebApi.Tests.csproj]
/Users/svendaneel/okam/wt-pdffamily/WebApi.Tests/Meals/MealsDeliveryReceiptSqlServerTests.cs(349,46): warning CS8601: Possible null reference assignment. [/Users/svendaneel/okam/wt-pdffamily/WebApi.Tests/WebApi.Tests.csproj]
/Users/svendaneel/okam/wt-pdffamily/WebApi.Tests/Training/TrainingLineageCatalog.cs(44,16): warning CS8600: Converting null literal or possible null value to non-nullable type. [/Users/svendaneel/okam/wt-pdffamily/WebApi.Tests/WebApi.Tests.csproj]
/Users/svendaneel/okam/wt-pdffamily/WebApi.Tests/Training/TrainingLineageCatalog.cs(44,16): warning CS8603: Possible null reference return. [/Users/svendaneel/okam/wt-pdffamily/WebApi.Tests/WebApi.Tests.csproj]
/Users/svendaneel/okam/wt-pdffamily/WebApi.Tests/Training/TrainingLineageCatalog.cs(123,20): warning CS8619: Nullability of reference types in value of type '(bool, bool, string?, string?)' doesn't match target type '(bool Found, bool Disabled, string Events, string Definition)'. [/Users/svendaneel/okam/wt-pdffamily/WebApi.Tests/WebApi.Tests.csproj]
/Users/svendaneel/okam/wt-pdffamily/WebApi.Tests/Training/TrainingLineageCatalog.cs(124,16): warning CS8619: Nullability of reference types in value of type '(bool, bool, string?, string?)' doesn't match target type '(bool Found, bool Disabled, string Events, string Definition)'. [/Users/svendaneel/okam/wt-pdffamily/WebApi.Tests/WebApi.Tests.csproj]
/Users/svendaneel/okam/wt-pdffamily/WebApi.Tests/Training/TrainingFlagConsumptionTests.cs(92,54): warning CS8600: Converting null literal or possible null value to non-nullable type. [/Users/svendaneel/okam/wt-pdffamily/WebApi.Tests/WebApi.Tests.csproj]
/Users/svendaneel/okam/wt-pdffamily/WebApi.Tests/Training/TrainingCourseVersionImmutabilityTests.cs(145,16): warning CS8603: Possible null reference return. [/Users/svendaneel/okam/wt-pdffamily/WebApi.Tests/WebApi.Tests.csproj]
/Users/svendaneel/okam/wt-pdffamily/WebApi.Tests/Training/TrainingFeatureFlagCompositionTests.cs(29,30): warning CS8618: Non-nullable field '_connection' must contain a non-null value when exiting constructor. Consider declaring the field as nullable. [/Users/svendaneel/okam/wt-pdffamily/WebApi.Tests/WebApi.Tests.csproj]
/Users/svendaneel/okam/wt-pdffamily/WebApi.Tests/Training/TrainingFeatureFlagCompositionTests.cs(30,29): warning CS8618: Non-nullable field '_provider' must contain a non-null value when exiting constructor. Consider declaring the field as nullable. [/Users/svendaneel/okam/wt-pdffamily/WebApi.Tests/WebApi.Tests.csproj]
/Users/svendaneel/okam/wt-pdffamily/WebApi.Tests/Training/TrainingFlagCensusCoverageTests.cs(107,44): warning CS8604: Possible null reference argument for parameter 'template' in 'string TrainingFlagCensusCoverageTests.Canonical(string verb, string template)'. [/Users/svendaneel/okam/wt-pdffamily/WebApi.Tests/WebApi.Tests.csproj]
/Users/svendaneel/okam/wt-pdffamily/WebApi.Tests/Meals/MealsDarkSurfaceIndistinguishabilityTests.cs(433,120): warning CS8625: Cannot convert null literal to non-nullable reference type. [/Users/svendaneel/okam/wt-pdffamily/WebApi.Tests/WebApi.Tests.csproj]
/Users/svendaneel/okam/wt-pdffamily/WebApi.Tests/Wire/RequestBodyTelemetryPinTests.cs(125,12): warning CS8603: Possible null reference return. [/Users/svendaneel/okam/wt-pdffamily/WebApi.Tests/WebApi.Tests.csproj]
/Users/svendaneel/okam/wt-pdffamily/WebApi.Tests/Wire/RequestBodyTelemetryPinTests.cs(232,12): warning CS8619: Nullability of reference types in value of type 'object?[]' doesn't match target type 'object[]'. [/Users/svendaneel/okam/wt-pdffamily/WebApi.Tests/WebApi.Tests.csproj]
/Users/svendaneel/okam/wt-pdffamily/WebApi.Tests/Kassa/Cov_DinteroTerminalCallbackControllerTests.cs(153,23): warning CS8618: Non-nullable property 'WebRootPath' must contain a non-null value when exiting constructor. Consider declaring the property as nullable. [/Users/svendaneel/okam/wt-pdffamily/WebApi.Tests/WebApi.Tests.csproj]
/Users/svendaneel/okam/wt-pdffamily/WebApi.Tests/Kassa/Cov_DinteroTerminalCallbackControllerTests.cs(154,30): warning CS8618: Non-nullable property 'WebRootFileProvider' must contain a non-null value when exiting constructor. Consider declaring the property as nullable. [/Users/svendaneel/okam/wt-pdffamily/WebApi.Tests/WebApi.Tests.csproj]
/Users/svendaneel/okam/wt-pdffamily/WebApi.Tests/Kassa/Cov_DinteroTerminalCallbackControllerTests.cs(156,30): warning CS8618: Non-nullable property 'ContentRootFileProvider' must contain a non-null value when exiting constructor. Consider declaring the property as nullable. [/Users/svendaneel/okam/wt-pdffamily/WebApi.Tests/WebApi.Tests.csproj]
/Users/svendaneel/okam/wt-pdffamily/WebApi.Tests/Wire/RequestBodyTelemetryPinTests.cs(322,22): warning CS8604: Possible null reference argument for parameter 'node' in 'void RequestBodyTelemetryPinTests.Walk(object node, List<string> found, HashSet<object> seen, int depth)'. [/Users/svendaneel/okam/wt-pdffamily/WebApi.Tests/WebApi.Tests.csproj]
/Users/svendaneel/okam/wt-pdffamily/WebApi.Tests/Wire/RequestBodyTelemetryPinTests.cs(353,25): warning CS8600: Converting null literal or possible null value to non-nullable type. [/Users/svendaneel/okam/wt-pdffamily/WebApi.Tests/WebApi.Tests.csproj]
/Users/svendaneel/okam/wt-pdffamily/WebApi.Tests/Wire/RequestBodyTelemetryPinTests.cs(360,18): warning CS8604: Possible null reference argument for parameter 'node' in 'void RequestBodyTelemetryPinTests.Walk(object node, List<string> found, HashSet<object> seen, int depth)'. [/Users/svendaneel/okam/wt-pdffamily/WebApi.Tests/WebApi.Tests.csproj]
/Users/svendaneel/okam/wt-pdffamily/WebApi.Tests/Margin/MarginStatementFinalizeLagTests.cs(257,87): warning CS8603: Possible null reference return. [/Users/svendaneel/okam/wt-pdffamily/WebApi.Tests/WebApi.Tests.csproj]
/Users/svendaneel/okam/wt-pdffamily/WebApi.Tests/Training/TrainingHarness.cs(58,48): warning CS8625: Cannot convert null literal to non-nullable reference type. [/Users/svendaneel/okam/wt-pdffamily/WebApi.Tests/WebApi.Tests.csproj]
/Users/svendaneel/okam/wt-pdffamily/WebApi.Tests/Training/TrainingHarness.cs(93,36): warning CS8625: Cannot convert null literal to non-nullable reference type. [/Users/svendaneel/okam/wt-pdffamily/WebApi.Tests/WebApi.Tests.csproj]
/Users/svendaneel/okam/wt-pdffamily/WebApi.Tests/Kassa/Cov2_TerminalP1Tests.cs(404,23): warning CS8618: Non-nullable property 'WebRootPath' must contain a non-null value when exiting constructor. Consider declaring the property as nullable. [/Users/svendaneel/okam/wt-pdffamily/WebApi.Tests/WebApi.Tests.csproj]
/Users/svendaneel/okam/wt-pdffamily/WebApi.Tests/Kassa/Cov2_TerminalP1Tests.cs(405,30): warning CS8618: Non-nullable property 'WebRootFileProvider' must contain a non-null value when exiting constructor. Consider declaring the property as nullable. [/Users/svendaneel/okam/wt-pdffamily/WebApi.Tests/WebApi.Tests.csproj]
/Users/svendaneel/okam/wt-pdffamily/WebApi.Tests/Kassa/Cov2_TerminalP1Tests.cs(407,30): warning CS8618: Non-nullable property 'ContentRootFileProvider' must contain a non-null value when exiting constructor. Consider declaring the property as nullable. [/Users/svendaneel/okam/wt-pdffamily/WebApi.Tests/WebApi.Tests.csproj]
/Users/svendaneel/okam/wt-pdffamily/WebApi.Tests/Wire/PdfDownloadWireTests.cs(67,13): warning CS8625: Cannot convert null literal to non-nullable reference type. [/Users/svendaneel/okam/wt-pdffamily/WebApi.Tests/WebApi.Tests.csproj]
/Users/svendaneel/okam/wt-pdffamily/WebApi.Tests/Wire/PdfDownloadWireTests.cs(77,13): warning CS8625: Cannot convert null literal to non-nullable reference type. [/Users/svendaneel/okam/wt-pdffamily/WebApi.Tests/WebApi.Tests.csproj]
/Users/svendaneel/okam/wt-pdffamily/WebApi.Tests/Wire/PdfDownloadWireTests.cs(87,13): warning CS8625: Cannot convert null literal to non-nullable reference type. [/Users/svendaneel/okam/wt-pdffamily/WebApi.Tests/WebApi.Tests.csproj]
/Users/svendaneel/okam/wt-pdffamily/WebApi.Tests/Events/EventsOutboxDeliveryTests.cs(253,84): warning CS8625: Cannot convert null literal to non-nullable reference type. [/Users/svendaneel/okam/wt-pdffamily/WebApi.Tests/WebApi.Tests.csproj]
/Users/svendaneel/okam/wt-pdffamily/WebApi.Tests/Events/EventsOutboxDeliveryTests.cs(253,106): warning CS8625: Cannot convert null literal to non-nullable reference type. [/Users/svendaneel/okam/wt-pdffamily/WebApi.Tests/WebApi.Tests.csproj]
/Users/svendaneel/okam/wt-pdffamily/WebApi.Tests/Margin/MarginSalesSeamContractTests.cs(236,55): warning CS8602: Dereference of a possibly null reference. [/Users/svendaneel/okam/wt-pdffamily/WebApi.Tests/WebApi.Tests.csproj]
/Users/svendaneel/okam/wt-pdffamily/WebApi.Tests/Margin/MarginSalesSeamContractTests.cs(241,48): warning CS8602: Dereference of a possibly null reference. [/Users/svendaneel/okam/wt-pdffamily/WebApi.Tests/WebApi.Tests.csproj]
/Users/svendaneel/okam/wt-pdffamily/WebApi.Tests/Margin/MarginSalesSeamContractTests.cs(242,48): warning CS8602: Dereference of a possibly null reference. [/Users/svendaneel/okam/wt-pdffamily/WebApi.Tests/WebApi.Tests.csproj]
/Users/svendaneel/okam/wt-pdffamily/WebApi.Tests/Wire/ModuleWireTests.cs(281,16): warning CS8603: Possible null reference return. [/Users/svendaneel/okam/wt-pdffamily/WebApi.Tests/WebApi.Tests.csproj]
/Users/svendaneel/okam/wt-pdffamily/WebApi.Tests/Wire/MealsWireTests.cs(216,16): warning CS8603: Possible null reference return. [/Users/svendaneel/okam/wt-pdffamily/WebApi.Tests/WebApi.Tests.csproj]
/Users/svendaneel/okam/wt-pdffamily/WebApi.Tests/Wire/MealsVenueReachabilityWireTests.cs(63,29): warning CS8600: Converting null literal or possible null value to non-nullable type. [/Users/svendaneel/okam/wt-pdffamily/WebApi.Tests/WebApi.Tests.csproj]
/Users/svendaneel/okam/wt-pdffamily/WebApi.Tests/Wire/MealsVenueReachabilityWireTests.cs(70,34): warning CS8602: Dereference of a possibly null reference. [/Users/svendaneel/okam/wt-pdffamily/WebApi.Tests/WebApi.Tests.csproj]
/Users/svendaneel/okam/wt-pdffamily/WebApi.Tests/Wire/MealsVenueReachabilityWireTests.cs(346,60): warning CS8625: Cannot convert null literal to non-nullable reference type. [/Users/svendaneel/okam/wt-pdffamily/WebApi.Tests/WebApi.Tests.csproj]
/Users/svendaneel/okam/wt-pdffamily/WebApi.Tests/Margin/MarginRoundingRegimeTests.cs(53,66): warning CS8629: Nullable value type may be null. [/Users/svendaneel/okam/wt-pdffamily/WebApi.Tests/WebApi.Tests.csproj]
/Users/svendaneel/okam/wt-pdffamily/WebApi.Tests/Margin/MarginRevisionGuardConvergenceTests.cs(155,67): warning CS8625: Cannot convert null literal to non-nullable reference type. [/Users/svendaneel/okam/wt-pdffamily/WebApi.Tests/WebApi.Tests.csproj]
/Users/svendaneel/okam/wt-pdffamily/WebApi.Tests/Wire/MealsVenueReachabilityWireTests.cs(319,54): warning CS8603: Possible null reference return. [/Users/svendaneel/okam/wt-pdffamily/WebApi.Tests/WebApi.Tests.csproj]
/Users/svendaneel/okam/wt-pdffamily/WebApi.Tests/Wire/MealsVenueReachabilityWireTests.cs(294,27): warning CS8618: Non-nullable property 'Template' must contain a non-null value when exiting constructor. Consider declaring the property as nullable. [/Users/svendaneel/okam/wt-pdffamily/WebApi.Tests/WebApi.Tests.csproj]
/Users/svendaneel/okam/wt-pdffamily/WebApi.Tests/Wire/MealsVenueReachabilityWireTests.cs(296,27): warning CS8618: Non-nullable property 'Verb' must contain a non-null value when exiting constructor. Consider declaring the property as nullable. [/Users/svendaneel/okam/wt-pdffamily/WebApi.Tests/WebApi.Tests.csproj]
/Users/svendaneel/okam/wt-pdffamily/WebApi.Tests/Wire/MealsVenueReachabilityWireTests.cs(298,27): warning CS8618: Non-nullable property 'Url' must contain a non-null value when exiting constructor. Consider declaring the property as nullable. [/Users/svendaneel/okam/wt-pdffamily/WebApi.Tests/WebApi.Tests.csproj]
/Users/svendaneel/okam/wt-pdffamily/WebApi.Tests/Wire/MealsVenueReachabilityWireTests.cs(302,27): warning CS8618: Non-nullable property 'Body' must contain a non-null value when exiting constructor. Consider declaring the property as nullable. [/Users/svendaneel/okam/wt-pdffamily/WebApi.Tests/WebApi.Tests.csproj]
/Users/svendaneel/okam/wt-pdffamily/WebApi.Tests/Events/EventsModuleGateTests.cs(54,36): warning CS8620: Argument of type 'Dictionary<string, string>' cannot be used for parameter 'initialData' of type 'IEnumerable<KeyValuePair<string, string?>>' in 'IConfigurationBuilder MemoryConfigurationBuilderExtensions.AddInMemoryCollection(IConfigurationBuilder configurationBuilder, IEnumerable<KeyValuePair<string, string?>>? initialData)' due to differences in the nullability of reference types. [/Users/svendaneel/okam/wt-pdffamily/WebApi.Tests/WebApi.Tests.csproj]
/Users/svendaneel/okam/wt-pdffamily/WebApi.Tests/Events/EventsModuleGateTests.cs(67,57): warning CS8620: Argument of type 'Dictionary<string, object>' cannot be used for parameter 'actionArguments' of type 'IDictionary<string, object?>' in 'ActionExecutingContext.ActionExecutingContext(ActionContext actionContext, IList<IFilterMetadata> filters, IDictionary<string, object?> actionArguments, object controller)' due to differences in the nullability of reference types. [/Users/svendaneel/okam/wt-pdffamily/WebApi.Tests/WebApi.Tests.csproj]
/Users/svendaneel/okam/wt-pdffamily/WebApi.Tests/Margin/MarginRecipeTestHost.cs(64,53): warning CS8625: Cannot convert null literal to non-nullable reference type. [/Users/svendaneel/okam/wt-pdffamily/WebApi.Tests/WebApi.Tests.csproj]
/Users/svendaneel/okam/wt-pdffamily/WebApi.Tests/Margin/MarginRecipeTestHost.cs(91,41): warning CS8625: Cannot convert null literal to non-nullable reference type. [/Users/svendaneel/okam/wt-pdffamily/WebApi.Tests/WebApi.Tests.csproj]
/Users/svendaneel/okam/wt-pdffamily/WebApi.Tests/Events/EventsMigrationLineageTests.cs(242,29): warning CS8600: Converting null literal or possible null value to non-nullable type. [/Users/svendaneel/okam/wt-pdffamily/WebApi.Tests/WebApi.Tests.csproj]
/Users/svendaneel/okam/wt-pdffamily/WebApi.Tests/Events/EventsMigrationLineageTests.cs(370,16): warning CS8600: Converting null literal or possible null value to non-nullable type. [/Users/svendaneel/okam/wt-pdffamily/WebApi.Tests/WebApi.Tests.csproj]
/Users/svendaneel/okam/wt-pdffamily/WebApi.Tests/Events/EventsMigrationLineageTests.cs(370,16): warning CS8603: Possible null reference return. [/Users/svendaneel/okam/wt-pdffamily/WebApi.Tests/WebApi.Tests.csproj]
/Users/svendaneel/okam/wt-pdffamily/WebApi.Tests/Wire/MealsQuoteReleaseWireTests.cs(316,100): warning CS8625: Cannot convert null literal to non-nullable reference type. [/Users/svendaneel/okam/wt-pdffamily/WebApi.Tests/WebApi.Tests.csproj]
/Users/svendaneel/okam/wt-pdffamily/WebApi.Tests/Wire/MealsQuoteReleaseWireTests.cs(327,16): warning CS8603: Possible null reference return. [/Users/svendaneel/okam/wt-pdffamily/WebApi.Tests/WebApi.Tests.csproj]
/Users/svendaneel/okam/wt-pdffamily/WebApi.Tests/Wire/MealsQuoteReleaseWireTests.cs(333,16): warning CS8603: Possible null reference return. [/Users/svendaneel/okam/wt-pdffamily/WebApi.Tests/WebApi.Tests.csproj]
/Users/svendaneel/okam/wt-pdffamily/WebApi.Tests/Wire/MealsGateDeploymentWireTests.cs(138,12): warning CS8603: Possible null reference return. [/Users/svendaneel/okam/wt-pdffamily/WebApi.Tests/WebApi.Tests.csproj]
/Users/svendaneel/okam/wt-pdffamily/WebApi.Tests/Wire/MealsGateDeploymentWireTests.cs(146,16): warning CS8603: Possible null reference return. [/Users/svendaneel/okam/wt-pdffamily/WebApi.Tests/WebApi.Tests.csproj]
/Users/svendaneel/okam/wt-pdffamily/WebApi.Tests/Kassa/Cov_KitchenBoardGuardsTests.cs(218,20): warning CS8603: Possible null reference return. [/Users/svendaneel/okam/wt-pdffamily/WebApi.Tests/WebApi.Tests.csproj]
/Users/svendaneel/okam/wt-pdffamily/WebApi.Tests/Meals/MealsFeatureFlagCompositionTests.cs(44,30): warning CS8618: Non-nullable field '_connection' must contain a non-null value when exiting constructor. Consider declaring the field as nullable. [/Users/svendaneel/okam/wt-pdffamily/WebApi.Tests/WebApi.Tests.csproj]
/Users/svendaneel/okam/wt-pdffamily/WebApi.Tests/Kassa/Cov_SurfboardOnlineCronTests.cs(197,71): warning CS8625: Cannot convert null literal to non-nullable reference type. [/Users/svendaneel/okam/wt-pdffamily/WebApi.Tests/WebApi.Tests.csproj]
/Users/svendaneel/okam/wt-pdffamily/WebApi.Tests/Events/EventsDepositPortReachableStateTests.cs(203,42): warning CS8625: Cannot convert null literal to non-nullable reference type. [/Users/svendaneel/okam/wt-pdffamily/WebApi.Tests/WebApi.Tests.csproj]
/Users/svendaneel/okam/wt-pdffamily/WebApi.Tests/Meals/MealsHarness.cs(76,45): warning CS8625: Cannot convert null literal to non-nullable reference type. [/Users/svendaneel/okam/wt-pdffamily/WebApi.Tests/WebApi.Tests.csproj]
/Users/svendaneel/okam/wt-pdffamily/WebApi.Tests/Meals/MealsHarness.cs(110,33): warning CS8625: Cannot convert null literal to non-nullable reference type. [/Users/svendaneel/okam/wt-pdffamily/WebApi.Tests/WebApi.Tests.csproj]
/Users/svendaneel/okam/wt-pdffamily/WebApi.Tests/Wire/EmailConfirmationFailureWireTests.cs(124,45): warning CS8625: Cannot convert null literal to non-nullable reference type. [/Users/svendaneel/okam/wt-pdffamily/WebApi.Tests/WebApi.Tests.csproj]
/Users/svendaneel/okam/wt-pdffamily/WebApi.Tests/Wire/EmailConfirmationFailureWireTests.cs(147,16): warning CS8603: Possible null reference return. [/Users/svendaneel/okam/wt-pdffamily/WebApi.Tests/WebApi.Tests.csproj]
/Users/svendaneel/okam/wt-pdffamily/WebApi.Tests/Kassa/LoopR1_bug_B26.cs(65,38): warning CS8600: Converting null literal or possible null value to non-nullable type. [/Users/svendaneel/okam/wt-pdffamily/WebApi.Tests/WebApi.Tests.csproj]
/Users/svendaneel/okam/wt-pdffamily/WebApi.Tests/Meals/MealsMembershipTestHost.cs(70,42): warning CS8604: Possible null reference argument for parameter 'interceptor' in 'ApplicationDbContext MealsHarness.NewContext(ISaveChangesInterceptor interceptor = null)'. [/Users/svendaneel/okam/wt-pdffamily/WebApi.Tests/WebApi.Tests.csproj]
/Users/svendaneel/okam/wt-pdffamily/WebApi.Tests/Meals/MealsMembershipTestHost.cs(117,94): warning CS8604: Possible null reference argument for parameter 'email' in 'void MealsWorld.SeedAccount(ApplicationDbContext context, string userId, string phoneNumber, string email)'. [/Users/svendaneel/okam/wt-pdffamily/WebApi.Tests/WebApi.Tests.csproj]
/Users/svendaneel/okam/wt-pdffamily/WebApi.Tests/Meals/MealsMembershipSqlServerTests.cs(199,32): warning CS8600: Converting null literal or possible null value to non-nullable type. [/Users/svendaneel/okam/wt-pdffamily/WebApi.Tests/WebApi.Tests.csproj]
/Users/svendaneel/okam/wt-pdffamily/WebApi.Tests/Meals/MealsMembershipSqlServerTests.cs(199,32): warning CS8604: Possible null reference argument for parameter 'item' in 'void List<string>.Add(string item)'. [/Users/svendaneel/okam/wt-pdffamily/WebApi.Tests/WebApi.Tests.csproj]
/Users/svendaneel/okam/wt-pdffamily/WebApi.Tests/Meals/MealsLineageCatalog.cs(115,25): warning CS8600: Converting null literal or possible null value to non-nullable type. [/Users/svendaneel/okam/wt-pdffamily/WebApi.Tests/WebApi.Tests.csproj]
/Users/svendaneel/okam/wt-pdffamily/WebApi.Tests/Meals/MealsLineageCatalog.cs(115,38): warning CS8600: Converting null literal or possible null value to non-nullable type. [/Users/svendaneel/okam/wt-pdffamily/WebApi.Tests/WebApi.Tests.csproj]
/Users/svendaneel/okam/wt-pdffamily/WebApi.Tests/Meals/MealsLineageCatalog.cs(119,22): warning CS8600: Converting null literal or possible null value to non-nullable type. [/Users/svendaneel/okam/wt-pdffamily/WebApi.Tests/WebApi.Tests.csproj]
/Users/svendaneel/okam/wt-pdffamily/WebApi.Tests/Meals/MealsLineageCatalog.cs(122,16): warning CS8619: Nullability of reference types in value of type '(string? cols, string? filter)' doesn't match target type '(string Columns, string Filter)'. [/Users/svendaneel/okam/wt-pdffamily/WebApi.Tests/WebApi.Tests.csproj]
/Users/svendaneel/okam/wt-pdffamily/WebApi.Tests/Kassa/LoopR1_scen1_AddLineRacesMergeLineN.cs(68,33): warning CS8600: Converting null literal or possible null value to non-nullable type. [/Users/svendaneel/okam/wt-pdffamily/WebApi.Tests/WebApi.Tests.csproj]
/Users/svendaneel/okam/wt-pdffamily/WebApi.Tests/Wire/MealsFundedCheckoutWireTests.cs(254,65): warning CS8604: Possible null reference argument for parameter 'reservationToken' in 'Task<HttpResponseMessage> MealsFundedCheckoutWireFixture.CompleteAsync(HttpClient client, string reservationToken)'. [/Users/svendaneel/okam/wt-pdffamily/WebApi.Tests/WebApi.Tests.csproj]
/Users/svendaneel/okam/wt-pdffamily/WebApi.Tests/Events/EventsDepositVippsRailTests.cs(314,49): warning CS8618: Non-nullable field 'Details' must contain a non-null value when exiting constructor. Consider declaring the field as nullable. [/Users/svendaneel/okam/wt-pdffamily/WebApi.Tests/WebApi.Tests.csproj]
/Users/svendaneel/okam/wt-pdffamily/WebApi.Tests/Margin/MarginRecipesControllerTests.cs(177,87): warning CS8603: Possible null reference return. [/Users/svendaneel/okam/wt-pdffamily/WebApi.Tests/WebApi.Tests.csproj]
/Users/svendaneel/okam/wt-pdffamily/WebApi.Tests/Meals/MealsLineageCatalog.cs(177,16): warning CS8603: Possible null reference return. [/Users/svendaneel/okam/wt-pdffamily/WebApi.Tests/WebApi.Tests.csproj]
/Users/svendaneel/okam/wt-pdffamily/WebApi.Tests/Wire/MealsDownloadHeaderWireTests.cs(123,66): warning CS8604: Possible null reference argument for parameter 's' in 'byte[] Encoding.GetBytes(string s)'. [/Users/svendaneel/okam/wt-pdffamily/WebApi.Tests/WebApi.Tests.csproj]
/Users/svendaneel/okam/wt-pdffamily/WebApi.Tests/Margin/MarginHarness.cs(78,46): warning CS8625: Cannot convert null literal to non-nullable reference type. [/Users/svendaneel/okam/wt-pdffamily/WebApi.Tests/WebApi.Tests.csproj]
/Users/svendaneel/okam/wt-pdffamily/WebApi.Tests/Margin/MarginHarness.cs(112,34): warning CS8625: Cannot convert null literal to non-nullable reference type. [/Users/svendaneel/okam/wt-pdffamily/WebApi.Tests/WebApi.Tests.csproj]
/Users/svendaneel/okam/wt-pdffamily/WebApi.Tests/Kassa/OperatorSessionExceptionMiddlewareTests.cs(65,27): warning CS8618: Non-nullable property 'ReasonPhrase' must contain a non-null value when exiting constructor. Consider declaring the property as nullable. [/Users/svendaneel/okam/wt-pdffamily/WebApi.Tests/WebApi.Tests.csproj]
/Users/svendaneel/okam/wt-pdffamily/WebApi.Tests/Kassa/KitchenBoardServiceTests.cs(410,20): warning CS8603: Possible null reference return. [/Users/svendaneel/okam/wt-pdffamily/WebApi.Tests/WebApi.Tests.csproj]
/Users/svendaneel/okam/wt-pdffamily/WebApi.Tests/Wire/MealsAgreementWireTests.cs(188,89): warning CS8625: Cannot convert null literal to non-nullable reference type. [/Users/svendaneel/okam/wt-pdffamily/WebApi.Tests/WebApi.Tests.csproj]
/Users/svendaneel/okam/wt-pdffamily/WebApi.Tests/Kassa/PosControllerCashSaleTests.cs(223,17): warning CS8600: Converting null literal or possible null value to non-nullable type. [/Users/svendaneel/okam/wt-pdffamily/WebApi.Tests/WebApi.Tests.csproj]
/Users/svendaneel/okam/wt-pdffamily/WebApi.Tests/Kassa/PosControllerCashSaleTests.cs(224,17): warning CS8600: Converting null literal or possible null value to non-nullable type. [/Users/svendaneel/okam/wt-pdffamily/WebApi.Tests/WebApi.Tests.csproj]
/Users/svendaneel/okam/wt-pdffamily/WebApi.Tests/Margin/MarginImportHarness.cs(66,52): warning CS8625: Cannot convert null literal to non-nullable reference type. [/Users/svendaneel/okam/wt-pdffamily/WebApi.Tests/WebApi.Tests.csproj]
/Users/svendaneel/okam/wt-pdffamily/WebApi.Tests/Events/EventsFakePaymentPort.cs(49,19): warning CS8618: Non-nullable property 'LastProviderReference' must contain a non-null value when exiting constructor. Consider declaring the property as nullable. [/Users/svendaneel/okam/wt-pdffamily/WebApi.Tests/WebApi.Tests.csproj]
/Users/svendaneel/okam/wt-pdffamily/WebApi.Tests/Margin/MarginImportHarness.cs(94,40): warning CS8625: Cannot convert null literal to non-nullable reference type. [/Users/svendaneel/okam/wt-pdffamily/WebApi.Tests/WebApi.Tests.csproj]
/Users/svendaneel/okam/wt-pdffamily/WebApi.Tests/Wire/MealsAgreementWireTests.cs(290,16): warning CS8603: Possible null reference return. [/Users/svendaneel/okam/wt-pdffamily/WebApi.Tests/WebApi.Tests.csproj]
/Users/svendaneel/okam/wt-pdffamily/WebApi.Tests/Wire/EventsGuestOriginConfigurationWireTests.cs(52,27): warning CS8604: Possible null reference argument for parameter 'uriString' in 'Uri.Uri(string uriString, UriKind uriKind)'. [/Users/svendaneel/okam/wt-pdffamily/WebApi.Tests/WebApi.Tests.csproj]
/Users/svendaneel/okam/wt-pdffamily/WebApi.Tests/Wire/MarginWireTests.cs(214,16): warning CS8603: Possible null reference return. [/Users/svendaneel/okam/wt-pdffamily/WebApi.Tests/WebApi.Tests.csproj]
/Users/svendaneel/okam/wt-pdffamily/WebApi.Tests/Margin/MarginRecipeExplosionBoundTests.cs(373,26): warning CS8629: Nullable value type may be null. [/Users/svendaneel/okam/wt-pdffamily/WebApi.Tests/WebApi.Tests.csproj]
/Users/svendaneel/okam/wt-pdffamily/WebApi.Tests/Wire/InvalidModelStateWireTests.cs(78,42): warning CS8604: Possible null reference argument for parameter 'value' in 'LogLevel Enum.Parse<LogLevel>(string value, bool ignoreCase)'. [/Users/svendaneel/okam/wt-pdffamily/WebApi.Tests/WebApi.Tests.csproj]
/Users/svendaneel/okam/wt-pdffamily/WebApi.Tests/Wire/InvalidModelStateWireTests.cs(80,13): warning CS8604: Possible null reference argument for parameter 'value' in 'LogLevel Enum.Parse<LogLevel>(string value, bool ignoreCase)'. [/Users/svendaneel/okam/wt-pdffamily/WebApi.Tests/WebApi.Tests.csproj]
/Users/svendaneel/okam/wt-pdffamily/WebApi.Tests/Wire/GrowthWebhookAuthWireTests.cs(144,95): warning CS8625: Cannot convert null literal to non-nullable reference type. [/Users/svendaneel/okam/wt-pdffamily/WebApi.Tests/WebApi.Tests.csproj]
/Users/svendaneel/okam/wt-pdffamily/WebApi.Tests/Margin/MarginJourneyE2ETests.cs(943,87): warning CS8603: Possible null reference return. [/Users/svendaneel/okam/wt-pdffamily/WebApi.Tests/WebApi.Tests.csproj]
/Users/svendaneel/okam/wt-pdffamily/WebApi.Tests/Wire/EventsDietaryRunSheetWireTests.cs(297,26): warning CS8600: Converting null literal or possible null value to non-nullable type. [/Users/svendaneel/okam/wt-pdffamily/WebApi.Tests/WebApi.Tests.csproj]
/Users/svendaneel/okam/wt-pdffamily/WebApi.Tests/Wire/GrowthWebhookAuthWireTests.cs(531,16): warning CS8603: Possible null reference return. [/Users/svendaneel/okam/wt-pdffamily/WebApi.Tests/WebApi.Tests.csproj]
/Users/svendaneel/okam/wt-pdffamily/WebApi.Tests/Events/EventsFlagCatalogCoherenceTests.cs(48,64): warning CS8625: Cannot convert null literal to non-nullable reference type. [/Users/svendaneel/okam/wt-pdffamily/WebApi.Tests/WebApi.Tests.csproj]
/Users/svendaneel/okam/wt-pdffamily/WebApi.Tests/Wire/EventsDietaryRunSheetWireTests.cs(342,13): warning CS8602: Dereference of a possibly null reference. [/Users/svendaneel/okam/wt-pdffamily/WebApi.Tests/WebApi.Tests.csproj]
/Users/svendaneel/okam/wt-pdffamily/WebApi.Tests/Wire/EventsDietaryRunSheetWireTests.cs(343,13): warning CS8602: Dereference of a possibly null reference. [/Users/svendaneel/okam/wt-pdffamily/WebApi.Tests/WebApi.Tests.csproj]
/Users/svendaneel/okam/wt-pdffamily/WebApi.Tests/Events/EventsFlagCatalogCoherenceTests.cs(91,64): warning CS8625: Cannot convert null literal to non-nullable reference type. [/Users/svendaneel/okam/wt-pdffamily/WebApi.Tests/WebApi.Tests.csproj]
/Users/svendaneel/okam/wt-pdffamily/WebApi.Tests/Wire/EventsDietaryRunSheetWireTests.cs(353,17): warning CS8604: Possible null reference argument for parameter 'Section' in 'Item.Item(string Section, int SortOrder, string TimeLabel, string Body, string QuantityLabel)'. [/Users/svendaneel/okam/wt-pdffamily/WebApi.Tests/WebApi.Tests.csproj]
/Users/svendaneel/okam/wt-pdffamily/WebApi.Tests/Wire/EventsDietaryRunSheetWireTests.cs(355,17): warning CS8604: Possible null reference argument for parameter 'TimeLabel' in 'Item.Item(string Section, int SortOrder, string TimeLabel, string Body, string QuantityLabel)'. [/Users/svendaneel/okam/wt-pdffamily/WebApi.Tests/WebApi.Tests.csproj]
/Users/svendaneel/okam/wt-pdffamily/WebApi.Tests/Wire/EventsDietaryRunSheetWireTests.cs(356,17): warning CS8604: Possible null reference argument for parameter 'Body' in 'Item.Item(string Section, int SortOrder, string TimeLabel, string Body, string QuantityLabel)'. [/Users/svendaneel/okam/wt-pdffamily/WebApi.Tests/WebApi.Tests.csproj]
/Users/svendaneel/okam/wt-pdffamily/WebApi.Tests/Wire/EventsDietaryRunSheetWireTests.cs(357,17): warning CS8604: Possible null reference argument for parameter 'QuantityLabel' in 'Item.Item(string Section, int SortOrder, string TimeLabel, string Body, string QuantityLabel)'. [/Users/svendaneel/okam/wt-pdffamily/WebApi.Tests/WebApi.Tests.csproj]
/Users/svendaneel/okam/wt-pdffamily/WebApi.Tests/Wire/GrowthConsentAdminWireTests.cs(239,89): warning CS8604: Possible null reference argument for parameter 'input' in 'DateTimeOffset DateTimeOffset.Parse(string input)'. [/Users/svendaneel/okam/wt-pdffamily/WebApi.Tests/WebApi.Tests.csproj]
/Users/svendaneel/okam/wt-pdffamily/WebApi.Tests/Wire/GrowthAuditWireTests.cs(178,16): warning CS8603: Possible null reference return. [/Users/svendaneel/okam/wt-pdffamily/WebApi.Tests/WebApi.Tests.csproj]
/Users/svendaneel/okam/wt-pdffamily/WebApi.Tests/Wire/GrowthDispatchActorWireTests.cs(319,68): warning CS8604: Possible null reference argument for parameter 's' in 'byte[] Encoding.GetBytes(string s)'. [/Users/svendaneel/okam/wt-pdffamily/WebApi.Tests/WebApi.Tests.csproj]
/Users/svendaneel/okam/wt-pdffamily/WebApi.Tests/Margin/MarginPriceApprovalAttributionTests.cs(33,62): warning CS8625: Cannot convert null literal to non-nullable reference type. [/Users/svendaneel/okam/wt-pdffamily/WebApi.Tests/WebApi.Tests.csproj]
/Users/svendaneel/okam/wt-pdffamily/WebApi.Tests/Margin/MarginMenuMarginReadTests.cs(340,71): warning CS8629: Nullable value type may be null. [/Users/svendaneel/okam/wt-pdffamily/WebApi.Tests/WebApi.Tests.csproj]
/Users/svendaneel/okam/wt-pdffamily/WebApi.Tests/Margin/MarginModuleScaffoldTests.cs(231,87): warning CS8603: Possible null reference return. [/Users/svendaneel/okam/wt-pdffamily/WebApi.Tests/WebApi.Tests.csproj]
/Users/svendaneel/okam/wt-pdffamily/WebApi.Tests/Margin/MarginJourneyE2ETests.cs(555,51): warning CS8123: The tuple element name 'lineAmount' is ignored because a different name or no name is specified by the target type '(Guid ProductId, string ArticleId, string Name, int LineAmount, int Vat)'. [/Users/svendaneel/okam/wt-pdffamily/WebApi.Tests/WebApi.Tests.csproj]
/Users/svendaneel/okam/wt-pdffamily/WebApi.Tests/Margin/MarginJourneyE2ETests.cs(555,70): warning CS8123: The tuple element name 'vat' is ignored because a different name or no name is specified by the target type '(Guid ProductId, string ArticleId, string Name, int LineAmount, int Vat)'. [/Users/svendaneel/okam/wt-pdffamily/WebApi.Tests/WebApi.Tests.csproj]
/Users/svendaneel/okam/wt-pdffamily/WebApi.Tests/Margin/MarginJourneyE2ETests.cs(556,45): warning CS8123: The tuple element name 'lineAmount' is ignored because a different name or no name is specified by the target type '(Guid ProductId, string ArticleId, string Name, int LineAmount, int Vat)'. [/Users/svendaneel/okam/wt-pdffamily/WebApi.Tests/WebApi.Tests.csproj]
/Users/svendaneel/okam/wt-pdffamily/WebApi.Tests/Margin/MarginJourneyE2ETests.cs(556,63): warning CS8123: The tuple element name 'vat' is ignored because a different name or no name is specified by the target type '(Guid ProductId, string ArticleId, string Name, int LineAmount, int Vat)'. [/Users/svendaneel/okam/wt-pdffamily/WebApi.Tests/WebApi.Tests.csproj]
/Users/svendaneel/okam/wt-pdffamily/WebApi.Tests/Wire/GrowthConsentAdminWireTests.cs(399,16): warning CS8603: Possible null reference return. [/Users/svendaneel/okam/wt-pdffamily/WebApi.Tests/WebApi.Tests.csproj]
/Users/svendaneel/okam/wt-pdffamily/WebApi.Tests/Events/EventsHarness.cs(74,46): warning CS8625: Cannot convert null literal to non-nullable reference type. [/Users/svendaneel/okam/wt-pdffamily/WebApi.Tests/WebApi.Tests.csproj]
/Users/svendaneel/okam/wt-pdffamily/WebApi.Tests/Events/EventsHarness.cs(108,34): warning CS8625: Cannot convert null literal to non-nullable reference type. [/Users/svendaneel/okam/wt-pdffamily/WebApi.Tests/WebApi.Tests.csproj]
/Users/svendaneel/okam/wt-pdffamily/WebApi.Tests/Wire/GrowthDispatchActorWireTests.cs(233,16): warning CS8603: Possible null reference return. [/Users/svendaneel/okam/wt-pdffamily/WebApi.Tests/WebApi.Tests.csproj]
/Users/svendaneel/okam/wt-pdffamily/WebApi.Tests/Wire/GrowthPlatformSurfacesWireTests.cs(264,16): warning CS8603: Possible null reference return. [/Users/svendaneel/okam/wt-pdffamily/WebApi.Tests/WebApi.Tests.csproj]
/Users/svendaneel/okam/wt-pdffamily/WebApi.Tests/Wire/GrowthPublicIntakeWireTests.cs(321,16): warning CS8603: Possible null reference return. [/Users/svendaneel/okam/wt-pdffamily/WebApi.Tests/WebApi.Tests.csproj]
/Users/svendaneel/okam/wt-pdffamily/WebApi.Tests/Margin/MarginMenuMarginReadTests.cs(475,43): warning CS8629: Nullable value type may be null. [/Users/svendaneel/okam/wt-pdffamily/WebApi.Tests/WebApi.Tests.csproj]
/Users/svendaneel/okam/wt-pdffamily/WebApi.Tests/Margin/MarginMenuMarginReadTests.cs(475,73): warning CS8629: Nullable value type may be null. [/Users/svendaneel/okam/wt-pdffamily/WebApi.Tests/WebApi.Tests.csproj]
/Users/svendaneel/okam/wt-pdffamily/WebApi.Tests/Wire/GrowthPrivacyNoticeDeliveryWireTests.cs(192,16): warning CS8603: Possible null reference return. [/Users/svendaneel/okam/wt-pdffamily/WebApi.Tests/WebApi.Tests.csproj]
/Users/svendaneel/okam/wt-pdffamily/WebApi.Tests/Wire/GrowthPrivacyNoticeDeliveryWireTests.cs(207,16): warning CS8603: Possible null reference return. [/Users/svendaneel/okam/wt-pdffamily/WebApi.Tests/WebApi.Tests.csproj]
/Users/svendaneel/okam/wt-pdffamily/WebApi.Tests/Margin/MarginProductLinkRevisionGuardTests.cs(132,44): warning CS8625: Cannot convert null literal to non-nullable reference type. [/Users/svendaneel/okam/wt-pdffamily/WebApi.Tests/WebApi.Tests.csproj]
/Users/svendaneel/okam/wt-pdffamily/WebApi.Tests/Margin/MarginProductLinkRevisionGuardTests.cs(137,48): warning CS8625: Cannot convert null literal to non-nullable reference type. [/Users/svendaneel/okam/wt-pdffamily/WebApi.Tests/WebApi.Tests.csproj]
/Users/svendaneel/okam/wt-pdffamily/WebApi.Tests/Margin/MarginPriceImportsControllerTests.cs(186,39): warning CS8618: Non-nullable property 'ThrowOnGet' must contain a non-null value when exiting constructor. Consider declaring the property as nullable. [/Users/svendaneel/okam/wt-pdffamily/WebApi.Tests/WebApi.Tests.csproj]
/Users/svendaneel/okam/wt-pdffamily/WebApi.Tests/Margin/MarginPriceImportsControllerTests.cs(187,29): warning CS8618: Non-nullable property 'ThrowOnApprove' must contain a non-null value when exiting constructor. Consider declaring the property as nullable. [/Users/svendaneel/okam/wt-pdffamily/WebApi.Tests/WebApi.Tests.csproj]
/Users/svendaneel/okam/wt-pdffamily/WebApi.Tests/Wire/EventsWireTests.cs(681,16): warning CS8603: Possible null reference return. [/Users/svendaneel/okam/wt-pdffamily/WebApi.Tests/WebApi.Tests.csproj]
/Users/svendaneel/okam/wt-pdffamily/WebApi.Tests/Wire/EventsWireTests.cs(699,16): warning CS8603: Possible null reference return. [/Users/svendaneel/okam/wt-pdffamily/WebApi.Tests/WebApi.Tests.csproj]
/Users/svendaneel/okam/wt-pdffamily/WebApi.Tests/Wire/EventsWireTests.cs(705,16): warning CS8603: Possible null reference return. [/Users/svendaneel/okam/wt-pdffamily/WebApi.Tests/WebApi.Tests.csproj]
/Users/svendaneel/okam/wt-pdffamily/WebApi.Tests/Margin/MarginPriceImpactRankingTests.cs(381,33): warning CS8629: Nullable value type may be null. [/Users/svendaneel/okam/wt-pdffamily/WebApi.Tests/WebApi.Tests.csproj]
/Users/svendaneel/okam/wt-pdffamily/WebApi.Tests/Margin/MarginPriceImpactRankingTests.cs(400,27): warning CS8629: Nullable value type may be null. [/Users/svendaneel/okam/wt-pdffamily/WebApi.Tests/WebApi.Tests.csproj]
/Users/svendaneel/okam/wt-pdffamily/WebApi.Tests/Workforce/WorkforceRequestsDecisionSqlServerTests.cs(66,9): warning xUnit2013: Do not use Assert.Equal() to check for collection size. Use Assert.Single instead. (https://xunit.net/xunit.analyzers/rules/xUnit2013) [/Users/svendaneel/okam/wt-pdffamily/WebApi.Tests/WebApi.Tests.csproj]
/Users/svendaneel/okam/wt-pdffamily/WebApi.Tests/Workforce/SchedulePublishSqlServerTests.cs(184,52): warning EF1002: Method 'ExecuteSqlRawAsync' inserts interpolated strings directly into the SQL, without any protection against SQL injection. Consider using 'ExecuteSqlAsync' instead, which protects against SQL injection, or make sure that the value is sanitized and suppress the warning. [/Users/svendaneel/okam/wt-pdffamily/WebApi.Tests/WebApi.Tests.csproj]
/Users/svendaneel/okam/wt-pdffamily/WebApi.Tests/Training/TrainingEvidenceReadTests.cs(207,9): warning xUnit2013: Do not use Assert.Equal() to check for collection size. Use Assert.Single instead. (https://xunit.net/xunit.analyzers/rules/xUnit2013) [/Users/svendaneel/okam/wt-pdffamily/WebApi.Tests/WebApi.Tests.csproj]
/Users/svendaneel/okam/wt-pdffamily/WebApi.Tests/Wire/PdfRendererOutageWireTests.cs(80,16): warning xUnit1026: Theory method 'A_renderer_outage_is_a_handled_502_on_every_download_route' on test class 'PdfRendererOutageWireTests' does not use parameter 'what'. Use the parameter, or remove the parameter and associated data. (https://xunit.net/xunit.analyzers/rules/xUnit1026) [/Users/svendaneel/okam/wt-pdffamily/WebApi.Tests/WebApi.Tests.csproj]
    705 Warning(s)
    0 Error(s)

Time Elapsed 00:00:28.55
