<?xml version="1.0" encoding="utf-8"?>
<TestRun id="4268118d-4e3a-4c77-a6d2-86be73c59c27" name="@svens-macbook-pro 2026-08-02 10:14:19" xmlns="http://microsoft.com/schemas/VisualStudio/TeamTest/2010">
  <Times creation="2026-08-02T10:14:19.0651340+02:00" queuing="2026-08-02T10:14:19.0651340+02:00" start="2026-08-02T10:14:15.2349400+02:00" finish="2026-08-02T10:14:24.1695540+02:00" />
  <TestSettings name="default" id="f33500ba-8116-4300-a4ea-d03bcd43460f">
    <Deployment runDeploymentRoot="_svens-macbook-pro_2026-08-02_10_14_19" />
  </TestSettings>
  <Results>
    <UnitTestResult executionId="6095c53f-6356-47b2-b7a7-907a8fa3ac70" testId="7c5b45f4-1f3e-3311-10a3-598d48dc7697" testName="WebApi.Tests.Events.EventsAttributionRefusalTests.An_adjustment_line_that_cannot_name_its_author_is_never_staged(actor: &quot;   &quot;)" computerName="svens-macbook-pro" duration="00:00:00.0813498" startTime="2026-08-02T10:14:23.2365980+02:00" endTime="2026-08-02T10:14:23.2365980+02:00" testType="13cdc9d9-ddb5-4fa4-a97d-d965ccfc6d4b" outcome="Passed" testListId="8c84fa94-04c1-424b-9868-57a2d4851a1d" relativeResultsDirectory="6095c53f-6356-47b2-b7a7-907a8fa3ac70" />
    <UnitTestResult executionId="3d4b2f85-da1b-4dd6-bcc7-a504be0c08e3" testId="bd515fbb-f923-0862-94e3-34e9d774538a" testName="WebApi.Tests.Events.EventsMoneyPathActorTests.An_unnameable_refund_is_refused_before_the_provider_is_called(userId: &quot;   &quot;)" computerName="svens-macbook-pro" duration="00:00:00.2155617" startTime="2026-08-02T10:14:21.9610330+02:00" endTime="2026-08-02T10:14:21.9610340+02:00" testType="13cdc9d9-ddb5-4fa4-a97d-d965ccfc6d4b" outcome="Passed" testListId="8c84fa94-04c1-424b-9868-57a2d4851a1d" relativeResultsDirectory="3d4b2f85-da1b-4dd6-bcc7-a504be0c08e3" />
    <UnitTestResult executionId="e34501ef-553e-4d35-8ce6-3f3a196e64fd" testId="f68ac244-eddc-0327-ad1d-898b9c148e7a" testName="WebApi.Tests.Events.EventsMoneyPathActorTests.An_unnameable_cancel_forfeits_nothing" computerName="svens-macbook-pro" duration="00:00:00.2115583" startTime="2026-08-02T10:14:22.1726570+02:00" endTime="2026-08-02T10:14:22.1726570+02:00" testType="13cdc9d9-ddb5-4fa4-a97d-d965ccfc6d4b" outcome="Passed" testListId="8c84fa94-04c1-424b-9868-57a2d4851a1d" relativeResultsDirectory="e34501ef-553e-4d35-8ce6-3f3a196e64fd" />
    <UnitTestResult executionId="883dd08e-0eb3-4e65-9df8-25b7cdfb146d" testId="e67fe886-6743-97e1-d168-a61e2d622cd5" testName="WebApi.Tests.Events.EventsAttributionRefusalTests.A_refund_by_a_named_admin_still_moves_the_money" computerName="svens-macbook-pro" duration="00:00:00.0655393" startTime="2026-08-02T10:14:24.1268530+02:00" endTime="2026-08-02T10:14:24.1268530+02:00" testType="13cdc9d9-ddb5-4fa4-a97d-d965ccfc6d4b" outcome="Passed" testListId="8c84fa94-04c1-424b-9868-57a2d4851a1d" relativeResultsDirectory="883dd08e-0eb3-4e65-9df8-25b7cdfb146d" />
    <UnitTestResult executionId="d65df001-0d6d-44c2-b40b-d5ea83c4dcf3" testId="39b66b68-0d11-18ee-f301-48a6bd01bd0c" testName="WebApi.Tests.Events.EventsAttributionRefusalTests.A_refund_that_cannot_name_its_author_never_reaches_the_provider(actor: &quot;&quot;)" computerName="svens-macbook-pro" duration="00:00:00.0660926" startTime="2026-08-02T10:14:23.4474410+02:00" endTime="2026-08-02T10:14:23.4474410+02:00" testType="13cdc9d9-ddb5-4fa4-a97d-d965ccfc6d4b" outcome="Passed" testListId="8c84fa94-04c1-424b-9868-57a2d4851a1d" relativeResultsDirectory="d65df001-0d6d-44c2-b40b-d5ea83c4dcf3" />
    <UnitTestResult executionId="c7a0d8cc-71d9-445e-9396-5511239e8425" testId="42a252cb-835b-7f4c-4724-88b11d7079b8" testName="WebApi.Tests.Events.EventsMoneyPathActorTests.A_forfeited_deposit_names_the_staff_member_who_kept_the_money" computerName="svens-macbook-pro" duration="00:00:00.1980064" startTime="2026-08-02T10:14:22.8178270+02:00" endTime="2026-08-02T10:14:22.8178270+02:00" testType="13cdc9d9-ddb5-4fa4-a97d-d965ccfc6d4b" outcome="Passed" testListId="8c84fa94-04c1-424b-9868-57a2d4851a1d" relativeResultsDirectory="c7a0d8cc-71d9-445e-9396-5511239e8425" />
    <UnitTestResult executionId="5d40b4cc-df01-40b2-b594-c9a337f6f742" testId="98c179c0-a490-f772-4185-a1c0701377c6" testName="WebApi.Tests.Events.EventsMoneyPathActorTests.A_non_admin_receipt_carrying_an_actor_is_refused(kind: System, actorUserId: &quot;&quot;)" computerName="svens-macbook-pro" duration="00:00:00.0000167" startTime="2026-08-02T10:14:21.1286120+02:00" endTime="2026-08-02T10:14:21.1286130+02:00" testType="13cdc9d9-ddb5-4fa4-a97d-d965ccfc6d4b" outcome="Passed" testListId="8c84fa94-04c1-424b-9868-57a2d4851a1d" relativeResultsDirectory="5d40b4cc-df01-40b2-b594-c9a337f6f742" />
    <UnitTestResult executionId="aebba9d6-a353-41b2-b4c2-2eac61e15bf2" testId="2f74b154-6b3b-a425-c3e8-4c8da6934e01" testName="WebApi.Tests.Events.EventsRailArmingPinTests.No_events_test_seeds_provider_truth_and_then_builds_a_rail_of_its_own" computerName="svens-macbook-pro" duration="00:00:00.0204080" startTime="2026-08-02T10:14:22.8384750+02:00" endTime="2026-08-02T10:14:22.8384750+02:00" testType="13cdc9d9-ddb5-4fa4-a97d-d965ccfc6d4b" outcome="Passed" testListId="8c84fa94-04c1-424b-9868-57a2d4851a1d" relativeResultsDirectory="aebba9d6-a353-41b2-b4c2-2eac61e15bf2" />
    <UnitTestResult executionId="4883dace-6407-46b5-83e0-e772de454533" testId="29b4802e-ac34-62fe-9a22-d26befec72a0" testName="WebApi.Tests.Events.EventsSettlementVatTests.A_matched_line_whose_journal_entry_has_no_tax_lines_is_withheld_not_zero_rated" computerName="svens-macbook-pro" duration="00:00:00.1749454" startTime="2026-08-02T10:14:19.8048410+02:00" endTime="2026-08-02T10:14:19.8048410+02:00" testType="13cdc9d9-ddb5-4fa4-a97d-d965ccfc6d4b" outcome="Passed" testListId="8c84fa94-04c1-424b-9868-57a2d4851a1d" relativeResultsDirectory="4883dace-6407-46b5-83e0-e772de454533" />
    <UnitTestResult executionId="0acbf356-daca-4f60-a959-d94148bb4643" testId="57390d25-d95c-978d-a124-9521d8572c37" testName="WebApi.Tests.Events.EventsMoneyPathActorTests.A_refund_names_the_admin_who_authorised_it_on_both_receipts" computerName="svens-macbook-pro" duration="00:00:00.2393177" startTime="2026-08-02T10:14:22.4120360+02:00" endTime="2026-08-02T10:14:22.4120360+02:00" testType="13cdc9d9-ddb5-4fa4-a97d-d965ccfc6d4b" outcome="Passed" testListId="8c84fa94-04c1-424b-9868-57a2d4851a1d" relativeResultsDirectory="0acbf356-daca-4f60-a959-d94148bb4643" />
    <UnitTestResult executionId="d8f1aa85-a4c2-400d-b085-8b2b4a5b1157" testId="22739b10-3fa6-e6a0-9365-eaae9ce3692f" testName="WebApi.Tests.Events.EventsAttributionRefusalTests.A_draft_edit_that_cannot_name_its_author_leaves_the_draft_untouched(actor: &quot;&quot;)" computerName="svens-macbook-pro" duration="00:00:00.0801072" startTime="2026-08-02T10:14:23.9247910+02:00" endTime="2026-08-02T10:14:23.9247910+02:00" testType="13cdc9d9-ddb5-4fa4-a97d-d965ccfc6d4b" outcome="Passed" testListId="8c84fa94-04c1-424b-9868-57a2d4851a1d" relativeResultsDirectory="d8f1aa85-a4c2-400d-b085-8b2b4a5b1157" />
    <UnitTestResult executionId="2af2f757-15f0-468e-90c4-a18f7d6da0c2" testId="f1df01c1-c707-406b-3109-1af61b0dd373" testName="WebApi.Tests.Events.EventsMoneyPathActorTests.An_admin_receipt_that_names_nobody_is_refused(actorUserId: &quot;&quot;)" computerName="svens-macbook-pro" duration="00:00:00.0001028" startTime="2026-08-02T10:14:20.2179800+02:00" endTime="2026-08-02T10:14:20.2179800+02:00" testType="13cdc9d9-ddb5-4fa4-a97d-d965ccfc6d4b" outcome="Passed" testListId="8c84fa94-04c1-424b-9868-57a2d4851a1d" relativeResultsDirectory="2af2f757-15f0-468e-90c4-a18f7d6da0c2" />
    <UnitTestResult executionId="d8262e40-a78f-4805-a4eb-95901b3386bc" testId="86b97397-d8ff-e8ee-1ffa-14faf67d5db1" testName="WebApi.Tests.Events.EventsRailArmingPinTests.The_rail_the_seeding_act_returns_can_refund_what_the_receipt_says_was_collected" computerName="svens-macbook-pro" duration="00:00:00.0747981" startTime="2026-08-02T10:14:22.9898970+02:00" endTime="2026-08-02T10:14:22.9898970+02:00" testType="13cdc9d9-ddb5-4fa4-a97d-d965ccfc6d4b" outcome="Passed" testListId="8c84fa94-04c1-424b-9868-57a2d4851a1d" relativeResultsDirectory="d8262e40-a78f-4805-a4eb-95901b3386bc" />
    <UnitTestResult executionId="9132dff2-5c1a-4317-b477-e88fba303cc9" testId="6c889aca-c5d5-c8ea-0924-a04b36db611c" testName="WebApi.Tests.Events.EventsMoneyPathActorTests.A_non_admin_receipt_carrying_an_actor_is_refused(kind: System, actorUserId: &quot;someone&quot;)" computerName="svens-macbook-pro" duration="00:00:00.0000189" startTime="2026-08-02T10:14:21.1285870+02:00" endTime="2026-08-02T10:14:21.1285870+02:00" testType="13cdc9d9-ddb5-4fa4-a97d-d965ccfc6d4b" outcome="Passed" testListId="8c84fa94-04c1-424b-9868-57a2d4851a1d" relativeResultsDirectory="9132dff2-5c1a-4317-b477-e88fba303cc9" />
    <UnitTestResult executionId="c0c71b6c-93b1-4d7c-bd16-f27122e90a1c" testId="acb5d753-9715-e698-d8c3-5aa2a3405ff4" testName="WebApi.Tests.Events.EventsAttributionRefusalTests.A_draft_create_that_cannot_name_its_author_stamps_no_version(actor: null)" computerName="svens-macbook-pro" duration="00:00:00.0608003" startTime="2026-08-02T10:14:23.8446120+02:00" endTime="2026-08-02T10:14:23.8446120+02:00" testType="13cdc9d9-ddb5-4fa4-a97d-d965ccfc6d4b" outcome="Passed" testListId="8c84fa94-04c1-424b-9868-57a2d4851a1d" relativeResultsDirectory="c0c71b6c-93b1-4d7c-bd16-f27122e90a1c" />
    <UnitTestResult executionId="11f9467f-c2b6-480f-bd85-5fe68140fa1a" testId="b156591b-3313-c7b3-8820-0f584a38dcf3" testName="WebApi.Tests.Events.EventsAttributionRefusalTests.A_reconcile_that_cannot_name_its_author_leaves_the_settlement_unreconciled(actor: &quot;&quot;)" computerName="svens-macbook-pro" duration="00:00:00.0665444" startTime="2026-08-02T10:14:23.5840590+02:00" endTime="2026-08-02T10:14:23.5840590+02:00" testType="13cdc9d9-ddb5-4fa4-a97d-d965ccfc6d4b" outcome="Passed" testListId="8c84fa94-04c1-424b-9868-57a2d4851a1d" relativeResultsDirectory="11f9467f-c2b6-480f-bd85-5fe68140fa1a" />
    <UnitTestResult executionId="ceeb845e-e978-423c-9d72-845acee72f67" testId="8d88dc22-41b7-2c8a-d3ee-01431863f075" testName="WebApi.Tests.Events.EventsAttributionRefusalTests.An_adjustment_line_that_cannot_name_its_author_is_never_staged(actor: null)" computerName="svens-macbook-pro" duration="00:00:00.0798630" startTime="2026-08-02T10:14:23.1551760+02:00" endTime="2026-08-02T10:14:23.1551760+02:00" testType="13cdc9d9-ddb5-4fa4-a97d-d965ccfc6d4b" outcome="Passed" testListId="8c84fa94-04c1-424b-9868-57a2d4851a1d" relativeResultsDirectory="ceeb845e-e978-423c-9d72-845acee72f67" />
    <UnitTestResult executionId="aaa1f7ac-0e31-479f-8526-ad68aaeb494b" testId="eee0bead-7a06-6fad-419f-528f8d9ff75d" testName="WebApi.Tests.Events.EventsMoneyPathActorTests.A_pos_link_attached_after_the_event_closed_still_names_who_attached_it" computerName="svens-macbook-pro" duration="00:00:00.2075969" startTime="2026-08-02T10:14:22.6197140+02:00" endTime="2026-08-02T10:14:22.6197140+02:00" testType="13cdc9d9-ddb5-4fa4-a97d-d965ccfc6d4b" outcome="Passed" testListId="8c84fa94-04c1-424b-9868-57a2d4851a1d" relativeResultsDirectory="aaa1f7ac-0e31-479f-8526-ad68aaeb494b" />
    <UnitTestResult executionId="a18e66d1-039e-412f-8d6f-d1b444427e98" testId="2bc71212-f7f5-3d7c-a2f2-2ba12b4c2496" testName="WebApi.Tests.Events.EventsAttributionRefusalTests.A_reconcile_that_cannot_name_its_author_leaves_the_settlement_unreconciled(actor: null)" computerName="svens-macbook-pro" duration="00:00:00.0638069" startTime="2026-08-02T10:14:23.6479380+02:00" endTime="2026-08-02T10:14:23.6479380+02:00" testType="13cdc9d9-ddb5-4fa4-a97d-d965ccfc6d4b" outcome="Passed" testListId="8c84fa94-04c1-424b-9868-57a2d4851a1d" relativeResultsDirectory="a18e66d1-039e-412f-8d6f-d1b444427e98" />
    <UnitTestResult executionId="6b251b34-112b-447e-9b3f-fb657254da7d" testId="1c7ce858-644e-e3cf-0254-56d6e7095d3d" testName="WebApi.Tests.Events.EventsMoneyPathActorTests.A_generated_deposit_line_names_nobody_because_nobody_entered_it" computerName="svens-macbook-pro" duration="00:00:00.1830710" startTime="2026-08-02T10:14:21.3117050+02:00" endTime="2026-08-02T10:14:21.3117050+02:00" testType="13cdc9d9-ddb5-4fa4-a97d-d965ccfc6d4b" outcome="Passed" testListId="8c84fa94-04c1-424b-9868-57a2d4851a1d" relativeResultsDirectory="6b251b34-112b-447e-9b3f-fb657254da7d" />
    <UnitTestResult executionId="2c5418ef-fea2-4496-a0d4-2988ecb8c8d0" testId="3e0104dd-753b-e626-6576-2601370562f4" testName="WebApi.Tests.Events.EventsAttributionRefusalTests.A_refund_that_cannot_name_its_author_never_reaches_the_provider(actor: null)" computerName="svens-macbook-pro" duration="00:00:00.0779971" startTime="2026-08-02T10:14:23.3146830+02:00" endTime="2026-08-02T10:14:23.3146830+02:00" testType="13cdc9d9-ddb5-4fa4-a97d-d965ccfc6d4b" outcome="Passed" testListId="8c84fa94-04c1-424b-9868-57a2d4851a1d" relativeResultsDirectory="2c5418ef-fea2-4496-a0d4-2988ecb8c8d0" />
    <UnitTestResult executionId="8152b587-7e9e-494e-bb0f-dba1ff8d41d7" testId="4b646c77-1d3f-aa91-e4ed-e4046518cce5" testName="WebApi.Tests.Events.EventsMoneyPathActorTests.An_unnameable_adjustment_stages_no_line(userId: &quot;&quot;)" computerName="svens-macbook-pro" duration="00:00:00.1775606" startTime="2026-08-02T10:14:20.5816740+02:00" endTime="2026-08-02T10:14:20.5816740+02:00" testType="13cdc9d9-ddb5-4fa4-a97d-d965ccfc6d4b" outcome="Passed" testListId="8c84fa94-04c1-424b-9868-57a2d4851a1d" relativeResultsDirectory="8152b587-7e9e-494e-bb0f-dba1ff8d41d7" />
    <UnitTestResult executionId="b711d029-f296-4640-8f85-e23ed304acec" testId="cffa3c59-dad2-4b96-1ae6-053352795537" testName="WebApi.Tests.Events.EventsSettlementVatTests.A_hand_entered_adjustment_is_withheld_because_no_column_can_carry_its_rate" computerName="svens-macbook-pro" duration="00:00:00.1754399" startTime="2026-08-02T10:14:19.4361970+02:00" endTime="2026-08-02T10:14:19.4361970+02:00" testType="13cdc9d9-ddb5-4fa4-a97d-d965ccfc6d4b" outcome="Passed" testListId="8c84fa94-04c1-424b-9868-57a2d4851a1d" relativeResultsDirectory="b711d029-f296-4640-8f85-e23ed304acec" />
    <UnitTestResult executionId="361ea743-d31b-4db3-b3ac-930582c25591" testId="9979dc93-5e26-0e54-7a84-4d8316409a8d" testName="WebApi.Tests.Events.EventsRailArmingPinTests.The_seeding_act_hands_back_the_rail_it_armed" computerName="svens-macbook-pro" duration="00:00:00.0002079" startTime="2026-08-02T10:14:22.9917330+02:00" endTime="2026-08-02T10:14:22.9917330+02:00" testType="13cdc9d9-ddb5-4fa4-a97d-d965ccfc6d4b" outcome="Passed" testListId="8c84fa94-04c1-424b-9868-57a2d4851a1d" relativeResultsDirectory="361ea743-d31b-4db3-b3ac-930582c25591" />
    <UnitTestResult executionId="98d46887-fac3-43ee-ab5b-b245aaa84473" testId="b2965453-8b45-a2e9-c443-43d2a2a3d705" testName="WebApi.Tests.Events.EventsMoneyPathActorTests.A_hand_entered_adjustment_names_who_typed_it" computerName="svens-macbook-pro" duration="00:00:00.1792906" startTime="2026-08-02T10:14:21.1273120+02:00" endTime="2026-08-02T10:14:21.1273120+02:00" testType="13cdc9d9-ddb5-4fa4-a97d-d965ccfc6d4b" outcome="Passed" testListId="8c84fa94-04c1-424b-9868-57a2d4851a1d" relativeResultsDirectory="98d46887-fac3-43ee-ab5b-b245aaa84473" />
    <UnitTestResult executionId="9f731ec9-ab41-44f8-a1ae-5f1386e17015" testId="91714d13-14ff-ff48-2692-a6511645f3c7" testName="WebApi.Tests.Events.EventsMoneyPathActorTests.A_provider_confirmation_records_System_with_an_exactly_null_actor" computerName="svens-macbook-pro" duration="00:00:00.1859585" startTime="2026-08-02T10:14:20.4040330+02:00" endTime="2026-08-02T10:14:20.4040330+02:00" testType="13cdc9d9-ddb5-4fa4-a97d-d965ccfc6d4b" outcome="Passed" testListId="8c84fa94-04c1-424b-9868-57a2d4851a1d" relativeResultsDirectory="9f731ec9-ab41-44f8-a1ae-5f1386e17015" />
    <UnitTestResult executionId="995072c1-80ce-4fbb-9716-677998e8c384" testId="04a9f1fc-deaa-6714-d968-1fbd2258d77a" testName="WebApi.Tests.Events.EventsSettlementVatTests.A_statement_carrying_a_deposit_reports_the_pos_rates_but_publishes_no_vat_total" computerName="svens-macbook-pro" duration="00:00:00.1935060" startTime="2026-08-02T10:14:19.6297650+02:00" endTime="2026-08-02T10:14:19.6297650+02:00" testType="13cdc9d9-ddb5-4fa4-a97d-d965ccfc6d4b" outcome="Passed" testListId="8c84fa94-04c1-424b-9868-57a2d4851a1d" relativeResultsDirectory="995072c1-80ce-4fbb-9716-677998e8c384" />
    <UnitTestResult executionId="a0df72cb-3ee2-4821-8ed5-06506e952c43" testId="122544b8-7658-42c8-f668-4bdf2c3867af" testName="WebApi.Tests.Events.EventsSettlementVatTests.The_pos_truth_adapter_copies_the_journal_tax_lines_and_gives_nothing_for_other_sources" computerName="svens-macbook-pro" duration="00:00:00.2216119" startTime="2026-08-02T10:14:20.0265030+02:00" endTime="2026-08-02T10:14:20.0265030+02:00" testType="13cdc9d9-ddb5-4fa4-a97d-d965ccfc6d4b" outcome="Passed" testListId="8c84fa94-04c1-424b-9868-57a2d4851a1d" relativeResultsDirectory="a0df72cb-3ee2-4821-8ed5-06506e952c43" />
    <UnitTestResult executionId="b7ff50ad-d765-4ac2-8edf-a76ada29c825" testId="e5b31271-15ee-e3c0-b1e9-93009f497f8a" testName="WebApi.Tests.Events.EventsMoneyPathActorTests.An_admin_receipt_that_names_nobody_is_refused(actorUserId: null)" computerName="svens-macbook-pro" duration="00:00:00.0009249" startTime="2026-08-02T10:14:20.2178420+02:00" endTime="2026-08-02T10:14:20.2178420+02:00" testType="13cdc9d9-ddb5-4fa4-a97d-d965ccfc6d4b" outcome="Passed" testListId="8c84fa94-04c1-424b-9868-57a2d4851a1d" relativeResultsDirectory="b7ff50ad-d765-4ac2-8edf-a76ada29c825" />
    <UnitTestResult executionId="3935d5dc-b86c-4ee1-8a41-e59b91a62a50" testId="55b672ec-7320-b322-4525-f8c7bc7b5fa4" testName="WebApi.Tests.Events.EventsAttributionRefusalTests.An_adjustment_line_that_cannot_name_its_author_is_never_staged(actor: &quot;&quot;)" computerName="svens-macbook-pro" duration="00:00:00.0832790" startTime="2026-08-02T10:14:23.0752390+02:00" endTime="2026-08-02T10:14:23.0752390+02:00" testType="13cdc9d9-ddb5-4fa4-a97d-d965ccfc6d4b" outcome="Passed" testListId="8c84fa94-04c1-424b-9868-57a2d4851a1d" relativeResultsDirectory="3935d5dc-b86c-4ee1-8a41-e59b91a62a50" />
    <UnitTestResult executionId="b42ed415-1b07-4472-a224-28be9b189b9f" testId="f0900f7b-485f-a778-f58f-94514c0c2107" testName="WebApi.Tests.Events.EventsAttributionRefusalTests.A_reconcile_that_cannot_name_its_author_leaves_the_settlement_unreconciled(actor: &quot;   &quot;)" computerName="svens-macbook-pro" duration="00:00:00.0699620" startTime="2026-08-02T10:14:23.5174520+02:00" endTime="2026-08-02T10:14:23.5174520+02:00" testType="13cdc9d9-ddb5-4fa4-a97d-d965ccfc6d4b" outcome="Passed" testListId="8c84fa94-04c1-424b-9868-57a2d4851a1d" relativeResultsDirectory="b42ed415-1b07-4472-a224-28be9b189b9f" />
    <UnitTestResult executionId="7c0421bd-f7de-40b2-ba8d-0719f5a08ed7" testId="6f78edc6-bbb4-17c6-ff62-ee44bf45f5fd" testName="WebApi.Tests.Events.EventsMoneyPathActorTests.An_unnameable_refund_is_refused_before_the_provider_is_called(userId: &quot;&quot;)" computerName="svens-macbook-pro" duration="00:00:00.2187213" startTime="2026-08-02T10:14:21.5304860+02:00" endTime="2026-08-02T10:14:21.5304860+02:00" testType="13cdc9d9-ddb5-4fa4-a97d-d965ccfc6d4b" outcome="Passed" testListId="8c84fa94-04c1-424b-9868-57a2d4851a1d" relativeResultsDirectory="7c0421bd-f7de-40b2-ba8d-0719f5a08ed7" />
    <UnitTestResult executionId="e7732e2c-00ea-4b5d-8187-b340d9fd52b6" testId="6ad60ece-131f-fc94-b8b6-f656da26709c" testName="WebApi.Tests.Events.EventsMoneyPathActorTests.An_unnameable_adjustment_stages_no_line(userId: &quot;   &quot;)" computerName="svens-macbook-pro" duration="00:00:00.1880705" startTime="2026-08-02T10:14:20.7698180+02:00" endTime="2026-08-02T10:14:20.7698180+02:00" testType="13cdc9d9-ddb5-4fa4-a97d-d965ccfc6d4b" outcome="Passed" testListId="8c84fa94-04c1-424b-9868-57a2d4851a1d" relativeResultsDirectory="e7732e2c-00ea-4b5d-8187-b340d9fd52b6" />
    <UnitTestResult executionId="c2e94e14-4bd6-4d97-8d37-e90ac93a0fd7" testId="02ac1dcd-08a0-af53-8067-d5bbac781e19" testName="WebApi.Tests.Events.EventsSettlementVatTests.An_unreconciled_journal_line_is_withheld_even_though_its_breakdown_is_readable" computerName="svens-macbook-pro" duration="00:00:00.1892531" startTime="2026-08-02T10:14:20.2158270+02:00" endTime="2026-08-02T10:14:20.2158270+02:00" testType="13cdc9d9-ddb5-4fa4-a97d-d965ccfc6d4b" outcome="Passed" testListId="8c84fa94-04c1-424b-9868-57a2d4851a1d" relativeResultsDirectory="c2e94e14-4bd6-4d97-8d37-e90ac93a0fd7" />
    <UnitTestResult executionId="13b37e74-b795-43a7-b2ae-29719f7048dd" testId="12855501-0452-13f1-b4d5-52ce0b8f3403" testName="WebApi.Tests.Events.EventsMoneyPathActorTests.An_unnameable_adjustment_stages_no_line(userId: null)" computerName="svens-macbook-pro" duration="00:00:00.1780770" startTime="2026-08-02T10:14:20.9479490+02:00" endTime="2026-08-02T10:14:20.9479490+02:00" testType="13cdc9d9-ddb5-4fa4-a97d-d965ccfc6d4b" outcome="Passed" testListId="8c84fa94-04c1-424b-9868-57a2d4851a1d" relativeResultsDirectory="13b37e74-b795-43a7-b2ae-29719f7048dd" />
    <UnitTestResult executionId="05bb4e2e-bdfe-4c43-9a51-01ef05df45d2" testId="99668d20-1a2a-4de8-aef6-51bad685b352" testName="WebApi.Tests.Events.EventsMoneyPathActorTests.An_admin_receipt_that_names_nobody_is_refused(actorUserId: &quot;   &quot;)" computerName="svens-macbook-pro" duration="00:00:00.0000185" startTime="2026-08-02T10:14:20.2180090+02:00" endTime="2026-08-02T10:14:20.2180090+02:00" testType="13cdc9d9-ddb5-4fa4-a97d-d965ccfc6d4b" outcome="Passed" testListId="8c84fa94-04c1-424b-9868-57a2d4851a1d" relativeResultsDirectory="05bb4e2e-bdfe-4c43-9a51-01ef05df45d2" />
    <UnitTestResult executionId="5476ff48-7af7-484a-a3df-df4a5bf57f01" testId="55a4d09e-af2c-64cc-ccb8-53554901ce8e" testName="WebApi.Tests.Events.EventsMoneyPathActorTests.A_non_admin_receipt_carrying_an_actor_is_refused(kind: Guest, actorUserId: &quot;someone&quot;)" computerName="svens-macbook-pro" duration="00:00:00.0010466" startTime="2026-08-02T10:14:21.1283940+02:00" endTime="2026-08-02T10:14:21.1283940+02:00" testType="13cdc9d9-ddb5-4fa4-a97d-d965ccfc6d4b" outcome="Passed" testListId="8c84fa94-04c1-424b-9868-57a2d4851a1d" relativeResultsDirectory="5476ff48-7af7-484a-a3df-df4a5bf57f01" />
    <UnitTestResult executionId="2ebcdf26-2420-44e4-9551-a106ead5ee5e" testId="093cd5ca-4bdb-b82e-7dd6-7dd42f9f4e20" testName="WebApi.Tests.Events.EventsAttributionRefusalTests.A_draft_edit_that_cannot_name_its_author_leaves_the_draft_untouched(actor: &quot;   &quot;)" computerName="svens-macbook-pro" duration="00:00:00.0732202" startTime="2026-08-02T10:14:24.0612440+02:00" endTime="2026-08-02T10:14:24.0612440+02:00" testType="13cdc9d9-ddb5-4fa4-a97d-d965ccfc6d4b" outcome="Passed" testListId="8c84fa94-04c1-424b-9868-57a2d4851a1d" relativeResultsDirectory="2ebcdf26-2420-44e4-9551-a106ead5ee5e" />
    <UnitTestResult executionId="3e5b2a64-cffb-46d0-88c2-d0be839180f2" testId="f198d819-0fc9-b870-9e5c-2a31365d94c3" testName="WebApi.Tests.Events.EventsRailArmingPinTests.No_events_act_accepts_a_rail_double_that_defaults_to_nothing" computerName="svens-macbook-pro" duration="00:00:00.0015409" startTime="2026-08-02T10:14:22.9915090+02:00" endTime="2026-08-02T10:14:22.9915100+02:00" testType="13cdc9d9-ddb5-4fa4-a97d-d965ccfc6d4b" outcome="Passed" testListId="8c84fa94-04c1-424b-9868-57a2d4851a1d" relativeResultsDirectory="3e5b2a64-cffb-46d0-88c2-d0be839180f2" />
    <UnitTestResult executionId="05f17c21-b223-4f8f-a084-5ed8ecc85592" testId="ae69d67f-915c-5f90-fd20-638d85837bec" testName="WebApi.Tests.Events.EventsAttributionRefusalTests.A_draft_create_that_cannot_name_its_author_stamps_no_version(actor: &quot;&quot;)" computerName="svens-macbook-pro" duration="00:00:00.0592041" startTime="2026-08-02T10:14:23.7837410+02:00" endTime="2026-08-02T10:14:23.7837410+02:00" testType="13cdc9d9-ddb5-4fa4-a97d-d965ccfc6d4b" outcome="Passed" testListId="8c84fa94-04c1-424b-9868-57a2d4851a1d" relativeResultsDirectory="05f17c21-b223-4f8f-a084-5ed8ecc85592" />
    <UnitTestResult executionId="76f03593-5d26-484d-b486-4ee96e7054fa" testId="8f0128e3-10b4-0d7f-7534-279611748c5a" testName="WebApi.Tests.Events.EventsSettlementVatTests.A_pos_line_referencing_an_order_rather_than_the_journal_is_withheld" computerName="svens-macbook-pro" duration="00:00:02.4858695" startTime="2026-08-02T10:14:19.0509330+02:00" endTime="2026-08-02T10:14:19.0509420+02:00" testType="13cdc9d9-ddb5-4fa4-a97d-d965ccfc6d4b" outcome="Passed" testListId="8c84fa94-04c1-424b-9868-57a2d4851a1d" relativeResultsDirectory="76f03593-5d26-484d-b486-4ee96e7054fa" />
    <UnitTestResult executionId="4792880b-f334-4eba-8858-d3fe3938dbe8" testId="bcbadea3-eab4-425a-e3e7-3cc74d4d99c6" testName="WebApi.Tests.Events.EventsAttributionRefusalTests.A_refund_that_cannot_name_its_author_never_reaches_the_provider(actor: &quot;   &quot;)" computerName="svens-macbook-pro" duration="00:00:00.0665396" startTime="2026-08-02T10:14:23.3812800+02:00" endTime="2026-08-02T10:14:23.3812800+02:00" testType="13cdc9d9-ddb5-4fa4-a97d-d965ccfc6d4b" outcome="Passed" testListId="8c84fa94-04c1-424b-9868-57a2d4851a1d" relativeResultsDirectory="4792880b-f334-4eba-8858-d3fe3938dbe8" />
    <UnitTestResult executionId="748e67d5-f3a7-4599-904a-bde71d77bfdf" testId="d2a71131-5151-7da3-64b2-bd1daa85c7be" testName="WebApi.Tests.Events.EventsRailArmingPinTests.A_rail_that_did_not_come_from_the_seeding_act_cannot_pass_for_the_domain_refusing" computerName="svens-macbook-pro" duration="00:00:00.0764577" startTime="2026-08-02T10:14:22.9150270+02:00" endTime="2026-08-02T10:14:22.9150270+02:00" testType="13cdc9d9-ddb5-4fa4-a97d-d965ccfc6d4b" outcome="Passed" testListId="8c84fa94-04c1-424b-9868-57a2d4851a1d" relativeResultsDirectory="748e67d5-f3a7-4599-904a-bde71d77bfdf" />
    <UnitTestResult executionId="dd0ffc36-b975-46e5-957f-bd716a062424" testId="ced471bd-a973-baed-ec9b-6fc8c0725bd4" testName="WebApi.Tests.Events.EventsMoneyPathActorTests.An_unnameable_refund_is_refused_before_the_provider_is_called(userId: null)" computerName="svens-macbook-pro" duration="00:00:00.2148466" startTime="2026-08-02T10:14:21.7453990+02:00" endTime="2026-08-02T10:14:21.7453990+02:00" testType="13cdc9d9-ddb5-4fa4-a97d-d965ccfc6d4b" outcome="Passed" testListId="8c84fa94-04c1-424b-9868-57a2d4851a1d" relativeResultsDirectory="dd0ffc36-b975-46e5-957f-bd716a062424" />
    <UnitTestResult executionId="8c26d2f8-4c21-4d43-923c-5d8701189655" testId="d0c9c7e1-eee3-9fed-b0c3-d6390f98c99d" testName="WebApi.Tests.Events.EventsAttributionRefusalTests.A_draft_create_that_cannot_name_its_author_stamps_no_version(actor: &quot;   &quot;)" computerName="svens-macbook-pro" duration="00:00:00.0764542" startTime="2026-08-02T10:14:23.7244800+02:00" endTime="2026-08-02T10:14:23.7244800+02:00" testType="13cdc9d9-ddb5-4fa4-a97d-d965ccfc6d4b" outcome="Passed" testListId="8c84fa94-04c1-424b-9868-57a2d4851a1d" relativeResultsDirectory="8c26d2f8-4c21-4d43-923c-5d8701189655" />
    <UnitTestResult executionId="1336b3c7-b281-4959-9afd-9baafdffe8d0" testId="de29598b-d1ab-d85d-f3e4-add72c7dfdc3" testName="WebApi.Tests.Events.EventsMoneyPathActorTests.A_non_admin_receipt_carrying_an_actor_is_refused(kind: Guest, actorUserId: &quot;   &quot;)" computerName="svens-macbook-pro" duration="00:00:00.0001051" startTime="2026-08-02T10:14:21.1285330+02:00" endTime="2026-08-02T10:14:21.1285330+02:00" testType="13cdc9d9-ddb5-4fa4-a97d-d965ccfc6d4b" outcome="Passed" testListId="8c84fa94-04c1-424b-9868-57a2d4851a1d" relativeResultsDirectory="1336b3c7-b281-4959-9afd-9baafdffe8d0" />
    <UnitTestResult executionId="4a1d8589-9230-400c-8e64-0b29fcd27b26" testId="7618c77b-ac0f-08c1-3736-e65a6bb86164" testName="WebApi.Tests.Events.EventsAttributionRefusalTests.A_draft_edit_that_cannot_name_its_author_leaves_the_draft_untouched(actor: null)" computerName="svens-macbook-pro" duration="00:00:00.0631219" startTime="2026-08-02T10:14:23.9879620+02:00" endTime="2026-08-02T10:14:23.9879620+02:00" testType="13cdc9d9-ddb5-4fa4-a97d-d965ccfc6d4b" outcome="Passed" testListId="8c84fa94-04c1-424b-9868-57a2d4851a1d" relativeResultsDirectory="4a1d8589-9230-400c-8e64-0b29fcd27b26" />
    <UnitTestResult executionId="bc8f4233-ffc0-46df-a6d2-4427dffcf3d3" testId="ce8aa8d2-f2c6-de44-d73e-3dd2714e25a5" testName="WebApi.Tests.Events.EventsSettlementVatTests.A_statement_of_matched_pos_checks_alone_publishes_a_real_vat_total" computerName="svens-macbook-pro" duration="00:00:00.2101180" startTime="2026-08-02T10:14:19.2606880+02:00" endTime="2026-08-02T10:14:19.2606880+02:00" testType="13cdc9d9-ddb5-4fa4-a97d-d965ccfc6d4b" outcome="Passed" testListId="8c84fa94-04c1-424b-9868-57a2d4851a1d" relativeResultsDirectory="bc8f4233-ffc0-46df-a6d2-4427dffcf3d3" />
  </Results>
  <TestDefinitions>
    <UnitTest name="WebApi.Tests.Events.EventsAttributionRefusalTests.A_reconcile_that_cannot_name_its_author_leaves_the_settlement_unreconciled(actor: null)" storage="/users/svendaneel/okam/wt-evrefund/webapi.tests/bin/debug/net8.0/webapi.tests.dll" id="2bc71212-f7f5-3d7c-a2f2-2ba12b4c2496">
      <Execution id="a18e66d1-039e-412f-8d6f-d1b444427e98" />
      <TestMethod codeBase="/Users/svendaneel/okam/wt-evrefund/WebApi.Tests/bin/Debug/net8.0/WebApi.Tests.dll" adapterTypeName="executor://xunit/VsTestRunner2/netcoreapp" className="WebApi.Tests.Events.EventsAttributionRefusalTests" name="A_reconcile_that_cannot_name_its_author_leaves_the_settlement_unreconciled" />
    </UnitTest>
    <UnitTest name="WebApi.Tests.Events.EventsSettlementVatTests.The_pos_truth_adapter_copies_the_journal_tax_lines_and_gives_nothing_for_other_sources" storage="/users/svendaneel/okam/wt-evrefund/webapi.tests/bin/debug/net8.0/webapi.tests.dll" id="122544b8-7658-42c8-f668-4bdf2c3867af">
      <Execution id="a0df72cb-3ee2-4821-8ed5-06506e952c43" />
      <TestMethod codeBase="/Users/svendaneel/okam/wt-evrefund/WebApi.Tests/bin/Debug/net8.0/WebApi.Tests.dll" adapterTypeName="executor://xunit/VsTestRunner2/netcoreapp" className="WebApi.Tests.Events.EventsSettlementVatTests" name="The_pos_truth_adapter_copies_the_journal_tax_lines_and_gives_nothing_for_other_sources" />
    </UnitTest>
    <UnitTest name="WebApi.Tests.Events.EventsMoneyPathActorTests.An_admin_receipt_that_names_nobody_is_refused(actorUserId: null)" storage="/users/svendaneel/okam/wt-evrefund/webapi.tests/bin/debug/net8.0/webapi.tests.dll" id="e5b31271-15ee-e3c0-b1e9-93009f497f8a">
      <Execution id="b7ff50ad-d765-4ac2-8edf-a76ada29c825" />
      <TestMethod codeBase="/Users/svendaneel/okam/wt-evrefund/WebApi.Tests/bin/Debug/net8.0/WebApi.Tests.dll" adapterTypeName="executor://xunit/VsTestRunner2/netcoreapp" className="WebApi.Tests.Events.EventsMoneyPathActorTests" name="An_admin_receipt_that_names_nobody_is_refused" />
    </UnitTest>
    <UnitTest name="WebApi.Tests.Events.EventsMoneyPathActorTests.A_non_admin_receipt_carrying_an_actor_is_refused(kind: Guest, actorUserId: &quot;   &quot;)" storage="/users/svendaneel/okam/wt-evrefund/webapi.tests/bin/debug/net8.0/webapi.tests.dll" id="de29598b-d1ab-d85d-f3e4-add72c7dfdc3">
      <Execution id="1336b3c7-b281-4959-9afd-9baafdffe8d0" />
      <TestMethod codeBase="/Users/svendaneel/okam/wt-evrefund/WebApi.Tests/bin/Debug/net8.0/WebApi.Tests.dll" adapterTypeName="executor://xunit/VsTestRunner2/netcoreapp" className="WebApi.Tests.Events.EventsMoneyPathActorTests" name="A_non_admin_receipt_carrying_an_actor_is_refused" />
    </UnitTest>
    <UnitTest name="WebApi.Tests.Events.EventsRailArmingPinTests.The_seeding_act_hands_back_the_rail_it_armed" storage="/users/svendaneel/okam/wt-evrefund/webapi.tests/bin/debug/net8.0/webapi.tests.dll" id="9979dc93-5e26-0e54-7a84-4d8316409a8d">
      <Execution id="361ea743-d31b-4db3-b3ac-930582c25591" />
      <TestMethod codeBase="/Users/svendaneel/okam/wt-evrefund/WebApi.Tests/bin/Debug/net8.0/WebApi.Tests.dll" adapterTypeName="executor://xunit/VsTestRunner2/netcoreapp" className="WebApi.Tests.Events.EventsRailArmingPinTests" name="The_seeding_act_hands_back_the_rail_it_armed" />
    </UnitTest>
    <UnitTest name="WebApi.Tests.Events.EventsMoneyPathActorTests.An_unnameable_refund_is_refused_before_the_provider_is_called(userId: &quot;   &quot;)" storage="/users/svendaneel/okam/wt-evrefund/webapi.tests/bin/debug/net8.0/webapi.tests.dll" id="bd515fbb-f923-0862-94e3-34e9d774538a">
      <Execution id="3d4b2f85-da1b-4dd6-bcc7-a504be0c08e3" />
      <TestMethod codeBase="/Users/svendaneel/okam/wt-evrefund/WebApi.Tests/bin/Debug/net8.0/WebApi.Tests.dll" adapterTypeName="executor://xunit/VsTestRunner2/netcoreapp" className="WebApi.Tests.Events.EventsMoneyPathActorTests" name="An_unnameable_refund_is_refused_before_the_provider_is_called" />
    </UnitTest>
    <UnitTest name="WebApi.Tests.Events.EventsAttributionRefusalTests.A_reconcile_that_cannot_name_its_author_leaves_the_settlement_unreconciled(actor: &quot;&quot;)" storage="/users/svendaneel/okam/wt-evrefund/webapi.tests/bin/debug/net8.0/webapi.tests.dll" id="b156591b-3313-c7b3-8820-0f584a38dcf3">
      <Execution id="11f9467f-c2b6-480f-bd85-5fe68140fa1a" />
      <TestMethod codeBase="/Users/svendaneel/okam/wt-evrefund/WebApi.Tests/bin/Debug/net8.0/WebApi.Tests.dll" adapterTypeName="executor://xunit/VsTestRunner2/netcoreapp" className="WebApi.Tests.Events.EventsAttributionRefusalTests" name="A_reconcile_that_cannot_name_its_author_leaves_the_settlement_unreconciled" />
    </UnitTest>
    <UnitTest name="WebApi.Tests.Events.EventsSettlementVatTests.An_unreconciled_journal_line_is_withheld_even_though_its_breakdown_is_readable" storage="/users/svendaneel/okam/wt-evrefund/webapi.tests/bin/debug/net8.0/webapi.tests.dll" id="02ac1dcd-08a0-af53-8067-d5bbac781e19">
      <Execution id="c2e94e14-4bd6-4d97-8d37-e90ac93a0fd7" />
      <TestMethod codeBase="/Users/svendaneel/okam/wt-evrefund/WebApi.Tests/bin/Debug/net8.0/WebApi.Tests.dll" adapterTypeName="executor://xunit/VsTestRunner2/netcoreapp" className="WebApi.Tests.Events.EventsSettlementVatTests" name="An_unreconciled_journal_line_is_withheld_even_though_its_breakdown_is_readable" />
    </UnitTest>
    <UnitTest name="WebApi.Tests.Events.EventsMoneyPathActorTests.A_provider_confirmation_records_System_with_an_exactly_null_actor" storage="/users/svendaneel/okam/wt-evrefund/webapi.tests/bin/debug/net8.0/webapi.tests.dll" id="91714d13-14ff-ff48-2692-a6511645f3c7">
      <Execution id="9f731ec9-ab41-44f8-a1ae-5f1386e17015" />
      <TestMethod codeBase="/Users/svendaneel/okam/wt-evrefund/WebApi.Tests/bin/Debug/net8.0/WebApi.Tests.dll" adapterTypeName="executor://xunit/VsTestRunner2/netcoreapp" className="WebApi.Tests.Events.EventsMoneyPathActorTests" name="A_provider_confirmation_records_System_with_an_exactly_null_actor" />
    </UnitTest>
    <UnitTest name="WebApi.Tests.Events.EventsMoneyPathActorTests.An_admin_receipt_that_names_nobody_is_refused(actorUserId: &quot;   &quot;)" storage="/users/svendaneel/okam/wt-evrefund/webapi.tests/bin/debug/net8.0/webapi.tests.dll" id="99668d20-1a2a-4de8-aef6-51bad685b352">
      <Execution id="05bb4e2e-bdfe-4c43-9a51-01ef05df45d2" />
      <TestMethod codeBase="/Users/svendaneel/okam/wt-evrefund/WebApi.Tests/bin/Debug/net8.0/WebApi.Tests.dll" adapterTypeName="executor://xunit/VsTestRunner2/netcoreapp" className="WebApi.Tests.Events.EventsMoneyPathActorTests" name="An_admin_receipt_that_names_nobody_is_refused" />
    </UnitTest>
    <UnitTest name="WebApi.Tests.Events.EventsAttributionRefusalTests.A_draft_create_that_cannot_name_its_author_stamps_no_version(actor: &quot;&quot;)" storage="/users/svendaneel/okam/wt-evrefund/webapi.tests/bin/debug/net8.0/webapi.tests.dll" id="ae69d67f-915c-5f90-fd20-638d85837bec">
      <Execution id="05f17c21-b223-4f8f-a084-5ed8ecc85592" />
      <TestMethod codeBase="/Users/svendaneel/okam/wt-evrefund/WebApi.Tests/bin/Debug/net8.0/WebApi.Tests.dll" adapterTypeName="executor://xunit/VsTestRunner2/netcoreapp" className="WebApi.Tests.Events.EventsAttributionRefusalTests" name="A_draft_create_that_cannot_name_its_author_stamps_no_version" />
    </UnitTest>
    <UnitTest name="WebApi.Tests.Events.EventsSettlementVatTests.A_matched_line_whose_journal_entry_has_no_tax_lines_is_withheld_not_zero_rated" storage="/users/svendaneel/okam/wt-evrefund/webapi.tests/bin/debug/net8.0/webapi.tests.dll" id="29b4802e-ac34-62fe-9a22-d26befec72a0">
      <Execution id="4883dace-6407-46b5-83e0-e772de454533" />
      <TestMethod codeBase="/Users/svendaneel/okam/wt-evrefund/WebApi.Tests/bin/Debug/net8.0/WebApi.Tests.dll" adapterTypeName="executor://xunit/VsTestRunner2/netcoreapp" className="WebApi.Tests.Events.EventsSettlementVatTests" name="A_matched_line_whose_journal_entry_has_no_tax_lines_is_withheld_not_zero_rated" />
    </UnitTest>
    <UnitTest name="WebApi.Tests.Events.EventsMoneyPathActorTests.An_unnameable_cancel_forfeits_nothing" storage="/users/svendaneel/okam/wt-evrefund/webapi.tests/bin/debug/net8.0/webapi.tests.dll" id="f68ac244-eddc-0327-ad1d-898b9c148e7a">
      <Execution id="e34501ef-553e-4d35-8ce6-3f3a196e64fd" />
      <TestMethod codeBase="/Users/svendaneel/okam/wt-evrefund/WebApi.Tests/bin/Debug/net8.0/WebApi.Tests.dll" adapterTypeName="executor://xunit/VsTestRunner2/netcoreapp" className="WebApi.Tests.Events.EventsMoneyPathActorTests" name="An_unnameable_cancel_forfeits_nothing" />
    </UnitTest>
    <UnitTest name="WebApi.Tests.Events.EventsMoneyPathActorTests.An_unnameable_adjustment_stages_no_line(userId: null)" storage="/users/svendaneel/okam/wt-evrefund/webapi.tests/bin/debug/net8.0/webapi.tests.dll" id="12855501-0452-13f1-b4d5-52ce0b8f3403">
      <Execution id="13b37e74-b795-43a7-b2ae-29719f7048dd" />
      <TestMethod codeBase="/Users/svendaneel/okam/wt-evrefund/WebApi.Tests/bin/Debug/net8.0/WebApi.Tests.dll" adapterTypeName="executor://xunit/VsTestRunner2/netcoreapp" className="WebApi.Tests.Events.EventsMoneyPathActorTests" name="An_unnameable_adjustment_stages_no_line" />
    </UnitTest>
    <UnitTest name="WebApi.Tests.Events.EventsAttributionRefusalTests.A_reconcile_that_cannot_name_its_author_leaves_the_settlement_unreconciled(actor: &quot;   &quot;)" storage="/users/svendaneel/okam/wt-evrefund/webapi.tests/bin/debug/net8.0/webapi.tests.dll" id="f0900f7b-485f-a778-f58f-94514c0c2107">
      <Execution id="b42ed415-1b07-4472-a224-28be9b189b9f" />
      <TestMethod codeBase="/Users/svendaneel/okam/wt-evrefund/WebApi.Tests/bin/Debug/net8.0/WebApi.Tests.dll" adapterTypeName="executor://xunit/VsTestRunner2/netcoreapp" className="WebApi.Tests.Events.EventsAttributionRefusalTests" name="A_reconcile_that_cannot_name_its_author_leaves_the_settlement_unreconciled" />
    </UnitTest>
    <UnitTest name="WebApi.Tests.Events.EventsRailArmingPinTests.A_rail_that_did_not_come_from_the_seeding_act_cannot_pass_for_the_domain_refusing" storage="/users/svendaneel/okam/wt-evrefund/webapi.tests/bin/debug/net8.0/webapi.tests.dll" id="d2a71131-5151-7da3-64b2-bd1daa85c7be">
      <Execution id="748e67d5-f3a7-4599-904a-bde71d77bfdf" />
      <TestMethod codeBase="/Users/svendaneel/okam/wt-evrefund/WebApi.Tests/bin/Debug/net8.0/WebApi.Tests.dll" adapterTypeName="executor://xunit/VsTestRunner2/netcoreapp" className="WebApi.Tests.Events.EventsRailArmingPinTests" name="A_rail_that_did_not_come_from_the_seeding_act_cannot_pass_for_the_domain_refusing" />
    </UnitTest>
    <UnitTest name="WebApi.Tests.Events.EventsMoneyPathActorTests.A_forfeited_deposit_names_the_staff_member_who_kept_the_money" storage="/users/svendaneel/okam/wt-evrefund/webapi.tests/bin/debug/net8.0/webapi.tests.dll" id="42a252cb-835b-7f4c-4724-88b11d7079b8">
      <Execution id="c7a0d8cc-71d9-445e-9396-5511239e8425" />
      <TestMethod codeBase="/Users/svendaneel/okam/wt-evrefund/WebApi.Tests/bin/Debug/net8.0/WebApi.Tests.dll" adapterTypeName="executor://xunit/VsTestRunner2/netcoreapp" className="WebApi.Tests.Events.EventsMoneyPathActorTests" name="A_forfeited_deposit_names_the_staff_member_who_kept_the_money" />
    </UnitTest>
    <UnitTest name="WebApi.Tests.Events.EventsAttributionRefusalTests.A_refund_that_cannot_name_its_author_never_reaches_the_provider(actor: &quot;   &quot;)" storage="/users/svendaneel/okam/wt-evrefund/webapi.tests/bin/debug/net8.0/webapi.tests.dll" id="bcbadea3-eab4-425a-e3e7-3cc74d4d99c6">
      <Execution id="4792880b-f334-4eba-8858-d3fe3938dbe8" />
      <TestMethod codeBase="/Users/svendaneel/okam/wt-evrefund/WebApi.Tests/bin/Debug/net8.0/WebApi.Tests.dll" adapterTypeName="executor://xunit/VsTestRunner2/netcoreapp" className="WebApi.Tests.Events.EventsAttributionRefusalTests" name="A_refund_that_cannot_name_its_author_never_reaches_the_provider" />
    </UnitTest>
    <UnitTest name="WebApi.Tests.Events.EventsAttributionRefusalTests.A_draft_create_that_cannot_name_its_author_stamps_no_version(actor: null)" storage="/users/svendaneel/okam/wt-evrefund/webapi.tests/bin/debug/net8.0/webapi.tests.dll" id="acb5d753-9715-e698-d8c3-5aa2a3405ff4">
      <Execution id="c0c71b6c-93b1-4d7c-bd16-f27122e90a1c" />
      <TestMethod codeBase="/Users/svendaneel/okam/wt-evrefund/WebApi.Tests/bin/Debug/net8.0/WebApi.Tests.dll" adapterTypeName="executor://xunit/VsTestRunner2/netcoreapp" className="WebApi.Tests.Events.EventsAttributionRefusalTests" name="A_draft_create_that_cannot_name_its_author_stamps_no_version" />
    </UnitTest>
    <UnitTest name="WebApi.Tests.Events.EventsMoneyPathActorTests.A_non_admin_receipt_carrying_an_actor_is_refused(kind: Guest, actorUserId: &quot;someone&quot;)" storage="/users/svendaneel/okam/wt-evrefund/webapi.tests/bin/debug/net8.0/webapi.tests.dll" id="55a4d09e-af2c-64cc-ccb8-53554901ce8e">
      <Execution id="5476ff48-7af7-484a-a3df-df4a5bf57f01" />
      <TestMethod codeBase="/Users/svendaneel/okam/wt-evrefund/WebApi.Tests/bin/Debug/net8.0/WebApi.Tests.dll" adapterTypeName="executor://xunit/VsTestRunner2/netcoreapp" className="WebApi.Tests.Events.EventsMoneyPathActorTests" name="A_non_admin_receipt_carrying_an_actor_is_refused" />
    </UnitTest>
    <UnitTest name="WebApi.Tests.Events.EventsSettlementVatTests.A_pos_line_referencing_an_order_rather_than_the_journal_is_withheld" storage="/users/svendaneel/okam/wt-evrefund/webapi.tests/bin/debug/net8.0/webapi.tests.dll" id="8f0128e3-10b4-0d7f-7534-279611748c5a">
      <Execution id="76f03593-5d26-484d-b486-4ee96e7054fa" />
      <TestMethod codeBase="/Users/svendaneel/okam/wt-evrefund/WebApi.Tests/bin/Debug/net8.0/WebApi.Tests.dll" adapterTypeName="executor://xunit/VsTestRunner2/netcoreapp" className="WebApi.Tests.Events.EventsSettlementVatTests" name="A_pos_line_referencing_an_order_rather_than_the_journal_is_withheld" />
    </UnitTest>
    <UnitTest name="WebApi.Tests.Events.EventsAttributionRefusalTests.A_draft_edit_that_cannot_name_its_author_leaves_the_draft_untouched(actor: &quot;&quot;)" storage="/users/svendaneel/okam/wt-evrefund/webapi.tests/bin/debug/net8.0/webapi.tests.dll" id="22739b10-3fa6-e6a0-9365-eaae9ce3692f">
      <Execution id="d8f1aa85-a4c2-400d-b085-8b2b4a5b1157" />
      <TestMethod codeBase="/Users/svendaneel/okam/wt-evrefund/WebApi.Tests/bin/Debug/net8.0/WebApi.Tests.dll" adapterTypeName="executor://xunit/VsTestRunner2/netcoreapp" className="WebApi.Tests.Events.EventsAttributionRefusalTests" name="A_draft_edit_that_cannot_name_its_author_leaves_the_draft_untouched" />
    </UnitTest>
    <UnitTest name="WebApi.Tests.Events.EventsMoneyPathActorTests.An_unnameable_adjustment_stages_no_line(userId: &quot;   &quot;)" storage="/users/svendaneel/okam/wt-evrefund/webapi.tests/bin/debug/net8.0/webapi.tests.dll" id="6ad60ece-131f-fc94-b8b6-f656da26709c">
      <Execution id="e7732e2c-00ea-4b5d-8187-b340d9fd52b6" />
      <TestMethod codeBase="/Users/svendaneel/okam/wt-evrefund/WebApi.Tests/bin/Debug/net8.0/WebApi.Tests.dll" adapterTypeName="executor://xunit/VsTestRunner2/netcoreapp" className="WebApi.Tests.Events.EventsMoneyPathActorTests" name="An_unnameable_adjustment_stages_no_line" />
    </UnitTest>
    <UnitTest name="WebApi.Tests.Events.EventsMoneyPathActorTests.An_unnameable_refund_is_refused_before_the_provider_is_called(userId: &quot;&quot;)" storage="/users/svendaneel/okam/wt-evrefund/webapi.tests/bin/debug/net8.0/webapi.tests.dll" id="6f78edc6-bbb4-17c6-ff62-ee44bf45f5fd">
      <Execution id="7c0421bd-f7de-40b2-ba8d-0719f5a08ed7" />
      <TestMethod codeBase="/Users/svendaneel/okam/wt-evrefund/WebApi.Tests/bin/Debug/net8.0/WebApi.Tests.dll" adapterTypeName="executor://xunit/VsTestRunner2/netcoreapp" className="WebApi.Tests.Events.EventsMoneyPathActorTests" name="An_unnameable_refund_is_refused_before_the_provider_is_called" />
    </UnitTest>
    <UnitTest name="WebApi.Tests.Events.EventsAttributionRefusalTests.An_adjustment_line_that_cannot_name_its_author_is_never_staged(actor: null)" storage="/users/svendaneel/okam/wt-evrefund/webapi.tests/bin/debug/net8.0/webapi.tests.dll" id="8d88dc22-41b7-2c8a-d3ee-01431863f075">
      <Execution id="ceeb845e-e978-423c-9d72-845acee72f67" />
      <TestMethod codeBase="/Users/svendaneel/okam/wt-evrefund/WebApi.Tests/bin/Debug/net8.0/WebApi.Tests.dll" adapterTypeName="executor://xunit/VsTestRunner2/netcoreapp" className="WebApi.Tests.Events.EventsAttributionRefusalTests" name="An_adjustment_line_that_cannot_name_its_author_is_never_staged" />
    </UnitTest>
    <UnitTest name="WebApi.Tests.Events.EventsMoneyPathActorTests.A_non_admin_receipt_carrying_an_actor_is_refused(kind: System, actorUserId: &quot;&quot;)" storage="/users/svendaneel/okam/wt-evrefund/webapi.tests/bin/debug/net8.0/webapi.tests.dll" id="98c179c0-a490-f772-4185-a1c0701377c6">
      <Execution id="5d40b4cc-df01-40b2-b594-c9a337f6f742" />
      <TestMethod codeBase="/Users/svendaneel/okam/wt-evrefund/WebApi.Tests/bin/Debug/net8.0/WebApi.Tests.dll" adapterTypeName="executor://xunit/VsTestRunner2/netcoreapp" className="WebApi.Tests.Events.EventsMoneyPathActorTests" name="A_non_admin_receipt_carrying_an_actor_is_refused" />
    </UnitTest>
    <UnitTest name="WebApi.Tests.Events.EventsRailArmingPinTests.No_events_test_seeds_provider_truth_and_then_builds_a_rail_of_its_own" storage="/users/svendaneel/okam/wt-evrefund/webapi.tests/bin/debug/net8.0/webapi.tests.dll" id="2f74b154-6b3b-a425-c3e8-4c8da6934e01">
      <Execution id="aebba9d6-a353-41b2-b4c2-2eac61e15bf2" />
      <TestMethod codeBase="/Users/svendaneel/okam/wt-evrefund/WebApi.Tests/bin/Debug/net8.0/WebApi.Tests.dll" adapterTypeName="executor://xunit/VsTestRunner2/netcoreapp" className="WebApi.Tests.Events.EventsRailArmingPinTests" name="No_events_test_seeds_provider_truth_and_then_builds_a_rail_of_its_own" />
    </UnitTest>
    <UnitTest name="WebApi.Tests.Events.EventsAttributionRefusalTests.A_draft_edit_that_cannot_name_its_author_leaves_the_draft_untouched(actor: &quot;   &quot;)" storage="/users/svendaneel/okam/wt-evrefund/webapi.tests/bin/debug/net8.0/webapi.tests.dll" id="093cd5ca-4bdb-b82e-7dd6-7dd42f9f4e20">
      <Execution id="2ebcdf26-2420-44e4-9551-a106ead5ee5e" />
      <TestMethod codeBase="/Users/svendaneel/okam/wt-evrefund/WebApi.Tests/bin/Debug/net8.0/WebApi.Tests.dll" adapterTypeName="executor://xunit/VsTestRunner2/netcoreapp" className="WebApi.Tests.Events.EventsAttributionRefusalTests" name="A_draft_edit_that_cannot_name_its_author_leaves_the_draft_untouched" />
    </UnitTest>
    <UnitTest name="WebApi.Tests.Events.EventsMoneyPathActorTests.An_unnameable_adjustment_stages_no_line(userId: &quot;&quot;)" storage="/users/svendaneel/okam/wt-evrefund/webapi.tests/bin/debug/net8.0/webapi.tests.dll" id="4b646c77-1d3f-aa91-e4ed-e4046518cce5">
      <Execution id="8152b587-7e9e-494e-bb0f-dba1ff8d41d7" />
      <TestMethod codeBase="/Users/svendaneel/okam/wt-evrefund/WebApi.Tests/bin/Debug/net8.0/WebApi.Tests.dll" adapterTypeName="executor://xunit/VsTestRunner2/netcoreapp" className="WebApi.Tests.Events.EventsMoneyPathActorTests" name="An_unnameable_adjustment_stages_no_line" />
    </UnitTest>
    <UnitTest name="WebApi.Tests.Events.EventsRailArmingPinTests.The_rail_the_seeding_act_returns_can_refund_what_the_receipt_says_was_collected" storage="/users/svendaneel/okam/wt-evrefund/webapi.tests/bin/debug/net8.0/webapi.tests.dll" id="86b97397-d8ff-e8ee-1ffa-14faf67d5db1">
      <Execution id="d8262e40-a78f-4805-a4eb-95901b3386bc" />
      <TestMethod codeBase="/Users/svendaneel/okam/wt-evrefund/WebApi.Tests/bin/Debug/net8.0/WebApi.Tests.dll" adapterTypeName="executor://xunit/VsTestRunner2/netcoreapp" className="WebApi.Tests.Events.EventsRailArmingPinTests" name="The_rail_the_seeding_act_returns_can_refund_what_the_receipt_says_was_collected" />
    </UnitTest>
    <UnitTest name="WebApi.Tests.Events.EventsSettlementVatTests.A_hand_entered_adjustment_is_withheld_because_no_column_can_carry_its_rate" storage="/users/svendaneel/okam/wt-evrefund/webapi.tests/bin/debug/net8.0/webapi.tests.dll" id="cffa3c59-dad2-4b96-1ae6-053352795537">
      <Execution id="b711d029-f296-4640-8f85-e23ed304acec" />
      <TestMethod codeBase="/Users/svendaneel/okam/wt-evrefund/WebApi.Tests/bin/Debug/net8.0/WebApi.Tests.dll" adapterTypeName="executor://xunit/VsTestRunner2/netcoreapp" className="WebApi.Tests.Events.EventsSettlementVatTests" name="A_hand_entered_adjustment_is_withheld_because_no_column_can_carry_its_rate" />
    </UnitTest>
    <UnitTest name="WebApi.Tests.Events.EventsAttributionRefusalTests.A_refund_by_a_named_admin_still_moves_the_money" storage="/users/svendaneel/okam/wt-evrefund/webapi.tests/bin/debug/net8.0/webapi.tests.dll" id="e67fe886-6743-97e1-d168-a61e2d622cd5">
      <Execution id="883dd08e-0eb3-4e65-9df8-25b7cdfb146d" />
      <TestMethod codeBase="/Users/svendaneel/okam/wt-evrefund/WebApi.Tests/bin/Debug/net8.0/WebApi.Tests.dll" adapterTypeName="executor://xunit/VsTestRunner2/netcoreapp" className="WebApi.Tests.Events.EventsAttributionRefusalTests" name="A_refund_by_a_named_admin_still_moves_the_money" />
    </UnitTest>
    <UnitTest name="WebApi.Tests.Events.EventsMoneyPathActorTests.An_admin_receipt_that_names_nobody_is_refused(actorUserId: &quot;&quot;)" storage="/users/svendaneel/okam/wt-evrefund/webapi.tests/bin/debug/net8.0/webapi.tests.dll" id="f1df01c1-c707-406b-3109-1af61b0dd373">
      <Execution id="2af2f757-15f0-468e-90c4-a18f7d6da0c2" />
      <TestMethod codeBase="/Users/svendaneel/okam/wt-evrefund/WebApi.Tests/bin/Debug/net8.0/WebApi.Tests.dll" adapterTypeName="executor://xunit/VsTestRunner2/netcoreapp" className="WebApi.Tests.Events.EventsMoneyPathActorTests" name="An_admin_receipt_that_names_nobody_is_refused" />
    </UnitTest>
    <UnitTest name="WebApi.Tests.Events.EventsSettlementVatTests.A_statement_of_matched_pos_checks_alone_publishes_a_real_vat_total" storage="/users/svendaneel/okam/wt-evrefund/webapi.tests/bin/debug/net8.0/webapi.tests.dll" id="ce8aa8d2-f2c6-de44-d73e-3dd2714e25a5">
      <Execution id="bc8f4233-ffc0-46df-a6d2-4427dffcf3d3" />
      <TestMethod codeBase="/Users/svendaneel/okam/wt-evrefund/WebApi.Tests/bin/Debug/net8.0/WebApi.Tests.dll" adapterTypeName="executor://xunit/VsTestRunner2/netcoreapp" className="WebApi.Tests.Events.EventsSettlementVatTests" name="A_statement_of_matched_pos_checks_alone_publishes_a_real_vat_total" />
    </UnitTest>
    <UnitTest name="WebApi.Tests.Events.EventsMoneyPathActorTests.A_generated_deposit_line_names_nobody_because_nobody_entered_it" storage="/users/svendaneel/okam/wt-evrefund/webapi.tests/bin/debug/net8.0/webapi.tests.dll" id="1c7ce858-644e-e3cf-0254-56d6e7095d3d">
      <Execution id="6b251b34-112b-447e-9b3f-fb657254da7d" />
      <TestMethod codeBase="/Users/svendaneel/okam/wt-evrefund/WebApi.Tests/bin/Debug/net8.0/WebApi.Tests.dll" adapterTypeName="executor://xunit/VsTestRunner2/netcoreapp" className="WebApi.Tests.Events.EventsMoneyPathActorTests" name="A_generated_deposit_line_names_nobody_because_nobody_entered_it" />
    </UnitTest>
    <UnitTest name="WebApi.Tests.Events.EventsAttributionRefusalTests.An_adjustment_line_that_cannot_name_its_author_is_never_staged(actor: &quot;&quot;)" storage="/users/svendaneel/okam/wt-evrefund/webapi.tests/bin/debug/net8.0/webapi.tests.dll" id="55b672ec-7320-b322-4525-f8c7bc7b5fa4">
      <Execution id="3935d5dc-b86c-4ee1-8a41-e59b91a62a50" />
      <TestMethod codeBase="/Users/svendaneel/okam/wt-evrefund/WebApi.Tests/bin/Debug/net8.0/WebApi.Tests.dll" adapterTypeName="executor://xunit/VsTestRunner2/netcoreapp" className="WebApi.Tests.Events.EventsAttributionRefusalTests" name="An_adjustment_line_that_cannot_name_its_author_is_never_staged" />
    </UnitTest>
    <UnitTest name="WebApi.Tests.Events.EventsMoneyPathActorTests.A_refund_names_the_admin_who_authorised_it_on_both_receipts" storage="/users/svendaneel/okam/wt-evrefund/webapi.tests/bin/debug/net8.0/webapi.tests.dll" id="57390d25-d95c-978d-a124-9521d8572c37">
      <Execution id="0acbf356-daca-4f60-a959-d94148bb4643" />
      <TestMethod codeBase="/Users/svendaneel/okam/wt-evrefund/WebApi.Tests/bin/Debug/net8.0/WebApi.Tests.dll" adapterTypeName="executor://xunit/VsTestRunner2/netcoreapp" className="WebApi.Tests.Events.EventsMoneyPathActorTests" name="A_refund_names_the_admin_who_authorised_it_on_both_receipts" />
    </UnitTest>
    <UnitTest name="WebApi.Tests.Events.EventsAttributionRefusalTests.An_adjustment_line_that_cannot_name_its_author_is_never_staged(actor: &quot;   &quot;)" storage="/users/svendaneel/okam/wt-evrefund/webapi.tests/bin/debug/net8.0/webapi.tests.dll" id="7c5b45f4-1f3e-3311-10a3-598d48dc7697">
      <Execution id="6095c53f-6356-47b2-b7a7-907a8fa3ac70" />
      <TestMethod codeBase="/Users/svendaneel/okam/wt-evrefund/WebApi.Tests/bin/Debug/net8.0/WebApi.Tests.dll" adapterTypeName="executor://xunit/VsTestRunner2/netcoreapp" className="WebApi.Tests.Events.EventsAttributionRefusalTests" name="An_adjustment_line_that_cannot_name_its_author_is_never_staged" />
    </UnitTest>
    <UnitTest name="WebApi.Tests.Events.EventsMoneyPathActorTests.A_non_admin_receipt_carrying_an_actor_is_refused(kind: System, actorUserId: &quot;someone&quot;)" storage="/users/svendaneel/okam/wt-evrefund/webapi.tests/bin/debug/net8.0/webapi.tests.dll" id="6c889aca-c5d5-c8ea-0924-a04b36db611c">
      <Execution id="9132dff2-5c1a-4317-b477-e88fba303cc9" />
      <TestMethod codeBase="/Users/svendaneel/okam/wt-evrefund/WebApi.Tests/bin/Debug/net8.0/WebApi.Tests.dll" adapterTypeName="executor://xunit/VsTestRunner2/netcoreapp" className="WebApi.Tests.Events.EventsMoneyPathActorTests" name="A_non_admin_receipt_carrying_an_actor_is_refused" />
    </UnitTest>
    <UnitTest name="WebApi.Tests.Events.EventsAttributionRefusalTests.A_refund_that_cannot_name_its_author_never_reaches_the_provider(actor: &quot;&quot;)" storage="/users/svendaneel/okam/wt-evrefund/webapi.tests/bin/debug/net8.0/webapi.tests.dll" id="39b66b68-0d11-18ee-f301-48a6bd01bd0c">
      <Execution id="d65df001-0d6d-44c2-b40b-d5ea83c4dcf3" />
      <TestMethod codeBase="/Users/svendaneel/okam/wt-evrefund/WebApi.Tests/bin/Debug/net8.0/WebApi.Tests.dll" adapterTypeName="executor://xunit/VsTestRunner2/netcoreapp" className="WebApi.Tests.Events.EventsAttributionRefusalTests" name="A_refund_that_cannot_name_its_author_never_reaches_the_provider" />
    </UnitTest>
    <UnitTest name="WebApi.Tests.Events.EventsAttributionRefusalTests.A_refund_that_cannot_name_its_author_never_reaches_the_provider(actor: null)" storage="/users/svendaneel/okam/wt-evrefund/webapi.tests/bin/debug/net8.0/webapi.tests.dll" id="3e0104dd-753b-e626-6576-2601370562f4">
      <Execution id="2c5418ef-fea2-4496-a0d4-2988ecb8c8d0" />
      <TestMethod codeBase="/Users/svendaneel/okam/wt-evrefund/WebApi.Tests/bin/Debug/net8.0/WebApi.Tests.dll" adapterTypeName="executor://xunit/VsTestRunner2/netcoreapp" className="WebApi.Tests.Events.EventsAttributionRefusalTests" name="A_refund_that_cannot_name_its_author_never_reaches_the_provider" />
    </UnitTest>
    <UnitTest name="WebApi.Tests.Events.EventsAttributionRefusalTests.A_draft_edit_that_cannot_name_its_author_leaves_the_draft_untouched(actor: null)" storage="/users/svendaneel/okam/wt-evrefund/webapi.tests/bin/debug/net8.0/webapi.tests.dll" id="7618c77b-ac0f-08c1-3736-e65a6bb86164">
      <Execution id="4a1d8589-9230-400c-8e64-0b29fcd27b26" />
      <TestMethod codeBase="/Users/svendaneel/okam/wt-evrefund/WebApi.Tests/bin/Debug/net8.0/WebApi.Tests.dll" adapterTypeName="executor://xunit/VsTestRunner2/netcoreapp" className="WebApi.Tests.Events.EventsAttributionRefusalTests" name="A_draft_edit_that_cannot_name_its_author_leaves_the_draft_untouched" />
    </UnitTest>
    <UnitTest name="WebApi.Tests.Events.EventsAttributionRefusalTests.A_draft_create_that_cannot_name_its_author_stamps_no_version(actor: &quot;   &quot;)" storage="/users/svendaneel/okam/wt-evrefund/webapi.tests/bin/debug/net8.0/webapi.tests.dll" id="d0c9c7e1-eee3-9fed-b0c3-d6390f98c99d">
      <Execution id="8c26d2f8-4c21-4d43-923c-5d8701189655" />
      <TestMethod codeBase="/Users/svendaneel/okam/wt-evrefund/WebApi.Tests/bin/Debug/net8.0/WebApi.Tests.dll" adapterTypeName="executor://xunit/VsTestRunner2/netcoreapp" className="WebApi.Tests.Events.EventsAttributionRefusalTests" name="A_draft_create_that_cannot_name_its_author_stamps_no_version" />
    </UnitTest>
    <UnitTest name="WebApi.Tests.Events.EventsMoneyPathActorTests.A_pos_link_attached_after_the_event_closed_still_names_who_attached_it" storage="/users/svendaneel/okam/wt-evrefund/webapi.tests/bin/debug/net8.0/webapi.tests.dll" id="eee0bead-7a06-6fad-419f-528f8d9ff75d">
      <Execution id="aaa1f7ac-0e31-479f-8526-ad68aaeb494b" />
      <TestMethod codeBase="/Users/svendaneel/okam/wt-evrefund/WebApi.Tests/bin/Debug/net8.0/WebApi.Tests.dll" adapterTypeName="executor://xunit/VsTestRunner2/netcoreapp" className="WebApi.Tests.Events.EventsMoneyPathActorTests" name="A_pos_link_attached_after_the_event_closed_still_names_who_attached_it" />
    </UnitTest>
    <UnitTest name="WebApi.Tests.Events.EventsMoneyPathActorTests.A_hand_entered_adjustment_names_who_typed_it" storage="/users/svendaneel/okam/wt-evrefund/webapi.tests/bin/debug/net8.0/webapi.tests.dll" id="b2965453-8b45-a2e9-c443-43d2a2a3d705">
      <Execution id="98d46887-fac3-43ee-ab5b-b245aaa84473" />
      <TestMethod codeBase="/Users/svendaneel/okam/wt-evrefund/WebApi.Tests/bin/Debug/net8.0/WebApi.Tests.dll" adapterTypeName="executor://xunit/VsTestRunner2/netcoreapp" className="WebApi.Tests.Events.EventsMoneyPathActorTests" name="A_hand_entered_adjustment_names_who_typed_it" />
    </UnitTest>
    <UnitTest name="WebApi.Tests.Events.EventsMoneyPathActorTests.An_unnameable_refund_is_refused_before_the_provider_is_called(userId: null)" storage="/users/svendaneel/okam/wt-evrefund/webapi.tests/bin/debug/net8.0/webapi.tests.dll" id="ced471bd-a973-baed-ec9b-6fc8c0725bd4">
      <Execution id="dd0ffc36-b975-46e5-957f-bd716a062424" />
      <TestMethod codeBase="/Users/svendaneel/okam/wt-evrefund/WebApi.Tests/bin/Debug/net8.0/WebApi.Tests.dll" adapterTypeName="executor://xunit/VsTestRunner2/netcoreapp" className="WebApi.Tests.Events.EventsMoneyPathActorTests" name="An_unnameable_refund_is_refused_before_the_provider_is_called" />
    </UnitTest>
    <UnitTest name="WebApi.Tests.Events.EventsSettlementVatTests.A_statement_carrying_a_deposit_reports_the_pos_rates_but_publishes_no_vat_total" storage="/users/svendaneel/okam/wt-evrefund/webapi.tests/bin/debug/net8.0/webapi.tests.dll" id="04a9f1fc-deaa-6714-d968-1fbd2258d77a">
      <Execution id="995072c1-80ce-4fbb-9716-677998e8c384" />
      <TestMethod codeBase="/Users/svendaneel/okam/wt-evrefund/WebApi.Tests/bin/Debug/net8.0/WebApi.Tests.dll" adapterTypeName="executor://xunit/VsTestRunner2/netcoreapp" className="WebApi.Tests.Events.EventsSettlementVatTests" name="A_statement_carrying_a_deposit_reports_the_pos_rates_but_publishes_no_vat_total" />
    </UnitTest>
    <UnitTest name="WebApi.Tests.Events.EventsRailArmingPinTests.No_events_act_accepts_a_rail_double_that_defaults_to_nothing" storage="/users/svendaneel/okam/wt-evrefund/webapi.tests/bin/debug/net8.0/webapi.tests.dll" id="f198d819-0fc9-b870-9e5c-2a31365d94c3">
      <Execution id="3e5b2a64-cffb-46d0-88c2-d0be839180f2" />
      <TestMethod codeBase="/Users/svendaneel/okam/wt-evrefund/WebApi.Tests/bin/Debug/net8.0/WebApi.Tests.dll" adapterTypeName="executor://xunit/VsTestRunner2/netcoreapp" className="WebApi.Tests.Events.EventsRailArmingPinTests" name="No_events_act_accepts_a_rail_double_that_defaults_to_nothing" />
    </UnitTest>
  </TestDefinitions>
  <TestEntries>
    <TestEntry testId="7c5b45f4-1f3e-3311-10a3-598d48dc7697" executionId="6095c53f-6356-47b2-b7a7-907a8fa3ac70" testListId="8c84fa94-04c1-424b-9868-57a2d4851a1d" />
    <TestEntry testId="bd515fbb-f923-0862-94e3-34e9d774538a" executionId="3d4b2f85-da1b-4dd6-bcc7-a504be0c08e3" testListId="8c84fa94-04c1-424b-9868-57a2d4851a1d" />
    <TestEntry testId="f68ac244-eddc-0327-ad1d-898b9c148e7a" executionId="e34501ef-553e-4d35-8ce6-3f3a196e64fd" testListId="8c84fa94-04c1-424b-9868-57a2d4851a1d" />
    <TestEntry testId="e67fe886-6743-97e1-d168-a61e2d622cd5" executionId="883dd08e-0eb3-4e65-9df8-25b7cdfb146d" testListId="8c84fa94-04c1-424b-9868-57a2d4851a1d" />
    <TestEntry testId="39b66b68-0d11-18ee-f301-48a6bd01bd0c" executionId="d65df001-0d6d-44c2-b40b-d5ea83c4dcf3" testListId="8c84fa94-04c1-424b-9868-57a2d4851a1d" />
    <TestEntry testId="42a252cb-835b-7f4c-4724-88b11d7079b8" executionId="c7a0d8cc-71d9-445e-9396-5511239e8425" testListId="8c84fa94-04c1-424b-9868-57a2d4851a1d" />
    <TestEntry testId="98c179c0-a490-f772-4185-a1c0701377c6" executionId="5d40b4cc-df01-40b2-b594-c9a337f6f742" testListId="8c84fa94-04c1-424b-9868-57a2d4851a1d" />
    <TestEntry testId="2f74b154-6b3b-a425-c3e8-4c8da6934e01" executionId="aebba9d6-a353-41b2-b4c2-2eac61e15bf2" testListId="8c84fa94-04c1-424b-9868-57a2d4851a1d" />
    <TestEntry testId="29b4802e-ac34-62fe-9a22-d26befec72a0" executionId="4883dace-6407-46b5-83e0-e772de454533" testListId="8c84fa94-04c1-424b-9868-57a2d4851a1d" />
    <TestEntry testId="57390d25-d95c-978d-a124-9521d8572c37" executionId="0acbf356-daca-4f60-a959-d94148bb4643" testListId="8c84fa94-04c1-424b-9868-57a2d4851a1d" />
    <TestEntry testId="22739b10-3fa6-e6a0-9365-eaae9ce3692f" executionId="d8f1aa85-a4c2-400d-b085-8b2b4a5b1157" testListId="8c84fa94-04c1-424b-9868-57a2d4851a1d" />
    <TestEntry testId="f1df01c1-c707-406b-3109-1af61b0dd373" executionId="2af2f757-15f0-468e-90c4-a18f7d6da0c2" testListId="8c84fa94-04c1-424b-9868-57a2d4851a1d" />
    <TestEntry testId="86b97397-d8ff-e8ee-1ffa-14faf67d5db1" executionId="d8262e40-a78f-4805-a4eb-95901b3386bc" testListId="8c84fa94-04c1-424b-9868-57a2d4851a1d" />
    <TestEntry testId="6c889aca-c5d5-c8ea-0924-a04b36db611c" executionId="9132dff2-5c1a-4317-b477-e88fba303cc9" testListId="8c84fa94-04c1-424b-9868-57a2d4851a1d" />
    <TestEntry testId="acb5d753-9715-e698-d8c3-5aa2a3405ff4" executionId="c0c71b6c-93b1-4d7c-bd16-f27122e90a1c" testListId="8c84fa94-04c1-424b-9868-57a2d4851a1d" />
    <TestEntry testId="b156591b-3313-c7b3-8820-0f584a38dcf3" executionId="11f9467f-c2b6-480f-bd85-5fe68140fa1a" testListId="8c84fa94-04c1-424b-9868-57a2d4851a1d" />
    <TestEntry testId="8d88dc22-41b7-2c8a-d3ee-01431863f075" executionId="ceeb845e-e978-423c-9d72-845acee72f67" testListId="8c84fa94-04c1-424b-9868-57a2d4851a1d" />
    <TestEntry testId="eee0bead-7a06-6fad-419f-528f8d9ff75d" executionId="aaa1f7ac-0e31-479f-8526-ad68aaeb494b" testListId="8c84fa94-04c1-424b-9868-57a2d4851a1d" />
    <TestEntry testId="2bc71212-f7f5-3d7c-a2f2-2ba12b4c2496" executionId="a18e66d1-039e-412f-8d6f-d1b444427e98" testListId="8c84fa94-04c1-424b-9868-57a2d4851a1d" />
    <TestEntry testId="1c7ce858-644e-e3cf-0254-56d6e7095d3d" executionId="6b251b34-112b-447e-9b3f-fb657254da7d" testListId="8c84fa94-04c1-424b-9868-57a2d4851a1d" />
    <TestEntry testId="3e0104dd-753b-e626-6576-2601370562f4" executionId="2c5418ef-fea2-4496-a0d4-2988ecb8c8d0" testListId="8c84fa94-04c1-424b-9868-57a2d4851a1d" />
    <TestEntry testId="4b646c77-1d3f-aa91-e4ed-e4046518cce5" executionId="8152b587-7e9e-494e-bb0f-dba1ff8d41d7" testListId="8c84fa94-04c1-424b-9868-57a2d4851a1d" />
    <TestEntry testId="cffa3c59-dad2-4b96-1ae6-053352795537" executionId="b711d029-f296-4640-8f85-e23ed304acec" testListId="8c84fa94-04c1-424b-9868-57a2d4851a1d" />
    <TestEntry testId="9979dc93-5e26-0e54-7a84-4d8316409a8d" executionId="361ea743-d31b-4db3-b3ac-930582c25591" testListId="8c84fa94-04c1-424b-9868-57a2d4851a1d" />
    <TestEntry testId="b2965453-8b45-a2e9-c443-43d2a2a3d705" executionId="98d46887-fac3-43ee-ab5b-b245aaa84473" testListId="8c84fa94-04c1-424b-9868-57a2d4851a1d" />
    <TestEntry testId="91714d13-14ff-ff48-2692-a6511645f3c7" executionId="9f731ec9-ab41-44f8-a1ae-5f1386e17015" testListId="8c84fa94-04c1-424b-9868-57a2d4851a1d" />
    <TestEntry testId="04a9f1fc-deaa-6714-d968-1fbd2258d77a" executionId="995072c1-80ce-4fbb-9716-677998e8c384" testListId="8c84fa94-04c1-424b-9868-57a2d4851a1d" />
    <TestEntry testId="122544b8-7658-42c8-f668-4bdf2c3867af" executionId="a0df72cb-3ee2-4821-8ed5-06506e952c43" testListId="8c84fa94-04c1-424b-9868-57a2d4851a1d" />
    <TestEntry testId="e5b31271-15ee-e3c0-b1e9-93009f497f8a" executionId="b7ff50ad-d765-4ac2-8edf-a76ada29c825" testListId="8c84fa94-04c1-424b-9868-57a2d4851a1d" />
    <TestEntry testId="55b672ec-7320-b322-4525-f8c7bc7b5fa4" executionId="3935d5dc-b86c-4ee1-8a41-e59b91a62a50" testListId="8c84fa94-04c1-424b-9868-57a2d4851a1d" />
    <TestEntry testId="f0900f7b-485f-a778-f58f-94514c0c2107" executionId="b42ed415-1b07-4472-a224-28be9b189b9f" testListId="8c84fa94-04c1-424b-9868-57a2d4851a1d" />
    <TestEntry testId="6f78edc6-bbb4-17c6-ff62-ee44bf45f5fd" executionId="7c0421bd-f7de-40b2-ba8d-0719f5a08ed7" testListId="8c84fa94-04c1-424b-9868-57a2d4851a1d" />
    <TestEntry testId="6ad60ece-131f-fc94-b8b6-f656da26709c" executionId="e7732e2c-00ea-4b5d-8187-b340d9fd52b6" testListId="8c84fa94-04c1-424b-9868-57a2d4851a1d" />
    <TestEntry testId="02ac1dcd-08a0-af53-8067-d5bbac781e19" executionId="c2e94e14-4bd6-4d97-8d37-e90ac93a0fd7" testListId="8c84fa94-04c1-424b-9868-57a2d4851a1d" />
    <TestEntry testId="12855501-0452-13f1-b4d5-52ce0b8f3403" executionId="13b37e74-b795-43a7-b2ae-29719f7048dd" testListId="8c84fa94-04c1-424b-9868-57a2d4851a1d" />
    <TestEntry testId="99668d20-1a2a-4de8-aef6-51bad685b352" executionId="05bb4e2e-bdfe-4c43-9a51-01ef05df45d2" testListId="8c84fa94-04c1-424b-9868-57a2d4851a1d" />
    <TestEntry testId="55a4d09e-af2c-64cc-ccb8-53554901ce8e" executionId="5476ff48-7af7-484a-a3df-df4a5bf57f01" testListId="8c84fa94-04c1-424b-9868-57a2d4851a1d" />
    <TestEntry testId="093cd5ca-4bdb-b82e-7dd6-7dd42f9f4e20" executionId="2ebcdf26-2420-44e4-9551-a106ead5ee5e" testListId="8c84fa94-04c1-424b-9868-57a2d4851a1d" />
    <TestEntry testId="f198d819-0fc9-b870-9e5c-2a31365d94c3" executionId="3e5b2a64-cffb-46d0-88c2-d0be839180f2" testListId="8c84fa94-04c1-424b-9868-57a2d4851a1d" />
    <TestEntry testId="ae69d67f-915c-5f90-fd20-638d85837bec" executionId="05f17c21-b223-4f8f-a084-5ed8ecc85592" testListId="8c84fa94-04c1-424b-9868-57a2d4851a1d" />
    <TestEntry testId="8f0128e3-10b4-0d7f-7534-279611748c5a" executionId="76f03593-5d26-484d-b486-4ee96e7054fa" testListId="8c84fa94-04c1-424b-9868-57a2d4851a1d" />
    <TestEntry testId="bcbadea3-eab4-425a-e3e7-3cc74d4d99c6" executionId="4792880b-f334-4eba-8858-d3fe3938dbe8" testListId="8c84fa94-04c1-424b-9868-57a2d4851a1d" />
    <TestEntry testId="d2a71131-5151-7da3-64b2-bd1daa85c7be" executionId="748e67d5-f3a7-4599-904a-bde71d77bfdf" testListId="8c84fa94-04c1-424b-9868-57a2d4851a1d" />
    <TestEntry testId="ced471bd-a973-baed-ec9b-6fc8c0725bd4" executionId="dd0ffc36-b975-46e5-957f-bd716a062424" testListId="8c84fa94-04c1-424b-9868-57a2d4851a1d" />
    <TestEntry testId="d0c9c7e1-eee3-9fed-b0c3-d6390f98c99d" executionId="8c26d2f8-4c21-4d43-923c-5d8701189655" testListId="8c84fa94-04c1-424b-9868-57a2d4851a1d" />
    <TestEntry testId="de29598b-d1ab-d85d-f3e4-add72c7dfdc3" executionId="1336b3c7-b281-4959-9afd-9baafdffe8d0" testListId="8c84fa94-04c1-424b-9868-57a2d4851a1d" />
    <TestEntry testId="7618c77b-ac0f-08c1-3736-e65a6bb86164" executionId="4a1d8589-9230-400c-8e64-0b29fcd27b26" testListId="8c84fa94-04c1-424b-9868-57a2d4851a1d" />
    <TestEntry testId="ce8aa8d2-f2c6-de44-d73e-3dd2714e25a5" executionId="bc8f4233-ffc0-46df-a6d2-4427dffcf3d3" testListId="8c84fa94-04c1-424b-9868-57a2d4851a1d" />
  </TestEntries>
  <TestLists>
    <TestList name="Results Not in a List" id="8c84fa94-04c1-424b-9868-57a2d4851a1d" />
    <TestList name="All Loaded Results" id="19431567-8539-422a-85d7-44ee4e166bda" />
  </TestLists>
  <ResultSummary outcome="Completed">
    <Counters total="48" executed="48" passed="48" failed="0" error="0" timeout="0" aborted="0" inconclusive="0" passedButRunAborted="0" notRunnable="0" notExecuted="0" disconnected="0" warning="0" completed="0" inProgress="0" pending="0" />
    <Output>
      <StdOut>[xUnit.net 00:00:00.00] xUnit.net VSTest Adapter v2.4.5+1caef2f33e (64-bit .NET 8.0.28)
[xUnit.net 00:00:00.88]   Discovering: WebApi.Tests
[xUnit.net 00:00:01.11]   Discovered:  WebApi.Tests
[xUnit.net 00:00:01.12]   Starting:    WebApi.Tests
[xUnit.net 00:00:08.69]   Finished:    WebApi.Tests
</StdOut>
    </Output>
  </ResultSummary>
</TestRun>