[WebServer] [fixture] listening on http://127.0.0.1:4098
[WebServer] 
[WebServer]  WARN  You're using Nuxt 2.17.1, which includes built-in TypeScript runtime support
[WebServer] 
[WebServer] 
[WebServer]  WARN  You can safely use nuxt instead of nuxt-ts and remove @nuxt/typescript-runtime package
[WebServer] 
[WebServer] 
[WebServer]  WARN  Module @nuxt/image is disabled due to incompatibility issues:
[WebServer]  - [nuxt] Nuxt version >=3.1.0 is required but currently using 2.17.1
[WebServer] 
[WebServer] ℹ Parsed 0 files in 0.0 seconds
[WebServer] ℹ [HPM] Proxy created: /  -> http://127.0.0.1:5080
[WebServer] ℹ [HPM] Proxy rewrite rule created: "^/okam-api" ~> ""
[WebServer] ℹ Listening on: http://172.20.10.4:3098/
[WebServer] ℹ Preparing project for development
[WebServer] ℹ Initial build may take a while
[WebServer] ℹ Discovered Components: .nuxt/components/readme.md
[WebServer] ✔ Builder initialized

Running 1 test using 1 worker

[WebServer] ✔ Nuxt files generated
[WebServer] 
[WebServer]  WARN  Browserslist: browsers data (caniuse-lite) is 21 months old. Please run:
[WebServer]   npx update-browserslist-db@latest
[WebServer]   Why you should do it regularly: https://github.com/browserslist/update-db#readme
[WebServer] 
probe base http://127.0.0.1:3098 api http://127.0.0.1:4098
[WebServer] ℹ Compiling Server
[WebServer] ℹ Compiling Client
[WebServer] ✔ Server: Compiled successfully in 15.97s
[WebServer] ✔ Client: Compiled successfully in 18.74s
[WebServer] ℹ Waiting for file changes
[WebServer] ℹ Memory usage: 946 MB (RSS: 1.74 GB)
[WebServer] ℹ Listening on: http://172.20.10.4:3098/
serving check: 2 .trn-table-scroll wrapper(s) in the DOM

=== STATE A — one Draft row, hash and published-at both "—" (the narrowest this table ever is)
  @1024px
    FIX OFF   overflow=141px   overflowX=visible  pageScrollsX=false  visibleAtRest=false  hit=<p class="trn-form__hint">         pointer-click FAILS (locator.click: Timeout 4000ms exceeded.)
    FIX ON    overflow=131px   overflowX=auto     pageScrollsX=false  visibleAtRest=false  hit=<div class="admin-nav__topbar">    pointer-click LANDS
  @1280px
    FIX OFF   overflow=125px   overflowX=visible  pageScrollsX=false  visibleAtRest=false  hit=<p class="trn-form__hint">         pointer-click FAILS (locator.click: Timeout 4000ms exceeded.)
    FIX ON    overflow=132px   overflowX=auto     pageScrollsX=false  visibleAtRest=false  hit=<p class="trn-form__hint">         pointer-click LANDS
  @1366px
    FIX OFF   overflow=92px    overflowX=visible  pageScrollsX=false  visibleAtRest=false  hit=<form class="trn-form">            pointer-click FAILS (locator.click: Timeout 4000ms exceeded.)
    FIX ON    overflow=0px     overflowX=auto     pageScrollsX=false  visibleAtRest=true   hit=the control itself                 pointer-click LANDS
  @1440px
    FIX OFF   overflow=55px    overflowX=visible  pageScrollsX=false  visibleAtRest=false  hit=the control itself                 pointer-click LANDS
    FIX ON    overflow=0px     overflowX=auto     pageScrollsX=false  visibleAtRest=true   hit=the control itself                 pointer-click LANDS
  @1920px
    FIX OFF   overflow=0px     overflowX=visible  pageScrollsX=false  visibleAtRest=true   hit=the control itself                 pointer-click LANDS
    FIX ON    overflow=0px     overflowX=auto     pageScrollsX=false  visibleAtRest=true   hit=the control itself                 pointer-click LANDS

REAL POINTER CLICK (no force, no dispatch) on publish @1280, state A:
  LANDED. Row now reads "Publisert", content hash 00ad7cd4bb4f…, and the publish control is GONE (a published version is immutable).

=== STATE B — v1 Publisert (real hash + timestamp) beside v2 Utkast — what a second version looks like
  @1024px
    FIX OFF   overflow=170px   overflowX=visible  pageScrollsX=false  visibleAtRest=false  hit=<section class="trn-completions">  pointer-click FAILS (locator.click: Timeout 4000ms exceeded.)
    FIX ON    overflow=159px   overflowX=auto     pageScrollsX=false  visibleAtRest=false  hit=<div class="admin-nav__topbar">    pointer-click LANDS
  @1280px
    FIX OFF   overflow=153px   overflowX=visible  pageScrollsX=false  visibleAtRest=false  hit=<section class="trn-completions">  pointer-click FAILS (locator.click: Timeout 4000ms exceeded.)
    FIX ON    overflow=132px   overflowX=auto     pageScrollsX=false  visibleAtRest=false  hit=<section class="trn-completions">  pointer-click LANDS
  @1366px
    FIX OFF   overflow=120px   overflowX=visible  pageScrollsX=false  visibleAtRest=false  hit=<section class="trn-completions">  pointer-click FAILS (locator.click: Timeout 4000ms exceeded.)
    FIX ON    overflow=0px     overflowX=auto     pageScrollsX=false  visibleAtRest=true   hit=the control itself                 pointer-click LANDS
  @1440px
    FIX OFF   overflow=83px    overflowX=visible  pageScrollsX=false  visibleAtRest=false  hit=<section class="trn-completions">  pointer-click FAILS (locator.click: Timeout 4000ms exceeded.)
    FIX ON    overflow=0px     overflowX=auto     pageScrollsX=false  visibleAtRest=true   hit=the control itself                 pointer-click LANDS
  @1920px
    FIX OFF   overflow=0px     overflowX=visible  pageScrollsX=false  visibleAtRest=true   hit=the control itself                 pointer-click LANDS
    FIX ON    overflow=0px     overflowX=auto     pageScrollsX=false  visibleAtRest=true   hit=the control itself                 pointer-click LANDS

REAL POINTER CLICK on publish @1280, state B:
  LANDED. v2 now reads "Publisert" too.

=== SIBLING — assignment-revoke, the one other action control in a trailing cell
  @1024px
    FIX OFF   overflow=118px   overflowX=visible  pageScrollsX=true   visibleAtRest=false  hit=NULL (nothing at that point)       pointer-click LANDS
    FIX ON    overflow=108px   overflowX=auto     pageScrollsX=false  visibleAtRest=false  hit=NULL (nothing at that point)       pointer-click LANDS
  @1280px
    FIX OFF   overflow=101px   overflowX=visible  pageScrollsX=true   visibleAtRest=false  hit=NULL (nothing at that point)       pointer-click LANDS
    FIX ON    overflow=112px   overflowX=auto     pageScrollsX=false  visibleAtRest=false  hit=NULL (nothing at that point)       pointer-click LANDS
  @1366px
    FIX OFF   overflow=69px    overflowX=visible  pageScrollsX=true   visibleAtRest=false  hit=NULL (nothing at that point)       pointer-click LANDS
    FIX ON    overflow=0px     overflowX=auto     pageScrollsX=false  visibleAtRest=true   hit=the control itself                 pointer-click LANDS
  @1440px
    FIX OFF   overflow=32px    overflowX=visible  pageScrollsX=true   visibleAtRest=false  hit=the control itself                 pointer-click LANDS
    FIX ON    overflow=0px     overflowX=auto     pageScrollsX=false  visibleAtRest=true   hit=the control itself                 pointer-click LANDS
  @1920px
    FIX OFF   overflow=0px     overflowX=visible  pageScrollsX=false  visibleAtRest=true   hit=the control itself                 pointer-click LANDS
    FIX ON    overflow=0px     overflowX=auto     pageScrollsX=false  visibleAtRest=true   hit=the control itself                 pointer-click LANDS

=== EVERY .trn-table on the surface @1280, fix ON
  trn-courses        5 cols  overflowX=auto     table is 164px   past the column (content — fine if contained) | PAINTS 0px past  (contained)
  trn-versions       6 cols  overflowX=auto     table is 90px    past the column (content — fine if contained) | PAINTS 0px past  (contained)
  trn-assign         6 cols  overflowX=auto     table is 112px   past the column (content — fine if contained) | PAINTS 0px past  (contained)

==== SUMMARY — pointer-click verdict on the publish control ====
  state A @1024  fix OFF: FAILS  -> fix ON: LANDS
  state A @1280  fix OFF: FAILS  -> fix ON: LANDS
  state A @1366  fix OFF: FAILS  -> fix ON: LANDS
  state A @1440  fix OFF: LANDS  -> fix ON: LANDS
  state A @1920  fix OFF: LANDS  -> fix ON: LANDS
  state B @1024  fix OFF: FAILS  -> fix ON: LANDS
  state B @1280  fix OFF: FAILS  -> fix ON: LANDS
  state B @1366  fix OFF: FAILS  -> fix ON: LANDS
  state B @1440  fix OFF: FAILS  -> fix ON: LANDS
  state B @1920  fix OFF: LANDS  -> fix ON: LANDS
  ✓  1 [chromium] › lanes/L-TRAIN-PUBLISH-UNCLICKABLE/probe.spec.js:117:1 › the Training publish control, five widths x two table states x fix on/off (57.9s)

  1 passed (1.0m)
PW_EXIT=0
