<?xml version="1.0" encoding="utf-8"?>
<TestRun id="59a4b7e6-0481-4df0-bf5a-6849c2dba8eb" name="@Svens-MacBook-Pro 2026-08-09 17:36:57" xmlns="http://microsoft.com/schemas/VisualStudio/TeamTest/2010">
  <Times creation="2026-08-09T17:36:57.6442050+02:00" queuing="2026-08-09T17:36:57.6442050+02:00" start="2026-08-09T17:36:51.0275320+02:00" finish="2026-08-09T17:37:00.2475990+02:00" />
  <TestSettings name="default" id="d0a03e57-c0c0-4ce9-b2f3-b582d2889176">
    <Deployment runDeploymentRoot="_Svens-MacBook-Pro_2026-08-09_17_36_57" />
  </TestSettings>
  <Results>
    <UnitTestResult executionId="28479d27-4032-4893-8329-576a045c731e" testId="78c631a3-cdf5-de14-b89a-90de3f9cdc87" testName="WebApi.Tests.Growth.GrowthFeatureFlagEffectiveTests.A_row_flipped_on_under_an_undeployed_module_is_reported_dark" computerName="Svens-MacBook-Pro" duration="00:00:00.0031695" startTime="2026-08-09T17:36:59.6079610+02:00" endTime="2026-08-09T17:36:59.6079610+02:00" testType="13cdc9d9-ddb5-4fa4-a97d-d965ccfc6d4b" outcome="Passed" testListId="8c84fa94-04c1-424b-9868-57a2d4851a1d" relativeResultsDirectory="28479d27-4032-4893-8329-576a045c731e" />
    <UnitTestResult executionId="469c7a6b-eaa1-4527-a68a-9ab6ea6284af" testId="1bf88967-9a3d-41e5-bda8-267f50f83543" testName="WebApi.Tests.Wire.FlagEffectiveResolverWireTests.Every_registered_resolver_is_asked_before_the_row_for_at_least_one_real_catalog_key" computerName="Svens-MacBook-Pro" duration="00:00:00.0009492" startTime="2026-08-09T17:36:56.1325460+02:00" endTime="2026-08-09T17:36:56.1325460+02:00" testType="13cdc9d9-ddb5-4fa4-a97d-d965ccfc6d4b" outcome="Passed" testListId="8c84fa94-04c1-424b-9868-57a2d4851a1d" relativeResultsDirectory="469c7a6b-eaa1-4527-a68a-9ab6ea6284af" />
    <UnitTestResult executionId="3561b669-3d8d-4c4c-a867-2516feb484ab" testId="5e7db6e3-a6b1-010d-f2cc-4c3b5bf5b824" testName="WebApi.Tests.Growth.GrowthFeatureFlagEffectiveTests.The_write_response_does_not_promise_a_surface_the_deployment_has_not_turned_on" computerName="Svens-MacBook-Pro" duration="00:00:00.0012362" startTime="2026-08-09T17:36:59.7569110+02:00" endTime="2026-08-09T17:36:59.7569110+02:00" testType="13cdc9d9-ddb5-4fa4-a97d-d965ccfc6d4b" outcome="Passed" testListId="8c84fa94-04c1-424b-9868-57a2d4851a1d" relativeResultsDirectory="3561b669-3d8d-4c4c-a867-2516feb484ab" />
    <UnitTestResult executionId="1ccc7cc8-597a-4fd4-b557-6f429b7fdd52" testId="41f173e5-84cd-f608-a16d-33830fd11001" testName="WebApi.Tests.Events.EventsFeatureFlagEffectiveTests.The_resolver_claims_every_key_the_module_advertises" computerName="Svens-MacBook-Pro" duration="00:00:00.0014997" startTime="2026-08-09T17:36:58.4042380+02:00" endTime="2026-08-09T17:36:58.4042380+02:00" testType="13cdc9d9-ddb5-4fa4-a97d-d965ccfc6d4b" outcome="Passed" testListId="8c84fa94-04c1-424b-9868-57a2d4851a1d" relativeResultsDirectory="1ccc7cc8-597a-4fd4-b557-6f429b7fdd52" />
    <UnitTestResult executionId="2d7c61a6-10fb-4805-a073-f599a401d41c" testId="a0670104-104a-b709-c42a-e357d863aef0" testName="WebApi.Tests.Events.EventsFeatureFlagEffectiveTests.On_a_deployed_module_the_row_still_decides_in_both_directions" computerName="Svens-MacBook-Pro" duration="00:00:00.8332749" startTime="2026-08-09T17:36:59.4293830+02:00" endTime="2026-08-09T17:36:59.4293830+02:00" testType="13cdc9d9-ddb5-4fa4-a97d-d965ccfc6d4b" outcome="Passed" testListId="8c84fa94-04c1-424b-9868-57a2d4851a1d" relativeResultsDirectory="2d7c61a6-10fb-4805-a073-f599a401d41c" />
    <UnitTestResult executionId="07fe9f9a-0890-4cf2-a0dc-3c3d901fe815" testId="dca0d893-afcb-6816-55b8-ecde2bea338c" testName="WebApi.Tests.Meals.MealsFeatureFlagEffectiveTests.An_explicit_row_still_decides_in_both_directions" computerName="Svens-MacBook-Pro" duration="00:00:00.0019489" startTime="2026-08-09T17:37:00.2075960+02:00" endTime="2026-08-09T17:37:00.2075960+02:00" testType="13cdc9d9-ddb5-4fa4-a97d-d965ccfc6d4b" outcome="Passed" testListId="8c84fa94-04c1-424b-9868-57a2d4851a1d" relativeResultsDirectory="07fe9f9a-0890-4cf2-a0dc-3c3d901fe815" />
    <UnitTestResult executionId="fe2a286a-5a8a-4d55-9e7c-5b9aa54e0504" testId="394bb80d-946d-21c7-1935-7a4455ef1bca" testName="WebApi.Tests.Wire.FlagEffectiveResolverWireTests.Every_excused_module_still_has_an_unclaimed_catalog_flag" computerName="Svens-MacBook-Pro" duration="00:00:00.0023123" startTime="2026-08-09T17:36:56.1343690+02:00" endTime="2026-08-09T17:36:56.1343690+02:00" testType="13cdc9d9-ddb5-4fa4-a97d-d965ccfc6d4b" outcome="Passed" testListId="8c84fa94-04c1-424b-9868-57a2d4851a1d" relativeResultsDirectory="fe2a286a-5a8a-4d55-9e7c-5b9aa54e0504" />
    <UnitTestResult executionId="ad232086-3ba4-4174-9567-452b39ec57ab" testId="044ef7bb-d41d-170d-e245-36b4a19e4d03" testName="WebApi.Tests.Meals.MealsFeatureFlagEffectiveTests.Clearing_a_row_reverts_to_the_configuration_rather_than_to_the_advertised_default" computerName="Svens-MacBook-Pro" duration="00:00:00.0060456" startTime="2026-08-09T17:37:00.0616480+02:00" endTime="2026-08-09T17:37:00.0616480+02:00" testType="13cdc9d9-ddb5-4fa4-a97d-d965ccfc6d4b" outcome="Passed" testListId="8c84fa94-04c1-424b-9868-57a2d4851a1d" relativeResultsDirectory="ad232086-3ba4-4174-9567-452b39ec57ab" />
    <UnitTestResult executionId="649d3262-5f18-441b-ae2c-5e86b8b82d3d" testId="2c8727ff-5b88-e360-5274-2edc9fd4ea0b" testName="WebApi.Tests.Events.EventsFeatureFlagEffectiveTests.Every_events_flag_answers_for_the_undeployed_case_not_only_the_core_one" computerName="Svens-MacBook-Pro" duration="00:00:00.0186144" startTime="2026-08-09T17:36:57.7767610+02:00" endTime="2026-08-09T17:36:57.7767610+02:00" testType="13cdc9d9-ddb5-4fa4-a97d-d965ccfc6d4b" outcome="Passed" testListId="8c84fa94-04c1-424b-9868-57a2d4851a1d" relativeResultsDirectory="649d3262-5f18-441b-ae2c-5e86b8b82d3d" />
    <UnitTestResult executionId="e52037b1-85d1-4f58-bf17-9e7346a869b6" testId="ef01a335-d35f-3d0a-3654-8c63eaab4c96" testName="WebApi.Tests.Growth.GrowthFeatureFlagEffectiveTests.The_resolver_claims_every_key_the_module_advertises" computerName="Svens-MacBook-Pro" duration="00:00:00.0009686" startTime="2026-08-09T17:36:59.6829750+02:00" endTime="2026-08-09T17:36:59.6829750+02:00" testType="13cdc9d9-ddb5-4fa4-a97d-d965ccfc6d4b" outcome="Passed" testListId="8c84fa94-04c1-424b-9868-57a2d4851a1d" relativeResultsDirectory="e52037b1-85d1-4f58-bf17-9e7346a869b6" />
    <UnitTestResult executionId="8f3ca3b5-9dc1-4afa-9b52-d8749a717f42" testId="78165d31-803f-28a8-8709-36dab7a7571a" testName="WebApi.Tests.Events.EventsFeatureFlagEffectiveTests.The_write_response_does_not_promise_a_surface_the_deployment_has_not_turned_on" computerName="Svens-MacBook-Pro" duration="00:00:00.0016757" startTime="2026-08-09T17:36:58.2096050+02:00" endTime="2026-08-09T17:36:58.2096050+02:00" testType="13cdc9d9-ddb5-4fa4-a97d-d965ccfc6d4b" outcome="Passed" testListId="8c84fa94-04c1-424b-9868-57a2d4851a1d" relativeResultsDirectory="8f3ca3b5-9dc1-4afa-9b52-d8749a717f42" />
    <UnitTestResult executionId="696997b9-06f7-4a1e-8a8d-d7c0b0c0d51e" testId="7e5d8649-04de-28bf-b2cf-dd88e362f139" testName="WebApi.Tests.Meals.MealsFeatureFlagEffectiveTests.A_store_enabled_only_by_configuration_is_reported_effective_not_hidden" computerName="Svens-MacBook-Pro" duration="00:00:00.0011479" startTime="2026-08-09T17:37:00.1355930+02:00" endTime="2026-08-09T17:37:00.1355930+02:00" testType="13cdc9d9-ddb5-4fa4-a97d-d965ccfc6d4b" outcome="Passed" testListId="8c84fa94-04c1-424b-9868-57a2d4851a1d" relativeResultsDirectory="696997b9-06f7-4a1e-8a8d-d7c0b0c0d51e" />
    <UnitTestResult executionId="16af1c3f-b045-4c9c-9349-4e84b0dc610b" testId="fe4cdb6e-0dc5-3f1a-af1e-c2da0ff57b26" testName="WebApi.Tests.Events.EventsFeatureFlagEffectiveTests.A_row_flipped_on_under_an_undeployed_module_is_reported_dark" computerName="Svens-MacBook-Pro" duration="00:00:00.0016101" startTime="2026-08-09T17:36:58.0021340+02:00" endTime="2026-08-09T17:36:58.0021340+02:00" testType="13cdc9d9-ddb5-4fa4-a97d-d965ccfc6d4b" outcome="Passed" testListId="8c84fa94-04c1-424b-9868-57a2d4851a1d" relativeResultsDirectory="16af1c3f-b045-4c9c-9349-4e84b0dc610b" />
    <UnitTestResult executionId="414a02d0-6754-4e04-bfc8-a7823e6cba4d" testId="9d7b2c5c-54d3-c9b9-f82f-7b5d4eb4d59f" testName="WebApi.Tests.Wire.FlagEffectiveResolverWireTests.Every_catalog_flag_is_either_claimed_by_a_registered_resolver_or_excused_with_a_reason" computerName="Svens-MacBook-Pro" duration="00:00:00.0003955" startTime="2026-08-09T17:36:56.1347870+02:00" endTime="2026-08-09T17:36:56.1347870+02:00" testType="13cdc9d9-ddb5-4fa4-a97d-d965ccfc6d4b" outcome="Passed" testListId="8c84fa94-04c1-424b-9868-57a2d4851a1d" relativeResultsDirectory="414a02d0-6754-4e04-bfc8-a7823e6cba4d" />
    <UnitTestResult executionId="218b2b41-1033-44ff-b958-e8c38d38ea49" testId="ecb98ead-b286-e161-ecb2-80766192933d" testName="WebApi.Tests.Wire.FlagEffectiveResolverWireTests.No_two_registered_resolvers_claim_the_same_flag" computerName="Svens-MacBook-Pro" duration="00:00:00.0113442" startTime="2026-08-09T17:36:56.1313000+02:00" endTime="2026-08-09T17:36:56.1313080+02:00" testType="13cdc9d9-ddb5-4fa4-a97d-d965ccfc6d4b" outcome="Passed" testListId="8c84fa94-04c1-424b-9868-57a2d4851a1d" relativeResultsDirectory="218b2b41-1033-44ff-b958-e8c38d38ea49" />
    <UnitTestResult executionId="5d5b65de-c82a-4f33-b732-89003ee3153f" testId="bed8c8f1-10cf-4646-b8a4-1b6852585e29" testName="WebApi.Tests.Growth.GrowthFeatureFlagEffectiveTests.The_dispatch_kill_switch_answers_for_the_undeployed_case_too" computerName="Svens-MacBook-Pro" duration="00:00:00.0015445" startTime="2026-08-09T17:36:59.8291550+02:00" endTime="2026-08-09T17:36:59.8291550+02:00" testType="13cdc9d9-ddb5-4fa4-a97d-d965ccfc6d4b" outcome="Passed" testListId="8c84fa94-04c1-424b-9868-57a2d4851a1d" relativeResultsDirectory="5d5b65de-c82a-4f33-b732-89003ee3153f" />
    <UnitTestResult executionId="617992c7-9de5-4ac0-9579-61e4a1153bfd" testId="280f7624-6074-ed27-33d1-e2f5fd363d8e" testName="WebApi.Tests.Growth.GrowthFeatureFlagEffectiveTests.On_a_deployed_module_the_row_still_decides_in_both_directions" computerName="Svens-MacBook-Pro" duration="00:00:00.0026909" startTime="2026-08-09T17:36:59.9105380+02:00" endTime="2026-08-09T17:36:59.9105390+02:00" testType="13cdc9d9-ddb5-4fa4-a97d-d965ccfc6d4b" outcome="Passed" testListId="8c84fa94-04c1-424b-9868-57a2d4851a1d" relativeResultsDirectory="617992c7-9de5-4ac0-9579-61e4a1153bfd" />
    <UnitTestResult executionId="ce26856b-50cf-4a76-8f39-f3b5a478c3fa" testId="998c059d-176e-b2b7-574b-293786df2a57" testName="WebApi.Tests.Meals.MealsFeatureFlagEffectiveTests.The_resolver_claims_the_one_key_the_catalog_carries_and_no_money_path_key" computerName="Svens-MacBook-Pro" duration="00:00:00.0025691" startTime="2026-08-09T17:36:59.9861900+02:00" endTime="2026-08-09T17:36:59.9861900+02:00" testType="13cdc9d9-ddb5-4fa4-a97d-d965ccfc6d4b" outcome="Passed" testListId="8c84fa94-04c1-424b-9868-57a2d4851a1d" relativeResultsDirectory="ce26856b-50cf-4a76-8f39-f3b5a478c3fa" />
  </Results>
  <TestDefinitions>
    <UnitTest name="WebApi.Tests.Meals.MealsFeatureFlagEffectiveTests.Clearing_a_row_reverts_to_the_configuration_rather_than_to_the_advertised_default" storage="/users/svendaneel/okam/okamapi-flagseff/webapi.tests/bin/debug/net8.0/webapi.tests.dll" id="044ef7bb-d41d-170d-e245-36b4a19e4d03">
      <Execution id="ad232086-3ba4-4174-9567-452b39ec57ab" />
      <TestMethod codeBase="/Users/svendaneel/okam/OkamAPI-flagseff/WebApi.Tests/bin/Debug/net8.0/WebApi.Tests.dll" adapterTypeName="executor://xunit/VsTestRunner2/netcoreapp" className="WebApi.Tests.Meals.MealsFeatureFlagEffectiveTests" name="Clearing_a_row_reverts_to_the_configuration_rather_than_to_the_advertised_default" />
    </UnitTest>
    <UnitTest name="WebApi.Tests.Meals.MealsFeatureFlagEffectiveTests.A_store_enabled_only_by_configuration_is_reported_effective_not_hidden" storage="/users/svendaneel/okam/okamapi-flagseff/webapi.tests/bin/debug/net8.0/webapi.tests.dll" id="7e5d8649-04de-28bf-b2cf-dd88e362f139">
      <Execution id="696997b9-06f7-4a1e-8a8d-d7c0b0c0d51e" />
      <TestMethod codeBase="/Users/svendaneel/okam/OkamAPI-flagseff/WebApi.Tests/bin/Debug/net8.0/WebApi.Tests.dll" adapterTypeName="executor://xunit/VsTestRunner2/netcoreapp" className="WebApi.Tests.Meals.MealsFeatureFlagEffectiveTests" name="A_store_enabled_only_by_configuration_is_reported_effective_not_hidden" />
    </UnitTest>
    <UnitTest name="WebApi.Tests.Growth.GrowthFeatureFlagEffectiveTests.The_dispatch_kill_switch_answers_for_the_undeployed_case_too" storage="/users/svendaneel/okam/okamapi-flagseff/webapi.tests/bin/debug/net8.0/webapi.tests.dll" id="bed8c8f1-10cf-4646-b8a4-1b6852585e29">
      <Execution id="5d5b65de-c82a-4f33-b732-89003ee3153f" />
      <TestMethod codeBase="/Users/svendaneel/okam/OkamAPI-flagseff/WebApi.Tests/bin/Debug/net8.0/WebApi.Tests.dll" adapterTypeName="executor://xunit/VsTestRunner2/netcoreapp" className="WebApi.Tests.Growth.GrowthFeatureFlagEffectiveTests" name="The_dispatch_kill_switch_answers_for_the_undeployed_case_too" />
    </UnitTest>
    <UnitTest name="WebApi.Tests.Growth.GrowthFeatureFlagEffectiveTests.On_a_deployed_module_the_row_still_decides_in_both_directions" storage="/users/svendaneel/okam/okamapi-flagseff/webapi.tests/bin/debug/net8.0/webapi.tests.dll" id="280f7624-6074-ed27-33d1-e2f5fd363d8e">
      <Execution id="617992c7-9de5-4ac0-9579-61e4a1153bfd" />
      <TestMethod codeBase="/Users/svendaneel/okam/OkamAPI-flagseff/WebApi.Tests/bin/Debug/net8.0/WebApi.Tests.dll" adapterTypeName="executor://xunit/VsTestRunner2/netcoreapp" className="WebApi.Tests.Growth.GrowthFeatureFlagEffectiveTests" name="On_a_deployed_module_the_row_still_decides_in_both_directions" />
    </UnitTest>
    <UnitTest name="WebApi.Tests.Events.EventsFeatureFlagEffectiveTests.On_a_deployed_module_the_row_still_decides_in_both_directions" storage="/users/svendaneel/okam/okamapi-flagseff/webapi.tests/bin/debug/net8.0/webapi.tests.dll" id="a0670104-104a-b709-c42a-e357d863aef0">
      <Execution id="2d7c61a6-10fb-4805-a073-f599a401d41c" />
      <TestMethod codeBase="/Users/svendaneel/okam/OkamAPI-flagseff/WebApi.Tests/bin/Debug/net8.0/WebApi.Tests.dll" adapterTypeName="executor://xunit/VsTestRunner2/netcoreapp" className="WebApi.Tests.Events.EventsFeatureFlagEffectiveTests" name="On_a_deployed_module_the_row_still_decides_in_both_directions" />
    </UnitTest>
    <UnitTest name="WebApi.Tests.Events.EventsFeatureFlagEffectiveTests.Every_events_flag_answers_for_the_undeployed_case_not_only_the_core_one" storage="/users/svendaneel/okam/okamapi-flagseff/webapi.tests/bin/debug/net8.0/webapi.tests.dll" id="2c8727ff-5b88-e360-5274-2edc9fd4ea0b">
      <Execution id="649d3262-5f18-441b-ae2c-5e86b8b82d3d" />
      <TestMethod codeBase="/Users/svendaneel/okam/OkamAPI-flagseff/WebApi.Tests/bin/Debug/net8.0/WebApi.Tests.dll" adapterTypeName="executor://xunit/VsTestRunner2/netcoreapp" className="WebApi.Tests.Events.EventsFeatureFlagEffectiveTests" name="Every_events_flag_answers_for_the_undeployed_case_not_only_the_core_one" />
    </UnitTest>
    <UnitTest name="WebApi.Tests.Growth.GrowthFeatureFlagEffectiveTests.The_resolver_claims_every_key_the_module_advertises" storage="/users/svendaneel/okam/okamapi-flagseff/webapi.tests/bin/debug/net8.0/webapi.tests.dll" id="ef01a335-d35f-3d0a-3654-8c63eaab4c96">
      <Execution id="e52037b1-85d1-4f58-bf17-9e7346a869b6" />
      <TestMethod codeBase="/Users/svendaneel/okam/OkamAPI-flagseff/WebApi.Tests/bin/Debug/net8.0/WebApi.Tests.dll" adapterTypeName="executor://xunit/VsTestRunner2/netcoreapp" className="WebApi.Tests.Growth.GrowthFeatureFlagEffectiveTests" name="The_resolver_claims_every_key_the_module_advertises" />
    </UnitTest>
    <UnitTest name="WebApi.Tests.Wire.FlagEffectiveResolverWireTests.Every_excused_module_still_has_an_unclaimed_catalog_flag" storage="/users/svendaneel/okam/okamapi-flagseff/webapi.tests/bin/debug/net8.0/webapi.tests.dll" id="394bb80d-946d-21c7-1935-7a4455ef1bca">
      <Execution id="fe2a286a-5a8a-4d55-9e7c-5b9aa54e0504" />
      <TestMethod codeBase="/Users/svendaneel/okam/OkamAPI-flagseff/WebApi.Tests/bin/Debug/net8.0/WebApi.Tests.dll" adapterTypeName="executor://xunit/VsTestRunner2/netcoreapp" className="WebApi.Tests.Wire.FlagEffectiveResolverWireTests" name="Every_excused_module_still_has_an_unclaimed_catalog_flag" />
    </UnitTest>
    <UnitTest name="WebApi.Tests.Wire.FlagEffectiveResolverWireTests.Every_registered_resolver_is_asked_before_the_row_for_at_least_one_real_catalog_key" storage="/users/svendaneel/okam/okamapi-flagseff/webapi.tests/bin/debug/net8.0/webapi.tests.dll" id="1bf88967-9a3d-41e5-bda8-267f50f83543">
      <Execution id="469c7a6b-eaa1-4527-a68a-9ab6ea6284af" />
      <TestMethod codeBase="/Users/svendaneel/okam/OkamAPI-flagseff/WebApi.Tests/bin/Debug/net8.0/WebApi.Tests.dll" adapterTypeName="executor://xunit/VsTestRunner2/netcoreapp" className="WebApi.Tests.Wire.FlagEffectiveResolverWireTests" name="Every_registered_resolver_is_asked_before_the_row_for_at_least_one_real_catalog_key" />
    </UnitTest>
    <UnitTest name="WebApi.Tests.Events.EventsFeatureFlagEffectiveTests.The_write_response_does_not_promise_a_surface_the_deployment_has_not_turned_on" storage="/users/svendaneel/okam/okamapi-flagseff/webapi.tests/bin/debug/net8.0/webapi.tests.dll" id="78165d31-803f-28a8-8709-36dab7a7571a">
      <Execution id="8f3ca3b5-9dc1-4afa-9b52-d8749a717f42" />
      <TestMethod codeBase="/Users/svendaneel/okam/OkamAPI-flagseff/WebApi.Tests/bin/Debug/net8.0/WebApi.Tests.dll" adapterTypeName="executor://xunit/VsTestRunner2/netcoreapp" className="WebApi.Tests.Events.EventsFeatureFlagEffectiveTests" name="The_write_response_does_not_promise_a_surface_the_deployment_has_not_turned_on" />
    </UnitTest>
    <UnitTest name="WebApi.Tests.Wire.FlagEffectiveResolverWireTests.No_two_registered_resolvers_claim_the_same_flag" storage="/users/svendaneel/okam/okamapi-flagseff/webapi.tests/bin/debug/net8.0/webapi.tests.dll" id="ecb98ead-b286-e161-ecb2-80766192933d">
      <Execution id="218b2b41-1033-44ff-b958-e8c38d38ea49" />
      <TestMethod codeBase="/Users/svendaneel/okam/OkamAPI-flagseff/WebApi.Tests/bin/Debug/net8.0/WebApi.Tests.dll" adapterTypeName="executor://xunit/VsTestRunner2/netcoreapp" className="WebApi.Tests.Wire.FlagEffectiveResolverWireTests" name="No_two_registered_resolvers_claim_the_same_flag" />
    </UnitTest>
    <UnitTest name="WebApi.Tests.Meals.MealsFeatureFlagEffectiveTests.An_explicit_row_still_decides_in_both_directions" storage="/users/svendaneel/okam/okamapi-flagseff/webapi.tests/bin/debug/net8.0/webapi.tests.dll" id="dca0d893-afcb-6816-55b8-ecde2bea338c">
      <Execution id="07fe9f9a-0890-4cf2-a0dc-3c3d901fe815" />
      <TestMethod codeBase="/Users/svendaneel/okam/OkamAPI-flagseff/WebApi.Tests/bin/Debug/net8.0/WebApi.Tests.dll" adapterTypeName="executor://xunit/VsTestRunner2/netcoreapp" className="WebApi.Tests.Meals.MealsFeatureFlagEffectiveTests" name="An_explicit_row_still_decides_in_both_directions" />
    </UnitTest>
    <UnitTest name="WebApi.Tests.Growth.GrowthFeatureFlagEffectiveTests.A_row_flipped_on_under_an_undeployed_module_is_reported_dark" storage="/users/svendaneel/okam/okamapi-flagseff/webapi.tests/bin/debug/net8.0/webapi.tests.dll" id="78c631a3-cdf5-de14-b89a-90de3f9cdc87">
      <Execution id="28479d27-4032-4893-8329-576a045c731e" />
      <TestMethod codeBase="/Users/svendaneel/okam/OkamAPI-flagseff/WebApi.Tests/bin/Debug/net8.0/WebApi.Tests.dll" adapterTypeName="executor://xunit/VsTestRunner2/netcoreapp" className="WebApi.Tests.Growth.GrowthFeatureFlagEffectiveTests" name="A_row_flipped_on_under_an_undeployed_module_is_reported_dark" />
    </UnitTest>
    <UnitTest name="WebApi.Tests.Growth.GrowthFeatureFlagEffectiveTests.The_write_response_does_not_promise_a_surface_the_deployment_has_not_turned_on" storage="/users/svendaneel/okam/okamapi-flagseff/webapi.tests/bin/debug/net8.0/webapi.tests.dll" id="5e7db6e3-a6b1-010d-f2cc-4c3b5bf5b824">
      <Execution id="3561b669-3d8d-4c4c-a867-2516feb484ab" />
      <TestMethod codeBase="/Users/svendaneel/okam/OkamAPI-flagseff/WebApi.Tests/bin/Debug/net8.0/WebApi.Tests.dll" adapterTypeName="executor://xunit/VsTestRunner2/netcoreapp" className="WebApi.Tests.Growth.GrowthFeatureFlagEffectiveTests" name="The_write_response_does_not_promise_a_surface_the_deployment_has_not_turned_on" />
    </UnitTest>
    <UnitTest name="WebApi.Tests.Events.EventsFeatureFlagEffectiveTests.The_resolver_claims_every_key_the_module_advertises" storage="/users/svendaneel/okam/okamapi-flagseff/webapi.tests/bin/debug/net8.0/webapi.tests.dll" id="41f173e5-84cd-f608-a16d-33830fd11001">
      <Execution id="1ccc7cc8-597a-4fd4-b557-6f429b7fdd52" />
      <TestMethod codeBase="/Users/svendaneel/okam/OkamAPI-flagseff/WebApi.Tests/bin/Debug/net8.0/WebApi.Tests.dll" adapterTypeName="executor://xunit/VsTestRunner2/netcoreapp" className="WebApi.Tests.Events.EventsFeatureFlagEffectiveTests" name="The_resolver_claims_every_key_the_module_advertises" />
    </UnitTest>
    <UnitTest name="WebApi.Tests.Meals.MealsFeatureFlagEffectiveTests.The_resolver_claims_the_one_key_the_catalog_carries_and_no_money_path_key" storage="/users/svendaneel/okam/okamapi-flagseff/webapi.tests/bin/debug/net8.0/webapi.tests.dll" id="998c059d-176e-b2b7-574b-293786df2a57">
      <Execution id="ce26856b-50cf-4a76-8f39-f3b5a478c3fa" />
      <TestMethod codeBase="/Users/svendaneel/okam/OkamAPI-flagseff/WebApi.Tests/bin/Debug/net8.0/WebApi.Tests.dll" adapterTypeName="executor://xunit/VsTestRunner2/netcoreapp" className="WebApi.Tests.Meals.MealsFeatureFlagEffectiveTests" name="The_resolver_claims_the_one_key_the_catalog_carries_and_no_money_path_key" />
    </UnitTest>
    <UnitTest name="WebApi.Tests.Wire.FlagEffectiveResolverWireTests.Every_catalog_flag_is_either_claimed_by_a_registered_resolver_or_excused_with_a_reason" storage="/users/svendaneel/okam/okamapi-flagseff/webapi.tests/bin/debug/net8.0/webapi.tests.dll" id="9d7b2c5c-54d3-c9b9-f82f-7b5d4eb4d59f">
      <Execution id="414a02d0-6754-4e04-bfc8-a7823e6cba4d" />
      <TestMethod codeBase="/Users/svendaneel/okam/OkamAPI-flagseff/WebApi.Tests/bin/Debug/net8.0/WebApi.Tests.dll" adapterTypeName="executor://xunit/VsTestRunner2/netcoreapp" className="WebApi.Tests.Wire.FlagEffectiveResolverWireTests" name="Every_catalog_flag_is_either_claimed_by_a_registered_resolver_or_excused_with_a_reason" />
    </UnitTest>
    <UnitTest name="WebApi.Tests.Events.EventsFeatureFlagEffectiveTests.A_row_flipped_on_under_an_undeployed_module_is_reported_dark" storage="/users/svendaneel/okam/okamapi-flagseff/webapi.tests/bin/debug/net8.0/webapi.tests.dll" id="fe4cdb6e-0dc5-3f1a-af1e-c2da0ff57b26">
      <Execution id="16af1c3f-b045-4c9c-9349-4e84b0dc610b" />
      <TestMethod codeBase="/Users/svendaneel/okam/OkamAPI-flagseff/WebApi.Tests/bin/Debug/net8.0/WebApi.Tests.dll" adapterTypeName="executor://xunit/VsTestRunner2/netcoreapp" className="WebApi.Tests.Events.EventsFeatureFlagEffectiveTests" name="A_row_flipped_on_under_an_undeployed_module_is_reported_dark" />
    </UnitTest>
  </TestDefinitions>
  <TestEntries>
    <TestEntry testId="78c631a3-cdf5-de14-b89a-90de3f9cdc87" executionId="28479d27-4032-4893-8329-576a045c731e" testListId="8c84fa94-04c1-424b-9868-57a2d4851a1d" />
    <TestEntry testId="1bf88967-9a3d-41e5-bda8-267f50f83543" executionId="469c7a6b-eaa1-4527-a68a-9ab6ea6284af" testListId="8c84fa94-04c1-424b-9868-57a2d4851a1d" />
    <TestEntry testId="5e7db6e3-a6b1-010d-f2cc-4c3b5bf5b824" executionId="3561b669-3d8d-4c4c-a867-2516feb484ab" testListId="8c84fa94-04c1-424b-9868-57a2d4851a1d" />
    <TestEntry testId="41f173e5-84cd-f608-a16d-33830fd11001" executionId="1ccc7cc8-597a-4fd4-b557-6f429b7fdd52" testListId="8c84fa94-04c1-424b-9868-57a2d4851a1d" />
    <TestEntry testId="a0670104-104a-b709-c42a-e357d863aef0" executionId="2d7c61a6-10fb-4805-a073-f599a401d41c" testListId="8c84fa94-04c1-424b-9868-57a2d4851a1d" />
    <TestEntry testId="dca0d893-afcb-6816-55b8-ecde2bea338c" executionId="07fe9f9a-0890-4cf2-a0dc-3c3d901fe815" testListId="8c84fa94-04c1-424b-9868-57a2d4851a1d" />
    <TestEntry testId="394bb80d-946d-21c7-1935-7a4455ef1bca" executionId="fe2a286a-5a8a-4d55-9e7c-5b9aa54e0504" testListId="8c84fa94-04c1-424b-9868-57a2d4851a1d" />
    <TestEntry testId="044ef7bb-d41d-170d-e245-36b4a19e4d03" executionId="ad232086-3ba4-4174-9567-452b39ec57ab" testListId="8c84fa94-04c1-424b-9868-57a2d4851a1d" />
    <TestEntry testId="2c8727ff-5b88-e360-5274-2edc9fd4ea0b" executionId="649d3262-5f18-441b-ae2c-5e86b8b82d3d" testListId="8c84fa94-04c1-424b-9868-57a2d4851a1d" />
    <TestEntry testId="ef01a335-d35f-3d0a-3654-8c63eaab4c96" executionId="e52037b1-85d1-4f58-bf17-9e7346a869b6" testListId="8c84fa94-04c1-424b-9868-57a2d4851a1d" />
    <TestEntry testId="78165d31-803f-28a8-8709-36dab7a7571a" executionId="8f3ca3b5-9dc1-4afa-9b52-d8749a717f42" testListId="8c84fa94-04c1-424b-9868-57a2d4851a1d" />
    <TestEntry testId="7e5d8649-04de-28bf-b2cf-dd88e362f139" executionId="696997b9-06f7-4a1e-8a8d-d7c0b0c0d51e" testListId="8c84fa94-04c1-424b-9868-57a2d4851a1d" />
    <TestEntry testId="fe4cdb6e-0dc5-3f1a-af1e-c2da0ff57b26" executionId="16af1c3f-b045-4c9c-9349-4e84b0dc610b" testListId="8c84fa94-04c1-424b-9868-57a2d4851a1d" />
    <TestEntry testId="9d7b2c5c-54d3-c9b9-f82f-7b5d4eb4d59f" executionId="414a02d0-6754-4e04-bfc8-a7823e6cba4d" testListId="8c84fa94-04c1-424b-9868-57a2d4851a1d" />
    <TestEntry testId="ecb98ead-b286-e161-ecb2-80766192933d" executionId="218b2b41-1033-44ff-b958-e8c38d38ea49" testListId="8c84fa94-04c1-424b-9868-57a2d4851a1d" />
    <TestEntry testId="bed8c8f1-10cf-4646-b8a4-1b6852585e29" executionId="5d5b65de-c82a-4f33-b732-89003ee3153f" testListId="8c84fa94-04c1-424b-9868-57a2d4851a1d" />
    <TestEntry testId="280f7624-6074-ed27-33d1-e2f5fd363d8e" executionId="617992c7-9de5-4ac0-9579-61e4a1153bfd" testListId="8c84fa94-04c1-424b-9868-57a2d4851a1d" />
    <TestEntry testId="998c059d-176e-b2b7-574b-293786df2a57" executionId="ce26856b-50cf-4a76-8f39-f3b5a478c3fa" testListId="8c84fa94-04c1-424b-9868-57a2d4851a1d" />
  </TestEntries>
  <TestLists>
    <TestList name="Results Not in a List" id="8c84fa94-04c1-424b-9868-57a2d4851a1d" />
    <TestList name="All Loaded Results" id="19431567-8539-422a-85d7-44ee4e166bda" />
  </TestLists>
  <ResultSummary outcome="Completed">
    <Counters total="18" executed="18" passed="18" failed="0" error="0" timeout="0" aborted="0" inconclusive="0" passedButRunAborted="0" notRunnable="0" notExecuted="0" disconnected="0" warning="0" completed="0" inProgress="0" pending="0" />
    <Output>
      <StdOut>[xUnit.net 00:00:00.00] xUnit.net VSTest Adapter v2.4.5+1caef2f33e (64-bit .NET 8.0.28)
[xUnit.net 00:00:00.92]   Discovering: WebApi.Tests
[xUnit.net 00:00:01.13]   Discovered:  WebApi.Tests
[xUnit.net 00:00:01.13]   Starting:    WebApi.Tests
[xUnit.net 00:00:08.98]   Finished:    WebApi.Tests
</StdOut>
    </Output>
  </ResultSummary>
</TestRun>