[WebServer] [fixture] listening on http://127.0.0.1:4078
[WebServer] [dev-server] borrowed core from /Users/svendaneel/okam/Web-modules/core
[WebServer] [dev-server] modules: symlink -> /Users/svendaneel/okam/Web-modules/node_modules (SHARED, owner Web-modules); build dir /Users/svendaneel/okam/web-modtree/.nuxt
[WebServer] 
[WebServer]  WARN  You're using Nuxt 2.17.1, which includes built-in TypeScript runtime support
[WebServer] 
[WebServer] 
[WebServer]  WARN  You can safely use nuxt instead of nuxt-ts and remove @nuxt/typescript-runtime package
[WebServer] 
[WebServer] 
[WebServer]  WARN  Module @nuxt/image is disabled due to incompatibility issues:
[WebServer]  - [nuxt] Nuxt version >=3.1.0 is required but currently using 2.17.1
[WebServer] 
[WebServer] ℹ Parsed 0 files in 0.0 seconds
[WebServer] ℹ [HPM] Proxy created: /  -> http://127.0.0.1:5080
[WebServer] ℹ [HPM] Proxy rewrite rule created: "^/okam-api" ~> ""
[WebServer] ℹ Listening on: http://172.20.10.4:3078/
[WebServer] ℹ Preparing project for development
[WebServer] ℹ Initial build may take a while

Running 1 test using 1 worker

[WebServer] ℹ Discovered Components: .nuxt/components/readme.md
[WebServer] ✔ Builder initialized
[WebServer] ✔ Nuxt files generated
[WebServer] 
[WebServer]  WARN  Browserslist: browsers data (caniuse-lite) is 21 months old. Please run:
[WebServer]   npx update-browserslist-db@latest
[WebServer]   Why you should do it regularly: https://github.com/browserslist/update-db#readme
[WebServer] 
[WebServer] ℹ Compiling Server
[WebServer] ℹ Compiling Client
[WebServer] ✔ Server: Compiled successfully in 15.52s
[WebServer] ✔ Client: Compiled successfully in 18.02s
[WebServer] ℹ Waiting for file changes
[WebServer] ℹ Memory usage: 1.27 GB (RSS: 1.95 GB)
[WebServer] ℹ Listening on: http://172.20.10.4:3078/
  ✓  1 [chromium] › test/e2e/journeys/modal-scroll-lock.spec.js:105:1 › A modal holds the page behind it still, and lets go when it closes @fixture (29.3s)
[teardown] returned core/ to an empty submodule mount

  1 passed (32.2s)
