journey.js under test  10538ba24d568da99dad8e8c75c1accff3e9bfe0546abdaeebb330b0cd3fcc3d
  pristine copy        10538ba24d568da99dad8e8c75c1accff3e9bfe0546abdaeebb330b0cd3fcc3d
  mutant copy          559f4dc9cd854977d8cf1e0cc55f440b90ee634c11dd2349589dd4d99bf02395   (re-throw removed)
  split-mutant copy    59b4be5b31b358ae6960f4ebac6297933cb85d72d69806ef7d2552c3e24b7893   (split-origin guard disabled)
stand-in live api      http://127.0.0.1:52020
stand-in fixture       http://127.0.0.1:52021
stand-in app           http://127.0.0.1:52022

  ok    1    exit 1     artifact failed   1 failed                live-labelled, app compiled against the FIXTURE
  ok    2    exit 1     artifact failed   1 failed                fixture-labelled, app compiled against a LIVE api
  ok    3    exit 1     artifact NONE     1 failed                live-labelled, pointed AT the throwaway fixture
  ok    4    exit 0     artifact passed   1 passed (564ms)        live-labelled, app compiled against that LIVE api (honest)
  ok    5    exit 0     artifact passed   1 passed (449ms)        fixture-labelled, app compiled against that FIXTURE (honest)
  ok    S1   exit 1     artifact failed   1 failed                live-labelled; signs in at the named api, fetches its SUBJECT elsewhere
  ok    S2   exit 1     artifact failed   1 failed                fixture-labelled; signs in at the fixture, fetches its SUBJECT elsewhere
  ok    M1   exit 0     artifact failed   1 passed (678ms)        arm 1 with the re-throw REMOVED — must go green again
  ok    M2   exit 0     artifact failed   1 passed (461ms)        arm 2 with the re-throw REMOVED — must go green again
  ok    M3   exit 0     artifact passed   1 passed (650ms)        arm S1 with the split-origin guard DISABLED — must go green again

All 10 arms held. A mislabelled run fails the process, and so does one whose
subject calls left for another origin behind an honest sign-in; removing the re-throw, or the
split-origin branch, makes the matching run green again — which is what makes the rest mean
something.
