  Determining projects to restore...
  All projects are up-to-date for restore.
  WebApi -> /Users/svendaneel/okam/OkamAPI-flagscover/bin/Debug/net8.0/WebApi.dll
  WebApi.Tests -> /Users/svendaneel/okam/OkamAPI-flagscover/WebApi.Tests/bin/Debug/net8.0/WebApi.Tests.dll
Test run for /Users/svendaneel/okam/OkamAPI-flagscover/WebApi.Tests/bin/Debug/net8.0/WebApi.Tests.dll (.NETCoreApp,Version=v8.0)
Microsoft (R) Test Execution Command Line Tool Version 17.8.0 (arm64)
Copyright (c) Microsoft Corporation.  All rights reserved.

Starting test execution, please wait...
A total of 1 test files matched the specified pattern.
warn: Microsoft.EntityFrameworkCore.Model.Validation[10622]
      Entity 'Order' has a global query filter defined and is the required end of a relationship with the entity 'CheckSplit'. This may lead to unexpected results when the required entity is filtered out. Either configure the navigation as optional, or define matching query filters for both entities in the navigation. See https://go.microsoft.com/fwlink/?linkid=2131316 for more information.
warn: Microsoft.EntityFrameworkCore.Model.Validation[10622]
      Entity 'Order' has a global query filter defined and is the required end of a relationship with the entity 'OrderPayment'. This may lead to unexpected results when the required entity is filtered out. Either configure the navigation as optional, or define matching query filters for both entities in the navigation. See https://go.microsoft.com/fwlink/?linkid=2131316 for more information.
warn: Microsoft.EntityFrameworkCore.Model.Validation[10622]
      Entity 'Order' has a global query filter defined and is the required end of a relationship with the entity 'PosSettlement'. This may lead to unexpected results when the required entity is filtered out. Either configure the navigation as optional, or define matching query filters for both entities in the navigation. See https://go.microsoft.com/fwlink/?linkid=2131316 for more information.
warn: Microsoft.EntityFrameworkCore.Model.Validation[10622]
      Entity 'Order' has a global query filter defined and is the required end of a relationship with the entity 'RegularDiscountUsage'. This may lead to unexpected results when the required entity is filtered out. Either configure the navigation as optional, or define matching query filters for both entities in the navigation. See https://go.microsoft.com/fwlink/?linkid=2131316 for more information.
warn: Microsoft.EntityFrameworkCore.Model.Validation[10622]
      Entity 'Order' has a global query filter defined and is the required end of a relationship with the entity 'WoltDeliveryInfo'. This may lead to unexpected results when the required entity is filtered out. Either configure the navigation as optional, or define matching query filters for both entities in the navigation. See https://go.microsoft.com/fwlink/?linkid=2131316 for more information.
warn: Microsoft.EntityFrameworkCore.Model.Validation[20601]
      The 'TerminalProvider' property 'TerminalProvider' on entity type 'Store' is configured with a database-generated default, but has no configured sentinel value. The database-generated default will always be used for inserts when the property has the value 'Auto', since this is the CLR default for the 'TerminalProvider' type. Consider using a nullable type, using a nullable backing field, or setting the sentinel value for the property to ensure the database default is used when, and only when, appropriate. See https://aka.ms/efcore-docs-default-values for more information.
info: Microsoft.EntityFrameworkCore.Database.Command[20101]
      Executed DbCommand (2ms) [Parameters=[@__name_0='?' (Size = 13)], CommandType='Text', CommandTimeout='30']
      SELECT "o"."Id", "o"."ConcurrencyToken", "o"."Description", "o"."Descriptions", "o"."DisplayName", "o"."DisplayNames", "o"."Name", "o"."Properties", "o"."Resources"
      FROM "OpenIddictScopes" AS "o"
      WHERE "o"."Name" = @__name_0
      LIMIT 1
info: Microsoft.EntityFrameworkCore.Database.Command[20101]
      Executed DbCommand (0ms) [Parameters=[@__name_0='?' (Size = 13)], CommandType='Text', CommandTimeout='30']
      SELECT "o"."Id", "o"."ConcurrencyToken", "o"."Description", "o"."Descriptions", "o"."DisplayName", "o"."DisplayNames", "o"."Name", "o"."Properties", "o"."Resources"
      FROM "OpenIddictScopes" AS "o"
      WHERE "o"."Name" = @__name_0
      LIMIT 1
info: Microsoft.EntityFrameworkCore.Database.Command[20101]
      Executed DbCommand (0ms) [Parameters=[@p0='?' (Size = 36), @p1='?' (Size = 36), @p2='?' (Size = 67), @p3='?', @p4='?' (Size = 38), @p5='?', @p6='?' (Size = 13), @p7='?', @p8='?' (Size = 29)], CommandType='Text', CommandTimeout='30']
      INSERT INTO "OpenIddictScopes" ("Id", "ConcurrencyToken", "Description", "Descriptions", "DisplayName", "DisplayNames", "Name", "Properties", "Resources")
      VALUES (@p0, @p1, @p2, @p3, @p4, @p5, @p6, @p7, @p8);
info: Microsoft.EntityFrameworkCore.Database.Command[20101]
      Executed DbCommand (0ms) [Parameters=[@__name_0='?' (Size = 13)], CommandType='Text', CommandTimeout='30']
      SELECT "o"."Id", "o"."ConcurrencyToken", "o"."Description", "o"."Descriptions", "o"."DisplayName", "o"."DisplayNames", "o"."Name", "o"."Properties", "o"."Resources"
      FROM "OpenIddictScopes" AS "o"
      WHERE "o"."Name" = @__name_0
      LIMIT 1
info: Microsoft.EntityFrameworkCore.Database.Command[20101]
      Executed DbCommand (0ms) [Parameters=[@__name_0='?' (Size = 13)], CommandType='Text', CommandTimeout='30']
      SELECT "o"."Id", "o"."ConcurrencyToken", "o"."Description", "o"."Descriptions", "o"."DisplayName", "o"."DisplayNames", "o"."Name", "o"."Properties", "o"."Resources"
      FROM "OpenIddictScopes" AS "o"
      WHERE "o"."Name" = @__name_0
      LIMIT 1
info: Microsoft.EntityFrameworkCore.Database.Command[20101]
      Executed DbCommand (0ms) [Parameters=[@p0='?' (Size = 36), @p1='?' (Size = 36), @p2='?' (Size = 73), @p3='?', @p4='?' (Size = 16), @p5='?', @p6='?' (Size = 13), @p7='?', @p8='?' (Size = 29)], CommandType='Text', CommandTimeout='30']
      INSERT INTO "OpenIddictScopes" ("Id", "ConcurrencyToken", "Description", "Descriptions", "DisplayName", "DisplayNames", "Name", "Properties", "Resources")
      VALUES (@p0, @p1, @p2, @p3, @p4, @p5, @p6, @p7, @p8);
info: Microsoft.EntityFrameworkCore.Database.Command[20101]
      Executed DbCommand (0ms) [Parameters=[@__name_0='?' (Size = 17)], CommandType='Text', CommandTimeout='30']
      SELECT "o"."Id", "o"."ConcurrencyToken", "o"."Description", "o"."Descriptions", "o"."DisplayName", "o"."DisplayNames", "o"."Name", "o"."Properties", "o"."Resources"
      FROM "OpenIddictScopes" AS "o"
      WHERE "o"."Name" = @__name_0
      LIMIT 1
info: Microsoft.EntityFrameworkCore.Database.Command[20101]
      Executed DbCommand (0ms) [Parameters=[@__name_0='?' (Size = 17)], CommandType='Text', CommandTimeout='30']
      SELECT "o"."Id", "o"."ConcurrencyToken", "o"."Description", "o"."Descriptions", "o"."DisplayName", "o"."DisplayNames", "o"."Name", "o"."Properties", "o"."Resources"
      FROM "OpenIddictScopes" AS "o"
      WHERE "o"."Name" = @__name_0
      LIMIT 1
info: Microsoft.EntityFrameworkCore.Database.Command[20101]
      Executed DbCommand (0ms) [Parameters=[@p0='?' (Size = 36), @p1='?' (Size = 36), @p2='?' (Size = 87), @p3='?', @p4='?' (Size = 32), @p5='?', @p6='?' (Size = 17), @p7='?', @p8='?' (Size = 29)], CommandType='Text', CommandTimeout='30']
      INSERT INTO "OpenIddictScopes" ("Id", "ConcurrencyToken", "Description", "Descriptions", "DisplayName", "DisplayNames", "Name", "Properties", "Resources")
      VALUES (@p0, @p1, @p2, @p3, @p4, @p5, @p6, @p7, @p8);
info: Microsoft.EntityFrameworkCore.Database.Command[20101]
      Executed DbCommand (0ms) [Parameters=[@__name_0='?' (Size = 20)], CommandType='Text', CommandTimeout='30']
      SELECT "o"."Id", "o"."ConcurrencyToken", "o"."Description", "o"."Descriptions", "o"."DisplayName", "o"."DisplayNames", "o"."Name", "o"."Properties", "o"."Resources"
      FROM "OpenIddictScopes" AS "o"
      WHERE "o"."Name" = @__name_0
      LIMIT 1
info: Microsoft.EntityFrameworkCore.Database.Command[20101]
      Executed DbCommand (0ms) [Parameters=[@__name_0='?' (Size = 20)], CommandType='Text', CommandTimeout='30']
      SELECT "o"."Id", "o"."ConcurrencyToken", "o"."Description", "o"."Descriptions", "o"."DisplayName", "o"."DisplayNames", "o"."Name", "o"."Properties", "o"."Resources"
      FROM "OpenIddictScopes" AS "o"
      WHERE "o"."Name" = @__name_0
      LIMIT 1
info: Microsoft.EntityFrameworkCore.Database.Command[20101]
      Executed DbCommand (0ms) [Parameters=[@p0='?' (Size = 36), @p1='?' (Size = 36), @p2='?' (Size = 106), @p3='?', @p4='?' (Size = 19), @p5='?', @p6='?' (Size = 20), @p7='?', @p8='?' (Size = 29)], CommandType='Text', CommandTimeout='30']
      INSERT INTO "OpenIddictScopes" ("Id", "ConcurrencyToken", "Description", "Descriptions", "DisplayName", "DisplayNames", "Name", "Properties", "Resources")
      VALUES (@p0, @p1, @p2, @p3, @p4, @p5, @p6, @p7, @p8);
info: Microsoft.EntityFrameworkCore.Database.Command[20101]
      Executed DbCommand (0ms) [Parameters=[@__identifier_0='?' (Size = 13)], CommandType='Text', CommandTimeout='30']
      SELECT "o"."Id", "o"."ApplicationType", "o"."ClientId", "o"."ClientSecret", "o"."ClientType", "o"."ConcurrencyToken", "o"."ConsentType", "o"."DisplayName", "o"."DisplayNames", "o"."JsonWebKeySet", "o"."Permissions", "o"."PostLogoutRedirectUris", "o"."Properties", "o"."RedirectUris", "o"."Requirements", "o"."Settings"
      FROM "OpenIddictApplications" AS "o"
      WHERE "o"."ClientId" = @__identifier_0
      LIMIT 1
info: Microsoft.EntityFrameworkCore.Database.Command[20101]
      Executed DbCommand (0ms) [Parameters=[@__identifier_0='?' (Size = 13)], CommandType='Text', CommandTimeout='30']
      SELECT "o"."Id", "o"."ApplicationType", "o"."ClientId", "o"."ClientSecret", "o"."ClientType", "o"."ConcurrencyToken", "o"."ConsentType", "o"."DisplayName", "o"."DisplayNames", "o"."JsonWebKeySet", "o"."Permissions", "o"."PostLogoutRedirectUris", "o"."Properties", "o"."RedirectUris", "o"."Requirements", "o"."Settings"
      FROM "OpenIddictApplications" AS "o"
      WHERE "o"."ClientId" = @__identifier_0
      LIMIT 1
info: Microsoft.EntityFrameworkCore.Database.Command[20101]
      Executed DbCommand (0ms) [Parameters=[@p0='?' (Size = 36), @p1='?', @p2='?' (Size = 13), @p3='?', @p4='?' (Size = 6), @p5='?' (Size = 36), @p6='?' (Size = 8), @p7='?' (Size = 13), @p8='?', @p9='?', @p10='?' (Size = 232), @p11='?', @p12='?', @p13='?' (Size = 145), @p14='?' (Size = 11), @p15='?' (Size = 55)], CommandType='Text', CommandTimeout='30']
      INSERT INTO "OpenIddictApplications" ("Id", "ApplicationType", "ClientId", "ClientSecret", "ClientType", "ConcurrencyToken", "ConsentType", "DisplayName", "DisplayNames", "JsonWebKeySet", "Permissions", "PostLogoutRedirectUris", "Properties", "RedirectUris", "Requirements", "Settings")
      VALUES (@p0, @p1, @p2, @p3, @p4, @p5, @p6, @p7, @p8, @p9, @p10, @p11, @p12, @p13, @p14, @p15);
info: Microsoft.AspNetCore.DataProtection.KeyManagement.XmlKeyManager[62]
      User profile is available. Using '/Users/svendaneel/.aspnet/DataProtection-Keys' as key repository; keys will not be encrypted at rest.
info: Microsoft.EntityFrameworkCore.Database.Command[20101]
      Executed DbCommand (0ms) [Parameters=[@__normalizedName_0='?' (Size = 13)], CommandType='Text', CommandTimeout='30']
      SELECT "a"."Id", "a"."ConcurrencyStamp", "a"."Name", "a"."NormalizedName"
      FROM "AspNetRoles" AS "a"
      WHERE "a"."NormalizedName" = @__normalizedName_0
      LIMIT 1
crit: WebApi.Program[0]
      AppSettings:AdminUserPhoneNumber cannot name an account: it is empty or holds characters outside the set Identity allows in an account name (+0123456789), so the lookup can never match and NOBODY will ever hold PowerUserRole in this deployment. Every [Authorize(Roles = PowerUserRole)] endpoint refuses every caller and StoreAdminPolicy admits store admins only. Committed appsettings.json ships the "Set in Azure" placeholder, so an environment that does not override the value lands here: set it in Azure configuration or user secrets to the administrator's phone number in the exact form the account is registered with.
info: Microsoft.EntityFrameworkCore.Database.Command[20101]
      Executed DbCommand (0ms) [Parameters=[], CommandType='Text', CommandTimeout='30']
      SELECT "w"."DecisionTablesJson"
      FROM "WorkforceRuleSetVersions" AS "w"
      WHERE "w"."Jurisdiction" = 'NO' AND "w"."PackName" = 'NO-AML-2026-07' AND "w"."Version" = 2
      LIMIT 1
info: Microsoft.EntityFrameworkCore.Database.Command[20101]
      Executed DbCommand (0ms) [Parameters=[@p0='?' (DbType = Guid), @p1='?', @p2='?' (DbType = DateTime), @p3='?', @p4='?' (DbType = DateTime), @p5='?' (Size = 5065), @p6='?' (DbType = DateTime), @p7='?' (DbType = DateTime), @p8='?' (Size = 6), @p9='?' (Size = 2), @p10='?' (Size = 14), @p11='?' (DbType = Int32)], CommandType='Text', CommandTimeout='30']
      INSERT INTO "WorkforceRuleSetVersions" ("Id", "CounselSignatureRef", "CounselSignedAtUtc", "CounselSignedBy", "CreatedAtUtc", "DecisionTablesJson", "EffectiveFromUtc", "EffectiveToUtc", "EnforcementMode", "Jurisdiction", "PackName", "Version")
      VALUES (@p0, @p1, @p2, @p3, @p4, @p5, @p6, @p7, @p8, @p9, @p10, @p11);
info: Microsoft.EntityFrameworkCore.Database.Command[20101]
      Executed DbCommand (0ms) [Parameters=[], CommandType='Text', CommandTimeout='30']
      SELECT EXISTS (
          SELECT 1
          FROM "GrowthConsentTextVersions" AS "g"
          WHERE "g"."Locale" = 'nb-NO')
info: Microsoft.EntityFrameworkCore.Database.Command[20101]
      Executed DbCommand (0ms) [Parameters=[@p0='?' (DbType = Boolean), @p1='?' (DbType = DateTimeOffset), @p2='?' (Size = 5), @p3='?' (Size = 152), @p4='?' (DbType = Int32)], CommandType='Text', CommandTimeout='30']
      INSERT INTO "GrowthConsentTextVersions" ("CoversOpenMeasurement", "EffectiveAt", "Locale", "Text", "Version")
      VALUES (@p0, @p1, @p2, @p3, @p4)
      RETURNING "Id";
warn: WebApi[0]
      Seeded the SHIPPED BASELINE Growth consent text for locale nb-NO as v1. This wording is COUNSEL-UNSIGNED: guests are now being shown, and recorded as agreeing to, copy no human has signed off. Publish reviewed wording via POST /v1/growth/consent-texts (PowerUser) — it becomes a NEW version and v1 stays byte-unchanged, because live receipts pin it.
info: Microsoft.EntityFrameworkCore.Database.Command[20101]
      Executed DbCommand (0ms) [Parameters=[@__userId_0='?' (Size = 12)], CommandType='Text', CommandTimeout='30']
      SELECT "a"."Id", "a"."AccessFailedCount", "a"."BirthDate", "a"."City", "a"."CommaSeparatedFavoriteProductIds", "a"."ConcurrencyStamp", "a"."Confirmed", "a"."DeliveryInstructions", "a"."Email", "a"."EmailConfirmationCode", "a"."EmailConfirmationCodeExpiry", "a"."EmailConfirmed", "a"."FirstName", "a"."FullAddress", "a"."IsKeyAccountDirector", "a"."IsKeyAccountManager", "a"."IsPowerUser", "a"."KeyAccountDirectorId", "a"."LastName", "a"."LockoutEnabled", "a"."LockoutEnd", "a"."NormalizedEmail", "a"."NormalizedUserName", "a"."PasswordHash", "a"."PhoneNumber", "a"."PhoneNumberConfirmed", "a"."Registered", "a"."SecurityStamp", "a"."ShowFeedback", "a"."StripeCustomerId", "a"."TwoFactorEnabled", "a"."UserName", "a"."ZipCode"
      FROM "AspNetUsers" AS "a"
      WHERE "a"."Id" = @__userId_0
      LIMIT 2
info: Microsoft.EntityFrameworkCore.Database.Command[20101]
      Executed DbCommand (0ms) [Parameters=[@__userId_0='?' (Size = 12)], CommandType='Text', CommandTimeout='30']
      SELECT "a0"."Name"
      FROM "AspNetUserRoles" AS "a"
      INNER JOIN "AspNetRoles" AS "a0" ON "a"."RoleId" = "a0"."Id"
      WHERE "a"."UserId" = @__userId_0
info: Microsoft.EntityFrameworkCore.Database.Command[20101]
      Executed DbCommand (0ms) [Parameters=[@__userId_0='?' (Size = 12)], CommandType='Text', CommandTimeout='30']
      SELECT "a"."Id", "a"."AccessFailedCount", "a"."BirthDate", "a"."City", "a"."CommaSeparatedFavoriteProductIds", "a"."ConcurrencyStamp", "a"."Confirmed", "a"."DeliveryInstructions", "a"."Email", "a"."EmailConfirmationCode", "a"."EmailConfirmationCodeExpiry", "a"."EmailConfirmed", "a"."FirstName", "a"."FullAddress", "a"."IsKeyAccountDirector", "a"."IsKeyAccountManager", "a"."IsPowerUser", "a"."KeyAccountDirectorId", "a"."LastName", "a"."LockoutEnabled", "a"."LockoutEnd", "a"."NormalizedEmail", "a"."NormalizedUserName", "a"."PasswordHash", "a"."PhoneNumber", "a"."PhoneNumberConfirmed", "a"."Registered", "a"."SecurityStamp", "a"."ShowFeedback", "a"."StripeCustomerId", "a"."TwoFactorEnabled", "a"."UserName", "a"."ZipCode"
      FROM "AspNetUsers" AS "a"
      WHERE "a"."Id" = @__userId_0
      LIMIT 2
info: Microsoft.EntityFrameworkCore.Database.Command[20101]
      Executed DbCommand (0ms) [Parameters=[@__userId_0='?' (Size = 12)], CommandType='Text', CommandTimeout='30']
      SELECT "a0"."Name"
      FROM "AspNetUserRoles" AS "a"
      INNER JOIN "AspNetRoles" AS "a0" ON "a"."RoleId" = "a0"."Id"
      WHERE "a"."UserId" = @__userId_0
info: Microsoft.EntityFrameworkCore.Database.Command[20101]
      Executed DbCommand (0ms) [Parameters=[@__userId_0='?' (Size = 15)], CommandType='Text', CommandTimeout='30']
      SELECT "a"."Id", "a"."AccessFailedCount", "a"."BirthDate", "a"."City", "a"."CommaSeparatedFavoriteProductIds", "a"."ConcurrencyStamp", "a"."Confirmed", "a"."DeliveryInstructions", "a"."Email", "a"."EmailConfirmationCode", "a"."EmailConfirmationCodeExpiry", "a"."EmailConfirmed", "a"."FirstName", "a"."FullAddress", "a"."IsKeyAccountDirector", "a"."IsKeyAccountManager", "a"."IsPowerUser", "a"."KeyAccountDirectorId", "a"."LastName", "a"."LockoutEnabled", "a"."LockoutEnd", "a"."NormalizedEmail", "a"."NormalizedUserName", "a"."PasswordHash", "a"."PhoneNumber", "a"."PhoneNumberConfirmed", "a"."Registered", "a"."SecurityStamp", "a"."ShowFeedback", "a"."StripeCustomerId", "a"."TwoFactorEnabled", "a"."UserName", "a"."ZipCode"
      FROM "AspNetUsers" AS "a"
      WHERE "a"."Id" = @__userId_0
      LIMIT 2
info: Microsoft.EntityFrameworkCore.Database.Command[20101]
      Executed DbCommand (0ms) [Parameters=[@__userId_0='?' (Size = 15)], CommandType='Text', CommandTimeout='30']
      SELECT "a0"."Name"
      FROM "AspNetUserRoles" AS "a"
      INNER JOIN "AspNetRoles" AS "a0" ON "a"."RoleId" = "a0"."Id"
      WHERE "a"."UserId" = @__userId_0
info: Microsoft.EntityFrameworkCore.Database.Command[20101]
      Executed DbCommand (0ms) [Parameters=[@__userId_0='?' (Size = 13)], CommandType='Text', CommandTimeout='30']
      SELECT "a"."Id", "a"."AccessFailedCount", "a"."BirthDate", "a"."City", "a"."CommaSeparatedFavoriteProductIds", "a"."ConcurrencyStamp", "a"."Confirmed", "a"."DeliveryInstructions", "a"."Email", "a"."EmailConfirmationCode", "a"."EmailConfirmationCodeExpiry", "a"."EmailConfirmed", "a"."FirstName", "a"."FullAddress", "a"."IsKeyAccountDirector", "a"."IsKeyAccountManager", "a"."IsPowerUser", "a"."KeyAccountDirectorId", "a"."LastName", "a"."LockoutEnabled", "a"."LockoutEnd", "a"."NormalizedEmail", "a"."NormalizedUserName", "a"."PasswordHash", "a"."PhoneNumber", "a"."PhoneNumberConfirmed", "a"."Registered", "a"."SecurityStamp", "a"."ShowFeedback", "a"."StripeCustomerId", "a"."TwoFactorEnabled", "a"."UserName", "a"."ZipCode"
      FROM "AspNetUsers" AS "a"
      WHERE "a"."Id" = @__userId_0
      LIMIT 2
info: Microsoft.EntityFrameworkCore.Database.Command[20101]
      Executed DbCommand (0ms) [Parameters=[@__userId_0='?' (Size = 13)], CommandType='Text', CommandTimeout='30']
      SELECT "a0"."Name"
      FROM "AspNetUserRoles" AS "a"
      INNER JOIN "AspNetRoles" AS "a0" ON "a"."RoleId" = "a0"."Id"
      WHERE "a"."UserId" = @__userId_0
[xUnit.net 00:00:09.82]     WebApi.Tests.Wire.FlagEffectiveResolverWireTests.Every_catalog_flag_is_either_claimed_by_a_registered_resolver_or_excused_by_name [FAIL]
  Failed WebApi.Tests.Wire.FlagEffectiveResolverWireTests.Every_catalog_flag_is_either_claimed_by_a_registered_resolver_or_excused_by_name [1 ms]
  Error Message:
   These catalog flags reach GET /stores/{id}/feature-flags with no effective-value resolver registered, so the endpoint answers `override ?? advertised default` for them: growth.dispatch (Growth), growth.module (Growth). If the gate that enforces one of them resolves exactly that expression, add THAT FLAG to FlagsWhoseGateDoesNotDiverge with the reason — its module being excused for other flags is not a reason and no longer counts as one. If the gate resolves anything else — a config fallback, an outer deployment switch, a data probe, an AND under a master — the endpoint is reporting a value the runtime does not agree with, and the flag owes a resolver registered in the composition root.
Expected: True
Actual:   False
  Stack Trace:
     at WebApi.Tests.Wire.FlagEffectiveResolverWireTests.Every_catalog_flag_is_either_claimed_by_a_registered_resolver_or_excused_by_name() in /Users/svendaneel/okam/OkamAPI-flagscover/WebApi.Tests/Wire/FlagEffectiveResolverWireTests.cs:line 142
   at System.RuntimeMethodHandle.InvokeMethod(Object target, Void** arguments, Signature sig, Boolean isConstructor)
   at System.Reflection.MethodBaseInvoker.InvokeWithNoArgs(Object obj, BindingFlags invokeAttr)

Failed!  - Failed:     1, Passed:    17, Skipped:     0, Total:    18, Duration: 7 s - WebApi.Tests.dll (net8.0)
