  Determining projects to restore...
  All projects are up-to-date for restore.
  WebApi -> /Users/svendaneel/okam/OkamAPI-flagscover/bin/Debug/net8.0/WebApi.dll
  WebApi.Tests -> /Users/svendaneel/okam/OkamAPI-flagscover/WebApi.Tests/bin/Debug/net8.0/WebApi.Tests.dll
Test run for /Users/svendaneel/okam/OkamAPI-flagscover/WebApi.Tests/bin/Debug/net8.0/WebApi.Tests.dll (.NETCoreApp,Version=v8.0)
Microsoft (R) Test Execution Command Line Tool Version 17.8.0 (arm64)
Copyright (c) Microsoft Corporation.  All rights reserved.

Starting test execution, please wait...
A total of 1 test files matched the specified pattern.
warn: Microsoft.EntityFrameworkCore.Model.Validation[10622]
      Entity 'Order' has a global query filter defined and is the required end of a relationship with the entity 'CheckSplit'. This may lead to unexpected results when the required entity is filtered out. Either configure the navigation as optional, or define matching query filters for both entities in the navigation. See https://go.microsoft.com/fwlink/?linkid=2131316 for more information.
warn: Microsoft.EntityFrameworkCore.Model.Validation[10622]
      Entity 'Order' has a global query filter defined and is the required end of a relationship with the entity 'OrderPayment'. This may lead to unexpected results when the required entity is filtered out. Either configure the navigation as optional, or define matching query filters for both entities in the navigation. See https://go.microsoft.com/fwlink/?linkid=2131316 for more information.
warn: Microsoft.EntityFrameworkCore.Model.Validation[10622]
      Entity 'Order' has a global query filter defined and is the required end of a relationship with the entity 'PosSettlement'. This may lead to unexpected results when the required entity is filtered out. Either configure the navigation as optional, or define matching query filters for both entities in the navigation. See https://go.microsoft.com/fwlink/?linkid=2131316 for more information.
warn: Microsoft.EntityFrameworkCore.Model.Validation[10622]
      Entity 'Order' has a global query filter defined and is the required end of a relationship with the entity 'RegularDiscountUsage'. This may lead to unexpected results when the required entity is filtered out. Either configure the navigation as optional, or define matching query filters for both entities in the navigation. See https://go.microsoft.com/fwlink/?linkid=2131316 for more information.
warn: Microsoft.EntityFrameworkCore.Model.Validation[10622]
      Entity 'Order' has a global query filter defined and is the required end of a relationship with the entity 'WoltDeliveryInfo'. This may lead to unexpected results when the required entity is filtered out. Either configure the navigation as optional, or define matching query filters for both entities in the navigation. See https://go.microsoft.com/fwlink/?linkid=2131316 for more information.
warn: Microsoft.EntityFrameworkCore.Model.Validation[20601]
      The 'TerminalProvider' property 'TerminalProvider' on entity type 'Store' is configured with a database-generated default, but has no configured sentinel value. The database-generated default will always be used for inserts when the property has the value 'Auto', since this is the CLR default for the 'TerminalProvider' type. Consider using a nullable type, using a nullable backing field, or setting the sentinel value for the property to ensure the database default is used when, and only when, appropriate. See https://aka.ms/efcore-docs-default-values for more information.
info: Microsoft.EntityFrameworkCore.Database.Command[20101]
      Executed DbCommand (2ms) [Parameters=[@__name_0='?' (Size = 13)], CommandType='Text', CommandTimeout='30']
      SELECT "o"."Id", "o"."ConcurrencyToken", "o"."Description", "o"."Descriptions", "o"."DisplayName", "o"."DisplayNames", "o"."Name", "o"."Properties", "o"."Resources"
      FROM "OpenIddictScopes" AS "o"
      WHERE "o"."Name" = @__name_0
      LIMIT 1
info: Microsoft.EntityFrameworkCore.Database.Command[20101]
      Executed DbCommand (0ms) [Parameters=[@__name_0='?' (Size = 13)], CommandType='Text', CommandTimeout='30']
      SELECT "o"."Id", "o"."ConcurrencyToken", "o"."Description", "o"."Descriptions", "o"."DisplayName", "o"."DisplayNames", "o"."Name", "o"."Properties", "o"."Resources"
      FROM "OpenIddictScopes" AS "o"
      WHERE "o"."Name" = @__name_0
      LIMIT 1
info: Microsoft.EntityFrameworkCore.Database.Command[20101]
      Executed DbCommand (0ms) [Parameters=[@p0='?' (Size = 36), @p1='?' (Size = 36), @p2='?' (Size = 67), @p3='?', @p4='?' (Size = 38), @p5='?', @p6='?' (Size = 13), @p7='?', @p8='?' (Size = 29)], CommandType='Text', CommandTimeout='30']
      INSERT INTO "OpenIddictScopes" ("Id", "ConcurrencyToken", "Description", "Descriptions", "DisplayName", "DisplayNames", "Name", "Properties", "Resources")
      VALUES (@p0, @p1, @p2, @p3, @p4, @p5, @p6, @p7, @p8);
info: Microsoft.EntityFrameworkCore.Database.Command[20101]
      Executed DbCommand (0ms) [Parameters=[@__name_0='?' (Size = 13)], CommandType='Text', CommandTimeout='30']
      SELECT "o"."Id", "o"."ConcurrencyToken", "o"."Description", "o"."Descriptions", "o"."DisplayName", "o"."DisplayNames", "o"."Name", "o"."Properties", "o"."Resources"
      FROM "OpenIddictScopes" AS "o"
      WHERE "o"."Name" = @__name_0
      LIMIT 1
info: Microsoft.EntityFrameworkCore.Database.Command[20101]
      Executed DbCommand (0ms) [Parameters=[@__name_0='?' (Size = 13)], CommandType='Text', CommandTimeout='30']
      SELECT "o"."Id", "o"."ConcurrencyToken", "o"."Description", "o"."Descriptions", "o"."DisplayName", "o"."DisplayNames", "o"."Name", "o"."Properties", "o"."Resources"
      FROM "OpenIddictScopes" AS "o"
      WHERE "o"."Name" = @__name_0
      LIMIT 1
info: Microsoft.EntityFrameworkCore.Database.Command[20101]
      Executed DbCommand (0ms) [Parameters=[@p0='?' (Size = 36), @p1='?' (Size = 36), @p2='?' (Size = 73), @p3='?', @p4='?' (Size = 16), @p5='?', @p6='?' (Size = 13), @p7='?', @p8='?' (Size = 29)], CommandType='Text', CommandTimeout='30']
      INSERT INTO "OpenIddictScopes" ("Id", "ConcurrencyToken", "Description", "Descriptions", "DisplayName", "DisplayNames", "Name", "Properties", "Resources")
      VALUES (@p0, @p1, @p2, @p3, @p4, @p5, @p6, @p7, @p8);
info: Microsoft.EntityFrameworkCore.Database.Command[20101]
      Executed DbCommand (0ms) [Parameters=[@__name_0='?' (Size = 17)], CommandType='Text', CommandTimeout='30']
      SELECT "o"."Id", "o"."ConcurrencyToken", "o"."Description", "o"."Descriptions", "o"."DisplayName", "o"."DisplayNames", "o"."Name", "o"."Properties", "o"."Resources"
      FROM "OpenIddictScopes" AS "o"
      WHERE "o"."Name" = @__name_0
      LIMIT 1
info: Microsoft.EntityFrameworkCore.Database.Command[20101]
      Executed DbCommand (0ms) [Parameters=[@__name_0='?' (Size = 17)], CommandType='Text', CommandTimeout='30']
      SELECT "o"."Id", "o"."ConcurrencyToken", "o"."Description", "o"."Descriptions", "o"."DisplayName", "o"."DisplayNames", "o"."Name", "o"."Properties", "o"."Resources"
      FROM "OpenIddictScopes" AS "o"
      WHERE "o"."Name" = @__name_0
      LIMIT 1
info: Microsoft.EntityFrameworkCore.Database.Command[20101]
      Executed DbCommand (0ms) [Parameters=[@p0='?' (Size = 36), @p1='?' (Size = 36), @p2='?' (Size = 87), @p3='?', @p4='?' (Size = 32), @p5='?', @p6='?' (Size = 17), @p7='?', @p8='?' (Size = 29)], CommandType='Text', CommandTimeout='30']
      INSERT INTO "OpenIddictScopes" ("Id", "ConcurrencyToken", "Description", "Descriptions", "DisplayName", "DisplayNames", "Name", "Properties", "Resources")
      VALUES (@p0, @p1, @p2, @p3, @p4, @p5, @p6, @p7, @p8);
info: Microsoft.EntityFrameworkCore.Database.Command[20101]
      Executed DbCommand (0ms) [Parameters=[@__name_0='?' (Size = 20)], CommandType='Text', CommandTimeout='30']
      SELECT "o"."Id", "o"."ConcurrencyToken", "o"."Description", "o"."Descriptions", "o"."DisplayName", "o"."DisplayNames", "o"."Name", "o"."Properties", "o"."Resources"
      FROM "OpenIddictScopes" AS "o"
      WHERE "o"."Name" = @__name_0
      LIMIT 1
info: Microsoft.EntityFrameworkCore.Database.Command[20101]
      Executed DbCommand (0ms) [Parameters=[@__name_0='?' (Size = 20)], CommandType='Text', CommandTimeout='30']
      SELECT "o"."Id", "o"."ConcurrencyToken", "o"."Description", "o"."Descriptions", "o"."DisplayName", "o"."DisplayNames", "o"."Name", "o"."Properties", "o"."Resources"
      FROM "OpenIddictScopes" AS "o"
      WHERE "o"."Name" = @__name_0
      LIMIT 1
info: Microsoft.EntityFrameworkCore.Database.Command[20101]
      Executed DbCommand (0ms) [Parameters=[@p0='?' (Size = 36), @p1='?' (Size = 36), @p2='?' (Size = 106), @p3='?', @p4='?' (Size = 19), @p5='?', @p6='?' (Size = 20), @p7='?', @p8='?' (Size = 29)], CommandType='Text', CommandTimeout='30']
      INSERT INTO "OpenIddictScopes" ("Id", "ConcurrencyToken", "Description", "Descriptions", "DisplayName", "DisplayNames", "Name", "Properties", "Resources")
      VALUES (@p0, @p1, @p2, @p3, @p4, @p5, @p6, @p7, @p8);
info: Microsoft.EntityFrameworkCore.Database.Command[20101]
      Executed DbCommand (0ms) [Parameters=[@__identifier_0='?' (Size = 13)], CommandType='Text', CommandTimeout='30']
      SELECT "o"."Id", "o"."ApplicationType", "o"."ClientId", "o"."ClientSecret", "o"."ClientType", "o"."ConcurrencyToken", "o"."ConsentType", "o"."DisplayName", "o"."DisplayNames", "o"."JsonWebKeySet", "o"."Permissions", "o"."PostLogoutRedirectUris", "o"."Properties", "o"."RedirectUris", "o"."Requirements", "o"."Settings"
      FROM "OpenIddictApplications" AS "o"
      WHERE "o"."ClientId" = @__identifier_0
      LIMIT 1
info: Microsoft.EntityFrameworkCore.Database.Command[20101]
      Executed DbCommand (0ms) [Parameters=[@__identifier_0='?' (Size = 13)], CommandType='Text', CommandTimeout='30']
      SELECT "o"."Id", "o"."ApplicationType", "o"."ClientId", "o"."ClientSecret", "o"."ClientType", "o"."ConcurrencyToken", "o"."ConsentType", "o"."DisplayName", "o"."DisplayNames", "o"."JsonWebKeySet", "o"."Permissions", "o"."PostLogoutRedirectUris", "o"."Properties", "o"."RedirectUris", "o"."Requirements", "o"."Settings"
      FROM "OpenIddictApplications" AS "o"
      WHERE "o"."ClientId" = @__identifier_0
      LIMIT 1
info: Microsoft.EntityFrameworkCore.Database.Command[20101]
      Executed DbCommand (0ms) [Parameters=[@p0='?' (Size = 36), @p1='?', @p2='?' (Size = 13), @p3='?', @p4='?' (Size = 6), @p5='?' (Size = 36), @p6='?' (Size = 8), @p7='?' (Size = 13), @p8='?', @p9='?', @p10='?' (Size = 232), @p11='?', @p12='?', @p13='?' (Size = 145), @p14='?' (Size = 11), @p15='?' (Size = 55)], CommandType='Text', CommandTimeout='30']
      INSERT INTO "OpenIddictApplications" ("Id", "ApplicationType", "ClientId", "ClientSecret", "ClientType", "ConcurrencyToken", "ConsentType", "DisplayName", "DisplayNames", "JsonWebKeySet", "Permissions", "PostLogoutRedirectUris", "Properties", "RedirectUris", "Requirements", "Settings")
      VALUES (@p0, @p1, @p2, @p3, @p4, @p5, @p6, @p7, @p8, @p9, @p10, @p11, @p12, @p13, @p14, @p15);
info: Microsoft.AspNetCore.DataProtection.KeyManagement.XmlKeyManager[62]
      User profile is available. Using '/Users/svendaneel/.aspnet/DataProtection-Keys' as key repository; keys will not be encrypted at rest.
info: Microsoft.EntityFrameworkCore.Database.Command[20101]
      Executed DbCommand (0ms) [Parameters=[@__normalizedName_0='?' (Size = 13)], CommandType='Text', CommandTimeout='30']
      SELECT "a"."Id", "a"."ConcurrencyStamp", "a"."Name", "a"."NormalizedName"
      FROM "AspNetRoles" AS "a"
      WHERE "a"."NormalizedName" = @__normalizedName_0
      LIMIT 1
info: Microsoft.EntityFrameworkCore.Database.Command[20101]
      Executed DbCommand (0ms) [Parameters=[@__normalizedName_0='?' (Size = 13)], CommandType='Text', CommandTimeout='30']
      SELECT "a"."Id", "a"."ConcurrencyStamp", "a"."Name", "a"."NormalizedName"
      FROM "AspNetRoles" AS "a"
      WHERE "a"."NormalizedName" = @__normalizedName_0
      LIMIT 1
info: Microsoft.EntityFrameworkCore.Database.Command[20101]
      Executed DbCommand (0ms) [Parameters=[@p0='?' (Size = 36), @p1='?', @p2='?' (Size = 13), @p3='?' (Size = 13)], CommandType='Text', CommandTimeout='30']
      INSERT INTO "AspNetRoles" ("Id", "ConcurrencyStamp", "Name", "NormalizedName")
      VALUES (@p0, @p1, @p2, @p3);
crit: WebApi.Program[0]
      AppSettings:AdminUserPhoneNumber cannot name an account: it is empty or holds characters outside the set Identity allows in an account name (+0123456789), so the lookup can never match and NOBODY will ever hold PowerUserRole in this deployment. Every [Authorize(Roles = PowerUserRole)] endpoint refuses every caller and StoreAdminPolicy admits store admins only. Committed appsettings.json ships the "Set in Azure" placeholder, so an environment that does not override the value lands here: set it in Azure configuration or user secrets to the administrator's phone number in the exact form the account is registered with.
info: Microsoft.EntityFrameworkCore.Database.Command[20101]
      Executed DbCommand (0ms) [Parameters=[], CommandType='Text', CommandTimeout='30']
      SELECT "w"."DecisionTablesJson"
      FROM "WorkforceRuleSetVersions" AS "w"
      WHERE "w"."Jurisdiction" = 'NO' AND "w"."PackName" = 'NO-AML-2026-07' AND "w"."Version" = 2
      LIMIT 1
info: Microsoft.EntityFrameworkCore.Database.Command[20101]
      Executed DbCommand (0ms) [Parameters=[@p0='?' (DbType = Guid), @p1='?', @p2='?' (DbType = DateTime), @p3='?', @p4='?' (DbType = DateTime), @p5='?' (Size = 5065), @p6='?' (DbType = DateTime), @p7='?' (DbType = DateTime), @p8='?' (Size = 6), @p9='?' (Size = 2), @p10='?' (Size = 14), @p11='?' (DbType = Int32)], CommandType='Text', CommandTimeout='30']
      INSERT INTO "WorkforceRuleSetVersions" ("Id", "CounselSignatureRef", "CounselSignedAtUtc", "CounselSignedBy", "CreatedAtUtc", "DecisionTablesJson", "EffectiveFromUtc", "EffectiveToUtc", "EnforcementMode", "Jurisdiction", "PackName", "Version")
      VALUES (@p0, @p1, @p2, @p3, @p4, @p5, @p6, @p7, @p8, @p9, @p10, @p11);
info: Microsoft.EntityFrameworkCore.Database.Command[20101]
      Executed DbCommand (0ms) [Parameters=[], CommandType='Text', CommandTimeout='30']
      SELECT EXISTS (
          SELECT 1
          FROM "GrowthConsentTextVersions" AS "g"
          WHERE "g"."Locale" = 'nb-NO')
info: Microsoft.EntityFrameworkCore.Database.Command[20101]
      Executed DbCommand (1ms) [Parameters=[@p0='?' (DbType = Boolean), @p1='?' (DbType = DateTimeOffset), @p2='?' (Size = 5), @p3='?' (Size = 152), @p4='?' (DbType = Int32)], CommandType='Text', CommandTimeout='30']
      INSERT INTO "GrowthConsentTextVersions" ("CoversOpenMeasurement", "EffectiveAt", "Locale", "Text", "Version")
      VALUES (@p0, @p1, @p2, @p3, @p4)
      RETURNING "Id";
warn: WebApi[0]
      Seeded the SHIPPED BASELINE Growth consent text for locale nb-NO as v1. This wording is COUNSEL-UNSIGNED: guests are now being shown, and recorded as agreeing to, copy no human has signed off. Publish reviewed wording via POST /v1/growth/consent-texts (PowerUser) — it becomes a NEW version and v1 stays byte-unchanged, because live receipts pin it.
info: Microsoft.EntityFrameworkCore.Database.Command[20101]
      Executed DbCommand (0ms) [Parameters=[@__userId_0='?' (Size = 24)], CommandType='Text', CommandTimeout='30']
      SELECT "a"."Id", "a"."AccessFailedCount", "a"."BirthDate", "a"."City", "a"."CommaSeparatedFavoriteProductIds", "a"."ConcurrencyStamp", "a"."Confirmed", "a"."DeliveryInstructions", "a"."Email", "a"."EmailConfirmationCode", "a"."EmailConfirmationCodeExpiry", "a"."EmailConfirmed", "a"."FirstName", "a"."FullAddress", "a"."IsKeyAccountDirector", "a"."IsKeyAccountManager", "a"."IsPowerUser", "a"."KeyAccountDirectorId", "a"."LastName", "a"."LockoutEnabled", "a"."LockoutEnd", "a"."NormalizedEmail", "a"."NormalizedUserName", "a"."PasswordHash", "a"."PhoneNumber", "a"."PhoneNumberConfirmed", "a"."Registered", "a"."SecurityStamp", "a"."ShowFeedback", "a"."StripeCustomerId", "a"."TwoFactorEnabled", "a"."UserName", "a"."ZipCode"
      FROM "AspNetUsers" AS "a"
      WHERE "a"."Id" = @__userId_0
      LIMIT 2
info: Microsoft.EntityFrameworkCore.Database.Command[20101]
      Executed DbCommand (0ms) [Parameters=[@__userId_0='?' (Size = 24)], CommandType='Text', CommandTimeout='30']
      SELECT "a0"."Name"
      FROM "AspNetUserRoles" AS "a"
      INNER JOIN "AspNetRoles" AS "a0" ON "a"."RoleId" = "a0"."Id"
      WHERE "a"."UserId" = @__userId_0
info: Microsoft.EntityFrameworkCore.Database.Command[20101]
      Executed DbCommand (0ms) [Parameters=[@__name_0='?' (Size = 13)], CommandType='Text', CommandTimeout='30']
      SELECT "o"."Id", "o"."ConcurrencyToken", "o"."Description", "o"."Descriptions", "o"."DisplayName", "o"."DisplayNames", "o"."Name", "o"."Properties", "o"."Resources"
      FROM "OpenIddictScopes" AS "o"
      WHERE "o"."Name" = @__name_0
      LIMIT 1
info: Microsoft.EntityFrameworkCore.Database.Command[20101]
      Executed DbCommand (0ms) [Parameters=[@__name_0='?' (Size = 13)], CommandType='Text', CommandTimeout='30']
      SELECT "o"."Id", "o"."ConcurrencyToken", "o"."Description", "o"."Descriptions", "o"."DisplayName", "o"."DisplayNames", "o"."Name", "o"."Properties", "o"."Resources"
      FROM "OpenIddictScopes" AS "o"
      WHERE "o"."Name" = @__name_0
      LIMIT 1
info: Microsoft.EntityFrameworkCore.Database.Command[20101]
      Executed DbCommand (0ms) [Parameters=[@p0='?' (Size = 36), @p1='?' (Size = 36), @p2='?' (Size = 67), @p3='?', @p4='?' (Size = 38), @p5='?', @p6='?' (Size = 13), @p7='?', @p8='?' (Size = 29)], CommandType='Text', CommandTimeout='30']
      INSERT INTO "OpenIddictScopes" ("Id", "ConcurrencyToken", "Description", "Descriptions", "DisplayName", "DisplayNames", "Name", "Properties", "Resources")
      VALUES (@p0, @p1, @p2, @p3, @p4, @p5, @p6, @p7, @p8);
info: Microsoft.EntityFrameworkCore.Database.Command[20101]
      Executed DbCommand (0ms) [Parameters=[@__name_0='?' (Size = 13)], CommandType='Text', CommandTimeout='30']
      SELECT "o"."Id", "o"."ConcurrencyToken", "o"."Description", "o"."Descriptions", "o"."DisplayName", "o"."DisplayNames", "o"."Name", "o"."Properties", "o"."Resources"
      FROM "OpenIddictScopes" AS "o"
      WHERE "o"."Name" = @__name_0
      LIMIT 1
info: Microsoft.EntityFrameworkCore.Database.Command[20101]
      Executed DbCommand (0ms) [Parameters=[@__name_0='?' (Size = 13)], CommandType='Text', CommandTimeout='30']
      SELECT "o"."Id", "o"."ConcurrencyToken", "o"."Description", "o"."Descriptions", "o"."DisplayName", "o"."DisplayNames", "o"."Name", "o"."Properties", "o"."Resources"
      FROM "OpenIddictScopes" AS "o"
      WHERE "o"."Name" = @__name_0
      LIMIT 1
info: Microsoft.EntityFrameworkCore.Database.Command[20101]
      Executed DbCommand (0ms) [Parameters=[@p0='?' (Size = 36), @p1='?' (Size = 36), @p2='?' (Size = 73), @p3='?', @p4='?' (Size = 16), @p5='?', @p6='?' (Size = 13), @p7='?', @p8='?' (Size = 29)], CommandType='Text', CommandTimeout='30']
      INSERT INTO "OpenIddictScopes" ("Id", "ConcurrencyToken", "Description", "Descriptions", "DisplayName", "DisplayNames", "Name", "Properties", "Resources")
      VALUES (@p0, @p1, @p2, @p3, @p4, @p5, @p6, @p7, @p8);
info: Microsoft.EntityFrameworkCore.Database.Command[20101]
      Executed DbCommand (0ms) [Parameters=[@__name_0='?' (Size = 17)], CommandType='Text', CommandTimeout='30']
      SELECT "o"."Id", "o"."ConcurrencyToken", "o"."Description", "o"."Descriptions", "o"."DisplayName", "o"."DisplayNames", "o"."Name", "o"."Properties", "o"."Resources"
      FROM "OpenIddictScopes" AS "o"
      WHERE "o"."Name" = @__name_0
      LIMIT 1
info: Microsoft.EntityFrameworkCore.Database.Command[20101]
      Executed DbCommand (0ms) [Parameters=[@__name_0='?' (Size = 17)], CommandType='Text', CommandTimeout='30']
      SELECT "o"."Id", "o"."ConcurrencyToken", "o"."Description", "o"."Descriptions", "o"."DisplayName", "o"."DisplayNames", "o"."Name", "o"."Properties", "o"."Resources"
      FROM "OpenIddictScopes" AS "o"
      WHERE "o"."Name" = @__name_0
      LIMIT 1
info: Microsoft.EntityFrameworkCore.Database.Command[20101]
      Executed DbCommand (0ms) [Parameters=[@p0='?' (Size = 36), @p1='?' (Size = 36), @p2='?' (Size = 87), @p3='?', @p4='?' (Size = 32), @p5='?', @p6='?' (Size = 17), @p7='?', @p8='?' (Size = 29)], CommandType='Text', CommandTimeout='30']
      INSERT INTO "OpenIddictScopes" ("Id", "ConcurrencyToken", "Description", "Descriptions", "DisplayName", "DisplayNames", "Name", "Properties", "Resources")
      VALUES (@p0, @p1, @p2, @p3, @p4, @p5, @p6, @p7, @p8);
info: Microsoft.EntityFrameworkCore.Database.Command[20101]
      Executed DbCommand (0ms) [Parameters=[@__name_0='?' (Size = 20)], CommandType='Text', CommandTimeout='30']
      SELECT "o"."Id", "o"."ConcurrencyToken", "o"."Description", "o"."Descriptions", "o"."DisplayName", "o"."DisplayNames", "o"."Name", "o"."Properties", "o"."Resources"
      FROM "OpenIddictScopes" AS "o"
      WHERE "o"."Name" = @__name_0
      LIMIT 1
info: Microsoft.EntityFrameworkCore.Database.Command[20101]
      Executed DbCommand (0ms) [Parameters=[@__name_0='?' (Size = 20)], CommandType='Text', CommandTimeout='30']
      SELECT "o"."Id", "o"."ConcurrencyToken", "o"."Description", "o"."Descriptions", "o"."DisplayName", "o"."DisplayNames", "o"."Name", "o"."Properties", "o"."Resources"
      FROM "OpenIddictScopes" AS "o"
      WHERE "o"."Name" = @__name_0
      LIMIT 1
info: Microsoft.EntityFrameworkCore.Database.Command[20101]
      Executed DbCommand (0ms) [Parameters=[@p0='?' (Size = 36), @p1='?' (Size = 36), @p2='?' (Size = 106), @p3='?', @p4='?' (Size = 19), @p5='?', @p6='?' (Size = 20), @p7='?', @p8='?' (Size = 29)], CommandType='Text', CommandTimeout='30']
      INSERT INTO "OpenIddictScopes" ("Id", "ConcurrencyToken", "Description", "Descriptions", "DisplayName", "DisplayNames", "Name", "Properties", "Resources")
      VALUES (@p0, @p1, @p2, @p3, @p4, @p5, @p6, @p7, @p8);
info: Microsoft.EntityFrameworkCore.Database.Command[20101]
      Executed DbCommand (0ms) [Parameters=[@__identifier_0='?' (Size = 13)], CommandType='Text', CommandTimeout='30']
      SELECT "o"."Id", "o"."ApplicationType", "o"."ClientId", "o"."ClientSecret", "o"."ClientType", "o"."ConcurrencyToken", "o"."ConsentType", "o"."DisplayName", "o"."DisplayNames", "o"."JsonWebKeySet", "o"."Permissions", "o"."PostLogoutRedirectUris", "o"."Properties", "o"."RedirectUris", "o"."Requirements", "o"."Settings"
      FROM "OpenIddictApplications" AS "o"
      WHERE "o"."ClientId" = @__identifier_0
      LIMIT 1
info: Microsoft.EntityFrameworkCore.Database.Command[20101]
      Executed DbCommand (0ms) [Parameters=[@__identifier_0='?' (Size = 13)], CommandType='Text', CommandTimeout='30']
      SELECT "o"."Id", "o"."ApplicationType", "o"."ClientId", "o"."ClientSecret", "o"."ClientType", "o"."ConcurrencyToken", "o"."ConsentType", "o"."DisplayName", "o"."DisplayNames", "o"."JsonWebKeySet", "o"."Permissions", "o"."PostLogoutRedirectUris", "o"."Properties", "o"."RedirectUris", "o"."Requirements", "o"."Settings"
      FROM "OpenIddictApplications" AS "o"
      WHERE "o"."ClientId" = @__identifier_0
      LIMIT 1
info: Microsoft.EntityFrameworkCore.Database.Command[20101]
      Executed DbCommand (0ms) [Parameters=[@p0='?' (Size = 36), @p1='?', @p2='?' (Size = 13), @p3='?', @p4='?' (Size = 6), @p5='?' (Size = 36), @p6='?' (Size = 8), @p7='?' (Size = 13), @p8='?', @p9='?', @p10='?' (Size = 232), @p11='?', @p12='?', @p13='?' (Size = 145), @p14='?' (Size = 11), @p15='?' (Size = 55)], CommandType='Text', CommandTimeout='30']
      INSERT INTO "OpenIddictApplications" ("Id", "ApplicationType", "ClientId", "ClientSecret", "ClientType", "ConcurrencyToken", "ConsentType", "DisplayName", "DisplayNames", "JsonWebKeySet", "Permissions", "PostLogoutRedirectUris", "Properties", "RedirectUris", "Requirements", "Settings")
      VALUES (@p0, @p1, @p2, @p3, @p4, @p5, @p6, @p7, @p8, @p9, @p10, @p11, @p12, @p13, @p14, @p15);
info: Microsoft.AspNetCore.DataProtection.KeyManagement.XmlKeyManager[62]
      User profile is available. Using '/Users/svendaneel/.aspnet/DataProtection-Keys' as key repository; keys will not be encrypted at rest.
info: Microsoft.EntityFrameworkCore.Database.Command[20101]
      Executed DbCommand (0ms) [Parameters=[@__normalizedName_0='?' (Size = 13)], CommandType='Text', CommandTimeout='30']
      SELECT "a"."Id", "a"."ConcurrencyStamp", "a"."Name", "a"."NormalizedName"
      FROM "AspNetRoles" AS "a"
      WHERE "a"."NormalizedName" = @__normalizedName_0
      LIMIT 1
info: Microsoft.EntityFrameworkCore.Database.Command[20101]
      Executed DbCommand (0ms) [Parameters=[@__normalizedName_0='?' (Size = 13)], CommandType='Text', CommandTimeout='30']
      SELECT "a"."Id", "a"."ConcurrencyStamp", "a"."Name", "a"."NormalizedName"
      FROM "AspNetRoles" AS "a"
      WHERE "a"."NormalizedName" = @__normalizedName_0
      LIMIT 1
info: Microsoft.EntityFrameworkCore.Database.Command[20101]
      Executed DbCommand (0ms) [Parameters=[@p0='?' (Size = 36), @p1='?', @p2='?' (Size = 13), @p3='?' (Size = 13)], CommandType='Text', CommandTimeout='30']
      INSERT INTO "AspNetRoles" ("Id", "ConcurrencyStamp", "Name", "NormalizedName")
      VALUES (@p0, @p1, @p2, @p3);
crit: WebApi.Program[0]
      AppSettings:AdminUserPhoneNumber cannot name an account: it is empty or holds characters outside the set Identity allows in an account name (+0123456789), so the lookup can never match and NOBODY will ever hold PowerUserRole in this deployment. Every [Authorize(Roles = PowerUserRole)] endpoint refuses every caller and StoreAdminPolicy admits store admins only. Committed appsettings.json ships the "Set in Azure" placeholder, so an environment that does not override the value lands here: set it in Azure configuration or user secrets to the administrator's phone number in the exact form the account is registered with.
info: Microsoft.EntityFrameworkCore.Database.Command[20101]
      Executed DbCommand (0ms) [Parameters=[], CommandType='Text', CommandTimeout='30']
      SELECT "w"."DecisionTablesJson"
      FROM "WorkforceRuleSetVersions" AS "w"
      WHERE "w"."Jurisdiction" = 'NO' AND "w"."PackName" = 'NO-AML-2026-07' AND "w"."Version" = 2
      LIMIT 1
info: Microsoft.EntityFrameworkCore.Database.Command[20101]
      Executed DbCommand (0ms) [Parameters=[@p0='?' (DbType = Guid), @p1='?', @p2='?' (DbType = DateTime), @p3='?', @p4='?' (DbType = DateTime), @p5='?' (Size = 5065), @p6='?' (DbType = DateTime), @p7='?' (DbType = DateTime), @p8='?' (Size = 6), @p9='?' (Size = 2), @p10='?' (Size = 14), @p11='?' (DbType = Int32)], CommandType='Text', CommandTimeout='30']
      INSERT INTO "WorkforceRuleSetVersions" ("Id", "CounselSignatureRef", "CounselSignedAtUtc", "CounselSignedBy", "CreatedAtUtc", "DecisionTablesJson", "EffectiveFromUtc", "EffectiveToUtc", "EnforcementMode", "Jurisdiction", "PackName", "Version")
      VALUES (@p0, @p1, @p2, @p3, @p4, @p5, @p6, @p7, @p8, @p9, @p10, @p11);
info: Microsoft.EntityFrameworkCore.Database.Command[20101]
      Executed DbCommand (0ms) [Parameters=[], CommandType='Text', CommandTimeout='30']
      SELECT EXISTS (
          SELECT 1
          FROM "GrowthConsentTextVersions" AS "g"
          WHERE "g"."Locale" = 'nb-NO')
info: Microsoft.EntityFrameworkCore.Database.Command[20101]
      Executed DbCommand (0ms) [Parameters=[@p0='?' (DbType = Boolean), @p1='?' (DbType = DateTimeOffset), @p2='?' (Size = 5), @p3='?' (Size = 152), @p4='?' (DbType = Int32)], CommandType='Text', CommandTimeout='30']
      INSERT INTO "GrowthConsentTextVersions" ("CoversOpenMeasurement", "EffectiveAt", "Locale", "Text", "Version")
      VALUES (@p0, @p1, @p2, @p3, @p4)
      RETURNING "Id";
warn: WebApi[0]
      Seeded the SHIPPED BASELINE Growth consent text for locale nb-NO as v1. This wording is COUNSEL-UNSIGNED: guests are now being shown, and recorded as agreeing to, copy no human has signed off. Publish reviewed wording via POST /v1/growth/consent-texts (PowerUser) — it becomes a NEW version and v1 stays byte-unchanged, because live receipts pin it.
info: Microsoft.EntityFrameworkCore.Database.Command[20101]
      Executed DbCommand (0ms) [Parameters=[@__userId_0='?' (Size = 24)], CommandType='Text', CommandTimeout='30']
      SELECT "a"."Id", "a"."AccessFailedCount", "a"."BirthDate", "a"."City", "a"."CommaSeparatedFavoriteProductIds", "a"."ConcurrencyStamp", "a"."Confirmed", "a"."DeliveryInstructions", "a"."Email", "a"."EmailConfirmationCode", "a"."EmailConfirmationCodeExpiry", "a"."EmailConfirmed", "a"."FirstName", "a"."FullAddress", "a"."IsKeyAccountDirector", "a"."IsKeyAccountManager", "a"."IsPowerUser", "a"."KeyAccountDirectorId", "a"."LastName", "a"."LockoutEnabled", "a"."LockoutEnd", "a"."NormalizedEmail", "a"."NormalizedUserName", "a"."PasswordHash", "a"."PhoneNumber", "a"."PhoneNumberConfirmed", "a"."Registered", "a"."SecurityStamp", "a"."ShowFeedback", "a"."StripeCustomerId", "a"."TwoFactorEnabled", "a"."UserName", "a"."ZipCode"
      FROM "AspNetUsers" AS "a"
      WHERE "a"."Id" = @__userId_0
      LIMIT 2
info: Microsoft.EntityFrameworkCore.Database.Command[20101]
      Executed DbCommand (0ms) [Parameters=[@__userId_0='?' (Size = 24)], CommandType='Text', CommandTimeout='30']
      SELECT "a0"."Name"
      FROM "AspNetUserRoles" AS "a"
      INNER JOIN "AspNetRoles" AS "a0" ON "a"."RoleId" = "a0"."Id"
      WHERE "a"."UserId" = @__userId_0
info: Microsoft.AspNetCore.Hosting.Diagnostics[1]
      Request starting HTTP/1.1 GET http://localhost/v1/meals/me/companies - - -
warn: Microsoft.AspNetCore.HttpsPolicy.HttpsRedirectionMiddleware[3]
      Failed to determine the https port for redirect.
info: Microsoft.EntityFrameworkCore.Database.Command[20101]
      Executed DbCommand (0ms) [Parameters=[@__p_0='?' (Size = 24)], CommandType='Text', CommandTimeout='30']
      SELECT "a"."Id", "a"."AccessFailedCount", "a"."BirthDate", "a"."City", "a"."CommaSeparatedFavoriteProductIds", "a"."ConcurrencyStamp", "a"."Confirmed", "a"."DeliveryInstructions", "a"."Email", "a"."EmailConfirmationCode", "a"."EmailConfirmationCodeExpiry", "a"."EmailConfirmed", "a"."FirstName", "a"."FullAddress", "a"."IsKeyAccountDirector", "a"."IsKeyAccountManager", "a"."IsPowerUser", "a"."KeyAccountDirectorId", "a"."LastName", "a"."LockoutEnabled", "a"."LockoutEnd", "a"."NormalizedEmail", "a"."NormalizedUserName", "a"."PasswordHash", "a"."PhoneNumber", "a"."PhoneNumberConfirmed", "a"."Registered", "a"."SecurityStamp", "a"."ShowFeedback", "a"."StripeCustomerId", "a"."TwoFactorEnabled", "a"."UserName", "a"."ZipCode"
      FROM "AspNetUsers" AS "a"
      WHERE "a"."Id" = @__p_0
      LIMIT 1
info: Microsoft.AspNetCore.Routing.EndpointMiddleware[0]
      Executing endpoint 'WebApi.Controllers.Meals.MealsFundingController.GetMyCompanies (WebApi)'
info: Microsoft.AspNetCore.Mvc.Infrastructure.ControllerActionInvoker[102]
      Route matched with {action = "GetMyCompanies", controller = "MealsFunding"}. Executing controller action with signature System.Threading.Tasks.Task`1[Microsoft.AspNetCore.Mvc.IActionResult] GetMyCompanies() on controller WebApi.Controllers.Meals.MealsFundingController (WebApi).
info: Microsoft.AspNetCore.Mvc.Infrastructure.ControllerActionInvoker[101]
      Executing action method WebApi.Controllers.Meals.MealsFundingController.GetMyCompanies (WebApi) - Validation state: Valid
info: Microsoft.AspNetCore.Mvc.Infrastructure.ControllerActionInvoker[103]
      Executed action method WebApi.Controllers.Meals.MealsFundingController.GetMyCompanies (WebApi), returned result Microsoft.AspNetCore.Mvc.ObjectResult in 1.0352ms.
info: Microsoft.AspNetCore.Mvc.Infrastructure.ObjectResultExecutor[1]
      Executing ObjectResult, writing value of type 'Microsoft.AspNetCore.Mvc.ProblemDetails'.
info: Microsoft.AspNetCore.Mvc.Infrastructure.ControllerActionInvoker[105]
      Executed action WebApi.Controllers.Meals.MealsFundingController.GetMyCompanies (WebApi) in 19.5064ms
info: Microsoft.AspNetCore.Routing.EndpointMiddleware[1]
      Executed endpoint 'WebApi.Controllers.Meals.MealsFundingController.GetMyCompanies (WebApi)'
info: Microsoft.AspNetCore.Hosting.Diagnostics[2]
      Request finished HTTP/1.1 GET http://localhost/v1/meals/me/companies - 404 204 application/problem+json;+charset=utf-8 131.0758ms
info: Microsoft.AspNetCore.Hosting.Diagnostics[1]
      Request starting HTTP/1.1 GET http://localhost/v1/meals/me/companies - - -
warn: Microsoft.AspNetCore.HttpsPolicy.HttpsRedirectionMiddleware[3]
      Failed to determine the https port for redirect.
info: Microsoft.EntityFrameworkCore.Database.Command[20101]
      Executed DbCommand (0ms) [Parameters=[@__p_0='?' (Size = 24)], CommandType='Text', CommandTimeout='30']
      SELECT "a"."Id", "a"."AccessFailedCount", "a"."BirthDate", "a"."City", "a"."CommaSeparatedFavoriteProductIds", "a"."ConcurrencyStamp", "a"."Confirmed", "a"."DeliveryInstructions", "a"."Email", "a"."EmailConfirmationCode", "a"."EmailConfirmationCodeExpiry", "a"."EmailConfirmed", "a"."FirstName", "a"."FullAddress", "a"."IsKeyAccountDirector", "a"."IsKeyAccountManager", "a"."IsPowerUser", "a"."KeyAccountDirectorId", "a"."LastName", "a"."LockoutEnabled", "a"."LockoutEnd", "a"."NormalizedEmail", "a"."NormalizedUserName", "a"."PasswordHash", "a"."PhoneNumber", "a"."PhoneNumberConfirmed", "a"."Registered", "a"."SecurityStamp", "a"."ShowFeedback", "a"."StripeCustomerId", "a"."TwoFactorEnabled", "a"."UserName", "a"."ZipCode"
      FROM "AspNetUsers" AS "a"
      WHERE "a"."Id" = @__p_0
      LIMIT 1
info: Microsoft.AspNetCore.Routing.EndpointMiddleware[0]
      Executing endpoint 'WebApi.Controllers.Meals.MealsFundingController.GetMyCompanies (WebApi)'
info: Microsoft.AspNetCore.Mvc.Infrastructure.ControllerActionInvoker[102]
      Route matched with {action = "GetMyCompanies", controller = "MealsFunding"}. Executing controller action with signature System.Threading.Tasks.Task`1[Microsoft.AspNetCore.Mvc.IActionResult] GetMyCompanies() on controller WebApi.Controllers.Meals.MealsFundingController (WebApi).
info: Microsoft.AspNetCore.Mvc.Infrastructure.ControllerActionInvoker[101]
      Executing action method WebApi.Controllers.Meals.MealsFundingController.GetMyCompanies (WebApi) - Validation state: Valid
info: Microsoft.EntityFrameworkCore.Database.Command[20101]
      Executed DbCommand (0ms) [Parameters=[@__userId_0='?' (Size = 24)], CommandType='Text', CommandTimeout='30']
      SELECT "m"."MembershipId", "m"."ApplicationUserId", "m"."ClaimedFromInvitationId", "m"."CompanyId", "m"."ConcurrencyVersion", "m"."CreatedAtUtc", "m"."EmployeeReference", "m"."Role", "m"."State"
      FROM "MealsMemberships" AS "m"
      WHERE "m"."ApplicationUserId" = @__userId_0
info: Microsoft.AspNetCore.Mvc.Infrastructure.ControllerActionInvoker[103]
      Executed action method WebApi.Controllers.Meals.MealsFundingController.GetMyCompanies (WebApi), returned result Microsoft.AspNetCore.Mvc.OkObjectResult in 6.291ms.
info: Microsoft.AspNetCore.Mvc.Infrastructure.ObjectResultExecutor[1]
      Executing OkObjectResult, writing value of type 'WebApi.Models.Meals.MealsMyCompaniesResponse'.
info: Microsoft.AspNetCore.Mvc.Infrastructure.ControllerActionInvoker[105]
      Executed action WebApi.Controllers.Meals.MealsFundingController.GetMyCompanies (WebApi) in 8.5957ms
info: Microsoft.AspNetCore.Routing.EndpointMiddleware[1]
      Executed endpoint 'WebApi.Controllers.Meals.MealsFundingController.GetMyCompanies (WebApi)'
info: Microsoft.AspNetCore.Hosting.Diagnostics[2]
      Request finished HTTP/1.1 GET http://localhost/v1/meals/me/companies - 200 16 application/json;+charset=utf-8 49.0327ms
info: Microsoft.AspNetCore.Hosting.Diagnostics[1]
      Request starting HTTP/1.1 GET http://localhost/stores/4602/feature-flags - - -
info: Microsoft.EntityFrameworkCore.Database.Command[20101]
      Executed DbCommand (0ms) [Parameters=[@__p_0='?' (Size = 24)], CommandType='Text', CommandTimeout='30']
      SELECT "a"."Id", "a"."AccessFailedCount", "a"."BirthDate", "a"."City", "a"."CommaSeparatedFavoriteProductIds", "a"."ConcurrencyStamp", "a"."Confirmed", "a"."DeliveryInstructions", "a"."Email", "a"."EmailConfirmationCode", "a"."EmailConfirmationCodeExpiry", "a"."EmailConfirmed", "a"."FirstName", "a"."FullAddress", "a"."IsKeyAccountDirector", "a"."IsKeyAccountManager", "a"."IsPowerUser", "a"."KeyAccountDirectorId", "a"."LastName", "a"."LockoutEnabled", "a"."LockoutEnd", "a"."NormalizedEmail", "a"."NormalizedUserName", "a"."PasswordHash", "a"."PhoneNumber", "a"."PhoneNumberConfirmed", "a"."Registered", "a"."SecurityStamp", "a"."ShowFeedback", "a"."StripeCustomerId", "a"."TwoFactorEnabled", "a"."UserName", "a"."ZipCode"
      FROM "AspNetUsers" AS "a"
      WHERE "a"."Id" = @__p_0
      LIMIT 1
info: Microsoft.AspNetCore.Routing.EndpointMiddleware[0]
      Executing endpoint 'WebApi.Controllers.StoreFeatureFlagsController.GetForStore (WebApi)'
info: Microsoft.AspNetCore.Mvc.Infrastructure.ControllerActionInvoker[102]
      Route matched with {action = "GetForStore", controller = "StoreFeatureFlags"}. Executing controller action with signature System.Threading.Tasks.Task`1[Microsoft.AspNetCore.Mvc.ActionResult`1[System.Collections.Generic.IEnumerable`1[WebApi.Models.Platform.StoreFeatureFlagState]]] GetForStore(Int32, System.Threading.CancellationToken) on controller WebApi.Controllers.StoreFeatureFlagsController (WebApi).
info: Microsoft.AspNetCore.Mvc.Infrastructure.ControllerActionInvoker[101]
      Executing action method WebApi.Controllers.StoreFeatureFlagsController.GetForStore (WebApi) - Validation state: Valid
info: Microsoft.EntityFrameworkCore.Database.Command[20101]
      Executed DbCommand (0ms) [Parameters=[@__storeId_0='?' (DbType = Int32)], CommandType='Text', CommandTimeout='30']
      SELECT "t"."StoreId", "t"."AddressId", "t"."AllowOrdersAfterOpeningHours", "t"."ApplicationFeeAmount", "t"."ApplicationFeePercent", "t"."Approved", "t"."BankAccountId", "t"."ContactEmails", "t"."Country", "t"."CurrencyCode", "t"."DeliveryEstimatedMinutes", "t"."DineHomeDeliveryEnabled", "t"."DineHomeOutletId", "t"."DinteroEnabled", "t"."FeedbackMessage", "t"."FeedbackUrl", "t"."GiftcardBankAccountNumber", "t"."GiftcardEnabled", "t"."HomeDeliveryEnabled", "t"."HomeDeliveryFromAddressId", "t"."LegalName", "t"."MinimumOrderPriceForHomeDelivery", "t"."Name", "t"."PayInStoreEnabled", "t"."PayoutStoreId", "t"."PhoneNumber", "t"."PickupEstimatedMinutes", "t"."Registered", "t"."RewardProgramId", "t"."SelfCheckout", "t"."SelfPickUp", "t"."SendInvoiceToEmails", "t"."SmsSenderName", "t"."StatusMessage", "t"."StripeEnabled", "t"."SurfboardEnabled", "t"."TableDeliveryEnabled", "t"."TableReservationEnabled", "t"."TerminalProvider", "t"."TimeZone", "t"."TipHeading", "t"."TipPercentEnabled", "t"."VAT", "t"."VippsEnabled", "t"."VippsMsn", "t"."WarningMessage", "t"."WoltCustomerDeliveryFeeAmount", "t"."WoltDriveEnabled", "t"."WoltDriveMerchantId", "t"."WoltDriveMerchantKey", "t"."WoltDriveVenueId", "t"."WoltServiceFeeAmount", "s0"."ApplicationUserId", "s0"."StoreId"
      FROM (
          SELECT "s"."StoreId", "s"."AddressId", "s"."AllowOrdersAfterOpeningHours", "s"."ApplicationFeeAmount", "s"."ApplicationFeePercent", "s"."Approved", "s"."BankAccountId", "s"."ContactEmails", "s"."Country", "s"."CurrencyCode", "s"."DeliveryEstimatedMinutes", "s"."DineHomeDeliveryEnabled", "s"."DineHomeOutletId", "s"."DinteroEnabled", "s"."FeedbackMessage", "s"."FeedbackUrl", "s"."GiftcardBankAccountNumber", "s"."GiftcardEnabled", "s"."HomeDeliveryEnabled", "s"."HomeDeliveryFromAddressId", "s"."LegalName", "s"."MinimumOrderPriceForHomeDelivery", "s"."Name", "s"."PayInStoreEnabled", "s"."PayoutStoreId", "s"."PhoneNumber", "s"."PickupEstimatedMinutes", "s"."Registered", "s"."RewardProgramId", "s"."SelfCheckout", "s"."SelfPickUp", "s"."SendInvoiceToEmails", "s"."SmsSenderName", "s"."StatusMessage", "s"."StripeEnabled", "s"."SurfboardEnabled", "s"."TableDeliveryEnabled", "s"."TableReservationEnabled", "s"."TerminalProvider", "s"."TimeZone", "s"."TipHeading", "s"."TipPercentEnabled", "s"."VAT", "s"."VippsEnabled", "s"."VippsMsn", "s"."WarningMessage", "s"."WoltCustomerDeliveryFeeAmount", "s"."WoltDriveEnabled", "s"."WoltDriveMerchantId", "s"."WoltDriveMerchantKey", "s"."WoltDriveVenueId", "s"."WoltServiceFeeAmount"
          FROM "Stores" AS "s"
          WHERE "s"."StoreId" = @__storeId_0
          LIMIT 1
      ) AS "t"
      LEFT JOIN "StoreAdmins" AS "s0" ON "t"."StoreId" = "s0"."StoreId"
      ORDER BY "t"."StoreId", "s0"."ApplicationUserId"
info: Microsoft.EntityFrameworkCore.Database.Command[20101]
      Executed DbCommand (0ms) [Parameters=[@__storeId_0='?' (DbType = Int32)], CommandType='Text', CommandTimeout='30']
      SELECT "s"."Id", "s"."CreatedAtUtc", "s"."Enabled", "s"."FlagKey", "s"."Note", "s"."StoreId", "s"."UpdatedAtUtc", "s"."UpdatedByReference"
      FROM "StoreFeatureFlags" AS "s"
      WHERE "s"."StoreId" = @__storeId_0
      ORDER BY "s"."FlagKey"
info: Microsoft.EntityFrameworkCore.Database.Command[20101]
      Executed DbCommand (0ms) [Parameters=[@__storeId_0='?' (DbType = Int32), @__flagKey_1='?' (Size = 11)], CommandType='Text', CommandTimeout='30']
      SELECT "s"."Enabled"
      FROM "StoreFeatureFlags" AS "s"
      WHERE "s"."StoreId" = @__storeId_0 AND "s"."FlagKey" = @__flagKey_1
      LIMIT 1
info: Microsoft.EntityFrameworkCore.Database.Command[20101]
      Executed DbCommand (0ms) [Parameters=[@__storeId_0='?' (DbType = Int32), @__flagKey_1='?' (Size = 15)], CommandType='Text', CommandTimeout='30']
      SELECT "s"."Enabled"
      FROM "StoreFeatureFlags" AS "s"
      WHERE "s"."StoreId" = @__storeId_0 AND "s"."FlagKey" = @__flagKey_1
      LIMIT 1
info: Microsoft.EntityFrameworkCore.Database.Command[20101]
      Executed DbCommand (0ms) [Parameters=[@__storeId_0='?' (DbType = Int32), @__flagKey_1='?' (Size = 17)], CommandType='Text', CommandTimeout='30']
      SELECT "s"."Enabled"
      FROM "StoreFeatureFlags" AS "s"
      WHERE "s"."StoreId" = @__storeId_0 AND "s"."FlagKey" = @__flagKey_1
      LIMIT 1
info: Microsoft.EntityFrameworkCore.Database.Command[20101]
      Executed DbCommand (0ms) [Parameters=[@__storeId_0='?' (DbType = Int32), @__flagKey_1='?' (Size = 15)], CommandType='Text', CommandTimeout='30']
      SELECT "s"."Enabled"
      FROM "StoreFeatureFlags" AS "s"
      WHERE "s"."StoreId" = @__storeId_0 AND "s"."FlagKey" = @__flagKey_1
      LIMIT 1
info: Microsoft.EntityFrameworkCore.Database.Command[20101]
      Executed DbCommand (0ms) [Parameters=[@__storeId_0='?' (DbType = Int32), @__flagKey_1='?' (Size = 13)], CommandType='Text', CommandTimeout='30']
      SELECT "s"."Enabled"
      FROM "StoreFeatureFlags" AS "s"
      WHERE "s"."StoreId" = @__storeId_0 AND "s"."FlagKey" = @__flagKey_1
      LIMIT 1
info: Microsoft.EntityFrameworkCore.Database.Command[20101]
      Executed DbCommand (0ms) [Parameters=[@__storeId_0='?' (DbType = Int32), @__flagKey_1='?' (Size = 13)], CommandType='Text', CommandTimeout='30']
      SELECT "s"."Enabled"
      FROM "StoreFeatureFlags" AS "s"
      WHERE "s"."StoreId" = @__storeId_0 AND "s"."FlagKey" = @__flagKey_1
      LIMIT 1
info: Microsoft.EntityFrameworkCore.Database.Command[20101]
      Executed DbCommand (0ms) [Parameters=[@__storeId_0='?' (DbType = Int32), @__flagKey_1='?' (Size = 16)], CommandType='Text', CommandTimeout='30']
      SELECT "s"."Enabled"
      FROM "StoreFeatureFlags" AS "s"
      WHERE "s"."StoreId" = @__storeId_0 AND "s"."FlagKey" = @__flagKey_1
      LIMIT 1
info: Microsoft.EntityFrameworkCore.Database.Command[20101]
      Executed DbCommand (0ms) [Parameters=[@__storeId_0='?' (DbType = Int32)], CommandType='Text', CommandTimeout='30']
      SELECT EXISTS (
          SELECT 1
          FROM "WorkforceStaffMembers" AS "w"
          WHERE "w"."StoreId" = @__storeId_0)
info: Microsoft.AspNetCore.Mvc.Infrastructure.ControllerActionInvoker[103]
      Executed action method WebApi.Controllers.StoreFeatureFlagsController.GetForStore (WebApi), returned result Microsoft.AspNetCore.Mvc.OkObjectResult in 48.8967ms.
info: Microsoft.AspNetCore.Mvc.Infrastructure.ObjectResultExecutor[1]
      Executing OkObjectResult, writing value of type 'System.Collections.Generic.List`1[[WebApi.Models.Platform.StoreFeatureFlagState, WebApi, Version=1.0.0.0, Culture=neutral, PublicKeyToken=null]]'.
info: Microsoft.AspNetCore.Mvc.Infrastructure.ControllerActionInvoker[105]
      Executed action WebApi.Controllers.StoreFeatureFlagsController.GetForStore (WebApi) in 53.7719ms
info: Microsoft.AspNetCore.Routing.EndpointMiddleware[1]
      Executed endpoint 'WebApi.Controllers.StoreFeatureFlagsController.GetForStore (WebApi)'
info: Microsoft.AspNetCore.Hosting.Diagnostics[2]
      Request finished HTTP/1.1 GET http://localhost/stores/4602/feature-flags - 200 4018 application/json;+charset=utf-8 68.2739ms
info: Microsoft.AspNetCore.Hosting.Diagnostics[1]
      Request starting HTTP/1.1 POST http://localhost/v1/stores/4601/meals/quotes - application/json;+charset=utf-8 108
[xUnit.net 00:00:06.88]     WebApi.Tests.Wire.MealsGateDeploymentWireTests.The_flag_board_agrees_with_the_deployment_for_a_venue_with_no_row [FAIL]
info: Microsoft.EntityFrameworkCore.Database.Command[20101]
      Executed DbCommand (0ms) [Parameters=[@__p_0='?' (Size = 24)], CommandType='Text', CommandTimeout='30']
      SELECT "a"."Id", "a"."AccessFailedCount", "a"."BirthDate", "a"."City", "a"."CommaSeparatedFavoriteProductIds", "a"."ConcurrencyStamp", "a"."Confirmed", "a"."DeliveryInstructions", "a"."Email", "a"."EmailConfirmationCode", "a"."EmailConfirmationCodeExpiry", "a"."EmailConfirmed", "a"."FirstName", "a"."FullAddress", "a"."IsKeyAccountDirector", "a"."IsKeyAccountManager", "a"."IsPowerUser", "a"."KeyAccountDirectorId", "a"."LastName", "a"."LockoutEnabled", "a"."LockoutEnd", "a"."NormalizedEmail", "a"."NormalizedUserName", "a"."PasswordHash", "a"."PhoneNumber", "a"."PhoneNumberConfirmed", "a"."Registered", "a"."SecurityStamp", "a"."ShowFeedback", "a"."StripeCustomerId", "a"."TwoFactorEnabled", "a"."UserName", "a"."ZipCode"
      FROM "AspNetUsers" AS "a"
      WHERE "a"."Id" = @__p_0
      LIMIT 1
info: Microsoft.AspNetCore.Routing.EndpointMiddleware[0]
      Executing endpoint 'WebApi.Controllers.Meals.MealsFundingController.CreateQuote (WebApi)'
info: Microsoft.AspNetCore.Mvc.Infrastructure.ControllerActionInvoker[102]
      Route matched with {action = "CreateQuote", controller = "MealsFunding"}. Executing controller action with signature System.Threading.Tasks.Task`1[Microsoft.AspNetCore.Mvc.IActionResult] CreateQuote(Int32, WebApi.Models.Meals.CreateMealsQuoteRequest) on controller WebApi.Controllers.Meals.MealsFundingController (WebApi).
info: Microsoft.AspNetCore.Mvc.Infrastructure.ControllerActionInvoker[101]
      Executing action method WebApi.Controllers.Meals.MealsFundingController.CreateQuote (WebApi) - Validation state: Valid
info: Microsoft.AspNetCore.Mvc.Infrastructure.ControllerActionInvoker[103]
      Executed action method WebApi.Controllers.Meals.MealsFundingController.CreateQuote (WebApi), returned result Microsoft.AspNetCore.Mvc.ObjectResult in 0.5182ms.
info: Microsoft.AspNetCore.Mvc.Infrastructure.ObjectResultExecutor[1]
      Executing ObjectResult, writing value of type 'Microsoft.AspNetCore.Mvc.ProblemDetails'.
info: Microsoft.AspNetCore.Mvc.Infrastructure.ControllerActionInvoker[105]
      Executed action WebApi.Controllers.Meals.MealsFundingController.CreateQuote (WebApi) in 6.2019ms
info: Microsoft.AspNetCore.Routing.EndpointMiddleware[1]
      Executed endpoint 'WebApi.Controllers.Meals.MealsFundingController.CreateQuote (WebApi)'
info: Microsoft.AspNetCore.Hosting.Diagnostics[2]
      Request finished HTTP/1.1 POST http://localhost/v1/stores/4601/meals/quotes - 404 204 application/problem+json;+charset=utf-8 28.8695ms
  Failed WebApi.Tests.Wire.MealsGateDeploymentWireTests.The_flag_board_agrees_with_the_deployment_for_a_venue_with_no_row [71 ms]
  Error Message:
   Assert.True() Failure
Expected: True
Actual:   False
  Stack Trace:
     at WebApi.Tests.Wire.MealsGateDeploymentWireTests.The_flag_board_agrees_with_the_deployment_for_a_venue_with_no_row() in /Users/svendaneel/okam/OkamAPI-flagscover/WebApi.Tests/Wire/MealsGateDeploymentWireTests.cs:line 149
--- End of stack trace from previous location ---

Failed!  - Failed:     1, Passed:     4, Skipped:     0, Total:     5, Duration: 301 ms - WebApi.Tests.dll (net8.0)
