<?xml version="1.0" encoding="utf-8"?>
<TestRun id="74f75167-4242-4df2-8fcc-76c8736d5cdf" name="@Svens-MacBook-Pro 2026-08-09 17:44:39" xmlns="http://microsoft.com/schemas/VisualStudio/TeamTest/2010">
  <Times creation="2026-08-09T17:44:39.7529400+02:00" queuing="2026-08-09T17:44:39.7529400+02:00" start="2026-08-09T17:44:36.1420410+02:00" finish="2026-08-09T17:44:45.0484160+02:00" />
  <TestSettings name="default" id="4164e8d3-1977-4a93-abb0-ba7b8bc63f65">
    <Deployment runDeploymentRoot="_Svens-MacBook-Pro_2026-08-09_17_44_39" />
  </TestSettings>
  <Results>
    <UnitTestResult executionId="4af79693-3a1b-48e5-902b-1d9b64164d24" testId="796638ac-2720-7633-6ee7-81c328411565" testName="WebApi.Tests.Workforce.WorkforceOperatorImportTests.Import_requires_manager_a_scheduler_is_forbidden" computerName="Svens-MacBook-Pro" duration="00:00:00.1694346" startTime="2026-08-09T17:44:40.1056390+02:00" endTime="2026-08-09T17:44:40.1056390+02:00" testType="13cdc9d9-ddb5-4fa4-a97d-d965ccfc6d4b" outcome="Passed" testListId="8c84fa94-04c1-424b-9868-57a2d4851a1d" relativeResultsDirectory="4af79693-3a1b-48e5-902b-1d9b64164d24" />
    <UnitTestResult executionId="3d3f297c-4d5a-404a-a5fa-54c2aa66b9de" testId="3bb4d6d1-29ad-d7e8-d94a-021aa3fdec7a" testName="WebApi.Tests.Workforce.WorkforceInvitationTests.Issue_replay_returns_no_token_and_does_not_create_a_second_pending" computerName="Svens-MacBook-Pro" duration="00:00:00.0769381" startTime="2026-08-09T17:44:44.0377080+02:00" endTime="2026-08-09T17:44:44.0377080+02:00" testType="13cdc9d9-ddb5-4fa4-a97d-d965ccfc6d4b" outcome="Passed" testListId="8c84fa94-04c1-424b-9868-57a2d4851a1d" relativeResultsDirectory="3d3f297c-4d5a-404a-a5fa-54c2aa66b9de" />
    <UnitTestResult executionId="c9c46a84-7954-4b44-89e1-b9df5b59bd64" testId="aab11658-7cee-f0f1-7c60-0b2f9aaa694c" testName="WebApi.Tests.Workforce.WorkforceInvitationTests.Claim_requires_an_idempotency_key_and_authentication" computerName="Svens-MacBook-Pro" duration="00:00:00.0852276" startTime="2026-08-09T17:44:44.3095230+02:00" endTime="2026-08-09T17:44:44.3095230+02:00" testType="13cdc9d9-ddb5-4fa4-a97d-d965ccfc6d4b" outcome="Passed" testListId="8c84fa94-04c1-424b-9868-57a2d4851a1d" relativeResultsDirectory="c9c46a84-7954-4b44-89e1-b9df5b59bd64" />
    <UnitTestResult executionId="5bc618e2-dcad-4f1f-88a8-e585d8507556" testId="e22bb2d7-a629-d3e4-5732-1bb05d317282" testName="WebApi.Tests.Workforce.WorkforceInvitationTests.Attach_is_refused_when_the_duplicate_person_carries_a_training_certificate" computerName="Svens-MacBook-Pro" duration="00:00:00.0846930" startTime="2026-08-09T17:44:45.0141570+02:00" endTime="2026-08-09T17:44:45.0141570+02:00" testType="13cdc9d9-ddb5-4fa4-a97d-d965ccfc6d4b" outcome="Passed" testListId="8c84fa94-04c1-424b-9868-57a2d4851a1d" relativeResultsDirectory="5bc618e2-dcad-4f1f-88a8-e585d8507556" />
    <UnitTestResult executionId="1ce80e82-8f2b-43cd-95e3-9edf7598c167" testId="eaaf6ded-a10e-e234-aa25-355a9383ef91" testName="WebApi.Tests.Workforce.WorkforceOperatorImportTests.Rerun_imports_nothing_new_per_operator_idempotence_even_with_a_new_key" computerName="Svens-MacBook-Pro" duration="00:00:00.1972109" startTime="2026-08-09T17:44:39.9361420+02:00" endTime="2026-08-09T17:44:39.9361420+02:00" testType="13cdc9d9-ddb5-4fa4-a97d-d965ccfc6d4b" outcome="Passed" testListId="8c84fa94-04c1-424b-9868-57a2d4851a1d" relativeResultsDirectory="1ce80e82-8f2b-43cd-95e3-9edf7598c167" />
    <UnitTestResult executionId="28b238db-0c9e-4088-8839-53bc6b27e52b" testId="0c22f40e-3b88-2995-d3d6-2f8278f6c086" testName="WebApi.Tests.Workforce.WorkforceInvitationTests.Claim_never_revives_an_archived_person_and_the_refusal_is_the_opaque_failure" computerName="Svens-MacBook-Pro" duration="00:00:00.0782789" startTime="2026-08-09T17:44:44.7012490+02:00" endTime="2026-08-09T17:44:44.7012490+02:00" testType="13cdc9d9-ddb5-4fa4-a97d-d965ccfc6d4b" outcome="Passed" testListId="8c84fa94-04c1-424b-9868-57a2d4851a1d" relativeResultsDirectory="28b238db-0c9e-4088-8839-53bc6b27e52b" />
    <UnitTestResult executionId="61d81287-7954-4289-aefe-8d57fe4d5771" testId="75b62ee1-3c97-2c02-43a8-6ec02f60e9c1" testName="WebApi.Tests.Workforce.WorkforceInvitationTests.Claim_idempotency_key_is_scoped_per_user_so_a_shared_key_cannot_collide" computerName="Svens-MacBook-Pro" duration="00:00:00.0800237" startTime="2026-08-09T17:44:43.6246880+02:00" endTime="2026-08-09T17:44:43.6246880+02:00" testType="13cdc9d9-ddb5-4fa4-a97d-d965ccfc6d4b" outcome="Passed" testListId="8c84fa94-04c1-424b-9868-57a2d4851a1d" relativeResultsDirectory="61d81287-7954-4289-aefe-8d57fe4d5771" />
    <UnitTestResult executionId="0c28382d-7e2e-47bc-a60c-0ea32853c01f" testId="da626836-0616-9876-d2ae-bffc72fc20f4" testName="WebApi.Tests.Workforce.WorkforceOperatorImportTests.An_import_refused_by_the_D1_race_backstop_replays_its_refusal_to_a_retry_of_the_SAME_key" computerName="Svens-MacBook-Pro" duration="00:00:00.1949253" startTime="2026-08-09T17:44:40.4889100+02:00" endTime="2026-08-09T17:44:40.4889100+02:00" testType="13cdc9d9-ddb5-4fa4-a97d-d965ccfc6d4b" outcome="Passed" testListId="8c84fa94-04c1-424b-9868-57a2d4851a1d" relativeResultsDirectory="0c28382d-7e2e-47bc-a60c-0ea32853c01f" />
    <UnitTestResult executionId="22430b97-8467-4a91-af61-7206049f8662" testId="c64db1eb-5872-1d49-2060-27a94286a4bf" testName="WebApi.Tests.Workforce.WorkforceInvitationTests.Claim_by_a_blank_but_not_empty_subject_is_forbidden_and_stamps_nothing" computerName="Svens-MacBook-Pro" duration="00:00:00.2093912" startTime="2026-08-09T17:44:42.9234460+02:00" endTime="2026-08-09T17:44:42.9234460+02:00" testType="13cdc9d9-ddb5-4fa4-a97d-d965ccfc6d4b" outcome="Passed" testListId="8c84fa94-04c1-424b-9868-57a2d4851a1d" relativeResultsDirectory="22430b97-8467-4a91-af61-7206049f8662" />
    <UnitTestResult executionId="3e0ad375-f7dc-4498-9fa7-7c2637b4c604" testId="6d957a95-6542-c2f2-d614-101749cc8fc8" testName="WebApi.Tests.Workforce.WorkforceInvitationTests.Invalid_expired_and_used_tokens_are_indistinguishable_anti_oracle" computerName="Svens-MacBook-Pro" duration="00:00:00.0855675" startTime="2026-08-09T17:44:44.1233380+02:00" endTime="2026-08-09T17:44:44.1233380+02:00" testType="13cdc9d9-ddb5-4fa4-a97d-d965ccfc6d4b" outcome="Passed" testListId="8c84fa94-04c1-424b-9868-57a2d4851a1d" relativeResultsDirectory="3e0ad375-f7dc-4498-9fa7-7c2637b4c604" />
    <UnitTestResult executionId="e80a3140-c69f-4ff0-ad0d-dc3cc2f0af02" testId="f599cdce-b1c8-82fc-7636-51b91b85a078" testName="WebApi.Tests.Workforce.WorkforceInvitationTests.An_issue_refused_at_the_commit_replays_its_refusal_to_a_retry_of_the_SAME_key" computerName="Svens-MacBook-Pro" duration="00:00:00.0777978" startTime="2026-08-09T17:44:44.9294030+02:00" endTime="2026-08-09T17:44:44.9294030+02:00" testType="13cdc9d9-ddb5-4fa4-a97d-d965ccfc6d4b" outcome="Passed" testListId="8c84fa94-04c1-424b-9868-57a2d4851a1d" relativeResultsDirectory="e80a3140-c69f-4ff0-ad0d-dc3cc2f0af02" />
    <UnitTestResult executionId="7cd8077c-f9cc-4a2a-96a3-644e5b76ddde" testId="051a445e-b695-d344-c43c-7c362107dfb1" testName="WebApi.Tests.Workforce.WorkforceInvitationTests.Attach_is_refused_when_the_duplicate_person_carries_a_second_engagement" computerName="Svens-MacBook-Pro" duration="00:00:00.2088362" startTime="2026-08-09T17:44:43.3455380+02:00" endTime="2026-08-09T17:44:43.3455380+02:00" testType="13cdc9d9-ddb5-4fa4-a97d-d965ccfc6d4b" outcome="Passed" testListId="8c84fa94-04c1-424b-9868-57a2d4851a1d" relativeResultsDirectory="7cd8077c-f9cc-4a2a-96a3-644e5b76ddde" />
    <UnitTestResult executionId="52025d18-8d35-4aa6-88f1-15a63370480d" testId="8e69219f-9546-4e62-bf44-2cbb4fda446f" testName="WebApi.Tests.Workforce.WorkforceInvitationTests.Attach_is_refused_when_the_duplicate_person_carries_a_training_completion" computerName="Svens-MacBook-Pro" duration="00:00:00.2337243" startTime="2026-08-09T17:44:42.2581450+02:00" endTime="2026-08-09T17:44:42.2581450+02:00" testType="13cdc9d9-ddb5-4fa4-a97d-d965ccfc6d4b" outcome="Passed" testListId="8c84fa94-04c1-424b-9868-57a2d4851a1d" relativeResultsDirectory="52025d18-8d35-4aa6-88f1-15a63370480d" />
    <UnitTestResult executionId="3c67310a-756b-4a4f-a37e-b01d0d7c694c" testId="90d237bd-8cfd-ff02-598b-b686d9701416" testName="WebApi.Tests.Workforce.WorkforceInvitationTests.Attach_is_refused_when_the_duplicate_person_carries_a_clock_session" computerName="Svens-MacBook-Pro" duration="00:00:00.0947908" startTime="2026-08-09T17:44:43.8824130+02:00" endTime="2026-08-09T17:44:43.8824130+02:00" testType="13cdc9d9-ddb5-4fa4-a97d-d965ccfc6d4b" outcome="Passed" testListId="8c84fa94-04c1-424b-9868-57a2d4851a1d" relativeResultsDirectory="3c67310a-756b-4a4f-a37e-b01d0d7c694c" />
    <UnitTestResult executionId="65119f67-b368-462f-8b63-808c6579db87" testId="6c883406-27fe-c6bd-5c61-25e5778bea91" testName="WebApi.Tests.Workforce.WorkforceOperatorImportTests.An_operator_outside_the_route_store_is_opaque_not_found" computerName="Svens-MacBook-Pro" duration="00:00:02.2236545" startTime="2026-08-09T17:44:39.7390480+02:00" endTime="2026-08-09T17:44:39.7390560+02:00" testType="13cdc9d9-ddb5-4fa4-a97d-d965ccfc6d4b" outcome="Passed" testListId="8c84fa94-04c1-424b-9868-57a2d4851a1d" relativeResultsDirectory="65119f67-b368-462f-8b63-808c6579db87" />
    <UnitTestResult executionId="86eb9457-9697-451f-b5e1-1d8075a1cb9e" testId="22449db1-3cdd-6c46-dfc3-1ddecf9591be" testName="WebApi.Tests.Workforce.WorkforceInvitationTests.Attach_is_refused_when_the_duplicate_person_is_no_longer_invited" computerName="Svens-MacBook-Pro" duration="00:00:00.2520324" startTime="2026-08-09T17:44:41.7990700+02:00" endTime="2026-08-09T17:44:41.7990700+02:00" testType="13cdc9d9-ddb5-4fa4-a97d-d965ccfc6d4b" outcome="Passed" testListId="8c84fa94-04c1-424b-9868-57a2d4851a1d" relativeResultsDirectory="86eb9457-9697-451f-b5e1-1d8075a1cb9e" />
    <UnitTestResult executionId="428ccb73-d550-4c00-98d7-3735dda5d384" testId="1afd82b7-84df-c73b-4151-49bfa47988ce" testName="WebApi.Tests.Workforce.WorkforceOperatorImportTests.Import_without_an_idempotency_key_is_a_400" computerName="Svens-MacBook-Pro" duration="00:00:00.1718376" startTime="2026-08-09T17:44:40.8308890+02:00" endTime="2026-08-09T17:44:40.8308890+02:00" testType="13cdc9d9-ddb5-4fa4-a97d-d965ccfc6d4b" outcome="Passed" testListId="8c84fa94-04c1-424b-9868-57a2d4851a1d" relativeResultsDirectory="428ccb73-d550-4c00-98d7-3735dda5d384" />
    <UnitTestResult executionId="1465452f-b91c-423a-a13d-80a3d3ac0607" testId="af24e850-56d8-202b-b1ea-0d6a5f960d7c" testName="WebApi.Tests.Workforce.WorkforceInvitationTests.Attach_is_refused_when_the_callers_own_person_is_archived" computerName="Svens-MacBook-Pro" duration="00:00:00.0822189" startTime="2026-08-09T17:44:43.7069870+02:00" endTime="2026-08-09T17:44:43.7069870+02:00" testType="13cdc9d9-ddb5-4fa4-a97d-d965ccfc6d4b" outcome="Passed" testListId="8c84fa94-04c1-424b-9868-57a2d4851a1d" relativeResultsDirectory="1465452f-b91c-423a-a13d-80a3d3ac0607" />
    <UnitTestResult executionId="9f1b2737-3905-413b-93b7-dc786bfe597d" testId="52661105-f938-e7b9-8d05-c230cffb62fd" testName="WebApi.Tests.Workforce.WorkforceOperatorImportTests.StoreAdmin_operator_is_never_auto_imported" computerName="Svens-MacBook-Pro" duration="00:00:00.1721347" startTime="2026-08-09T17:44:41.1787990+02:00" endTime="2026-08-09T17:44:41.1787990+02:00" testType="13cdc9d9-ddb5-4fa4-a97d-d965ccfc6d4b" outcome="Passed" testListId="8c84fa94-04c1-424b-9868-57a2d4851a1d" relativeResultsDirectory="9f1b2737-3905-413b-93b7-dc786bfe597d" />
    <UnitTestResult executionId="fb56210c-7560-426e-96b8-130753a57943" testId="fe06c2fd-8a5d-7ef1-0594-d6b8252c8bcc" testName="WebApi.Tests.Workforce.WorkforceInvitationTests.Attach_is_refused_when_it_would_double_engage_one_legal_employer" computerName="Svens-MacBook-Pro" duration="00:00:00.0778158" startTime="2026-08-09T17:44:44.4632170+02:00" endTime="2026-08-09T17:44:44.4632170+02:00" testType="13cdc9d9-ddb5-4fa4-a97d-d965ccfc6d4b" outcome="Passed" testListId="8c84fa94-04c1-424b-9868-57a2d4851a1d" relativeResultsDirectory="fb56210c-7560-426e-96b8-130753a57943" />
    <UnitTestResult executionId="0fd52ae4-2abf-4532-8f7c-75f312f048a9" testId="48df0696-f845-f1ce-b6f0-ff569c629e93" testName="WebApi.Tests.Workforce.WorkforceInvitationTests.Issue_returns_a_raw_token_once_and_stores_only_the_hash" computerName="Svens-MacBook-Pro" duration="00:00:00.1989911" startTime="2026-08-09T17:44:43.5445940+02:00" endTime="2026-08-09T17:44:43.5445940+02:00" testType="13cdc9d9-ddb5-4fa4-a97d-d965ccfc6d4b" outcome="Passed" testListId="8c84fa94-04c1-424b-9868-57a2d4851a1d" relativeResultsDirectory="0fd52ae4-2abf-4532-8f7c-75f312f048a9" />
    <UnitTestResult executionId="341a4fb4-2d8d-4860-9f82-643f8df3a6a3" testId="07b9cf22-e978-2ac9-2844-877f9eab4605" testName="WebApi.Tests.Workforce.WorkforceOperatorImportTests.Operator_whose_person_is_engaged_in_a_hidden_store_is_an_opaque_conflict" computerName="Svens-MacBook-Pro" duration="00:00:00.1881798" startTime="2026-08-09T17:44:40.2939040+02:00" endTime="2026-08-09T17:44:40.2939040+02:00" testType="13cdc9d9-ddb5-4fa4-a97d-d965ccfc6d4b" outcome="Passed" testListId="8c84fa94-04c1-424b-9868-57a2d4851a1d" relativeResultsDirectory="341a4fb4-2d8d-4860-9f82-643f8df3a6a3" />
    <UnitTestResult executionId="4bfd8eff-38ea-48b8-8e03-b1abd1a31400" testId="06964b5a-29fc-6e83-1f6b-a70a67fd7915" testName="WebApi.Tests.Workforce.WorkforceInvitationTests.Claim_never_adds_capability_no_self_escalation" computerName="Svens-MacBook-Pro" duration="00:00:00.0766197" startTime="2026-08-09T17:44:44.7779250+02:00" endTime="2026-08-09T17:44:44.7779250+02:00" testType="13cdc9d9-ddb5-4fa4-a97d-d965ccfc6d4b" outcome="Passed" testListId="8c84fa94-04c1-424b-9868-57a2d4851a1d" relativeResultsDirectory="4bfd8eff-38ea-48b8-8e03-b1abd1a31400" />
    <UnitTestResult executionId="188bdb64-c2e3-4684-829f-2a86f399d12d" testId="d94d7866-959b-92f4-9deb-011eed3c8e2a" testName="WebApi.Tests.Workforce.WorkforceInvitationTests.Claim_links_the_user_moves_the_person_to_claimed_and_is_one_use" computerName="Svens-MacBook-Pro" duration="00:00:00.0777142" startTime="2026-08-09T17:44:44.6229070+02:00" endTime="2026-08-09T17:44:44.6229070+02:00" testType="13cdc9d9-ddb5-4fa4-a97d-d965ccfc6d4b" outcome="Passed" testListId="8c84fa94-04c1-424b-9868-57a2d4851a1d" relativeResultsDirectory="188bdb64-c2e3-4684-829f-2a86f399d12d" />
    <UnitTestResult executionId="080de744-1671-4fb7-b5fa-ed94e9460f49" testId="e2f2cdcb-c09a-89ce-589f-cfb6d188116a" testName="WebApi.Tests.Workforce.WorkforceInvitationTests.A_login_slot_lost_at_the_commit_is_the_retryable_409_not_a_500" computerName="Svens-MacBook-Pro" duration="00:00:00.2102008" startTime="2026-08-09T17:44:42.7139770+02:00" endTime="2026-08-09T17:44:42.7139770+02:00" testType="13cdc9d9-ddb5-4fa4-a97d-d965ccfc6d4b" outcome="Passed" testListId="8c84fa94-04c1-424b-9868-57a2d4851a1d" relativeResultsDirectory="080de744-1671-4fb7-b5fa-ed94e9460f49" />
    <UnitTestResult executionId="5521e8d0-7d7a-45a7-9165-75d7f92af590" testId="38eaeb2e-e9f8-c3ac-cfaf-55e527ae5fc9" testName="WebApi.Tests.Workforce.WorkforceInvitationTests.Claim_by_an_already_linked_login_attaches_the_engagement_and_archives_the_duplicate" computerName="Svens-MacBook-Pro" duration="00:00:00.2251967" startTime="2026-08-09T17:44:42.0243560+02:00" endTime="2026-08-09T17:44:42.0243560+02:00" testType="13cdc9d9-ddb5-4fa4-a97d-d965ccfc6d4b" outcome="Passed" testListId="8c84fa94-04c1-424b-9868-57a2d4851a1d" relativeResultsDirectory="5521e8d0-7d7a-45a7-9165-75d7f92af590" />
    <UnitTestResult executionId="320a3dcc-b7e9-462f-93b0-e2cbdfc96a28" testId="19e2c440-7a0f-1c32-afb0-b49103c56ef4" testName="WebApi.Tests.Workforce.WorkforceOperatorImportTests.A_mixed_batch_reports_per_item_outcomes_not_all_or_nothing" computerName="Svens-MacBook-Pro" duration="00:00:00.1699847" startTime="2026-08-09T17:44:40.6589670+02:00" endTime="2026-08-09T17:44:40.6589670+02:00" testType="13cdc9d9-ddb5-4fa4-a97d-d965ccfc6d4b" outcome="Passed" testListId="8c84fa94-04c1-424b-9868-57a2d4851a1d" relativeResultsDirectory="320a3dcc-b7e9-462f-93b0-e2cbdfc96a28" />
    <UnitTestResult executionId="32963388-20a6-41ea-a3ac-d08325f71c21" testId="40a53e11-c1e6-f284-9ba6-45366f52a60c" testName="WebApi.Tests.Workforce.WorkforceOperatorImportTests.Import_creates_a_person_and_engagement_linked_by_operator_id" computerName="Svens-MacBook-Pro" duration="00:00:00.1756130" startTime="2026-08-09T17:44:41.0065830+02:00" endTime="2026-08-09T17:44:41.0065830+02:00" testType="13cdc9d9-ddb5-4fa4-a97d-d965ccfc6d4b" outcome="Passed" testListId="8c84fa94-04c1-424b-9868-57a2d4851a1d" relativeResultsDirectory="32963388-20a6-41ea-a3ac-d08325f71c21" />
    <UnitTestResult executionId="6c8cf7bd-5e36-49d9-9d5f-9bcdd08fdd4b" testId="8c0bb7ac-0047-8ba1-e519-40eb3288c50f" testName="WebApi.Tests.Workforce.WorkforceOperatorImportTests.Operator_whose_person_is_already_engaged_here_is_a_visible_conflict" computerName="Svens-MacBook-Pro" duration="00:00:00.1883270" startTime="2026-08-09T17:44:41.5461300+02:00" endTime="2026-08-09T17:44:41.5461300+02:00" testType="13cdc9d9-ddb5-4fa4-a97d-d965ccfc6d4b" outcome="Passed" testListId="8c84fa94-04c1-424b-9868-57a2d4851a1d" relativeResultsDirectory="6c8cf7bd-5e36-49d9-9d5f-9bcdd08fdd4b" />
    <UnitTestResult executionId="41562204-b650-4105-8ac8-8cf8ca6f3cc1" testId="5c2834d5-8969-3feb-a48f-79d6ee21699b" testName="WebApi.Tests.Workforce.WorkforceInvitationTests.Attach_is_refused_when_the_duplicate_person_carries_a_person_scoped_training_assignment" computerName="Svens-MacBook-Pro" duration="00:00:00.2454998" startTime="2026-08-09T17:44:42.5037110+02:00" endTime="2026-08-09T17:44:42.5037110+02:00" testType="13cdc9d9-ddb5-4fa4-a97d-d965ccfc6d4b" outcome="Passed" testListId="8c84fa94-04c1-424b-9868-57a2d4851a1d" relativeResultsDirectory="41562204-b650-4105-8ac8-8cf8ca6f3cc1" />
    <UnitTestResult executionId="220ba30a-6d0e-4315-966f-f45868000cf4" testId="b095049e-de19-0f30-3053-390de8a2deea" testName="WebApi.Tests.Workforce.WorkforceInvitationTests.A_claim_refused_at_the_commit_replays_its_refusal_to_a_retry_of_the_SAME_key" computerName="Svens-MacBook-Pro" duration="00:00:00.0765715" startTime="2026-08-09T17:44:44.5467780+02:00" endTime="2026-08-09T17:44:44.5467780+02:00" testType="13cdc9d9-ddb5-4fa4-a97d-d965ccfc6d4b" outcome="Failed" testListId="8c84fa94-04c1-424b-9868-57a2d4851a1d" relativeResultsDirectory="220ba30a-6d0e-4315-966f-f45868000cf4">
      <Output>
        <ErrorInfo>
          <Message>Assert.Equal() Failure
Expected: workforce.claim-link-conflict
Actual:   workforce.idempotency-in-progress</Message>
          <StackTrace>   at WebApi.Tests.Workforce.WorkforceStaffResults.Problem(IActionResult result, Int32 expectedStatus, String expectedCode) in /Users/svendaneel/okam/OkamAPI-wfrefusalrest/WebApi.Tests/Workforce/WorkforceStaffResults.cs:line 29
   at WebApi.Tests.Workforce.WorkforceInvitationTests.A_claim_refused_at_the_commit_replays_its_refusal_to_a_retry_of_the_SAME_key() in /Users/svendaneel/okam/OkamAPI-wfrefusalrest/WebApi.Tests/Workforce/WorkforceInvitationTests.cs:line 1028
   at WebApi.Tests.Workforce.WorkforceInvitationTests.A_claim_refused_at_the_commit_replays_its_refusal_to_a_retry_of_the_SAME_key() in /Users/svendaneel/okam/OkamAPI-wfrefusalrest/WebApi.Tests/Workforce/WorkforceInvitationTests.cs:line 1037
   at WebApi.Tests.Workforce.WorkforceInvitationTests.A_claim_refused_at_the_commit_replays_its_refusal_to_a_retry_of_the_SAME_key() in /Users/svendaneel/okam/OkamAPI-wfrefusalrest/WebApi.Tests/Workforce/WorkforceInvitationTests.cs:line 1037
--- End of stack trace from previous location ---</StackTrace>
        </ErrorInfo>
      </Output>
    </UnitTestResult>
    <UnitTestResult executionId="31eec42c-a8f7-4efc-b2da-149e7a05f12b" testId="9577e674-5cdf-09ea-a90e-504109d1c4f6" testName="WebApi.Tests.Workforce.WorkforceInvitationTests.Issue_requires_manager_and_a_scheduler_is_forbidden" computerName="Svens-MacBook-Pro" duration="00:00:00.0757080" startTime="2026-08-09T17:44:44.3853000+02:00" endTime="2026-08-09T17:44:44.3853000+02:00" testType="13cdc9d9-ddb5-4fa4-a97d-d965ccfc6d4b" outcome="Passed" testListId="8c84fa94-04c1-424b-9868-57a2d4851a1d" relativeResultsDirectory="31eec42c-a8f7-4efc-b2da-149e7a05f12b" />
    <UnitTestResult executionId="5f185cf8-6c91-491c-8a26-1671f1109a6c" testId="c4efa1c6-fc11-11cc-466b-95843051bad2" testName="WebApi.Tests.Workforce.WorkforceOperatorImportTests.Import_without_a_body_is_a_400" computerName="Svens-MacBook-Pro" duration="00:00:00.1788652" startTime="2026-08-09T17:44:41.3577310+02:00" endTime="2026-08-09T17:44:41.3577310+02:00" testType="13cdc9d9-ddb5-4fa4-a97d-d965ccfc6d4b" outcome="Passed" testListId="8c84fa94-04c1-424b-9868-57a2d4851a1d" relativeResultsDirectory="5f185cf8-6c91-491c-8a26-1671f1109a6c" />
    <UnitTestResult executionId="9a12e444-6fea-49c8-9a11-8806d86129e4" testId="cbb7520c-59aa-01c7-b60a-8f96b62c0e44" testName="WebApi.Tests.Workforce.WorkforceInvitationTests.Claim_of_an_expired_token_is_the_opaque_failure" computerName="Svens-MacBook-Pro" duration="00:00:00.0782238" startTime="2026-08-09T17:44:43.9607010+02:00" endTime="2026-08-09T17:44:43.9607010+02:00" testType="13cdc9d9-ddb5-4fa4-a97d-d965ccfc6d4b" outcome="Passed" testListId="8c84fa94-04c1-424b-9868-57a2d4851a1d" relativeResultsDirectory="9a12e444-6fea-49c8-9a11-8806d86129e4" />
    <UnitTestResult executionId="7fe4ada5-ae0a-4ef7-9bea-b72ebcc2cf5e" testId="e9075aa4-de99-67b4-66d1-23657bc0dd91" testName="WebApi.Tests.Workforce.WorkforceInvitationTests.A_second_engagement_on_the_SAME_person_still_claims_the_supported_multi_store_path" computerName="Svens-MacBook-Pro" duration="00:00:00.1008283" startTime="2026-08-09T17:44:44.2242280+02:00" endTime="2026-08-09T17:44:44.2242280+02:00" testType="13cdc9d9-ddb5-4fa4-a97d-d965ccfc6d4b" outcome="Passed" testListId="8c84fa94-04c1-424b-9868-57a2d4851a1d" relativeResultsDirectory="7fe4ada5-ae0a-4ef7-9bea-b72ebcc2cf5e" />
    <UnitTestResult executionId="5b8048ce-d455-48ef-b280-ee9c3af1a46a" testId="22a2d289-bc2b-4ca9-2ed8-e8ce905659d4" testName="WebApi.Tests.Workforce.WorkforceInvitationTests.Issue_without_an_idempotency_key_is_a_400" computerName="Svens-MacBook-Pro" duration="00:00:00.2131164" startTime="2026-08-09T17:44:43.1366460+02:00" endTime="2026-08-09T17:44:43.1366460+02:00" testType="13cdc9d9-ddb5-4fa4-a97d-d965ccfc6d4b" outcome="Passed" testListId="8c84fa94-04c1-424b-9868-57a2d4851a1d" relativeResultsDirectory="5b8048ce-d455-48ef-b280-ee9c3af1a46a" />
    <UnitTestResult executionId="d564c801-c54a-490a-881f-ec0b5ea85dcb" testId="8e5f76a5-65eb-1931-19e8-c0073778e204" testName="WebApi.Tests.Workforce.WorkforceInvitationTests.Reissue_supersedes_the_old_token_and_keeps_exactly_one_pending" computerName="Svens-MacBook-Pro" duration="00:00:00.0805025" startTime="2026-08-09T17:44:43.7875610+02:00" endTime="2026-08-09T17:44:43.7875610+02:00" testType="13cdc9d9-ddb5-4fa4-a97d-d965ccfc6d4b" outcome="Passed" testListId="8c84fa94-04c1-424b-9868-57a2d4851a1d" relativeResultsDirectory="d564c801-c54a-490a-881f-ec0b5ea85dcb" />
    <UnitTestResult executionId="3a3afa6e-6fc5-4904-bceb-d66b5a621b6d" testId="71871cb5-fb7a-3974-593e-541ec504fb90" testName="WebApi.Tests.Workforce.WorkforceInvitationTests.Issue_for_an_absent_staff_member_is_the_opaque_404" computerName="Svens-MacBook-Pro" duration="00:00:00.0735750" startTime="2026-08-09T17:44:44.8515510+02:00" endTime="2026-08-09T17:44:44.8515510+02:00" testType="13cdc9d9-ddb5-4fa4-a97d-d965ccfc6d4b" outcome="Passed" testListId="8c84fa94-04c1-424b-9868-57a2d4851a1d" relativeResultsDirectory="3a3afa6e-6fc5-4904-bceb-d66b5a621b6d" />
  </Results>
  <TestDefinitions>
    <UnitTest name="WebApi.Tests.Workforce.WorkforceInvitationTests.Attach_is_refused_when_the_duplicate_person_carries_a_second_engagement" storage="/users/svendaneel/okam/okamapi-wfrefusalrest/webapi.tests/bin/debug/net8.0/webapi.tests.dll" id="051a445e-b695-d344-c43c-7c362107dfb1">
      <Execution id="7cd8077c-f9cc-4a2a-96a3-644e5b76ddde" />
      <TestMethod codeBase="/Users/svendaneel/okam/OkamAPI-wfrefusalrest/WebApi.Tests/bin/Debug/net8.0/WebApi.Tests.dll" adapterTypeName="executor://xunit/VsTestRunner2/netcoreapp" className="WebApi.Tests.Workforce.WorkforceInvitationTests" name="Attach_is_refused_when_the_duplicate_person_carries_a_second_engagement" />
    </UnitTest>
    <UnitTest name="WebApi.Tests.Workforce.WorkforceOperatorImportTests.Operator_whose_person_is_already_engaged_here_is_a_visible_conflict" storage="/users/svendaneel/okam/okamapi-wfrefusalrest/webapi.tests/bin/debug/net8.0/webapi.tests.dll" id="8c0bb7ac-0047-8ba1-e519-40eb3288c50f">
      <Execution id="6c8cf7bd-5e36-49d9-9d5f-9bcdd08fdd4b" />
      <TestMethod codeBase="/Users/svendaneel/okam/OkamAPI-wfrefusalrest/WebApi.Tests/bin/Debug/net8.0/WebApi.Tests.dll" adapterTypeName="executor://xunit/VsTestRunner2/netcoreapp" className="WebApi.Tests.Workforce.WorkforceOperatorImportTests" name="Operator_whose_person_is_already_engaged_here_is_a_visible_conflict" />
    </UnitTest>
    <UnitTest name="WebApi.Tests.Workforce.WorkforceOperatorImportTests.An_import_refused_by_the_D1_race_backstop_replays_its_refusal_to_a_retry_of_the_SAME_key" storage="/users/svendaneel/okam/okamapi-wfrefusalrest/webapi.tests/bin/debug/net8.0/webapi.tests.dll" id="da626836-0616-9876-d2ae-bffc72fc20f4">
      <Execution id="0c28382d-7e2e-47bc-a60c-0ea32853c01f" />
      <TestMethod codeBase="/Users/svendaneel/okam/OkamAPI-wfrefusalrest/WebApi.Tests/bin/Debug/net8.0/WebApi.Tests.dll" adapterTypeName="executor://xunit/VsTestRunner2/netcoreapp" className="WebApi.Tests.Workforce.WorkforceOperatorImportTests" name="An_import_refused_by_the_D1_race_backstop_replays_its_refusal_to_a_retry_of_the_SAME_key" />
    </UnitTest>
    <UnitTest name="WebApi.Tests.Workforce.WorkforceInvitationTests.Attach_is_refused_when_the_callers_own_person_is_archived" storage="/users/svendaneel/okam/okamapi-wfrefusalrest/webapi.tests/bin/debug/net8.0/webapi.tests.dll" id="af24e850-56d8-202b-b1ea-0d6a5f960d7c">
      <Execution id="1465452f-b91c-423a-a13d-80a3d3ac0607" />
      <TestMethod codeBase="/Users/svendaneel/okam/OkamAPI-wfrefusalrest/WebApi.Tests/bin/Debug/net8.0/WebApi.Tests.dll" adapterTypeName="executor://xunit/VsTestRunner2/netcoreapp" className="WebApi.Tests.Workforce.WorkforceInvitationTests" name="Attach_is_refused_when_the_callers_own_person_is_archived" />
    </UnitTest>
    <UnitTest name="WebApi.Tests.Workforce.WorkforceInvitationTests.Issue_requires_manager_and_a_scheduler_is_forbidden" storage="/users/svendaneel/okam/okamapi-wfrefusalrest/webapi.tests/bin/debug/net8.0/webapi.tests.dll" id="9577e674-5cdf-09ea-a90e-504109d1c4f6">
      <Execution id="31eec42c-a8f7-4efc-b2da-149e7a05f12b" />
      <TestMethod codeBase="/Users/svendaneel/okam/OkamAPI-wfrefusalrest/WebApi.Tests/bin/Debug/net8.0/WebApi.Tests.dll" adapterTypeName="executor://xunit/VsTestRunner2/netcoreapp" className="WebApi.Tests.Workforce.WorkforceInvitationTests" name="Issue_requires_manager_and_a_scheduler_is_forbidden" />
    </UnitTest>
    <UnitTest name="WebApi.Tests.Workforce.WorkforceInvitationTests.Attach_is_refused_when_the_duplicate_person_is_no_longer_invited" storage="/users/svendaneel/okam/okamapi-wfrefusalrest/webapi.tests/bin/debug/net8.0/webapi.tests.dll" id="22449db1-3cdd-6c46-dfc3-1ddecf9591be">
      <Execution id="86eb9457-9697-451f-b5e1-1d8075a1cb9e" />
      <TestMethod codeBase="/Users/svendaneel/okam/OkamAPI-wfrefusalrest/WebApi.Tests/bin/Debug/net8.0/WebApi.Tests.dll" adapterTypeName="executor://xunit/VsTestRunner2/netcoreapp" className="WebApi.Tests.Workforce.WorkforceInvitationTests" name="Attach_is_refused_when_the_duplicate_person_is_no_longer_invited" />
    </UnitTest>
    <UnitTest name="WebApi.Tests.Workforce.WorkforceOperatorImportTests.StoreAdmin_operator_is_never_auto_imported" storage="/users/svendaneel/okam/okamapi-wfrefusalrest/webapi.tests/bin/debug/net8.0/webapi.tests.dll" id="52661105-f938-e7b9-8d05-c230cffb62fd">
      <Execution id="9f1b2737-3905-413b-93b7-dc786bfe597d" />
      <TestMethod codeBase="/Users/svendaneel/okam/OkamAPI-wfrefusalrest/WebApi.Tests/bin/Debug/net8.0/WebApi.Tests.dll" adapterTypeName="executor://xunit/VsTestRunner2/netcoreapp" className="WebApi.Tests.Workforce.WorkforceOperatorImportTests" name="StoreAdmin_operator_is_never_auto_imported" />
    </UnitTest>
    <UnitTest name="WebApi.Tests.Workforce.WorkforceOperatorImportTests.Rerun_imports_nothing_new_per_operator_idempotence_even_with_a_new_key" storage="/users/svendaneel/okam/okamapi-wfrefusalrest/webapi.tests/bin/debug/net8.0/webapi.tests.dll" id="eaaf6ded-a10e-e234-aa25-355a9383ef91">
      <Execution id="1ce80e82-8f2b-43cd-95e3-9edf7598c167" />
      <TestMethod codeBase="/Users/svendaneel/okam/OkamAPI-wfrefusalrest/WebApi.Tests/bin/Debug/net8.0/WebApi.Tests.dll" adapterTypeName="executor://xunit/VsTestRunner2/netcoreapp" className="WebApi.Tests.Workforce.WorkforceOperatorImportTests" name="Rerun_imports_nothing_new_per_operator_idempotence_even_with_a_new_key" />
    </UnitTest>
    <UnitTest name="WebApi.Tests.Workforce.WorkforceInvitationTests.Claim_never_revives_an_archived_person_and_the_refusal_is_the_opaque_failure" storage="/users/svendaneel/okam/okamapi-wfrefusalrest/webapi.tests/bin/debug/net8.0/webapi.tests.dll" id="0c22f40e-3b88-2995-d3d6-2f8278f6c086">
      <Execution id="28b238db-0c9e-4088-8839-53bc6b27e52b" />
      <TestMethod codeBase="/Users/svendaneel/okam/OkamAPI-wfrefusalrest/WebApi.Tests/bin/Debug/net8.0/WebApi.Tests.dll" adapterTypeName="executor://xunit/VsTestRunner2/netcoreapp" className="WebApi.Tests.Workforce.WorkforceInvitationTests" name="Claim_never_revives_an_archived_person_and_the_refusal_is_the_opaque_failure" />
    </UnitTest>
    <UnitTest name="WebApi.Tests.Workforce.WorkforceOperatorImportTests.Operator_whose_person_is_engaged_in_a_hidden_store_is_an_opaque_conflict" storage="/users/svendaneel/okam/okamapi-wfrefusalrest/webapi.tests/bin/debug/net8.0/webapi.tests.dll" id="07b9cf22-e978-2ac9-2844-877f9eab4605">
      <Execution id="341a4fb4-2d8d-4860-9f82-643f8df3a6a3" />
      <TestMethod codeBase="/Users/svendaneel/okam/OkamAPI-wfrefusalrest/WebApi.Tests/bin/Debug/net8.0/WebApi.Tests.dll" adapterTypeName="executor://xunit/VsTestRunner2/netcoreapp" className="WebApi.Tests.Workforce.WorkforceOperatorImportTests" name="Operator_whose_person_is_engaged_in_a_hidden_store_is_an_opaque_conflict" />
    </UnitTest>
    <UnitTest name="WebApi.Tests.Workforce.WorkforceInvitationTests.A_second_engagement_on_the_SAME_person_still_claims_the_supported_multi_store_path" storage="/users/svendaneel/okam/okamapi-wfrefusalrest/webapi.tests/bin/debug/net8.0/webapi.tests.dll" id="e9075aa4-de99-67b4-66d1-23657bc0dd91">
      <Execution id="7fe4ada5-ae0a-4ef7-9bea-b72ebcc2cf5e" />
      <TestMethod codeBase="/Users/svendaneel/okam/OkamAPI-wfrefusalrest/WebApi.Tests/bin/Debug/net8.0/WebApi.Tests.dll" adapterTypeName="executor://xunit/VsTestRunner2/netcoreapp" className="WebApi.Tests.Workforce.WorkforceInvitationTests" name="A_second_engagement_on_the_SAME_person_still_claims_the_supported_multi_store_path" />
    </UnitTest>
    <UnitTest name="WebApi.Tests.Workforce.WorkforceInvitationTests.Attach_is_refused_when_the_duplicate_person_carries_a_clock_session" storage="/users/svendaneel/okam/okamapi-wfrefusalrest/webapi.tests/bin/debug/net8.0/webapi.tests.dll" id="90d237bd-8cfd-ff02-598b-b686d9701416">
      <Execution id="3c67310a-756b-4a4f-a37e-b01d0d7c694c" />
      <TestMethod codeBase="/Users/svendaneel/okam/OkamAPI-wfrefusalrest/WebApi.Tests/bin/Debug/net8.0/WebApi.Tests.dll" adapterTypeName="executor://xunit/VsTestRunner2/netcoreapp" className="WebApi.Tests.Workforce.WorkforceInvitationTests" name="Attach_is_refused_when_the_duplicate_person_carries_a_clock_session" />
    </UnitTest>
    <UnitTest name="WebApi.Tests.Workforce.WorkforceOperatorImportTests.An_operator_outside_the_route_store_is_opaque_not_found" storage="/users/svendaneel/okam/okamapi-wfrefusalrest/webapi.tests/bin/debug/net8.0/webapi.tests.dll" id="6c883406-27fe-c6bd-5c61-25e5778bea91">
      <Execution id="65119f67-b368-462f-8b63-808c6579db87" />
      <TestMethod codeBase="/Users/svendaneel/okam/OkamAPI-wfrefusalrest/WebApi.Tests/bin/Debug/net8.0/WebApi.Tests.dll" adapterTypeName="executor://xunit/VsTestRunner2/netcoreapp" className="WebApi.Tests.Workforce.WorkforceOperatorImportTests" name="An_operator_outside_the_route_store_is_opaque_not_found" />
    </UnitTest>
    <UnitTest name="WebApi.Tests.Workforce.WorkforceInvitationTests.Issue_replay_returns_no_token_and_does_not_create_a_second_pending" storage="/users/svendaneel/okam/okamapi-wfrefusalrest/webapi.tests/bin/debug/net8.0/webapi.tests.dll" id="3bb4d6d1-29ad-d7e8-d94a-021aa3fdec7a">
      <Execution id="3d3f297c-4d5a-404a-a5fa-54c2aa66b9de" />
      <TestMethod codeBase="/Users/svendaneel/okam/OkamAPI-wfrefusalrest/WebApi.Tests/bin/Debug/net8.0/WebApi.Tests.dll" adapterTypeName="executor://xunit/VsTestRunner2/netcoreapp" className="WebApi.Tests.Workforce.WorkforceInvitationTests" name="Issue_replay_returns_no_token_and_does_not_create_a_second_pending" />
    </UnitTest>
    <UnitTest name="WebApi.Tests.Workforce.WorkforceInvitationTests.Claim_requires_an_idempotency_key_and_authentication" storage="/users/svendaneel/okam/okamapi-wfrefusalrest/webapi.tests/bin/debug/net8.0/webapi.tests.dll" id="aab11658-7cee-f0f1-7c60-0b2f9aaa694c">
      <Execution id="c9c46a84-7954-4b44-89e1-b9df5b59bd64" />
      <TestMethod codeBase="/Users/svendaneel/okam/OkamAPI-wfrefusalrest/WebApi.Tests/bin/Debug/net8.0/WebApi.Tests.dll" adapterTypeName="executor://xunit/VsTestRunner2/netcoreapp" className="WebApi.Tests.Workforce.WorkforceInvitationTests" name="Claim_requires_an_idempotency_key_and_authentication" />
    </UnitTest>
    <UnitTest name="WebApi.Tests.Workforce.WorkforceInvitationTests.Attach_is_refused_when_it_would_double_engage_one_legal_employer" storage="/users/svendaneel/okam/okamapi-wfrefusalrest/webapi.tests/bin/debug/net8.0/webapi.tests.dll" id="fe06c2fd-8a5d-7ef1-0594-d6b8252c8bcc">
      <Execution id="fb56210c-7560-426e-96b8-130753a57943" />
      <TestMethod codeBase="/Users/svendaneel/okam/OkamAPI-wfrefusalrest/WebApi.Tests/bin/Debug/net8.0/WebApi.Tests.dll" adapterTypeName="executor://xunit/VsTestRunner2/netcoreapp" className="WebApi.Tests.Workforce.WorkforceInvitationTests" name="Attach_is_refused_when_it_would_double_engage_one_legal_employer" />
    </UnitTest>
    <UnitTest name="WebApi.Tests.Workforce.WorkforceInvitationTests.Claim_by_a_blank_but_not_empty_subject_is_forbidden_and_stamps_nothing" storage="/users/svendaneel/okam/okamapi-wfrefusalrest/webapi.tests/bin/debug/net8.0/webapi.tests.dll" id="c64db1eb-5872-1d49-2060-27a94286a4bf">
      <Execution id="22430b97-8467-4a91-af61-7206049f8662" />
      <TestMethod codeBase="/Users/svendaneel/okam/OkamAPI-wfrefusalrest/WebApi.Tests/bin/Debug/net8.0/WebApi.Tests.dll" adapterTypeName="executor://xunit/VsTestRunner2/netcoreapp" className="WebApi.Tests.Workforce.WorkforceInvitationTests" name="Claim_by_a_blank_but_not_empty_subject_is_forbidden_and_stamps_nothing" />
    </UnitTest>
    <UnitTest name="WebApi.Tests.Workforce.WorkforceInvitationTests.A_claim_refused_at_the_commit_replays_its_refusal_to_a_retry_of_the_SAME_key" storage="/users/svendaneel/okam/okamapi-wfrefusalrest/webapi.tests/bin/debug/net8.0/webapi.tests.dll" id="b095049e-de19-0f30-3053-390de8a2deea">
      <Execution id="220ba30a-6d0e-4315-966f-f45868000cf4" />
      <TestMethod codeBase="/Users/svendaneel/okam/OkamAPI-wfrefusalrest/WebApi.Tests/bin/Debug/net8.0/WebApi.Tests.dll" adapterTypeName="executor://xunit/VsTestRunner2/netcoreapp" className="WebApi.Tests.Workforce.WorkforceInvitationTests" name="A_claim_refused_at_the_commit_replays_its_refusal_to_a_retry_of_the_SAME_key" />
    </UnitTest>
    <UnitTest name="WebApi.Tests.Workforce.WorkforceInvitationTests.Claim_idempotency_key_is_scoped_per_user_so_a_shared_key_cannot_collide" storage="/users/svendaneel/okam/okamapi-wfrefusalrest/webapi.tests/bin/debug/net8.0/webapi.tests.dll" id="75b62ee1-3c97-2c02-43a8-6ec02f60e9c1">
      <Execution id="61d81287-7954-4289-aefe-8d57fe4d5771" />
      <TestMethod codeBase="/Users/svendaneel/okam/OkamAPI-wfrefusalrest/WebApi.Tests/bin/Debug/net8.0/WebApi.Tests.dll" adapterTypeName="executor://xunit/VsTestRunner2/netcoreapp" className="WebApi.Tests.Workforce.WorkforceInvitationTests" name="Claim_idempotency_key_is_scoped_per_user_so_a_shared_key_cannot_collide" />
    </UnitTest>
    <UnitTest name="WebApi.Tests.Workforce.WorkforceInvitationTests.Reissue_supersedes_the_old_token_and_keeps_exactly_one_pending" storage="/users/svendaneel/okam/okamapi-wfrefusalrest/webapi.tests/bin/debug/net8.0/webapi.tests.dll" id="8e5f76a5-65eb-1931-19e8-c0073778e204">
      <Execution id="d564c801-c54a-490a-881f-ec0b5ea85dcb" />
      <TestMethod codeBase="/Users/svendaneel/okam/OkamAPI-wfrefusalrest/WebApi.Tests/bin/Debug/net8.0/WebApi.Tests.dll" adapterTypeName="executor://xunit/VsTestRunner2/netcoreapp" className="WebApi.Tests.Workforce.WorkforceInvitationTests" name="Reissue_supersedes_the_old_token_and_keeps_exactly_one_pending" />
    </UnitTest>
    <UnitTest name="WebApi.Tests.Workforce.WorkforceOperatorImportTests.Import_without_a_body_is_a_400" storage="/users/svendaneel/okam/okamapi-wfrefusalrest/webapi.tests/bin/debug/net8.0/webapi.tests.dll" id="c4efa1c6-fc11-11cc-466b-95843051bad2">
      <Execution id="5f185cf8-6c91-491c-8a26-1671f1109a6c" />
      <TestMethod codeBase="/Users/svendaneel/okam/OkamAPI-wfrefusalrest/WebApi.Tests/bin/Debug/net8.0/WebApi.Tests.dll" adapterTypeName="executor://xunit/VsTestRunner2/netcoreapp" className="WebApi.Tests.Workforce.WorkforceOperatorImportTests" name="Import_without_a_body_is_a_400" />
    </UnitTest>
    <UnitTest name="WebApi.Tests.Workforce.WorkforceInvitationTests.Claim_of_an_expired_token_is_the_opaque_failure" storage="/users/svendaneel/okam/okamapi-wfrefusalrest/webapi.tests/bin/debug/net8.0/webapi.tests.dll" id="cbb7520c-59aa-01c7-b60a-8f96b62c0e44">
      <Execution id="9a12e444-6fea-49c8-9a11-8806d86129e4" />
      <TestMethod codeBase="/Users/svendaneel/okam/OkamAPI-wfrefusalrest/WebApi.Tests/bin/Debug/net8.0/WebApi.Tests.dll" adapterTypeName="executor://xunit/VsTestRunner2/netcoreapp" className="WebApi.Tests.Workforce.WorkforceInvitationTests" name="Claim_of_an_expired_token_is_the_opaque_failure" />
    </UnitTest>
    <UnitTest name="WebApi.Tests.Workforce.WorkforceInvitationTests.Claim_never_adds_capability_no_self_escalation" storage="/users/svendaneel/okam/okamapi-wfrefusalrest/webapi.tests/bin/debug/net8.0/webapi.tests.dll" id="06964b5a-29fc-6e83-1f6b-a70a67fd7915">
      <Execution id="4bfd8eff-38ea-48b8-8e03-b1abd1a31400" />
      <TestMethod codeBase="/Users/svendaneel/okam/OkamAPI-wfrefusalrest/WebApi.Tests/bin/Debug/net8.0/WebApi.Tests.dll" adapterTypeName="executor://xunit/VsTestRunner2/netcoreapp" className="WebApi.Tests.Workforce.WorkforceInvitationTests" name="Claim_never_adds_capability_no_self_escalation" />
    </UnitTest>
    <UnitTest name="WebApi.Tests.Workforce.WorkforceInvitationTests.Issue_without_an_idempotency_key_is_a_400" storage="/users/svendaneel/okam/okamapi-wfrefusalrest/webapi.tests/bin/debug/net8.0/webapi.tests.dll" id="22a2d289-bc2b-4ca9-2ed8-e8ce905659d4">
      <Execution id="5b8048ce-d455-48ef-b280-ee9c3af1a46a" />
      <TestMethod codeBase="/Users/svendaneel/okam/OkamAPI-wfrefusalrest/WebApi.Tests/bin/Debug/net8.0/WebApi.Tests.dll" adapterTypeName="executor://xunit/VsTestRunner2/netcoreapp" className="WebApi.Tests.Workforce.WorkforceInvitationTests" name="Issue_without_an_idempotency_key_is_a_400" />
    </UnitTest>
    <UnitTest name="WebApi.Tests.Workforce.WorkforceInvitationTests.An_issue_refused_at_the_commit_replays_its_refusal_to_a_retry_of_the_SAME_key" storage="/users/svendaneel/okam/okamapi-wfrefusalrest/webapi.tests/bin/debug/net8.0/webapi.tests.dll" id="f599cdce-b1c8-82fc-7636-51b91b85a078">
      <Execution id="e80a3140-c69f-4ff0-ad0d-dc3cc2f0af02" />
      <TestMethod codeBase="/Users/svendaneel/okam/OkamAPI-wfrefusalrest/WebApi.Tests/bin/Debug/net8.0/WebApi.Tests.dll" adapterTypeName="executor://xunit/VsTestRunner2/netcoreapp" className="WebApi.Tests.Workforce.WorkforceInvitationTests" name="An_issue_refused_at_the_commit_replays_its_refusal_to_a_retry_of_the_SAME_key" />
    </UnitTest>
    <UnitTest name="WebApi.Tests.Workforce.WorkforceInvitationTests.Claim_by_an_already_linked_login_attaches_the_engagement_and_archives_the_duplicate" storage="/users/svendaneel/okam/okamapi-wfrefusalrest/webapi.tests/bin/debug/net8.0/webapi.tests.dll" id="38eaeb2e-e9f8-c3ac-cfaf-55e527ae5fc9">
      <Execution id="5521e8d0-7d7a-45a7-9165-75d7f92af590" />
      <TestMethod codeBase="/Users/svendaneel/okam/OkamAPI-wfrefusalrest/WebApi.Tests/bin/Debug/net8.0/WebApi.Tests.dll" adapterTypeName="executor://xunit/VsTestRunner2/netcoreapp" className="WebApi.Tests.Workforce.WorkforceInvitationTests" name="Claim_by_an_already_linked_login_attaches_the_engagement_and_archives_the_duplicate" />
    </UnitTest>
    <UnitTest name="WebApi.Tests.Workforce.WorkforceInvitationTests.Issue_returns_a_raw_token_once_and_stores_only_the_hash" storage="/users/svendaneel/okam/okamapi-wfrefusalrest/webapi.tests/bin/debug/net8.0/webapi.tests.dll" id="48df0696-f845-f1ce-b6f0-ff569c629e93">
      <Execution id="0fd52ae4-2abf-4532-8f7c-75f312f048a9" />
      <TestMethod codeBase="/Users/svendaneel/okam/OkamAPI-wfrefusalrest/WebApi.Tests/bin/Debug/net8.0/WebApi.Tests.dll" adapterTypeName="executor://xunit/VsTestRunner2/netcoreapp" className="WebApi.Tests.Workforce.WorkforceInvitationTests" name="Issue_returns_a_raw_token_once_and_stores_only_the_hash" />
    </UnitTest>
    <UnitTest name="WebApi.Tests.Workforce.WorkforceInvitationTests.Attach_is_refused_when_the_duplicate_person_carries_a_training_completion" storage="/users/svendaneel/okam/okamapi-wfrefusalrest/webapi.tests/bin/debug/net8.0/webapi.tests.dll" id="8e69219f-9546-4e62-bf44-2cbb4fda446f">
      <Execution id="52025d18-8d35-4aa6-88f1-15a63370480d" />
      <TestMethod codeBase="/Users/svendaneel/okam/OkamAPI-wfrefusalrest/WebApi.Tests/bin/Debug/net8.0/WebApi.Tests.dll" adapterTypeName="executor://xunit/VsTestRunner2/netcoreapp" className="WebApi.Tests.Workforce.WorkforceInvitationTests" name="Attach_is_refused_when_the_duplicate_person_carries_a_training_completion" />
    </UnitTest>
    <UnitTest name="WebApi.Tests.Workforce.WorkforceInvitationTests.Issue_for_an_absent_staff_member_is_the_opaque_404" storage="/users/svendaneel/okam/okamapi-wfrefusalrest/webapi.tests/bin/debug/net8.0/webapi.tests.dll" id="71871cb5-fb7a-3974-593e-541ec504fb90">
      <Execution id="3a3afa6e-6fc5-4904-bceb-d66b5a621b6d" />
      <TestMethod codeBase="/Users/svendaneel/okam/OkamAPI-wfrefusalrest/WebApi.Tests/bin/Debug/net8.0/WebApi.Tests.dll" adapterTypeName="executor://xunit/VsTestRunner2/netcoreapp" className="WebApi.Tests.Workforce.WorkforceInvitationTests" name="Issue_for_an_absent_staff_member_is_the_opaque_404" />
    </UnitTest>
    <UnitTest name="WebApi.Tests.Workforce.WorkforceOperatorImportTests.Import_creates_a_person_and_engagement_linked_by_operator_id" storage="/users/svendaneel/okam/okamapi-wfrefusalrest/webapi.tests/bin/debug/net8.0/webapi.tests.dll" id="40a53e11-c1e6-f284-9ba6-45366f52a60c">
      <Execution id="32963388-20a6-41ea-a3ac-d08325f71c21" />
      <TestMethod codeBase="/Users/svendaneel/okam/OkamAPI-wfrefusalrest/WebApi.Tests/bin/Debug/net8.0/WebApi.Tests.dll" adapterTypeName="executor://xunit/VsTestRunner2/netcoreapp" className="WebApi.Tests.Workforce.WorkforceOperatorImportTests" name="Import_creates_a_person_and_engagement_linked_by_operator_id" />
    </UnitTest>
    <UnitTest name="WebApi.Tests.Workforce.WorkforceOperatorImportTests.A_mixed_batch_reports_per_item_outcomes_not_all_or_nothing" storage="/users/svendaneel/okam/okamapi-wfrefusalrest/webapi.tests/bin/debug/net8.0/webapi.tests.dll" id="19e2c440-7a0f-1c32-afb0-b49103c56ef4">
      <Execution id="320a3dcc-b7e9-462f-93b0-e2cbdfc96a28" />
      <TestMethod codeBase="/Users/svendaneel/okam/OkamAPI-wfrefusalrest/WebApi.Tests/bin/Debug/net8.0/WebApi.Tests.dll" adapterTypeName="executor://xunit/VsTestRunner2/netcoreapp" className="WebApi.Tests.Workforce.WorkforceOperatorImportTests" name="A_mixed_batch_reports_per_item_outcomes_not_all_or_nothing" />
    </UnitTest>
    <UnitTest name="WebApi.Tests.Workforce.WorkforceOperatorImportTests.Import_requires_manager_a_scheduler_is_forbidden" storage="/users/svendaneel/okam/okamapi-wfrefusalrest/webapi.tests/bin/debug/net8.0/webapi.tests.dll" id="796638ac-2720-7633-6ee7-81c328411565">
      <Execution id="4af79693-3a1b-48e5-902b-1d9b64164d24" />
      <TestMethod codeBase="/Users/svendaneel/okam/OkamAPI-wfrefusalrest/WebApi.Tests/bin/Debug/net8.0/WebApi.Tests.dll" adapterTypeName="executor://xunit/VsTestRunner2/netcoreapp" className="WebApi.Tests.Workforce.WorkforceOperatorImportTests" name="Import_requires_manager_a_scheduler_is_forbidden" />
    </UnitTest>
    <UnitTest name="WebApi.Tests.Workforce.WorkforceInvitationTests.Invalid_expired_and_used_tokens_are_indistinguishable_anti_oracle" storage="/users/svendaneel/okam/okamapi-wfrefusalrest/webapi.tests/bin/debug/net8.0/webapi.tests.dll" id="6d957a95-6542-c2f2-d614-101749cc8fc8">
      <Execution id="3e0ad375-f7dc-4498-9fa7-7c2637b4c604" />
      <TestMethod codeBase="/Users/svendaneel/okam/OkamAPI-wfrefusalrest/WebApi.Tests/bin/Debug/net8.0/WebApi.Tests.dll" adapterTypeName="executor://xunit/VsTestRunner2/netcoreapp" className="WebApi.Tests.Workforce.WorkforceInvitationTests" name="Invalid_expired_and_used_tokens_are_indistinguishable_anti_oracle" />
    </UnitTest>
    <UnitTest name="WebApi.Tests.Workforce.WorkforceInvitationTests.Attach_is_refused_when_the_duplicate_person_carries_a_person_scoped_training_assignment" storage="/users/svendaneel/okam/okamapi-wfrefusalrest/webapi.tests/bin/debug/net8.0/webapi.tests.dll" id="5c2834d5-8969-3feb-a48f-79d6ee21699b">
      <Execution id="41562204-b650-4105-8ac8-8cf8ca6f3cc1" />
      <TestMethod codeBase="/Users/svendaneel/okam/OkamAPI-wfrefusalrest/WebApi.Tests/bin/Debug/net8.0/WebApi.Tests.dll" adapterTypeName="executor://xunit/VsTestRunner2/netcoreapp" className="WebApi.Tests.Workforce.WorkforceInvitationTests" name="Attach_is_refused_when_the_duplicate_person_carries_a_person_scoped_training_assignment" />
    </UnitTest>
    <UnitTest name="WebApi.Tests.Workforce.WorkforceInvitationTests.A_login_slot_lost_at_the_commit_is_the_retryable_409_not_a_500" storage="/users/svendaneel/okam/okamapi-wfrefusalrest/webapi.tests/bin/debug/net8.0/webapi.tests.dll" id="e2f2cdcb-c09a-89ce-589f-cfb6d188116a">
      <Execution id="080de744-1671-4fb7-b5fa-ed94e9460f49" />
      <TestMethod codeBase="/Users/svendaneel/okam/OkamAPI-wfrefusalrest/WebApi.Tests/bin/Debug/net8.0/WebApi.Tests.dll" adapterTypeName="executor://xunit/VsTestRunner2/netcoreapp" className="WebApi.Tests.Workforce.WorkforceInvitationTests" name="A_login_slot_lost_at_the_commit_is_the_retryable_409_not_a_500" />
    </UnitTest>
    <UnitTest name="WebApi.Tests.Workforce.WorkforceOperatorImportTests.Import_without_an_idempotency_key_is_a_400" storage="/users/svendaneel/okam/okamapi-wfrefusalrest/webapi.tests/bin/debug/net8.0/webapi.tests.dll" id="1afd82b7-84df-c73b-4151-49bfa47988ce">
      <Execution id="428ccb73-d550-4c00-98d7-3735dda5d384" />
      <TestMethod codeBase="/Users/svendaneel/okam/OkamAPI-wfrefusalrest/WebApi.Tests/bin/Debug/net8.0/WebApi.Tests.dll" adapterTypeName="executor://xunit/VsTestRunner2/netcoreapp" className="WebApi.Tests.Workforce.WorkforceOperatorImportTests" name="Import_without_an_idempotency_key_is_a_400" />
    </UnitTest>
    <UnitTest name="WebApi.Tests.Workforce.WorkforceInvitationTests.Attach_is_refused_when_the_duplicate_person_carries_a_training_certificate" storage="/users/svendaneel/okam/okamapi-wfrefusalrest/webapi.tests/bin/debug/net8.0/webapi.tests.dll" id="e22bb2d7-a629-d3e4-5732-1bb05d317282">
      <Execution id="5bc618e2-dcad-4f1f-88a8-e585d8507556" />
      <TestMethod codeBase="/Users/svendaneel/okam/OkamAPI-wfrefusalrest/WebApi.Tests/bin/Debug/net8.0/WebApi.Tests.dll" adapterTypeName="executor://xunit/VsTestRunner2/netcoreapp" className="WebApi.Tests.Workforce.WorkforceInvitationTests" name="Attach_is_refused_when_the_duplicate_person_carries_a_training_certificate" />
    </UnitTest>
    <UnitTest name="WebApi.Tests.Workforce.WorkforceInvitationTests.Claim_links_the_user_moves_the_person_to_claimed_and_is_one_use" storage="/users/svendaneel/okam/okamapi-wfrefusalrest/webapi.tests/bin/debug/net8.0/webapi.tests.dll" id="d94d7866-959b-92f4-9deb-011eed3c8e2a">
      <Execution id="188bdb64-c2e3-4684-829f-2a86f399d12d" />
      <TestMethod codeBase="/Users/svendaneel/okam/OkamAPI-wfrefusalrest/WebApi.Tests/bin/Debug/net8.0/WebApi.Tests.dll" adapterTypeName="executor://xunit/VsTestRunner2/netcoreapp" className="WebApi.Tests.Workforce.WorkforceInvitationTests" name="Claim_links_the_user_moves_the_person_to_claimed_and_is_one_use" />
    </UnitTest>
  </TestDefinitions>
  <TestEntries>
    <TestEntry testId="796638ac-2720-7633-6ee7-81c328411565" executionId="4af79693-3a1b-48e5-902b-1d9b64164d24" testListId="8c84fa94-04c1-424b-9868-57a2d4851a1d" />
    <TestEntry testId="3bb4d6d1-29ad-d7e8-d94a-021aa3fdec7a" executionId="3d3f297c-4d5a-404a-a5fa-54c2aa66b9de" testListId="8c84fa94-04c1-424b-9868-57a2d4851a1d" />
    <TestEntry testId="aab11658-7cee-f0f1-7c60-0b2f9aaa694c" executionId="c9c46a84-7954-4b44-89e1-b9df5b59bd64" testListId="8c84fa94-04c1-424b-9868-57a2d4851a1d" />
    <TestEntry testId="e22bb2d7-a629-d3e4-5732-1bb05d317282" executionId="5bc618e2-dcad-4f1f-88a8-e585d8507556" testListId="8c84fa94-04c1-424b-9868-57a2d4851a1d" />
    <TestEntry testId="eaaf6ded-a10e-e234-aa25-355a9383ef91" executionId="1ce80e82-8f2b-43cd-95e3-9edf7598c167" testListId="8c84fa94-04c1-424b-9868-57a2d4851a1d" />
    <TestEntry testId="0c22f40e-3b88-2995-d3d6-2f8278f6c086" executionId="28b238db-0c9e-4088-8839-53bc6b27e52b" testListId="8c84fa94-04c1-424b-9868-57a2d4851a1d" />
    <TestEntry testId="75b62ee1-3c97-2c02-43a8-6ec02f60e9c1" executionId="61d81287-7954-4289-aefe-8d57fe4d5771" testListId="8c84fa94-04c1-424b-9868-57a2d4851a1d" />
    <TestEntry testId="da626836-0616-9876-d2ae-bffc72fc20f4" executionId="0c28382d-7e2e-47bc-a60c-0ea32853c01f" testListId="8c84fa94-04c1-424b-9868-57a2d4851a1d" />
    <TestEntry testId="c64db1eb-5872-1d49-2060-27a94286a4bf" executionId="22430b97-8467-4a91-af61-7206049f8662" testListId="8c84fa94-04c1-424b-9868-57a2d4851a1d" />
    <TestEntry testId="6d957a95-6542-c2f2-d614-101749cc8fc8" executionId="3e0ad375-f7dc-4498-9fa7-7c2637b4c604" testListId="8c84fa94-04c1-424b-9868-57a2d4851a1d" />
    <TestEntry testId="f599cdce-b1c8-82fc-7636-51b91b85a078" executionId="e80a3140-c69f-4ff0-ad0d-dc3cc2f0af02" testListId="8c84fa94-04c1-424b-9868-57a2d4851a1d" />
    <TestEntry testId="051a445e-b695-d344-c43c-7c362107dfb1" executionId="7cd8077c-f9cc-4a2a-96a3-644e5b76ddde" testListId="8c84fa94-04c1-424b-9868-57a2d4851a1d" />
    <TestEntry testId="8e69219f-9546-4e62-bf44-2cbb4fda446f" executionId="52025d18-8d35-4aa6-88f1-15a63370480d" testListId="8c84fa94-04c1-424b-9868-57a2d4851a1d" />
    <TestEntry testId="90d237bd-8cfd-ff02-598b-b686d9701416" executionId="3c67310a-756b-4a4f-a37e-b01d0d7c694c" testListId="8c84fa94-04c1-424b-9868-57a2d4851a1d" />
    <TestEntry testId="6c883406-27fe-c6bd-5c61-25e5778bea91" executionId="65119f67-b368-462f-8b63-808c6579db87" testListId="8c84fa94-04c1-424b-9868-57a2d4851a1d" />
    <TestEntry testId="22449db1-3cdd-6c46-dfc3-1ddecf9591be" executionId="86eb9457-9697-451f-b5e1-1d8075a1cb9e" testListId="8c84fa94-04c1-424b-9868-57a2d4851a1d" />
    <TestEntry testId="1afd82b7-84df-c73b-4151-49bfa47988ce" executionId="428ccb73-d550-4c00-98d7-3735dda5d384" testListId="8c84fa94-04c1-424b-9868-57a2d4851a1d" />
    <TestEntry testId="af24e850-56d8-202b-b1ea-0d6a5f960d7c" executionId="1465452f-b91c-423a-a13d-80a3d3ac0607" testListId="8c84fa94-04c1-424b-9868-57a2d4851a1d" />
    <TestEntry testId="52661105-f938-e7b9-8d05-c230cffb62fd" executionId="9f1b2737-3905-413b-93b7-dc786bfe597d" testListId="8c84fa94-04c1-424b-9868-57a2d4851a1d" />
    <TestEntry testId="fe06c2fd-8a5d-7ef1-0594-d6b8252c8bcc" executionId="fb56210c-7560-426e-96b8-130753a57943" testListId="8c84fa94-04c1-424b-9868-57a2d4851a1d" />
    <TestEntry testId="48df0696-f845-f1ce-b6f0-ff569c629e93" executionId="0fd52ae4-2abf-4532-8f7c-75f312f048a9" testListId="8c84fa94-04c1-424b-9868-57a2d4851a1d" />
    <TestEntry testId="07b9cf22-e978-2ac9-2844-877f9eab4605" executionId="341a4fb4-2d8d-4860-9f82-643f8df3a6a3" testListId="8c84fa94-04c1-424b-9868-57a2d4851a1d" />
    <TestEntry testId="06964b5a-29fc-6e83-1f6b-a70a67fd7915" executionId="4bfd8eff-38ea-48b8-8e03-b1abd1a31400" testListId="8c84fa94-04c1-424b-9868-57a2d4851a1d" />
    <TestEntry testId="d94d7866-959b-92f4-9deb-011eed3c8e2a" executionId="188bdb64-c2e3-4684-829f-2a86f399d12d" testListId="8c84fa94-04c1-424b-9868-57a2d4851a1d" />
    <TestEntry testId="e2f2cdcb-c09a-89ce-589f-cfb6d188116a" executionId="080de744-1671-4fb7-b5fa-ed94e9460f49" testListId="8c84fa94-04c1-424b-9868-57a2d4851a1d" />
    <TestEntry testId="38eaeb2e-e9f8-c3ac-cfaf-55e527ae5fc9" executionId="5521e8d0-7d7a-45a7-9165-75d7f92af590" testListId="8c84fa94-04c1-424b-9868-57a2d4851a1d" />
    <TestEntry testId="19e2c440-7a0f-1c32-afb0-b49103c56ef4" executionId="320a3dcc-b7e9-462f-93b0-e2cbdfc96a28" testListId="8c84fa94-04c1-424b-9868-57a2d4851a1d" />
    <TestEntry testId="40a53e11-c1e6-f284-9ba6-45366f52a60c" executionId="32963388-20a6-41ea-a3ac-d08325f71c21" testListId="8c84fa94-04c1-424b-9868-57a2d4851a1d" />
    <TestEntry testId="8c0bb7ac-0047-8ba1-e519-40eb3288c50f" executionId="6c8cf7bd-5e36-49d9-9d5f-9bcdd08fdd4b" testListId="8c84fa94-04c1-424b-9868-57a2d4851a1d" />
    <TestEntry testId="5c2834d5-8969-3feb-a48f-79d6ee21699b" executionId="41562204-b650-4105-8ac8-8cf8ca6f3cc1" testListId="8c84fa94-04c1-424b-9868-57a2d4851a1d" />
    <TestEntry testId="b095049e-de19-0f30-3053-390de8a2deea" executionId="220ba30a-6d0e-4315-966f-f45868000cf4" testListId="8c84fa94-04c1-424b-9868-57a2d4851a1d" />
    <TestEntry testId="9577e674-5cdf-09ea-a90e-504109d1c4f6" executionId="31eec42c-a8f7-4efc-b2da-149e7a05f12b" testListId="8c84fa94-04c1-424b-9868-57a2d4851a1d" />
    <TestEntry testId="c4efa1c6-fc11-11cc-466b-95843051bad2" executionId="5f185cf8-6c91-491c-8a26-1671f1109a6c" testListId="8c84fa94-04c1-424b-9868-57a2d4851a1d" />
    <TestEntry testId="cbb7520c-59aa-01c7-b60a-8f96b62c0e44" executionId="9a12e444-6fea-49c8-9a11-8806d86129e4" testListId="8c84fa94-04c1-424b-9868-57a2d4851a1d" />
    <TestEntry testId="e9075aa4-de99-67b4-66d1-23657bc0dd91" executionId="7fe4ada5-ae0a-4ef7-9bea-b72ebcc2cf5e" testListId="8c84fa94-04c1-424b-9868-57a2d4851a1d" />
    <TestEntry testId="22a2d289-bc2b-4ca9-2ed8-e8ce905659d4" executionId="5b8048ce-d455-48ef-b280-ee9c3af1a46a" testListId="8c84fa94-04c1-424b-9868-57a2d4851a1d" />
    <TestEntry testId="8e5f76a5-65eb-1931-19e8-c0073778e204" executionId="d564c801-c54a-490a-881f-ec0b5ea85dcb" testListId="8c84fa94-04c1-424b-9868-57a2d4851a1d" />
    <TestEntry testId="71871cb5-fb7a-3974-593e-541ec504fb90" executionId="3a3afa6e-6fc5-4904-bceb-d66b5a621b6d" testListId="8c84fa94-04c1-424b-9868-57a2d4851a1d" />
  </TestEntries>
  <TestLists>
    <TestList name="Results Not in a List" id="8c84fa94-04c1-424b-9868-57a2d4851a1d" />
    <TestList name="All Loaded Results" id="19431567-8539-422a-85d7-44ee4e166bda" />
  </TestLists>
  <ResultSummary outcome="Failed">
    <Counters total="38" executed="38" passed="37" failed="1" error="0" timeout="0" aborted="0" inconclusive="0" passedButRunAborted="0" notRunnable="0" notExecuted="0" disconnected="0" warning="0" completed="0" inProgress="0" pending="0" />
    <Output>
      <StdOut>[xUnit.net 00:00:00.00] xUnit.net VSTest Adapter v2.4.5+1caef2f33e (64-bit .NET 8.0.28)
[xUnit.net 00:00:00.93]   Discovering: WebApi.Tests
[xUnit.net 00:00:01.16]   Discovered:  WebApi.Tests
[xUnit.net 00:00:01.16]   Starting:    WebApi.Tests
[xUnit.net 00:00:08.21]       Assert.Equal() Failure
[xUnit.net 00:00:08.21]       Expected: workforce.claim-link-conflict
[xUnit.net 00:00:08.21]       Actual:   workforce.idempotency-in-progress
[xUnit.net 00:00:08.21]       Stack Trace:
[xUnit.net 00:00:08.21]         /Users/svendaneel/okam/OkamAPI-wfrefusalrest/WebApi.Tests/Workforce/WorkforceStaffResults.cs(29,0): at WebApi.Tests.Workforce.WorkforceStaffResults.Problem(IActionResult result, Int32 expectedStatus, String expectedCode)
[xUnit.net 00:00:08.21]         /Users/svendaneel/okam/OkamAPI-wfrefusalrest/WebApi.Tests/Workforce/WorkforceInvitationTests.cs(1028,0): at WebApi.Tests.Workforce.WorkforceInvitationTests.A_claim_refused_at_the_commit_replays_its_refusal_to_a_retry_of_the_SAME_key()
[xUnit.net 00:00:08.21]         /Users/svendaneel/okam/OkamAPI-wfrefusalrest/WebApi.Tests/Workforce/WorkforceInvitationTests.cs(1037,0): at WebApi.Tests.Workforce.WorkforceInvitationTests.A_claim_refused_at_the_commit_replays_its_refusal_to_a_retry_of_the_SAME_key()
[xUnit.net 00:00:08.21]         /Users/svendaneel/okam/OkamAPI-wfrefusalrest/WebApi.Tests/Workforce/WorkforceInvitationTests.cs(1037,0): at WebApi.Tests.Workforce.WorkforceInvitationTests.A_claim_refused_at_the_commit_replays_its_refusal_to_a_retry_of_the_SAME_key()
[xUnit.net 00:00:08.21]         --- End of stack trace from previous location ---
[xUnit.net 00:00:08.68]   Finished:    WebApi.Tests
</StdOut>
    </Output>
    <RunInfos>
      <RunInfo computerName="Svens-MacBook-Pro" outcome="Error" timestamp="2026-08-09T17:44:44.5462910+02:00">
        <Text>[xUnit.net 00:00:08.21]     WebApi.Tests.Workforce.WorkforceInvitationTests.A_claim_refused_at_the_commit_replays_its_refusal_to_a_retry_of_the_SAME_key [FAIL]</Text>
      </RunInfo>
    </RunInfos>
  </ResultSummary>
</TestRun>