<?xml version="1.0" encoding="utf-8"?>
<TestRun id="68442e12-cdfc-4fa9-861f-be593a45bf53" name="@svens-macbook-pro 2026-08-06 10:36:04" xmlns="http://microsoft.com/schemas/VisualStudio/TeamTest/2010">
  <Times creation="2026-08-06T10:36:04.7398900+02:00" queuing="2026-08-06T10:36:04.7398900+02:00" start="2026-08-06T10:35:30.2182200+02:00" finish="2026-08-06T10:36:44.5908310+02:00" />
  <TestSettings name="default" id="92b8428c-a27b-4870-a147-2c9a52cea6d8">
    <Deployment runDeploymentRoot="_svens-macbook-pro_2026-08-06_10_36_04" />
  </TestSettings>
  <Results>
    <UnitTestResult executionId="a0bf04f0-6865-42a4-92f3-2575b90e61d6" testId="bcf60e74-7360-cfa3-e3a2-d9ba4bf009bd" testName="WebApi.Tests.Events.EventsSettlementStaleRevisionSqlServerTests.A_stale_revision_is_refused_after_a_second_operator_has_written" computerName="svens-macbook-pro" duration="00:00:08.5098386" startTime="2026-08-06T10:36:44.0451640+02:00" endTime="2026-08-06T10:36:44.0451640+02:00" testType="13cdc9d9-ddb5-4fa4-a97d-d965ccfc6d4b" outcome="Passed" testListId="8c84fa94-04c1-424b-9868-57a2d4851a1d" relativeResultsDirectory="a0bf04f0-6865-42a4-92f3-2575b90e61d6" />
    <UnitTestResult executionId="e78794d8-5d82-455d-a890-684ac6e4150b" testId="abb9900c-1790-9f0c-7966-d12fd426eeab" testName="WebApi.Tests.Events.EventsSettlementStaleRevisionSqlServerTests.The_current_revision_is_accepted_and_returns_a_new_one" computerName="svens-macbook-pro" duration="00:00:07.5261172" startTime="2026-08-06T10:36:12.2485800+02:00" endTime="2026-08-06T10:36:12.2485800+02:00" testType="13cdc9d9-ddb5-4fa4-a97d-d965ccfc6d4b" outcome="Passed" testListId="8c84fa94-04c1-424b-9868-57a2d4851a1d" relativeResultsDirectory="e78794d8-5d82-455d-a890-684ac6e4150b" />
    <UnitTestResult executionId="9e518b07-5079-4202-b98e-886ea2ccda24" testId="eb7873c2-1258-1607-ba6d-8e31014738c8" testName="WebApi.Tests.Events.EventsSettlementStaleRevisionSqlServerTests.A_bump_after_the_precheck_still_loses_at_the_update" computerName="svens-macbook-pro" duration="00:00:07.6342576" startTime="2026-08-06T10:36:19.8827010+02:00" endTime="2026-08-06T10:36:19.8827010+02:00" testType="13cdc9d9-ddb5-4fa4-a97d-d965ccfc6d4b" outcome="Passed" testListId="8c84fa94-04c1-424b-9868-57a2d4851a1d" relativeResultsDirectory="9e518b07-5079-4202-b98e-886ea2ccda24" />
    <UnitTestResult executionId="968b6ffd-810c-4fe6-83a1-093d6f7f074c" testId="113e3721-5d3e-b714-6c2f-68d8fd760454" testName="WebApi.Tests.Events.EventsSettlementStaleRevisionSqlServerTests.An_absent_precondition_is_refused_where_the_row_has_a_revision" computerName="svens-macbook-pro" duration="00:00:08.6603701" startTime="2026-08-06T10:36:04.7234040+02:00" endTime="2026-08-06T10:36:04.7234120+02:00" testType="13cdc9d9-ddb5-4fa4-a97d-d965ccfc6d4b" outcome="Failed" testListId="8c84fa94-04c1-424b-9868-57a2d4851a1d" relativeResultsDirectory="968b6ffd-810c-4fe6-83a1-093d6f7f074c">
      <Output>
        <ErrorInfo>
          <Message>Assert.Throws() Failure
Expected: typeof(WebApi.Helpers.Events.EventsProblemException)
Actual:   (No exception was thrown)</Message>
          <StackTrace>   at WebApi.Tests.Events.EventsSettlementStaleRevisionSqlServerTests.An_absent_precondition_is_refused_where_the_row_has_a_revision() in /Users/svendaneel/okam/wt-evstalerev/WebApi.Tests/Events/EventsSettlementStaleRevisionSqlServerTests.cs:line 230
   at WebApi.Tests.Events.EventsSettlementStaleRevisionSqlServerTests.An_absent_precondition_is_refused_where_the_row_has_a_revision() in /Users/svendaneel/okam/wt-evstalerev/WebApi.Tests/Events/EventsSettlementStaleRevisionSqlServerTests.cs:line 236
   at WebApi.Tests.Events.EventsSettlementStaleRevisionSqlServerTests.An_absent_precondition_is_refused_where_the_row_has_a_revision() in /Users/svendaneel/okam/wt-evstalerev/WebApi.Tests/Events/EventsSettlementStaleRevisionSqlServerTests.cs:line 236
--- End of stack trace from previous location ---</StackTrace>
        </ErrorInfo>
      </Output>
    </UnitTestResult>
    <UnitTestResult executionId="a0602591-430b-4f8e-b6d0-a5b86967160d" testId="fde44edc-f680-b033-477b-d35f93f0214a" testName="WebApi.Tests.Events.EventsSettlementStaleRevisionSqlServerTests.A_stale_revision_is_refused_by_reconcile" computerName="svens-macbook-pro" duration="00:00:07.7803185" startTime="2026-08-06T10:36:35.5352580+02:00" endTime="2026-08-06T10:36:35.5352580+02:00" testType="13cdc9d9-ddb5-4fa4-a97d-d965ccfc6d4b" outcome="Passed" testListId="8c84fa94-04c1-424b-9868-57a2d4851a1d" relativeResultsDirectory="a0602591-430b-4f8e-b6d0-a5b86967160d" />
    <UnitTestResult executionId="88fc59eb-95d0-49d5-b073-1b4556a68c73" testId="b5a3a3b8-68c4-12fa-9467-bedd5f93e4de" testName="WebApi.Tests.Events.EventsSettlementStaleRevisionSqlServerTests.A_zero_delta_line_with_a_stale_revision_is_refused_before_it_is_staged" computerName="svens-macbook-pro" duration="00:00:07.8715172" startTime="2026-08-06T10:36:27.7554490+02:00" endTime="2026-08-06T10:36:27.7554490+02:00" testType="13cdc9d9-ddb5-4fa4-a97d-d965ccfc6d4b" outcome="Failed" testListId="8c84fa94-04c1-424b-9868-57a2d4851a1d" relativeResultsDirectory="88fc59eb-95d0-49d5-b073-1b4556a68c73">
      <Output>
        <ErrorInfo>
          <Message>Assert.Throws() Failure
Expected: typeof(WebApi.Helpers.Events.EventsProblemException)
Actual:   (No exception was thrown)</Message>
          <StackTrace>   at WebApi.Tests.Events.EventsSettlementStaleRevisionSqlServerTests.A_zero_delta_line_with_a_stale_revision_is_refused_before_it_is_staged() in /Users/svendaneel/okam/wt-evstalerev/WebApi.Tests/Events/EventsSettlementStaleRevisionSqlServerTests.cs:line 143
   at WebApi.Tests.Events.EventsSettlementStaleRevisionSqlServerTests.A_zero_delta_line_with_a_stale_revision_is_refused_before_it_is_staged() in /Users/svendaneel/okam/wt-evstalerev/WebApi.Tests/Events/EventsSettlementStaleRevisionSqlServerTests.cs:line 150
   at WebApi.Tests.Events.EventsSettlementStaleRevisionSqlServerTests.A_zero_delta_line_with_a_stale_revision_is_refused_before_it_is_staged() in /Users/svendaneel/okam/wt-evstalerev/WebApi.Tests/Events/EventsSettlementStaleRevisionSqlServerTests.cs:line 154
--- End of stack trace from previous location ---</StackTrace>
        </ErrorInfo>
      </Output>
    </UnitTestResult>
  </Results>
  <TestDefinitions>
    <UnitTest name="WebApi.Tests.Events.EventsSettlementStaleRevisionSqlServerTests.An_absent_precondition_is_refused_where_the_row_has_a_revision" storage="/users/svendaneel/okam/wt-evstalerev/webapi.tests/bin/debug/net8.0/webapi.tests.dll" id="113e3721-5d3e-b714-6c2f-68d8fd760454">
      <Execution id="968b6ffd-810c-4fe6-83a1-093d6f7f074c" />
      <TestMethod codeBase="/Users/svendaneel/okam/wt-evstalerev/WebApi.Tests/bin/Debug/net8.0/WebApi.Tests.dll" adapterTypeName="executor://xunit/VsTestRunner2/netcoreapp" className="WebApi.Tests.Events.EventsSettlementStaleRevisionSqlServerTests" name="An_absent_precondition_is_refused_where_the_row_has_a_revision" />
    </UnitTest>
    <UnitTest name="WebApi.Tests.Events.EventsSettlementStaleRevisionSqlServerTests.A_stale_revision_is_refused_by_reconcile" storage="/users/svendaneel/okam/wt-evstalerev/webapi.tests/bin/debug/net8.0/webapi.tests.dll" id="fde44edc-f680-b033-477b-d35f93f0214a">
      <Execution id="a0602591-430b-4f8e-b6d0-a5b86967160d" />
      <TestMethod codeBase="/Users/svendaneel/okam/wt-evstalerev/WebApi.Tests/bin/Debug/net8.0/WebApi.Tests.dll" adapterTypeName="executor://xunit/VsTestRunner2/netcoreapp" className="WebApi.Tests.Events.EventsSettlementStaleRevisionSqlServerTests" name="A_stale_revision_is_refused_by_reconcile" />
    </UnitTest>
    <UnitTest name="WebApi.Tests.Events.EventsSettlementStaleRevisionSqlServerTests.The_current_revision_is_accepted_and_returns_a_new_one" storage="/users/svendaneel/okam/wt-evstalerev/webapi.tests/bin/debug/net8.0/webapi.tests.dll" id="abb9900c-1790-9f0c-7966-d12fd426eeab">
      <Execution id="e78794d8-5d82-455d-a890-684ac6e4150b" />
      <TestMethod codeBase="/Users/svendaneel/okam/wt-evstalerev/WebApi.Tests/bin/Debug/net8.0/WebApi.Tests.dll" adapterTypeName="executor://xunit/VsTestRunner2/netcoreapp" className="WebApi.Tests.Events.EventsSettlementStaleRevisionSqlServerTests" name="The_current_revision_is_accepted_and_returns_a_new_one" />
    </UnitTest>
    <UnitTest name="WebApi.Tests.Events.EventsSettlementStaleRevisionSqlServerTests.A_bump_after_the_precheck_still_loses_at_the_update" storage="/users/svendaneel/okam/wt-evstalerev/webapi.tests/bin/debug/net8.0/webapi.tests.dll" id="eb7873c2-1258-1607-ba6d-8e31014738c8">
      <Execution id="9e518b07-5079-4202-b98e-886ea2ccda24" />
      <TestMethod codeBase="/Users/svendaneel/okam/wt-evstalerev/WebApi.Tests/bin/Debug/net8.0/WebApi.Tests.dll" adapterTypeName="executor://xunit/VsTestRunner2/netcoreapp" className="WebApi.Tests.Events.EventsSettlementStaleRevisionSqlServerTests" name="A_bump_after_the_precheck_still_loses_at_the_update" />
    </UnitTest>
    <UnitTest name="WebApi.Tests.Events.EventsSettlementStaleRevisionSqlServerTests.A_zero_delta_line_with_a_stale_revision_is_refused_before_it_is_staged" storage="/users/svendaneel/okam/wt-evstalerev/webapi.tests/bin/debug/net8.0/webapi.tests.dll" id="b5a3a3b8-68c4-12fa-9467-bedd5f93e4de">
      <Execution id="88fc59eb-95d0-49d5-b073-1b4556a68c73" />
      <TestMethod codeBase="/Users/svendaneel/okam/wt-evstalerev/WebApi.Tests/bin/Debug/net8.0/WebApi.Tests.dll" adapterTypeName="executor://xunit/VsTestRunner2/netcoreapp" className="WebApi.Tests.Events.EventsSettlementStaleRevisionSqlServerTests" name="A_zero_delta_line_with_a_stale_revision_is_refused_before_it_is_staged" />
    </UnitTest>
    <UnitTest name="WebApi.Tests.Events.EventsSettlementStaleRevisionSqlServerTests.A_stale_revision_is_refused_after_a_second_operator_has_written" storage="/users/svendaneel/okam/wt-evstalerev/webapi.tests/bin/debug/net8.0/webapi.tests.dll" id="bcf60e74-7360-cfa3-e3a2-d9ba4bf009bd">
      <Execution id="a0bf04f0-6865-42a4-92f3-2575b90e61d6" />
      <TestMethod codeBase="/Users/svendaneel/okam/wt-evstalerev/WebApi.Tests/bin/Debug/net8.0/WebApi.Tests.dll" adapterTypeName="executor://xunit/VsTestRunner2/netcoreapp" className="WebApi.Tests.Events.EventsSettlementStaleRevisionSqlServerTests" name="A_stale_revision_is_refused_after_a_second_operator_has_written" />
    </UnitTest>
  </TestDefinitions>
  <TestEntries>
    <TestEntry testId="bcf60e74-7360-cfa3-e3a2-d9ba4bf009bd" executionId="a0bf04f0-6865-42a4-92f3-2575b90e61d6" testListId="8c84fa94-04c1-424b-9868-57a2d4851a1d" />
    <TestEntry testId="abb9900c-1790-9f0c-7966-d12fd426eeab" executionId="e78794d8-5d82-455d-a890-684ac6e4150b" testListId="8c84fa94-04c1-424b-9868-57a2d4851a1d" />
    <TestEntry testId="eb7873c2-1258-1607-ba6d-8e31014738c8" executionId="9e518b07-5079-4202-b98e-886ea2ccda24" testListId="8c84fa94-04c1-424b-9868-57a2d4851a1d" />
    <TestEntry testId="113e3721-5d3e-b714-6c2f-68d8fd760454" executionId="968b6ffd-810c-4fe6-83a1-093d6f7f074c" testListId="8c84fa94-04c1-424b-9868-57a2d4851a1d" />
    <TestEntry testId="fde44edc-f680-b033-477b-d35f93f0214a" executionId="a0602591-430b-4f8e-b6d0-a5b86967160d" testListId="8c84fa94-04c1-424b-9868-57a2d4851a1d" />
    <TestEntry testId="b5a3a3b8-68c4-12fa-9467-bedd5f93e4de" executionId="88fc59eb-95d0-49d5-b073-1b4556a68c73" testListId="8c84fa94-04c1-424b-9868-57a2d4851a1d" />
  </TestEntries>
  <TestLists>
    <TestList name="Results Not in a List" id="8c84fa94-04c1-424b-9868-57a2d4851a1d" />
    <TestList name="All Loaded Results" id="19431567-8539-422a-85d7-44ee4e166bda" />
  </TestLists>
  <ResultSummary outcome="Failed">
    <Counters total="6" executed="6" passed="4" failed="2" error="0" timeout="0" aborted="0" inconclusive="0" passedButRunAborted="0" notRunnable="0" notExecuted="0" disconnected="0" warning="0" completed="0" inProgress="0" pending="0" />
    <Output>
      <StdOut>[xUnit.net 00:00:00.00] xUnit.net VSTest Adapter v2.4.5+1caef2f33e (64-bit .NET 8.0.28)
[xUnit.net 00:00:01.12]   Discovering: WebApi.Tests
[xUnit.net 00:00:01.40]   Discovered:  WebApi.Tests
[xUnit.net 00:00:01.41]   Starting:    WebApi.Tests
[xUnit.net 00:00:34.24]       Assert.Throws() Failure
[xUnit.net 00:00:34.24]       Expected: typeof(WebApi.Helpers.Events.EventsProblemException)
[xUnit.net 00:00:34.24]       Actual:   (No exception was thrown)
[xUnit.net 00:00:34.24]       Stack Trace:
[xUnit.net 00:00:34.24]         /Users/svendaneel/okam/wt-evstalerev/WebApi.Tests/Events/EventsSettlementStaleRevisionSqlServerTests.cs(230,0): at WebApi.Tests.Events.EventsSettlementStaleRevisionSqlServerTests.An_absent_precondition_is_refused_where_the_row_has_a_revision()
[xUnit.net 00:00:34.24]         /Users/svendaneel/okam/wt-evstalerev/WebApi.Tests/Events/EventsSettlementStaleRevisionSqlServerTests.cs(236,0): at WebApi.Tests.Events.EventsSettlementStaleRevisionSqlServerTests.An_absent_precondition_is_refused_where_the_row_has_a_revision()
[xUnit.net 00:00:34.24]         /Users/svendaneel/okam/wt-evstalerev/WebApi.Tests/Events/EventsSettlementStaleRevisionSqlServerTests.cs(236,0): at WebApi.Tests.Events.EventsSettlementStaleRevisionSqlServerTests.An_absent_precondition_is_refused_where_the_row_has_a_revision()
[xUnit.net 00:00:34.24]         --- End of stack trace from previous location ---
[xUnit.net 00:00:57.27]       Assert.Throws() Failure
[xUnit.net 00:00:57.27]       Expected: typeof(WebApi.Helpers.Events.EventsProblemException)
[xUnit.net 00:00:57.27]       Actual:   (No exception was thrown)
[xUnit.net 00:00:57.27]       Stack Trace:
[xUnit.net 00:00:57.27]         /Users/svendaneel/okam/wt-evstalerev/WebApi.Tests/Events/EventsSettlementStaleRevisionSqlServerTests.cs(143,0): at WebApi.Tests.Events.EventsSettlementStaleRevisionSqlServerTests.A_zero_delta_line_with_a_stale_revision_is_refused_before_it_is_staged()
[xUnit.net 00:00:57.27]         /Users/svendaneel/okam/wt-evstalerev/WebApi.Tests/Events/EventsSettlementStaleRevisionSqlServerTests.cs(150,0): at WebApi.Tests.Events.EventsSettlementStaleRevisionSqlServerTests.A_zero_delta_line_with_a_stale_revision_is_refused_before_it_is_staged()
[xUnit.net 00:00:57.27]         /Users/svendaneel/okam/wt-evstalerev/WebApi.Tests/Events/EventsSettlementStaleRevisionSqlServerTests.cs(154,0): at WebApi.Tests.Events.EventsSettlementStaleRevisionSqlServerTests.A_zero_delta_line_with_a_stale_revision_is_refused_before_it_is_staged()
[xUnit.net 00:00:57.27]         --- End of stack trace from previous location ---
[xUnit.net 00:01:14.02]   Finished:    WebApi.Tests
</StdOut>
    </Output>
    <RunInfos>
      <RunInfo computerName="svens-macbook-pro" outcome="Error" timestamp="2026-08-06T10:36:04.7230980+02:00">
        <Text>[xUnit.net 00:00:34.24]     WebApi.Tests.Events.EventsSettlementStaleRevisionSqlServerTests.An_absent_precondition_is_refused_where_the_row_has_a_revision [FAIL]</Text>
      </RunInfo>
      <RunInfo computerName="svens-macbook-pro" outcome="Error" timestamp="2026-08-06T10:36:27.7556260+02:00">
        <Text>[xUnit.net 00:00:57.27]     WebApi.Tests.Events.EventsSettlementStaleRevisionSqlServerTests.A_zero_delta_line_with_a_stale_revision_is_refused_before_it_is_staged [FAIL]</Text>
      </RunInfo>
    </RunInfos>
  </ResultSummary>
</TestRun>