<?xml version="1.0" encoding="utf-8"?>
<TestRun id="59244884-46f3-43e7-94fe-b71160aaffe5" name="@Svens-MacBook-Pro 2026-08-06 15:37:45" xmlns="http://microsoft.com/schemas/VisualStudio/TeamTest/2010">
  <Times creation="2026-08-06T15:37:45.3784380+02:00" queuing="2026-08-06T15:37:45.3784380+02:00" start="2026-08-06T15:37:38.2995120+02:00" finish="2026-08-06T15:37:51.7509550+02:00" />
  <TestSettings name="default" id="41dd8c3b-7ff2-4113-9bde-aa9eb7defa88">
    <Deployment runDeploymentRoot="_Svens-MacBook-Pro_2026-08-06_15_37_45" />
  </TestSettings>
  <Results>
    <UnitTestResult executionId="0cc0f329-bd7b-4c3c-af4a-f9e3ff63c536" testId="49e512f2-c19e-9c02-c087-fdea86465d50" testName="WebApi.Tests.Wire.TrainingWireTests.The_keyless_mutation_refusal_precedes_both_gates_and_carries_no_store_information" computerName="Svens-MacBook-Pro" duration="00:00:00.0091993" startTime="2026-08-06T15:37:51.4968510+02:00" endTime="2026-08-06T15:37:51.4968510+02:00" testType="13cdc9d9-ddb5-4fa4-a97d-d965ccfc6d4b" outcome="Passed" testListId="8c84fa94-04c1-424b-9868-57a2d4851a1d" relativeResultsDirectory="0cc0f329-bd7b-4c3c-af4a-f9e3ff63c536" />
    <UnitTestResult executionId="db5692fc-7095-4038-a7ae-30942576d115" testId="9be225f7-ae3f-9e88-7121-df5762e720b2" testName="WebApi.Tests.Wire.TrainingWireTests.The_context_read_reports_every_training_flag_it_actually_resolved" computerName="Svens-MacBook-Pro" duration="00:00:00.0170023" startTime="2026-08-06T15:37:44.1389850+02:00" endTime="2026-08-06T15:37:44.1389850+02:00" testType="13cdc9d9-ddb5-4fa4-a97d-d965ccfc6d4b" outcome="Passed" testListId="8c84fa94-04c1-424b-9868-57a2d4851a1d" relativeResultsDirectory="db5692fc-7095-4038-a7ae-30942576d115" />
    <UnitTestResult executionId="9c5a6584-0918-4ea5-9617-15614cc1cbc9" testId="dc43f152-b90c-ab70-f96e-9c08b48b6f78" testName="WebApi.Tests.Wire.TrainingWireTests.The_disclosure_log_admits_the_subject_and_the_stores_admin_and_nobody_else" computerName="Svens-MacBook-Pro" duration="00:00:00.0303715" startTime="2026-08-06T15:37:51.4576010+02:00" endTime="2026-08-06T15:37:51.4576020+02:00" testType="13cdc9d9-ddb5-4fa4-a97d-d965ccfc6d4b" outcome="Passed" testListId="8c84fa94-04c1-424b-9868-57a2d4851a1d" relativeResultsDirectory="9c5a6584-0918-4ea5-9617-15614cc1cbc9" />
    <UnitTestResult executionId="83e4ad33-7abe-4648-983b-8386fa5260d1" testId="bdc3c2bf-15b0-90e4-5f34-e4f6f0d04206" testName="WebApi.Tests.Wire.TrainingWireTests.An_authenticated_caller_who_administers_nothing_is_refused" computerName="Svens-MacBook-Pro" duration="00:00:00.0129592" startTime="2026-08-06T15:37:51.3966610+02:00" endTime="2026-08-06T15:37:51.3966610+02:00" testType="13cdc9d9-ddb5-4fa4-a97d-d965ccfc6d4b" outcome="Passed" testListId="8c84fa94-04c1-424b-9868-57a2d4851a1d" relativeResultsDirectory="83e4ad33-7abe-4648-983b-8386fa5260d1" />
    <UnitTestResult executionId="341e86d4-dec3-4c3a-a308-355e258907d9" testId="a5bfe44f-eb38-f76e-08e5-18c2c833c253" testName="WebApi.Tests.Wire.TrainingWireTests.The_catalog_advertises_exactly_the_training_flags_that_gate_something_and_withholds_the_rest_with_a_reason" computerName="Svens-MacBook-Pro" duration="00:00:06.9759434" startTime="2026-08-06T15:37:51.3842720+02:00" endTime="2026-08-06T15:37:51.3842720+02:00" testType="13cdc9d9-ddb5-4fa4-a97d-d965ccfc6d4b" outcome="Passed" testListId="8c84fa94-04c1-424b-9868-57a2d4851a1d" relativeResultsDirectory="341e86d4-dec3-4c3a-a308-355e258907d9" />
    <UnitTestResult executionId="a3746faa-cce3-424b-a1e0-bf7cc67aaa5d" testId="60ed903c-dd6b-2df2-f2b5-9e56c85e0b0d" testName="WebApi.Tests.Wire.TrainingWireTests.A_genuine_store_admin_reaches_the_training_surface_with_the_applications_own_token" computerName="Svens-MacBook-Pro" duration="00:00:00.0473089" startTime="2026-08-06T15:37:51.5471870+02:00" endTime="2026-08-06T15:37:51.5471870+02:00" testType="13cdc9d9-ddb5-4fa4-a97d-d965ccfc6d4b" outcome="Passed" testListId="8c84fa94-04c1-424b-9868-57a2d4851a1d" relativeResultsDirectory="a3746faa-cce3-424b-a1e0-bf7cc67aaa5d" />
    <UnitTestResult executionId="4d5dc7db-73d3-4c60-b12e-dead5ac0497b" testId="72c80307-ee98-37f3-75fc-906735541431" testName="WebApi.Tests.Wire.TrainingWireTests.A_power_user_reaches_every_stores_training_which_is_why_it_cannot_be_the_proof" computerName="Svens-MacBook-Pro" duration="00:00:00.2597381" startTime="2026-08-06T15:37:44.1212400+02:00" endTime="2026-08-06T15:37:44.1212490+02:00" testType="13cdc9d9-ddb5-4fa4-a97d-d965ccfc6d4b" outcome="Passed" testListId="8c84fa94-04c1-424b-9868-57a2d4851a1d" relativeResultsDirectory="4d5dc7db-73d3-4c60-b12e-dead5ac0497b" />
    <UnitTestResult executionId="00f35d74-941b-4f2f-b6a9-5197f3688195" testId="39e153a5-1e5c-83ff-36e1-37029750d97b" testName="WebApi.Tests.Wire.TrainingWireTests.A_never_enabled_store_is_dark_for_a_fully_bound_write_exactly_as_for_a_read" computerName="Svens-MacBook-Pro" duration="00:00:00.0119193" startTime="2026-08-06T15:37:51.4142920+02:00" endTime="2026-08-06T15:37:51.4142920+02:00" testType="13cdc9d9-ddb5-4fa4-a97d-d965ccfc6d4b" outcome="Passed" testListId="8c84fa94-04c1-424b-9868-57a2d4851a1d" relativeResultsDirectory="00f35d74-941b-4f2f-b6a9-5197f3688195" />
    <UnitTestResult executionId="3072a3e2-2f2d-43a9-911e-d7540e7df5f6" testId="608a965c-f7c2-521e-24dc-eea764cf7f9f" testName="WebApi.Tests.Wire.TrainingWireTests.An_anonymous_caller_is_401_and_never_reaches_the_module_at_all" computerName="Svens-MacBook-Pro" duration="00:00:00.0018483" startTime="2026-08-06T15:37:51.3991120+02:00" endTime="2026-08-06T15:37:51.3991120+02:00" testType="13cdc9d9-ddb5-4fa4-a97d-d965ccfc6d4b" outcome="Passed" testListId="8c84fa94-04c1-424b-9868-57a2d4851a1d" relativeResultsDirectory="3072a3e2-2f2d-43a9-911e-d7540e7df5f6" />
    <UnitTestResult executionId="1f431999-dbf2-4d77-9ff6-1fd572ecffcd" testId="117f95f3-0835-92ac-5e10-3b6e65db744a" testName="WebApi.Tests.Wire.TrainingWireTests.An_unsupported_method_on_a_real_training_route_is_refused_by_routing" computerName="Svens-MacBook-Pro" duration="00:00:00.0021825" startTime="2026-08-06T15:37:51.6767870+02:00" endTime="2026-08-06T15:37:51.6767870+02:00" testType="13cdc9d9-ddb5-4fa4-a97d-d965ccfc6d4b" outcome="Passed" testListId="8c84fa94-04c1-424b-9868-57a2d4851a1d" relativeResultsDirectory="1f431999-dbf2-4d77-9ff6-1fd572ecffcd" />
    <UnitTestResult executionId="5bb09266-a864-46da-bef2-7e5733861f6a" testId="81c707af-2c9c-da3e-4d48-68edf067fc91" testName="WebApi.Tests.Wire.TrainingWireTests.An_inspector_can_be_handed_one_internally_consistent_evidence_document" computerName="Svens-MacBook-Pro" duration="00:00:00.0072233" startTime="2026-08-06T15:37:51.6744430+02:00" endTime="2026-08-06T15:37:51.6744430+02:00" testType="13cdc9d9-ddb5-4fa4-a97d-d965ccfc6d4b" outcome="Passed" testListId="8c84fa94-04c1-424b-9868-57a2d4851a1d" relativeResultsDirectory="5bb09266-a864-46da-bef2-7e5733861f6a" />
    <UnitTestResult executionId="1ed7810f-fb8a-4a29-ac7d-5698e366fbfe" testId="83938a74-4459-0193-c270-5f4e03cb0398" testName="WebApi.Tests.Wire.TrainingWireTests.A_malformed_if_match_revision_is_refused_instead_of_silently_overwriting" computerName="Svens-MacBook-Pro" duration="00:00:00.0189093" startTime="2026-08-06T15:37:51.4871210+02:00" endTime="2026-08-06T15:37:51.4871210+02:00" testType="13cdc9d9-ddb5-4fa4-a97d-d965ccfc6d4b" outcome="Passed" testListId="8c84fa94-04c1-424b-9868-57a2d4851a1d" relativeResultsDirectory="1ed7810f-fb8a-4a29-ac7d-5698e366fbfe" />
    <UnitTestResult executionId="b716c336-893c-4905-a045-b681c7d38750" testId="baf5b21c-93a8-963d-ac58-df74e47b7bb7" testName="WebApi.Tests.Wire.TrainingWireTests.The_certificate_correction_refuses_a_missing_or_blank_if_match_revision" computerName="Svens-MacBook-Pro" duration="00:00:00.0101848" startTime="2026-08-06T15:37:51.4679970+02:00" endTime="2026-08-06T15:37:51.4679970+02:00" testType="13cdc9d9-ddb5-4fa4-a97d-d965ccfc6d4b" outcome="Passed" testListId="8c84fa94-04c1-424b-9868-57a2d4851a1d" relativeResultsDirectory="b716c336-893c-4905-a045-b681c7d38750" />
    <UnitTestResult executionId="66d9b9f3-4d9d-4215-9705-0c5c663df94c" testId="209b1ace-4b6c-c30f-0ea9-7a68e7f3db71" testName="WebApi.Tests.Wire.TrainingWireTests.A_replayed_idempotency_key_returns_the_same_course_and_a_changed_payload_is_a_409" computerName="Svens-MacBook-Pro" duration="00:00:00.0166372" startTime="2026-08-06T15:37:51.6353860+02:00" endTime="2026-08-06T15:37:51.6353860+02:00" testType="13cdc9d9-ddb5-4fa4-a97d-d965ccfc6d4b" outcome="Passed" testListId="8c84fa94-04c1-424b-9868-57a2d4851a1d" relativeResultsDirectory="66d9b9f3-4d9d-4215-9705-0c5c663df94c" />
    <UnitTestResult executionId="8c35551d-fd30-4501-aede-bc3af496963b" testId="f63d3928-9d5f-6e99-4e8d-c78cce3d819f" testName="WebApi.Tests.Wire.TrainingWireTests.An_admin_of_another_venue_is_refused_while_that_venues_own_admin_is_admitted" computerName="Svens-MacBook-Pro" duration="00:00:00.0054996" startTime="2026-08-06T15:37:51.6670300+02:00" endTime="2026-08-06T15:37:51.6670300+02:00" testType="13cdc9d9-ddb5-4fa4-a97d-d965ccfc6d4b" outcome="Passed" testListId="8c84fa94-04c1-424b-9868-57a2d4851a1d" relativeResultsDirectory="8c35551d-fd30-4501-aede-bc3af496963b" />
    <UnitTestResult executionId="abe8a969-e14d-4a8c-9dc2-36a534849dfc" testId="a0f7af19-fea0-ba36-c47a-a741c0e379d5" testName="WebApi.Tests.Wire.TrainingWireTests.The_tenant_check_answers_before_the_module_gate_so_dark_and_absent_differ_on_purpose" computerName="Svens-MacBook-Pro" duration="00:00:00.0090689" startTime="2026-08-06T15:37:51.6612500+02:00" endTime="2026-08-06T15:37:51.6612510+02:00" testType="13cdc9d9-ddb5-4fa4-a97d-d965ccfc6d4b" outcome="Passed" testListId="8c84fa94-04c1-424b-9868-57a2d4851a1d" relativeResultsDirectory="abe8a969-e14d-4a8c-9dc2-36a534849dfc" />
    <UnitTestResult executionId="a51aa327-f9e4-421a-b693-ade5781a90c2" testId="d1b41ccc-ead9-c5dc-f6e1-2ee2441e5dd9" testName="WebApi.Tests.Wire.TrainingWireTests.The_person_a_record_is_about_can_see_who_read_it_and_sees_no_other_stores_or_persons" computerName="Svens-MacBook-Pro" duration="00:00:00.0358298" startTime="2026-08-06T15:37:51.5831890+02:00" endTime="2026-08-06T15:37:51.5831890+02:00" testType="13cdc9d9-ddb5-4fa4-a97d-d965ccfc6d4b" outcome="Passed" testListId="8c84fa94-04c1-424b-9868-57a2d4851a1d" relativeResultsDirectory="a51aa327-f9e4-421a-b693-ade5781a90c2" />
    <UnitTestResult executionId="f7acfb2e-e878-46b8-9150-dadfdd0e9a4b" testId="ccf05df6-c765-c7bb-ba47-f80ce5b55376" testName="WebApi.Tests.Wire.TrainingWireTests.The_flag_lever_takes_a_never_enabled_store_from_an_opaque_404_to_a_walked_journey" computerName="Svens-MacBook-Pro" duration="00:00:00.2445865" startTime="2026-08-06T15:37:44.3838310+02:00" endTime="2026-08-06T15:37:44.3838310+02:00" testType="13cdc9d9-ddb5-4fa4-a97d-d965ccfc6d4b" outcome="Passed" testListId="8c84fa94-04c1-424b-9868-57a2d4851a1d" relativeResultsDirectory="f7acfb2e-e878-46b8-9150-dadfdd0e9a4b" />
    <UnitTestResult executionId="390b9c42-5f9f-4d39-9d60-38c7299ffc4c" testId="5cc3d3c0-8c77-e188-8831-895c07e671f7" testName="WebApi.Tests.Wire.TrainingWireTests.An_evidence_read_answers_for_the_venue_the_caller_administers_and_refuses_the_other" computerName="Svens-MacBook-Pro" duration="00:00:00.0134187" startTime="2026-08-06T15:37:51.6904800+02:00" endTime="2026-08-06T15:37:51.6904800+02:00" testType="13cdc9d9-ddb5-4fa4-a97d-d965ccfc6d4b" outcome="Passed" testListId="8c84fa94-04c1-424b-9868-57a2d4851a1d" relativeResultsDirectory="390b9c42-5f9f-4d39-9d60-38c7299ffc4c" />
    <UnitTestResult executionId="4b9b368f-d26a-4e7b-8ba3-b9ed86373e85" testId="af0b42e3-2252-7f38-5831-bd555adda05c" testName="WebApi.Tests.Wire.TrainingWireTests.A_store_whose_data_outlived_its_flag_still_reads_but_refuses_to_write" computerName="Svens-MacBook-Pro" duration="00:00:00.0135050" startTime="2026-08-06T15:37:51.4269170+02:00" endTime="2026-08-06T15:37:51.4269170+02:00" testType="13cdc9d9-ddb5-4fa4-a97d-d965ccfc6d4b" outcome="Passed" testListId="8c84fa94-04c1-424b-9868-57a2d4851a1d" relativeResultsDirectory="4b9b368f-d26a-4e7b-8ba3-b9ed86373e85" />
    <UnitTestResult executionId="640eb93b-8963-4294-b18c-d0737909e97f" testId="78d8858e-b62a-7c4d-dbb9-5827bbd2d739" testName="WebApi.Tests.Wire.TrainingWireTests.PINNED_model_binding_and_body_validation_both_answer_before_the_tenant_check" computerName="Svens-MacBook-Pro" duration="00:00:00.0161567" startTime="2026-08-06T15:37:51.6519070+02:00" endTime="2026-08-06T15:37:51.6519070+02:00" testType="13cdc9d9-ddb5-4fa4-a97d-d965ccfc6d4b" outcome="Passed" testListId="8c84fa94-04c1-424b-9868-57a2d4851a1d" relativeResultsDirectory="640eb93b-8963-4294-b18c-d0737909e97f" />
    <UnitTestResult executionId="41cad243-b0d3-4740-b44e-eef92715b99d" testId="2bdab203-09aa-e13e-b417-301e5f8dc27d" testName="WebApi.Tests.Wire.TrainingWireTests.Routing_answers_a_malformed_store_or_course_segment_before_any_training_code_runs" computerName="Svens-MacBook-Pro" duration="00:00:00.0063560" startTime="2026-08-06T15:37:51.5986670+02:00" endTime="2026-08-06T15:37:51.5986670+02:00" testType="13cdc9d9-ddb5-4fa4-a97d-d965ccfc6d4b" outcome="Passed" testListId="8c84fa94-04c1-424b-9868-57a2d4851a1d" relativeResultsDirectory="41cad243-b0d3-4740-b44e-eef92715b99d" />
    <UnitTestResult executionId="9a33ddc2-ab98-4746-920e-3612108304a1" testId="76f4204b-9708-205a-70e4-a109f329291a" testName="WebApi.Tests.Wire.TrainingWireTests.A_course_of_another_store_answers_exactly_as_a_course_that_never_existed" computerName="Svens-MacBook-Pro" duration="00:00:00.0173018" startTime="2026-08-06T15:37:44.4014540+02:00" endTime="2026-08-06T15:37:44.4014540+02:00" testType="13cdc9d9-ddb5-4fa4-a97d-d965ccfc6d4b" outcome="Passed" testListId="8c84fa94-04c1-424b-9868-57a2d4851a1d" relativeResultsDirectory="9a33ddc2-ab98-4746-920e-3612108304a1" />
    <UnitTestResult executionId="2fe06d02-40a0-4650-8af8-9d74f411c149" testId="c45a8d5a-a0f6-814c-ca8e-1f742a0244cd" testName="WebApi.Tests.Wire.TrainingWireTests.A_forged_token_is_refused_by_the_real_bearer_handler" computerName="Svens-MacBook-Pro" duration="00:00:00.0048654" startTime="2026-08-06T15:37:44.4066020+02:00" endTime="2026-08-06T15:37:44.4066020+02:00" testType="13cdc9d9-ddb5-4fa4-a97d-d965ccfc6d4b" outcome="Passed" testListId="8c84fa94-04c1-424b-9868-57a2d4851a1d" relativeResultsDirectory="2fe06d02-40a0-4650-8af8-9d74f411c149" />
    <UnitTestResult executionId="b2162344-ae84-4e00-86da-e6e81aca3f96" testId="db7bbcaf-e67c-14a0-e7de-56d5a02839cb" testName="WebApi.Tests.Wire.TrainingWireTests.Reading_the_disclosure_log_is_itself_recorded_and_the_subject_sees_who_looked" computerName="Svens-MacBook-Pro" duration="00:00:00.0086553" startTime="2026-08-06T15:37:51.5920540+02:00" endTime="2026-08-06T15:37:51.5920540+02:00" testType="13cdc9d9-ddb5-4fa4-a97d-d965ccfc6d4b" outcome="Passed" testListId="8c84fa94-04c1-424b-9868-57a2d4851a1d" relativeResultsDirectory="b2162344-ae84-4e00-86da-e6e81aca3f96" />
    <UnitTestResult executionId="d32baeea-cad2-4d9f-bffa-81df049f4b72" testId="12236fca-3687-651b-a737-00ef35e87eb9" testName="WebApi.Tests.Wire.TrainingWireTests.An_evidence_read_records_who_asked_attributed_to_the_token_the_bearer_handler_resolved" computerName="Svens-MacBook-Pro" duration="00:00:00.0185310" startTime="2026-08-06T15:37:51.6176670+02:00" endTime="2026-08-06T15:37:51.6176670+02:00" testType="13cdc9d9-ddb5-4fa4-a97d-d965ccfc6d4b" outcome="Passed" testListId="8c84fa94-04c1-424b-9868-57a2d4851a1d" relativeResultsDirectory="d32baeea-cad2-4d9f-bffa-81df049f4b72" />
  </Results>
  <TestDefinitions>
    <UnitTest name="WebApi.Tests.Wire.TrainingWireTests.Routing_answers_a_malformed_store_or_course_segment_before_any_training_code_runs" storage="/users/svendaneel/okam/wt-trainwire-abort/webapi.tests/bin/debug/net8.0/webapi.tests.dll" id="2bdab203-09aa-e13e-b417-301e5f8dc27d">
      <Execution id="41cad243-b0d3-4740-b44e-eef92715b99d" />
      <TestMethod codeBase="/Users/svendaneel/okam/wt-trainwire-abort/WebApi.Tests/bin/Debug/net8.0/WebApi.Tests.dll" adapterTypeName="executor://xunit/VsTestRunner2/netcoreapp" className="WebApi.Tests.Wire.TrainingWireTests" name="Routing_answers_a_malformed_store_or_course_segment_before_any_training_code_runs" />
    </UnitTest>
    <UnitTest name="WebApi.Tests.Wire.TrainingWireTests.The_catalog_advertises_exactly_the_training_flags_that_gate_something_and_withholds_the_rest_with_a_reason" storage="/users/svendaneel/okam/wt-trainwire-abort/webapi.tests/bin/debug/net8.0/webapi.tests.dll" id="a5bfe44f-eb38-f76e-08e5-18c2c833c253">
      <Execution id="341e86d4-dec3-4c3a-a308-355e258907d9" />
      <TestMethod codeBase="/Users/svendaneel/okam/wt-trainwire-abort/WebApi.Tests/bin/Debug/net8.0/WebApi.Tests.dll" adapterTypeName="executor://xunit/VsTestRunner2/netcoreapp" className="WebApi.Tests.Wire.TrainingWireTests" name="The_catalog_advertises_exactly_the_training_flags_that_gate_something_and_withholds_the_rest_with_a_reason" />
    </UnitTest>
    <UnitTest name="WebApi.Tests.Wire.TrainingWireTests.Reading_the_disclosure_log_is_itself_recorded_and_the_subject_sees_who_looked" storage="/users/svendaneel/okam/wt-trainwire-abort/webapi.tests/bin/debug/net8.0/webapi.tests.dll" id="db7bbcaf-e67c-14a0-e7de-56d5a02839cb">
      <Execution id="b2162344-ae84-4e00-86da-e6e81aca3f96" />
      <TestMethod codeBase="/Users/svendaneel/okam/wt-trainwire-abort/WebApi.Tests/bin/Debug/net8.0/WebApi.Tests.dll" adapterTypeName="executor://xunit/VsTestRunner2/netcoreapp" className="WebApi.Tests.Wire.TrainingWireTests" name="Reading_the_disclosure_log_is_itself_recorded_and_the_subject_sees_who_looked" />
    </UnitTest>
    <UnitTest name="WebApi.Tests.Wire.TrainingWireTests.The_disclosure_log_admits_the_subject_and_the_stores_admin_and_nobody_else" storage="/users/svendaneel/okam/wt-trainwire-abort/webapi.tests/bin/debug/net8.0/webapi.tests.dll" id="dc43f152-b90c-ab70-f96e-9c08b48b6f78">
      <Execution id="9c5a6584-0918-4ea5-9617-15614cc1cbc9" />
      <TestMethod codeBase="/Users/svendaneel/okam/wt-trainwire-abort/WebApi.Tests/bin/Debug/net8.0/WebApi.Tests.dll" adapterTypeName="executor://xunit/VsTestRunner2/netcoreapp" className="WebApi.Tests.Wire.TrainingWireTests" name="The_disclosure_log_admits_the_subject_and_the_stores_admin_and_nobody_else" />
    </UnitTest>
    <UnitTest name="WebApi.Tests.Wire.TrainingWireTests.The_tenant_check_answers_before_the_module_gate_so_dark_and_absent_differ_on_purpose" storage="/users/svendaneel/okam/wt-trainwire-abort/webapi.tests/bin/debug/net8.0/webapi.tests.dll" id="a0f7af19-fea0-ba36-c47a-a741c0e379d5">
      <Execution id="abe8a969-e14d-4a8c-9dc2-36a534849dfc" />
      <TestMethod codeBase="/Users/svendaneel/okam/wt-trainwire-abort/WebApi.Tests/bin/Debug/net8.0/WebApi.Tests.dll" adapterTypeName="executor://xunit/VsTestRunner2/netcoreapp" className="WebApi.Tests.Wire.TrainingWireTests" name="The_tenant_check_answers_before_the_module_gate_so_dark_and_absent_differ_on_purpose" />
    </UnitTest>
    <UnitTest name="WebApi.Tests.Wire.TrainingWireTests.An_authenticated_caller_who_administers_nothing_is_refused" storage="/users/svendaneel/okam/wt-trainwire-abort/webapi.tests/bin/debug/net8.0/webapi.tests.dll" id="bdc3c2bf-15b0-90e4-5f34-e4f6f0d04206">
      <Execution id="83e4ad33-7abe-4648-983b-8386fa5260d1" />
      <TestMethod codeBase="/Users/svendaneel/okam/wt-trainwire-abort/WebApi.Tests/bin/Debug/net8.0/WebApi.Tests.dll" adapterTypeName="executor://xunit/VsTestRunner2/netcoreapp" className="WebApi.Tests.Wire.TrainingWireTests" name="An_authenticated_caller_who_administers_nothing_is_refused" />
    </UnitTest>
    <UnitTest name="WebApi.Tests.Wire.TrainingWireTests.A_store_whose_data_outlived_its_flag_still_reads_but_refuses_to_write" storage="/users/svendaneel/okam/wt-trainwire-abort/webapi.tests/bin/debug/net8.0/webapi.tests.dll" id="af0b42e3-2252-7f38-5831-bd555adda05c">
      <Execution id="4b9b368f-d26a-4e7b-8ba3-b9ed86373e85" />
      <TestMethod codeBase="/Users/svendaneel/okam/wt-trainwire-abort/WebApi.Tests/bin/Debug/net8.0/WebApi.Tests.dll" adapterTypeName="executor://xunit/VsTestRunner2/netcoreapp" className="WebApi.Tests.Wire.TrainingWireTests" name="A_store_whose_data_outlived_its_flag_still_reads_but_refuses_to_write" />
    </UnitTest>
    <UnitTest name="WebApi.Tests.Wire.TrainingWireTests.The_keyless_mutation_refusal_precedes_both_gates_and_carries_no_store_information" storage="/users/svendaneel/okam/wt-trainwire-abort/webapi.tests/bin/debug/net8.0/webapi.tests.dll" id="49e512f2-c19e-9c02-c087-fdea86465d50">
      <Execution id="0cc0f329-bd7b-4c3c-af4a-f9e3ff63c536" />
      <TestMethod codeBase="/Users/svendaneel/okam/wt-trainwire-abort/WebApi.Tests/bin/Debug/net8.0/WebApi.Tests.dll" adapterTypeName="executor://xunit/VsTestRunner2/netcoreapp" className="WebApi.Tests.Wire.TrainingWireTests" name="The_keyless_mutation_refusal_precedes_both_gates_and_carries_no_store_information" />
    </UnitTest>
    <UnitTest name="WebApi.Tests.Wire.TrainingWireTests.The_context_read_reports_every_training_flag_it_actually_resolved" storage="/users/svendaneel/okam/wt-trainwire-abort/webapi.tests/bin/debug/net8.0/webapi.tests.dll" id="9be225f7-ae3f-9e88-7121-df5762e720b2">
      <Execution id="db5692fc-7095-4038-a7ae-30942576d115" />
      <TestMethod codeBase="/Users/svendaneel/okam/wt-trainwire-abort/WebApi.Tests/bin/Debug/net8.0/WebApi.Tests.dll" adapterTypeName="executor://xunit/VsTestRunner2/netcoreapp" className="WebApi.Tests.Wire.TrainingWireTests" name="The_context_read_reports_every_training_flag_it_actually_resolved" />
    </UnitTest>
    <UnitTest name="WebApi.Tests.Wire.TrainingWireTests.A_replayed_idempotency_key_returns_the_same_course_and_a_changed_payload_is_a_409" storage="/users/svendaneel/okam/wt-trainwire-abort/webapi.tests/bin/debug/net8.0/webapi.tests.dll" id="209b1ace-4b6c-c30f-0ea9-7a68e7f3db71">
      <Execution id="66d9b9f3-4d9d-4215-9705-0c5c663df94c" />
      <TestMethod codeBase="/Users/svendaneel/okam/wt-trainwire-abort/WebApi.Tests/bin/Debug/net8.0/WebApi.Tests.dll" adapterTypeName="executor://xunit/VsTestRunner2/netcoreapp" className="WebApi.Tests.Wire.TrainingWireTests" name="A_replayed_idempotency_key_returns_the_same_course_and_a_changed_payload_is_a_409" />
    </UnitTest>
    <UnitTest name="WebApi.Tests.Wire.TrainingWireTests.A_genuine_store_admin_reaches_the_training_surface_with_the_applications_own_token" storage="/users/svendaneel/okam/wt-trainwire-abort/webapi.tests/bin/debug/net8.0/webapi.tests.dll" id="60ed903c-dd6b-2df2-f2b5-9e56c85e0b0d">
      <Execution id="a3746faa-cce3-424b-a1e0-bf7cc67aaa5d" />
      <TestMethod codeBase="/Users/svendaneel/okam/wt-trainwire-abort/WebApi.Tests/bin/Debug/net8.0/WebApi.Tests.dll" adapterTypeName="executor://xunit/VsTestRunner2/netcoreapp" className="WebApi.Tests.Wire.TrainingWireTests" name="A_genuine_store_admin_reaches_the_training_surface_with_the_applications_own_token" />
    </UnitTest>
    <UnitTest name="WebApi.Tests.Wire.TrainingWireTests.The_flag_lever_takes_a_never_enabled_store_from_an_opaque_404_to_a_walked_journey" storage="/users/svendaneel/okam/wt-trainwire-abort/webapi.tests/bin/debug/net8.0/webapi.tests.dll" id="ccf05df6-c765-c7bb-ba47-f80ce5b55376">
      <Execution id="f7acfb2e-e878-46b8-9150-dadfdd0e9a4b" />
      <TestMethod codeBase="/Users/svendaneel/okam/wt-trainwire-abort/WebApi.Tests/bin/Debug/net8.0/WebApi.Tests.dll" adapterTypeName="executor://xunit/VsTestRunner2/netcoreapp" className="WebApi.Tests.Wire.TrainingWireTests" name="The_flag_lever_takes_a_never_enabled_store_from_an_opaque_404_to_a_walked_journey" />
    </UnitTest>
    <UnitTest name="WebApi.Tests.Wire.TrainingWireTests.A_forged_token_is_refused_by_the_real_bearer_handler" storage="/users/svendaneel/okam/wt-trainwire-abort/webapi.tests/bin/debug/net8.0/webapi.tests.dll" id="c45a8d5a-a0f6-814c-ca8e-1f742a0244cd">
      <Execution id="2fe06d02-40a0-4650-8af8-9d74f411c149" />
      <TestMethod codeBase="/Users/svendaneel/okam/wt-trainwire-abort/WebApi.Tests/bin/Debug/net8.0/WebApi.Tests.dll" adapterTypeName="executor://xunit/VsTestRunner2/netcoreapp" className="WebApi.Tests.Wire.TrainingWireTests" name="A_forged_token_is_refused_by_the_real_bearer_handler" />
    </UnitTest>
    <UnitTest name="WebApi.Tests.Wire.TrainingWireTests.An_unsupported_method_on_a_real_training_route_is_refused_by_routing" storage="/users/svendaneel/okam/wt-trainwire-abort/webapi.tests/bin/debug/net8.0/webapi.tests.dll" id="117f95f3-0835-92ac-5e10-3b6e65db744a">
      <Execution id="1f431999-dbf2-4d77-9ff6-1fd572ecffcd" />
      <TestMethod codeBase="/Users/svendaneel/okam/wt-trainwire-abort/WebApi.Tests/bin/Debug/net8.0/WebApi.Tests.dll" adapterTypeName="executor://xunit/VsTestRunner2/netcoreapp" className="WebApi.Tests.Wire.TrainingWireTests" name="An_unsupported_method_on_a_real_training_route_is_refused_by_routing" />
    </UnitTest>
    <UnitTest name="WebApi.Tests.Wire.TrainingWireTests.PINNED_model_binding_and_body_validation_both_answer_before_the_tenant_check" storage="/users/svendaneel/okam/wt-trainwire-abort/webapi.tests/bin/debug/net8.0/webapi.tests.dll" id="78d8858e-b62a-7c4d-dbb9-5827bbd2d739">
      <Execution id="640eb93b-8963-4294-b18c-d0737909e97f" />
      <TestMethod codeBase="/Users/svendaneel/okam/wt-trainwire-abort/WebApi.Tests/bin/Debug/net8.0/WebApi.Tests.dll" adapterTypeName="executor://xunit/VsTestRunner2/netcoreapp" className="WebApi.Tests.Wire.TrainingWireTests" name="PINNED_model_binding_and_body_validation_both_answer_before_the_tenant_check" />
    </UnitTest>
    <UnitTest name="WebApi.Tests.Wire.TrainingWireTests.The_certificate_correction_refuses_a_missing_or_blank_if_match_revision" storage="/users/svendaneel/okam/wt-trainwire-abort/webapi.tests/bin/debug/net8.0/webapi.tests.dll" id="baf5b21c-93a8-963d-ac58-df74e47b7bb7">
      <Execution id="b716c336-893c-4905-a045-b681c7d38750" />
      <TestMethod codeBase="/Users/svendaneel/okam/wt-trainwire-abort/WebApi.Tests/bin/Debug/net8.0/WebApi.Tests.dll" adapterTypeName="executor://xunit/VsTestRunner2/netcoreapp" className="WebApi.Tests.Wire.TrainingWireTests" name="The_certificate_correction_refuses_a_missing_or_blank_if_match_revision" />
    </UnitTest>
    <UnitTest name="WebApi.Tests.Wire.TrainingWireTests.A_malformed_if_match_revision_is_refused_instead_of_silently_overwriting" storage="/users/svendaneel/okam/wt-trainwire-abort/webapi.tests/bin/debug/net8.0/webapi.tests.dll" id="83938a74-4459-0193-c270-5f4e03cb0398">
      <Execution id="1ed7810f-fb8a-4a29-ac7d-5698e366fbfe" />
      <TestMethod codeBase="/Users/svendaneel/okam/wt-trainwire-abort/WebApi.Tests/bin/Debug/net8.0/WebApi.Tests.dll" adapterTypeName="executor://xunit/VsTestRunner2/netcoreapp" className="WebApi.Tests.Wire.TrainingWireTests" name="A_malformed_if_match_revision_is_refused_instead_of_silently_overwriting" />
    </UnitTest>
    <UnitTest name="WebApi.Tests.Wire.TrainingWireTests.A_never_enabled_store_is_dark_for_a_fully_bound_write_exactly_as_for_a_read" storage="/users/svendaneel/okam/wt-trainwire-abort/webapi.tests/bin/debug/net8.0/webapi.tests.dll" id="39e153a5-1e5c-83ff-36e1-37029750d97b">
      <Execution id="00f35d74-941b-4f2f-b6a9-5197f3688195" />
      <TestMethod codeBase="/Users/svendaneel/okam/wt-trainwire-abort/WebApi.Tests/bin/Debug/net8.0/WebApi.Tests.dll" adapterTypeName="executor://xunit/VsTestRunner2/netcoreapp" className="WebApi.Tests.Wire.TrainingWireTests" name="A_never_enabled_store_is_dark_for_a_fully_bound_write_exactly_as_for_a_read" />
    </UnitTest>
    <UnitTest name="WebApi.Tests.Wire.TrainingWireTests.An_evidence_read_answers_for_the_venue_the_caller_administers_and_refuses_the_other" storage="/users/svendaneel/okam/wt-trainwire-abort/webapi.tests/bin/debug/net8.0/webapi.tests.dll" id="5cc3d3c0-8c77-e188-8831-895c07e671f7">
      <Execution id="390b9c42-5f9f-4d39-9d60-38c7299ffc4c" />
      <TestMethod codeBase="/Users/svendaneel/okam/wt-trainwire-abort/WebApi.Tests/bin/Debug/net8.0/WebApi.Tests.dll" adapterTypeName="executor://xunit/VsTestRunner2/netcoreapp" className="WebApi.Tests.Wire.TrainingWireTests" name="An_evidence_read_answers_for_the_venue_the_caller_administers_and_refuses_the_other" />
    </UnitTest>
    <UnitTest name="WebApi.Tests.Wire.TrainingWireTests.The_person_a_record_is_about_can_see_who_read_it_and_sees_no_other_stores_or_persons" storage="/users/svendaneel/okam/wt-trainwire-abort/webapi.tests/bin/debug/net8.0/webapi.tests.dll" id="d1b41ccc-ead9-c5dc-f6e1-2ee2441e5dd9">
      <Execution id="a51aa327-f9e4-421a-b693-ade5781a90c2" />
      <TestMethod codeBase="/Users/svendaneel/okam/wt-trainwire-abort/WebApi.Tests/bin/Debug/net8.0/WebApi.Tests.dll" adapterTypeName="executor://xunit/VsTestRunner2/netcoreapp" className="WebApi.Tests.Wire.TrainingWireTests" name="The_person_a_record_is_about_can_see_who_read_it_and_sees_no_other_stores_or_persons" />
    </UnitTest>
    <UnitTest name="WebApi.Tests.Wire.TrainingWireTests.An_inspector_can_be_handed_one_internally_consistent_evidence_document" storage="/users/svendaneel/okam/wt-trainwire-abort/webapi.tests/bin/debug/net8.0/webapi.tests.dll" id="81c707af-2c9c-da3e-4d48-68edf067fc91">
      <Execution id="5bb09266-a864-46da-bef2-7e5733861f6a" />
      <TestMethod codeBase="/Users/svendaneel/okam/wt-trainwire-abort/WebApi.Tests/bin/Debug/net8.0/WebApi.Tests.dll" adapterTypeName="executor://xunit/VsTestRunner2/netcoreapp" className="WebApi.Tests.Wire.TrainingWireTests" name="An_inspector_can_be_handed_one_internally_consistent_evidence_document" />
    </UnitTest>
    <UnitTest name="WebApi.Tests.Wire.TrainingWireTests.A_course_of_another_store_answers_exactly_as_a_course_that_never_existed" storage="/users/svendaneel/okam/wt-trainwire-abort/webapi.tests/bin/debug/net8.0/webapi.tests.dll" id="76f4204b-9708-205a-70e4-a109f329291a">
      <Execution id="9a33ddc2-ab98-4746-920e-3612108304a1" />
      <TestMethod codeBase="/Users/svendaneel/okam/wt-trainwire-abort/WebApi.Tests/bin/Debug/net8.0/WebApi.Tests.dll" adapterTypeName="executor://xunit/VsTestRunner2/netcoreapp" className="WebApi.Tests.Wire.TrainingWireTests" name="A_course_of_another_store_answers_exactly_as_a_course_that_never_existed" />
    </UnitTest>
    <UnitTest name="WebApi.Tests.Wire.TrainingWireTests.An_evidence_read_records_who_asked_attributed_to_the_token_the_bearer_handler_resolved" storage="/users/svendaneel/okam/wt-trainwire-abort/webapi.tests/bin/debug/net8.0/webapi.tests.dll" id="12236fca-3687-651b-a737-00ef35e87eb9">
      <Execution id="d32baeea-cad2-4d9f-bffa-81df049f4b72" />
      <TestMethod codeBase="/Users/svendaneel/okam/wt-trainwire-abort/WebApi.Tests/bin/Debug/net8.0/WebApi.Tests.dll" adapterTypeName="executor://xunit/VsTestRunner2/netcoreapp" className="WebApi.Tests.Wire.TrainingWireTests" name="An_evidence_read_records_who_asked_attributed_to_the_token_the_bearer_handler_resolved" />
    </UnitTest>
    <UnitTest name="WebApi.Tests.Wire.TrainingWireTests.An_admin_of_another_venue_is_refused_while_that_venues_own_admin_is_admitted" storage="/users/svendaneel/okam/wt-trainwire-abort/webapi.tests/bin/debug/net8.0/webapi.tests.dll" id="f63d3928-9d5f-6e99-4e8d-c78cce3d819f">
      <Execution id="8c35551d-fd30-4501-aede-bc3af496963b" />
      <TestMethod codeBase="/Users/svendaneel/okam/wt-trainwire-abort/WebApi.Tests/bin/Debug/net8.0/WebApi.Tests.dll" adapterTypeName="executor://xunit/VsTestRunner2/netcoreapp" className="WebApi.Tests.Wire.TrainingWireTests" name="An_admin_of_another_venue_is_refused_while_that_venues_own_admin_is_admitted" />
    </UnitTest>
    <UnitTest name="WebApi.Tests.Wire.TrainingWireTests.A_power_user_reaches_every_stores_training_which_is_why_it_cannot_be_the_proof" storage="/users/svendaneel/okam/wt-trainwire-abort/webapi.tests/bin/debug/net8.0/webapi.tests.dll" id="72c80307-ee98-37f3-75fc-906735541431">
      <Execution id="4d5dc7db-73d3-4c60-b12e-dead5ac0497b" />
      <TestMethod codeBase="/Users/svendaneel/okam/wt-trainwire-abort/WebApi.Tests/bin/Debug/net8.0/WebApi.Tests.dll" adapterTypeName="executor://xunit/VsTestRunner2/netcoreapp" className="WebApi.Tests.Wire.TrainingWireTests" name="A_power_user_reaches_every_stores_training_which_is_why_it_cannot_be_the_proof" />
    </UnitTest>
    <UnitTest name="WebApi.Tests.Wire.TrainingWireTests.An_anonymous_caller_is_401_and_never_reaches_the_module_at_all" storage="/users/svendaneel/okam/wt-trainwire-abort/webapi.tests/bin/debug/net8.0/webapi.tests.dll" id="608a965c-f7c2-521e-24dc-eea764cf7f9f">
      <Execution id="3072a3e2-2f2d-43a9-911e-d7540e7df5f6" />
      <TestMethod codeBase="/Users/svendaneel/okam/wt-trainwire-abort/WebApi.Tests/bin/Debug/net8.0/WebApi.Tests.dll" adapterTypeName="executor://xunit/VsTestRunner2/netcoreapp" className="WebApi.Tests.Wire.TrainingWireTests" name="An_anonymous_caller_is_401_and_never_reaches_the_module_at_all" />
    </UnitTest>
  </TestDefinitions>
  <TestEntries>
    <TestEntry testId="49e512f2-c19e-9c02-c087-fdea86465d50" executionId="0cc0f329-bd7b-4c3c-af4a-f9e3ff63c536" testListId="8c84fa94-04c1-424b-9868-57a2d4851a1d" />
    <TestEntry testId="9be225f7-ae3f-9e88-7121-df5762e720b2" executionId="db5692fc-7095-4038-a7ae-30942576d115" testListId="8c84fa94-04c1-424b-9868-57a2d4851a1d" />
    <TestEntry testId="dc43f152-b90c-ab70-f96e-9c08b48b6f78" executionId="9c5a6584-0918-4ea5-9617-15614cc1cbc9" testListId="8c84fa94-04c1-424b-9868-57a2d4851a1d" />
    <TestEntry testId="bdc3c2bf-15b0-90e4-5f34-e4f6f0d04206" executionId="83e4ad33-7abe-4648-983b-8386fa5260d1" testListId="8c84fa94-04c1-424b-9868-57a2d4851a1d" />
    <TestEntry testId="a5bfe44f-eb38-f76e-08e5-18c2c833c253" executionId="341e86d4-dec3-4c3a-a308-355e258907d9" testListId="8c84fa94-04c1-424b-9868-57a2d4851a1d" />
    <TestEntry testId="60ed903c-dd6b-2df2-f2b5-9e56c85e0b0d" executionId="a3746faa-cce3-424b-a1e0-bf7cc67aaa5d" testListId="8c84fa94-04c1-424b-9868-57a2d4851a1d" />
    <TestEntry testId="72c80307-ee98-37f3-75fc-906735541431" executionId="4d5dc7db-73d3-4c60-b12e-dead5ac0497b" testListId="8c84fa94-04c1-424b-9868-57a2d4851a1d" />
    <TestEntry testId="39e153a5-1e5c-83ff-36e1-37029750d97b" executionId="00f35d74-941b-4f2f-b6a9-5197f3688195" testListId="8c84fa94-04c1-424b-9868-57a2d4851a1d" />
    <TestEntry testId="608a965c-f7c2-521e-24dc-eea764cf7f9f" executionId="3072a3e2-2f2d-43a9-911e-d7540e7df5f6" testListId="8c84fa94-04c1-424b-9868-57a2d4851a1d" />
    <TestEntry testId="117f95f3-0835-92ac-5e10-3b6e65db744a" executionId="1f431999-dbf2-4d77-9ff6-1fd572ecffcd" testListId="8c84fa94-04c1-424b-9868-57a2d4851a1d" />
    <TestEntry testId="81c707af-2c9c-da3e-4d48-68edf067fc91" executionId="5bb09266-a864-46da-bef2-7e5733861f6a" testListId="8c84fa94-04c1-424b-9868-57a2d4851a1d" />
    <TestEntry testId="83938a74-4459-0193-c270-5f4e03cb0398" executionId="1ed7810f-fb8a-4a29-ac7d-5698e366fbfe" testListId="8c84fa94-04c1-424b-9868-57a2d4851a1d" />
    <TestEntry testId="baf5b21c-93a8-963d-ac58-df74e47b7bb7" executionId="b716c336-893c-4905-a045-b681c7d38750" testListId="8c84fa94-04c1-424b-9868-57a2d4851a1d" />
    <TestEntry testId="209b1ace-4b6c-c30f-0ea9-7a68e7f3db71" executionId="66d9b9f3-4d9d-4215-9705-0c5c663df94c" testListId="8c84fa94-04c1-424b-9868-57a2d4851a1d" />
    <TestEntry testId="f63d3928-9d5f-6e99-4e8d-c78cce3d819f" executionId="8c35551d-fd30-4501-aede-bc3af496963b" testListId="8c84fa94-04c1-424b-9868-57a2d4851a1d" />
    <TestEntry testId="a0f7af19-fea0-ba36-c47a-a741c0e379d5" executionId="abe8a969-e14d-4a8c-9dc2-36a534849dfc" testListId="8c84fa94-04c1-424b-9868-57a2d4851a1d" />
    <TestEntry testId="d1b41ccc-ead9-c5dc-f6e1-2ee2441e5dd9" executionId="a51aa327-f9e4-421a-b693-ade5781a90c2" testListId="8c84fa94-04c1-424b-9868-57a2d4851a1d" />
    <TestEntry testId="ccf05df6-c765-c7bb-ba47-f80ce5b55376" executionId="f7acfb2e-e878-46b8-9150-dadfdd0e9a4b" testListId="8c84fa94-04c1-424b-9868-57a2d4851a1d" />
    <TestEntry testId="5cc3d3c0-8c77-e188-8831-895c07e671f7" executionId="390b9c42-5f9f-4d39-9d60-38c7299ffc4c" testListId="8c84fa94-04c1-424b-9868-57a2d4851a1d" />
    <TestEntry testId="af0b42e3-2252-7f38-5831-bd555adda05c" executionId="4b9b368f-d26a-4e7b-8ba3-b9ed86373e85" testListId="8c84fa94-04c1-424b-9868-57a2d4851a1d" />
    <TestEntry testId="78d8858e-b62a-7c4d-dbb9-5827bbd2d739" executionId="640eb93b-8963-4294-b18c-d0737909e97f" testListId="8c84fa94-04c1-424b-9868-57a2d4851a1d" />
    <TestEntry testId="2bdab203-09aa-e13e-b417-301e5f8dc27d" executionId="41cad243-b0d3-4740-b44e-eef92715b99d" testListId="8c84fa94-04c1-424b-9868-57a2d4851a1d" />
    <TestEntry testId="76f4204b-9708-205a-70e4-a109f329291a" executionId="9a33ddc2-ab98-4746-920e-3612108304a1" testListId="8c84fa94-04c1-424b-9868-57a2d4851a1d" />
    <TestEntry testId="c45a8d5a-a0f6-814c-ca8e-1f742a0244cd" executionId="2fe06d02-40a0-4650-8af8-9d74f411c149" testListId="8c84fa94-04c1-424b-9868-57a2d4851a1d" />
    <TestEntry testId="db7bbcaf-e67c-14a0-e7de-56d5a02839cb" executionId="b2162344-ae84-4e00-86da-e6e81aca3f96" testListId="8c84fa94-04c1-424b-9868-57a2d4851a1d" />
    <TestEntry testId="12236fca-3687-651b-a737-00ef35e87eb9" executionId="d32baeea-cad2-4d9f-bffa-81df049f4b72" testListId="8c84fa94-04c1-424b-9868-57a2d4851a1d" />
  </TestEntries>
  <TestLists>
    <TestList name="Results Not in a List" id="8c84fa94-04c1-424b-9868-57a2d4851a1d" />
    <TestList name="All Loaded Results" id="19431567-8539-422a-85d7-44ee4e166bda" />
  </TestLists>
  <ResultSummary outcome="Completed">
    <Counters total="26" executed="26" passed="26" failed="0" error="0" timeout="0" aborted="0" inconclusive="0" passedButRunAborted="0" notRunnable="0" notExecuted="0" disconnected="0" warning="0" completed="0" inProgress="0" pending="0" />
    <Output>
      <StdOut>[xUnit.net 00:00:00.00] xUnit.net VSTest Adapter v2.4.5+1caef2f33e (64-bit .NET 8.0.28)
[xUnit.net 00:00:00.75]   Discovering: WebApi.Tests
[xUnit.net 00:00:01.00]   Discovered:  WebApi.Tests
[xUnit.net 00:00:01.01]   Starting:    WebApi.Tests
[xUnit.net 00:00:13.19]   Finished:    WebApi.Tests
</StdOut>
    </Output>
  </ResultSummary>
</TestRun>