[WebServer] [fixture] listening on http://127.0.0.1:4111
[WebServer] [dev-server] borrowed core from /Users/svendaneel/okam/Web-modules/core
[WebServer] 
[WebServer]  WARN  You're using Nuxt 2.17.1, which includes built-in TypeScript runtime support
[WebServer] 
[WebServer] 
[WebServer]  WARN  You can safely use nuxt instead of nuxt-ts and remove @nuxt/typescript-runtime package
[WebServer] 
[WebServer] 
[WebServer]  WARN  Module @nuxt/image is disabled due to incompatibility issues:
[WebServer]  - [nuxt] Nuxt version >=3.1.0 is required but currently using 2.17.1
[WebServer] 
[WebServer] ℹ Parsed 0 files in 0.0 seconds
[WebServer] ℹ [HPM] Proxy created: /  -> http://127.0.0.1:5080
[WebServer] ℹ [HPM] Proxy rewrite rule created: "^/okam-api" ~> ""
[WebServer] ℹ Listening on: http://172.20.10.4:3111/
[WebServer] ℹ Preparing project for development
[WebServer] ℹ Initial build may take a while

Running 1 test using 1 worker

[WebServer] ℹ Discovered Components: .nuxt/components/readme.md
[WebServer] ✔ Builder initialized
[WebServer] ✔ Nuxt files generated
[WebServer] 
[WebServer]  WARN  Browserslist: browsers data (caniuse-lite) is 21 months old. Please run:
[WebServer]   npx update-browserslist-db@latest
[WebServer]   Why you should do it regularly: https://github.com/browserslist/update-db#readme
[WebServer] 
[WebServer] ℹ Compiling Server
[WebServer] ℹ Compiling Client
[WebServer] ✔ Server: Compiled successfully in 17.77s
[WebServer] ✔ Client: Compiled successfully in 20.57s
[WebServer] ℹ Waiting for file changes
[WebServer] ℹ Memory usage: 992 MB (RSS: 2.13 GB)
[WebServer] ℹ Listening on: http://172.20.10.4:3111/
  ✘  1 [chromium] › test/e2e/journeys/meals-admin-setup.spec.js:40:1 › A concierge creates a company, signs its corridor, runs a programme and issues an invitation @fixture (40.7s)
[teardown] returned core/ to an empty submodule mount


  1) [chromium] › test/e2e/journeys/meals-admin-setup.spec.js:40:1 › A concierge creates a company, signs its corridor, runs a programme and issues an invitation @fixture 

    Error: expect(locator).toContainText(expected) failed

    Locator: locator('.meals-corridor')
    Timeout: 15000ms
    - Expected substring  -  1
    + Received string     + 23

    - Aktiv
    +
    +     Avtalen med dette utsalgsstedet
    +    
    +     Avtalen binder bedriften, utsalgsstedet og valutaen sammen. Alt annet i modulen henger på den.
    +      
    +       Signer avtale
    +      Valuta NOK Gjelder fra Signeringstidspunktet 
    +       Valutaen kommer fra markedet til utsalgsstedet og kan ikke skrives inn her. Den er en del av avtalens identitet, og hver regelverksversjon under den må ha nøyaktig denne valutaen.
    +      
    +         Selgerens juridiske navn
    +          
    +         Selgerens organisasjonsnummer
    +          
    +         Selgerens mva-status
    +          
    +         Selgerens adresse
    +          
    +       Prisbetingelser
    +        
    +       Selgeropplysningene fryses slik de står her. Det finnes ingen rute som endrer en avtale — den avløses ved å avsluttes og signeres på nytt.
    +       Company Meals er ikke slått på for dette utsalgsstedet. Modulen svarte, men viser ingenting her. Not found. 
    +       Signer avtalen
    +     

    Call log:
      - Expect "toContainText" with timeout 15000ms
      - waiting for locator('.meals-corridor')
        34 × locator resolved to <section data-v-1653b8c4="" data-v-98677616="" data-v-70f5b8c5="" class="meals-corridor">…</section>
           - unexpected value "
        Avtalen med dette utsalgsstedet
       
        Avtalen binder bedriften, utsalgsstedet og valutaen sammen. Alt annet i modulen henger på den.
         
          Signer avtale
         Valuta NOK Gjelder fra Signeringstidspunktet 
          Valutaen kommer fra markedet til utsalgsstedet og kan ikke skrives inn her. Den er en del av avtalens identitet, og hver regelverksversjon under den må ha nøyaktig denne valutaen.
         
            Selgerens juridiske navn
             
            Selgerens organisasjonsnummer
             
            Selgerens mva-status
             
            Selgerens adresse
             
          Prisbetingelser
           
          Selgeropplysningene fryses slik de står her. Det finnes ingen rute som endrer en avtale — den avløses ved å avsluttes og signeres på nytt.
          Company Meals er ikke slått på for dette utsalgsstedet. Modulen svarte, men viser ingenting her. Not found. 
          Signer avtalen
        "


      153 |       // list appears ABOVE the form once it exists, which is the assertion — waiting on the panel's
      154 |       // text rather than on an element count, because the form's own facts list shares the class.
    > 155 |       await expect(page.locator('.meals-corridor')).toContainText('Aktiv', { timeout: 15000 });
          |                                                     ^
      156 |       await expect(page.locator('.meals-corridor .mls-facts').first()).toContainText('agr-');
      157 |       return 'corridor signed, currency NOK';
      158 |     });
        at /Users/svendaneel/okam/web-fixtureflags/test/e2e/journeys/meals-admin-setup.spec.js:155:53
        at JourneyRecorder.step (/Users/svendaneel/okam/web-fixtureflags/test/e2e/support/journey.js:347:22)
        at /Users/svendaneel/okam/web-fixtureflags/test/e2e/journeys/meals-admin-setup.spec.js:142:5

    attachment #1: screenshot (image/png) ──────────────────────────────────────────────────────────
    artifacts/playwright-output/meals-admin-setup-A-concie-fc342-me-and-issues-an-invitation-chromium/test-failed-1.png
    ────────────────────────────────────────────────────────────────────────────────────────────────

    attachment #2: journey (application/json) ──────────────────────────────────────────────────────
    artifacts/journeys/runs/meals-admin-setup.fixture.playwright.json
    ────────────────────────────────────────────────────────────────────────────────────────────────

    attachment #3: journey (canonical) (application/json) ──────────────────────────────────────────
    artifacts/journeys/meals-admin-setup.playwright.json
    ────────────────────────────────────────────────────────────────────────────────────────────────

    Error Context: artifacts/playwright-output/meals-admin-setup-A-concie-fc342-me-and-issues-an-invitation-chromium/error-context.md

    attachment #5: trace (application/zip) ─────────────────────────────────────────────────────────
    artifacts/playwright-output/meals-admin-setup-A-concie-fc342-me-and-issues-an-invitation-chromium/trace.zip
    Usage:

        npx playwright show-trace artifacts/playwright-output/meals-admin-setup-A-concie-fc342-me-and-issues-an-invitation-chromium/trace.zip

    ────────────────────────────────────────────────────────────────────────────────────────────────

  1 failed
    [chromium] › test/e2e/journeys/meals-admin-setup.spec.js:40:1 › A concierge creates a company, signs its corridor, runs a programme and issues an invitation @fixture 
