[WebServer] [fixture] listening on http://127.0.0.1:4111
[WebServer] [dev-server] borrowed core from /Users/svendaneel/okam/Web-modules/core
[WebServer] 
[WebServer]  WARN  You're using Nuxt 2.17.1, which includes built-in TypeScript runtime support
[WebServer] 
[WebServer] 
[WebServer]  WARN  You can safely use nuxt instead of nuxt-ts and remove @nuxt/typescript-runtime package
[WebServer] 
[WebServer] 
[WebServer]  WARN  Module @nuxt/image is disabled due to incompatibility issues:
[WebServer]  - [nuxt] Nuxt version >=3.1.0 is required but currently using 2.17.1
[WebServer] 
[WebServer] ℹ Parsed 0 files in 0.0 seconds
[WebServer] ℹ [HPM] Proxy created: /  -> http://127.0.0.1:5080
[WebServer] ℹ [HPM] Proxy rewrite rule created: "^/okam-api" ~> ""
[WebServer] ℹ Listening on: http://172.20.10.4:3111/
[WebServer] ℹ Preparing project for development
[WebServer] ℹ Initial build may take a while
[WebServer] ℹ Discovered Components: .nuxt/components/readme.md
[WebServer] ✔ Builder initialized

Running 1 test using 1 worker

[WebServer] ✔ Nuxt files generated
[WebServer] ℹ Compiling Server
[WebServer] ℹ Compiling Client
[WebServer] ✔ Server: Compiled successfully in 1.06m
[WebServer] ✔ Client: Compiled successfully in 1.15m
[WebServer] ℹ Waiting for file changes
[WebServer] ℹ Memory usage: 1.03 GB (RSS: 1.92 GB)
[WebServer] ℹ Listening on: http://172.20.10.4:3111/
  ✓  1 [chromium] › test/e2e/journeys/meals-admin-setup.spec.js:40:1 › A concierge creates a company, signs its corridor, runs a programme and issues an invitation @fixture (1.3m)
[teardown] returned core/ to an empty submodule mount

  1 passed (1.6m)
